
Gurobi 12.0.1 (win64) logging started Sat Dec 27 16:00:15 2025

Set parameter LogFile to value "data\dblrp\grb_log_ef_s5_ts99_f10_c10_r2.0_iss1_bt1_nsp10000_nse5000_sd7.log"
Set parameter NodefileStart to value 0.5
Set parameter NodefileDir to value "node_files\s5_ts99"
Set parameter MIPGap to value 0.01
Set parameter TimeLimit to value 7200
Set parameter Threads to value 1
Gurobi Optimizer version 12.0.1 build v12.0.1rc0 (win64 - Windows 11.0 (26100.2))

CPU model: Intel(R) Core(TM) i9-14900K, instruction set [SSE2|AVX|AVX2]
Thread count: 24 physical cores, 32 logical processors, using up to 1 threads

Non-default parameters:
TimeLimit  7200
MIPGap  0.01
NodefileStart  0.5
Threads  1

Optimize a model with 3783850 rows, 1265460 columns and 10643750 nonzeros
Model fingerprint: 0xd88154f6
Variable types: 0 continuous, 1265460 integer (1260010 binary)
Coefficient statistics:
  Matrix range     [1e+00, 7e+01]
  Objective range  [2e+00, 1e+01]
  Bounds range     [1e+00, 4e+01]
  RHS range        [1e+00, 7e+01]
Presolve removed 3771368 rows and 1247088 columns
Presolve time: 1.16s
Presolved: 12482 rows, 18372 columns, 90452 nonzeros
Variable types: 0 continuous, 18372 integer (15557 binary)
Found heuristic solution: objective -100.0000000
Performing another presolve...
Presolve removed 10466 rows and 6136 columns
Presolve time: 0.21s

Root relaxation: objective 1.779117e+02, 5510 iterations, 0.08 seconds (0.20 work units)

    Nodes    |    Current Node    |     Objective Bounds      |     Work
 Expl Unexpl |  Obj  Depth IntInf | Incumbent    BestBd   Gap | It/Node Time

     0     0  177.91167    0  622 -100.00000  177.91167   278%     -    2s
     0     0  175.99726    0  639 -100.00000  175.99726   276%     -    2s
     0     0  173.77469    0  524 -100.00000  173.77469   274%     -    2s
     0     0  173.68148    0  517 -100.00000  173.68148   274%     -    2s
H    0     0                      -0.0000000  173.68148      -     -    2s
H    0     0                      38.5616075  173.68148   350%     -    2s
H    0     0                      59.0805593  173.68148   194%     -    2s
H    0     0                     117.5419236  173.68148  47.8%     -    2s
H    0     0                     123.6336815  173.68148  40.5%     -    2s
H    0     0                     127.2295863  173.68148  36.5%     -    2s
H    0     0                     129.7923727  173.68148  33.8%     -    2s
H    0     0                     135.2665983  173.68148  28.4%     -    2s
H    0     0                     137.5303437  173.68148  26.3%     -    2s
     0     0  171.48217    0  638  137.53034  171.48217  24.7%     -    2s
     0     0  171.40539    0  566  137.53034  171.40539  24.6%     -    2s
     0     0  171.40539    0  581  137.53034  171.40539  24.6%     -    2s
H    0     0                     153.3545188  171.40539  11.8%     -    3s
H    0     0                     156.2080602  171.40539  9.73%     -    3s
     0     0  171.40539    0  589  156.20806  171.40539  9.73%     -    3s
     0     0  171.40539    0  586  156.20806  171.40539  9.73%     -    3s
     0     0  170.84353    0  594  156.20806  170.84353  9.37%     -    3s
     0     0  170.84353    0  590  156.20806  170.84353  9.37%     -    3s
     0     0  170.84353    0  580  156.20806  170.84353  9.37%     -    3s
     0     0  170.76570    0  592  156.20806  170.76570  9.32%     -    3s
H    0     0                     156.8782833  170.74777  8.84%     -    3s
     0     0  170.74777    0  602  156.87828  170.74777  8.84%     -    3s
     0     0  170.74777    0  610  156.87828  170.74777  8.84%     -    3s
     0     0  170.74552    0  633  156.87828  170.74552  8.84%     -    3s
     0     0  170.74552    0  623  156.87828  170.74552  8.84%     -    3s
     0     0  170.59959    0  735  156.87828  170.59959  8.75%     -    3s
H    0     0                     159.7318247  170.59562  6.80%     -    3s
     0     0  170.58798    0  714  159.73182  170.58798  6.80%     -    3s
     0     0  170.58798    0  726  159.73182  170.58798  6.80%     -    3s
     0     0  170.41130    0  654  159.73182  170.41130  6.69%     -    3s
     0     0  170.41130    0  731  159.73182  170.41130  6.69%     -    3s
     0     0  170.27910    0  739  159.73182  170.27910  6.60%     -    3s
     0     0  170.27910    0  719  159.73182  170.27910  6.60%     -    3s
     0     0  170.27851    0  722  159.73182  170.27851  6.60%     -    3s
     0     0  170.26632    0  702  159.73182  170.26632  6.60%     -    3s
     0     0  170.26632    0  702  159.73182  170.26632  6.60%     -    3s
     0     0  170.25888    0  716  159.73182  170.25888  6.59%     -    3s
     0     0  170.25623    0  724  159.73182  170.25623  6.59%     -    3s
     0     0  170.25623    0  732  159.73182  170.25623  6.59%     -    3s
     0     0  170.24162    0  746  159.73182  170.24162  6.58%     -    3s
     0     0  170.24162    0  746  159.73182  170.24162  6.58%     -    3s
     0     0  170.23770    0  737  159.73182  170.23770  6.58%     -    3s
     0     0  170.23770    0  752  159.73182  170.23770  6.58%     -    3s
     0     0  170.22088    0  680  159.73182  170.22088  6.57%     -    3s
     0     0  170.22022    0  743  159.73182  170.22022  6.57%     -    3s
     0     0  170.22022    0  656  159.73182  170.22022  6.57%     -    3s
     0     0  170.21675    0  675  159.73182  170.21675  6.56%     -    3s
     0     0  170.21559    0  691  159.73182  170.21559  6.56%     -    3s
     0     0  170.21547    0  709  159.73182  170.21547  6.56%     -    3s
     0     0  170.20968    0  642  159.73182  170.20968  6.56%     -    4s
     0     0  170.20968    0  659  159.73182  170.20968  6.56%     -    4s
     0     0  170.20968    0  710  159.73182  170.20968  6.56%     -    4s
     0     0  170.17203    0  720  159.73182  170.17203  6.54%     -    4s
H    0     0                     164.9840040  170.17203  3.14%     -    4s
     0     0  170.16984    0  728  164.98400  170.16984  3.14%     -    4s
     0     0  170.16975    0  723  164.98400  170.16975  3.14%     -    4s
     0     0  170.16878    0  737  164.98400  170.16878  3.14%     -    4s
     0     0  170.16843    0  762  164.98400  170.16843  3.14%     -    4s
     0     0  170.10652    0  600  164.98400  170.10652  3.10%     -    4s
     0     0  170.10652    0  715  164.98400  170.10652  3.10%     -    4s
     0     0  170.09448    0  668  164.98400  170.09448  3.10%     -    4s
     0     0  170.09406    0  670  164.98400  170.09406  3.10%     -    4s
     0     0  170.06563    0  627  164.98400  170.06563  3.08%     -    4s
     0     0  170.06562    0  657  164.98400  170.06562  3.08%     -    4s
     0     0  170.05222    0  709  164.98400  170.05222  3.07%     -    4s
     0     0  170.05222    0  703  164.98400  170.05222  3.07%     -    4s
     0     0  170.05207    0  705  164.98400  170.05207  3.07%     -    4s
     0     0  170.05207    0  708  164.98400  170.05207  3.07%     -    4s
     0     0  170.04302    0  673  164.98400  170.04302  3.07%     -    4s
     0     0  170.04302    0  658  164.98400  170.04302  3.07%     -    4s
     0     0  170.04302    0  497  164.98400  170.04302  3.07%     -    4s
     0     0  170.04302    0  546  164.98400  170.04302  3.07%     -    5s
     0     0  170.04302    0  602  164.98400  170.04302  3.07%     -    5s
     0     0  169.93852    0  643  164.98400  169.93852  3.00%     -    5s
     0     0  169.90670    0  640  164.98400  169.90670  2.98%     -    5s
     0     0  169.87544    0  608  164.98400  169.87544  2.96%     -    5s
     0     0  169.87544    0  614  164.98400  169.87544  2.96%     -    5s
     0     0  169.86968    0  613  164.98400  169.86968  2.96%     -    5s
     0     0  169.78565    0  608  164.98400  169.78565  2.91%     -    5s
     0     0  169.78565    0  626  164.98400  169.78565  2.91%     -    5s
     0     0  169.78565    0  617  164.98400  169.78565  2.91%     -    5s
     0     0  169.78565    0  616  164.98400  169.78565  2.91%     -    5s
     0     0  169.78565    0  663  164.98400  169.78565  2.91%     -    5s
     0     0  169.78565    0  645  164.98400  169.78565  2.91%     -    5s
     0     0  169.78565    0  667  164.98400  169.78565  2.91%     -    5s
     0     0  169.78565    0  676  164.98400  169.78565  2.91%     -    5s
     0     0  169.78565    0  687  164.98400  169.78565  2.91%     -    5s
     0     0  169.78565    0  668  164.98400  169.78565  2.91%     -    5s
     0     0  169.78565    0  654  164.98400  169.78565  2.91%     -    5s
     0     0  169.78565    0  690  164.98400  169.78565  2.91%     -    5s
     0     0  169.78565    0  677  164.98400  169.78565  2.91%     -    5s
     0     0  169.77574    0  690  164.98400  169.77574  2.90%     -    5s
     0     0  169.77574    0  520  164.98400  169.77574  2.90%     -    5s
     0     2  169.76231    0  499  164.98400  169.76231  2.90%     -    5s
   737   309     cutoff   32       164.98400  167.71093  1.65%   110   10s

Cutting planes:
  Gomory: 18
  Cover: 24
  Implied bound: 2
  Clique: 72
  MIR: 24
  StrongCG: 1
  Zero half: 177

Explored 1193 nodes (220222 simplex iterations) in 14.53 seconds (30.38 work units)
Thread count was 1 (of 32 available processors)

Solution count 10: 164.984 159.732 156.878 ... 123.634

Optimal solution found (tolerance 1.00e-02)
Best objective 1.649840040389e+02, best bound 1.666154571927e+02, gap 0.9889%

User-callback calls 5905, time in user-callback 0.69 sec
