
Gurobi 12.0.1 (win64) logging started Sat Dec 27 15:23:22 2025

Set parameter LogFile to value "data\dblrp\grb_log_nn_p_s20_ts0_f10_c10_r2.0_iss1_bt1_nsp10000_nse5000_sd7.log"
Gurobi Optimizer version 12.0.1 build v12.0.1rc0 (win64 - Windows 11.0 (26100.2))

CPU model: Intel(R) Core(TM) i9-14900K, instruction set [SSE2|AVX|AVX2]
Thread count: 24 physical cores, 32 logical processors, using up to 1 threads

Non-default parameters:
TimeLimit  360
MIPGap  0.01
Threads  1

Optimize a model with 3860 rows, 3870 columns and 21780 nonzeros
Model fingerprint: 0xcb5ebe63
Variable types: 2580 continuous, 1290 integer (1290 binary)
Coefficient statistics:
  Matrix range     [6e-04, 1e+05]
  Objective range  [5e-02, 1e+01]
  Bounds range     [1e+00, 1e+00]
  RHS range        [1e-01, 1e+05]
Presolve removed 3675 rows and 3675 columns
Presolve time: 0.01s
Presolved: 185 rows, 195 columns, 1052 nonzeros
Variable types: 123 continuous, 72 integer (72 binary)
Found heuristic solution: objective 0.2091453
Found heuristic solution: objective 158.7791261
Found heuristic solution: objective 164.2324526

Root relaxation: objective 1.715973e+02, 121 iterations, 0.00 seconds (0.00 work units)

    Nodes    |    Current Node    |     Objective Bounds      |     Work
 Expl Unexpl |  Obj  Depth IntInf | Incumbent    BestBd   Gap | It/Node Time

     0     0 infeasible    0       164.23245  164.23245  0.00%     -    0s

Explored 1 nodes (163 simplex iterations) in 0.02 seconds (0.02 work units)
Thread count was 1 (of 32 available processors)

Solution count 3: 164.232 158.779 0.209145 

Optimal solution found (tolerance 1.00e-02)
Best objective 1.642324526439e+02, best bound 1.642324526439e+02, gap 0.0000%

User-callback calls 485, time in user-callback 0.00 sec
