
Gurobi 12.0.3 (win64) logging started Thu Dec 25 21:28:12 2025

Set parameter LogFile to value "data\dblrp\grb_log_nn_e_s20_ts0_f5_c10_r2.0_iss1_bt1_nsp1000_nse500_sd7.log"
Gurobi Optimizer version 12.0.3 build v12.0.3rc0 (win64 - Windows 11.0 (26100.2))

CPU model: AMD Ryzen 7 5800H with Radeon Graphics, instruction set [SSE2|AVX|AVX2]
Thread count: 8 physical cores, 16 logical processors, using up to 1 threads

Non-default parameters:
TimeLimit  360
MIPGap  0.01
Threads  1

Optimize a model with 1538 rows, 1542 columns and 6150 nonzeros
Model fingerprint: 0x6f2840dc
Variable types: 1025 continuous, 517 integer (517 binary)
Coefficient statistics:
  Matrix range     [1e-08, 1e+05]
  Objective range  [1e+00, 1e+01]
  Bounds range     [1e+00, 1e+00]
  RHS range        [2e-06, 1e+05]
Warning: Model contains large matrix coefficient range
         Consider reformulating model or setting NumericFocus parameter
         to avoid numerical issues.
Presolve removed 1518 rows and 1523 columns
Presolve time: 0.01s
Presolved: 20 rows, 19 columns, 85 nonzeros
Variable types: 12 continuous, 7 integer (7 binary)
Found heuristic solution: objective 66.0746067

Explored 0 nodes (0 simplex iterations) in 0.01 seconds (0.01 work units)
Thread count was 1 (of 16 available processors)

Solution count 1: 66.0746 

Optimal solution found (tolerance 1.00e-02)
Best objective 6.607460674244e+01, best bound 6.607460674244e+01, gap 0.0000%

User-callback calls 724, time in user-callback 0.00 sec
