
Gurobi 12.0.1 (win64) logging started Sat Dec 27 16:44:24 2025

Set parameter LogFile to value "data\dblrp\grb_log_ef_s50_ts0_f10_c10_r2.0_iss1_bt1_nsp10000_nse5000_sd7.log"
Set parameter NodefileStart to value 0.5
Set parameter NodefileDir to value "node_files\s50_ts0"
Set parameter MIPGap to value 0.01
Set parameter TimeLimit to value 7200
Set parameter Threads to value 1
Gurobi Optimizer version 12.0.1 build v12.0.1rc0 (win64 - Windows 11.0 (26100.2))

CPU model: Intel(R) Core(TM) i9-14900K, instruction set [SSE2|AVX|AVX2]
Thread count: 24 physical cores, 32 logical processors, using up to 1 threads

Non-default parameters:
TimeLimit  7200
MIPGap  0.01
NodefileStart  0.5
Threads  1

Optimize a model with 37838500 rows, 12654510 columns and 106437500 nonzeros
Model fingerprint: 0x7a46c9bb
Variable types: 0 continuous, 12654510 integer (12600010 binary)
Coefficient statistics:
  Matrix range     [1e+00, 7e+01]
  Objective range  [2e-01, 1e+01]
  Bounds range     [1e+00, 4e+01]
  RHS range        [1e+00, 7e+01]
Presolve removed 700000 rows and 0 columns (presolve time = 5s)...
Presolve removed 37621697 rows and 20000 columns (presolve time = 11s)...
Presolve removed 37714883 rows and 12472083 columns
Presolve time: 13.90s
Presolved: 123617 rows, 182427 columns, 897920 nonzeros
Variable types: 0 continuous, 182427 integer (154380 binary)
Found heuristic solution: objective -100.0000000
Performing another presolve...
Presolve removed 103654 rows and 61603 columns
Presolve time: 3.71s

Root simplex log...

Iteration    Objective       Primal Inf.    Dual Inf.      Time
       0    9.1718836e+03   5.814838e+04   0.000000e+00     28s
   65473    1.7777269e+02   1.534116e+01   0.000000e+00     30s
   65818    1.7777176e+02   0.000000e+00   0.000000e+00     30s

Root relaxation: objective 1.777718e+02, 65818 iterations, 2.49 seconds (5.40 work units)
Total elapsed time = 30.09s (DegenMoves)

    Nodes    |    Current Node    |     Objective Bounds      |     Work
 Expl Unexpl |  Obj  Depth IntInf | Incumbent    BestBd   Gap | It/Node Time

     0     0  177.77176    0 6247 -100.00000  177.77176   278%     -   31s
     0     0  175.75079    0 6452 -100.00000  175.75079   276%     -   32s
     0     0  173.85884    0 6279 -100.00000  173.85884   274%     -   33s
     0     0  173.78675    0 6211 -100.00000  173.78675   274%     -   33s
     0     0  173.76999    0 6128 -100.00000  173.76999   274%     -   33s
     0     0  173.76922    0 6131 -100.00000  173.76922   274%     -   33s
H    0     0                      -0.0000000  173.76922      -     -   33s
H    0     0                      11.9624280  173.76922  1353%     -   34s
H    0     0                      17.3679622  173.76922   901%     -   35s
H    0     0                      72.9503299  173.76922   138%     -   35s
H    0     0                      82.9503299  173.76922   109%     -   36s
H    0     0                     128.3257312  173.76922  35.4%     -   37s
H    0     0                     129.7907919  173.76922  33.9%     -   37s
H    0     0                     134.1086479  173.76922  29.6%     -   38s
     0     0  172.99292    0 6459  134.10865  172.99292  29.0%     -   39s
     0     0  172.97318    0 6343  134.10865  172.97318  29.0%     -   39s
     0     0  172.97318    0 6327  134.10865  172.97318  29.0%     -   39s
H    0     0                     145.8480049  172.96959  18.6%     -   40s
H    0     0                     146.2018827  172.96959  18.3%     -   40s
H    0     0                     148.4337564  172.96959  16.5%     -   41s
H    0     0                     148.6437161  172.96959  16.4%     -   41s
H    0     0                     148.8536758  172.96959  16.2%     -   42s
     0     0  172.93889    0 6341  148.85368  172.93889  16.2%     -   42s
     0     0  172.93889    0 6335  148.85368  172.93889  16.2%     -   42s
     0     0  172.93889    0 6330  148.85368  172.93889  16.2%     -   42s
     0     0  172.93889    0 6334  148.85368  172.93889  16.2%     -   42s
     0     0  172.57904    0 6854  148.85368  172.57904  15.9%     -   43s
     0     0  172.55748    0 6814  148.85368  172.55748  15.9%     -   43s
     0     0  172.55748    0 6807  148.85368  172.55748  15.9%     -   43s
H    0     0                     153.9396216  172.55656  12.1%     -   44s
H    0     0                     154.1266749  172.55656  12.0%     -   45s
H    0     0                     155.3158052  172.55656  11.1%     -   45s
H    0     0                     155.3158054  172.55656  11.1%     -   46s
H    0     0                     156.3082071  172.55656  10.4%     -   46s
     0     0  172.52243    0 6789  156.30821  172.52243  10.4%     -   46s
     0     0  172.52212    0 6782  156.30821  172.52212  10.4%     -   46s
     0     0  172.52212    0 6779  156.30821  172.52212  10.4%     -   46s
     0     0  172.40021    0 6998  156.30821  172.40021  10.3%     -   47s
     0     0  172.39147    0 7017  156.30821  172.39147  10.3%     -   47s
     0     0  172.39147    0 7015  156.30821  172.39147  10.3%     -   47s
H    0     0                     156.9342041  172.39103  9.85%     -   48s
H    0     0                     157.7214975  172.39103  9.30%     -   49s
H    0     0                     158.3592280  172.39103  8.86%     -   49s
     0     0  172.37420    0 6973  158.35923  172.37420  8.85%     -   49s
     0     0  172.37266    0 6967  158.35923  172.37266  8.85%     -   49s
     0     0  172.37153    0 6965  158.35923  172.37153  8.85%     -   49s
     0     0  172.36901    0 6970  158.35923  172.36901  8.85%     -   49s
     0     0  172.35979    0 6973  158.35923  172.35979  8.84%     -   49s
     0     0  172.35978    0 6976  158.35923  172.35978  8.84%     -   50s
     0     0  172.22922    0 6984  158.35923  172.22922  8.76%     -   50s
     0     0  172.22922    0 6988  158.35923  172.22922  8.76%     -   50s
H    0     0                     159.0254318  172.22922  8.30%     -   51s
H    0     0                     159.2353915  172.22922  8.16%     -   52s
H    0     0                     159.3308869  172.22922  8.10%     -   52s
H    0     0                     159.7117365  172.22922  7.84%     -   53s
     0     0  172.20860    0 7051  159.71174  172.20860  7.82%     -   53s
     0     0  172.20842    0 7043  159.71174  172.20842  7.82%     -   53s
     0     0  172.20638    0 7078  159.71174  172.20638  7.82%     -   53s
     0     0  172.20638    0 7108  159.71174  172.20638  7.82%     -   53s
     0     0  172.07148    0 5901  159.71174  172.07148  7.74%     -   54s
     0     0  172.06835    0 5947  159.71174  172.06835  7.74%     -   54s
H    0     0                     160.3123489  172.06835  7.33%     -   55s
     0     0  172.06238    0 7190  160.31235  172.06238  7.33%     -   55s
     0     0  172.06027    0 7195  160.31235  172.06027  7.33%     -   55s
     0     0  172.05986    0 7212  160.31235  172.05986  7.33%     -   55s
     0     0  172.05979    0 7211  160.31235  172.05979  7.33%     -   55s
     0     0  171.97235    0 7361  160.31235  171.97235  7.27%     -   56s
     0     0  171.96737    0 7359  160.31235  171.96737  7.27%     -   56s
H    0     0                     160.6566826  171.96737  7.04%     -   57s
H    0     0                     161.3243173  171.96737  6.60%     -   58s
H    0     0                     161.6395756  171.96737  6.39%     -   59s
H    0     0                     162.0759098  171.96737  6.10%     -   60s
H    0     0                     162.4958292  171.96737  5.83%     -   60s
H    0     0                     162.7222037  171.96737  5.68%     -   61s
H    0     0                     164.4132958  171.96737  4.59%     -   62s
H    0     0                     164.6986499  171.96737  4.41%     -   64s
H    0     0                     164.9840040  171.96737  4.23%     -   64s
     0     0  171.93146    0 7362  164.98400  171.93146  4.21%     -   65s
     0     0  171.93146    0 7365  164.98400  171.93146  4.21%     -   65s
     0     0  171.92634    0 7425  164.98400  171.92634  4.21%     -   65s
     0     0  171.92634    0 7419  164.98400  171.92634  4.21%     -   65s
     0     0  171.92606    0 7432  164.98400  171.92606  4.21%     -   65s
     0     0  171.86787    0 7436  164.98400  171.86787  4.17%     -   66s
     0     0  171.86766    0 7419  164.98400  171.86766  4.17%     -   66s
     0     0  171.86766    0 7422  164.98400  171.86766  4.17%     -   66s
     0     0  171.86016    0 7454  164.98400  171.86016  4.17%     -   66s
     0     0  171.85876    0 7536  164.98400  171.85876  4.17%     -   66s
     0     0  171.85866    0 7511  164.98400  171.85866  4.17%     -   66s
     0     0  171.78798    0 7537  164.98400  171.78798  4.12%     -   67s
     0     0  171.78784    0 7537  164.98400  171.78784  4.12%     -   67s
     0     0  171.77839    0 7603  164.98400  171.77839  4.12%     -   67s
     0     0  171.77528    0 7614  164.98400  171.77528  4.12%     -   67s
     0     0  171.77528    0 7608  164.98400  171.77528  4.12%     -   67s
     0     0  171.77528    0 7632  164.98400  171.77528  4.12%     -   67s
     0     0  171.70644    0 7760  164.98400  171.70644  4.07%     -   68s
     0     0  171.70644    0 7756  164.98400  171.70644  4.07%     -   68s
     0     0  171.70316    0 7766  164.98400  171.70316  4.07%     -   68s
     0     0  171.70227    0 7845  164.98400  171.70227  4.07%     -   68s
     0     0  171.70227    0 7830  164.98400  171.70227  4.07%     -   68s
     0     0  171.70227    0 7855  164.98400  171.70227  4.07%     -   69s
     0     0  171.67441    0 7920  164.98400  171.67441  4.06%     -   69s
     0     0  171.66069    0 7976  164.98400  171.66069  4.05%     -   69s
     0     0  171.65715    0 8047  164.98400  171.65715  4.04%     -   70s
     0     0  171.65673    0 8059  164.98400  171.65673  4.04%     -   70s
     0     0  171.62032    0 8018  164.98400  171.62032  4.02%     -   70s
     0     0  171.62032    0 8004  164.98400  171.62032  4.02%     -   70s
     0     0  171.61501    0 8165  164.98400  171.61501  4.02%     -   71s
     0     0  171.61501    0 8166  164.98400  171.61501  4.02%     -   71s
     0     0  171.61487    0 8178  164.98400  171.61487  4.02%     -   71s
     0     0  171.59196    0 8096  164.98400  171.59196  4.01%     -   71s
     0     0  171.58198    0 8113  164.98400  171.58198  4.00%     -   72s
     0     0  171.58041    0 8208  164.98400  171.58041  4.00%     -   72s
     0     0  171.58036    0 8223  164.98400  171.58036  4.00%     -   72s
     0     0  171.56394    0 8159  164.98400  171.56394  3.99%     -   73s
     0     0  171.56394    0 8151  164.98400  171.56394  3.99%     -   73s
     0     0  171.56227    0 8318  164.98400  171.56227  3.99%     -   73s
     0     0  171.56120    0 8399  164.98400  171.56120  3.99%     -   73s
     0     0  171.56120    0 8357  164.98400  171.56120  3.99%     -   73s
     0     0  171.53220    0 8298  164.98400  171.53220  3.97%     -   74s
     0     0  171.53219    0 8297  164.98400  171.53219  3.97%     -   74s
     0     0  171.53104    0 8386  164.98400  171.53104  3.97%     -   74s
     0     0  171.53104    0 8386  164.98400  171.53104  3.97%     -   74s
     0     0  171.53034    0 8442  164.98400  171.53034  3.97%     -   74s
     0     0  171.52122    0 8334  164.98400  171.52122  3.96%     -   75s
     0     0  171.51311    0 8475  164.98400  171.51311  3.96%     -   75s
     0     0  171.51118    0 8553  164.98400  171.51118  3.96%     -   76s
     0     0  171.51116    0 8605  164.98400  171.51116  3.96%     -   76s
     0     0  171.51116    0 8601  164.98400  171.51116  3.96%     -   76s
     0     0  171.50570    0 8583  164.98400  171.50570  3.95%     -   76s
     0     0  171.49345    0 8524  164.98400  171.49345  3.95%     -   76s
     0     0  171.49069    0 8590  164.98400  171.49069  3.94%     -   77s
     0     0  171.49064    0 8653  164.98400  171.49064  3.94%     -   77s
     0     0  171.48556    0 8453  164.98400  171.48556  3.94%     -   77s
     0     0  171.48375    0 8545  164.98400  171.48375  3.94%     -   78s
     0     0  171.48366    0 8576  164.98400  171.48366  3.94%     -   78s
     0     0  171.44758    0 8403  164.98400  171.44758  3.92%     -   79s
     0     0  171.44758    0 8398  164.98400  171.44758  3.92%     -   79s
     0     0  171.44758    0 8390  164.98400  171.44758  3.92%     -   79s
     0     0  171.44583    0 8543  164.98400  171.44583  3.92%     -   79s
     0     0  171.44583    0 8545  164.98400  171.44583  3.92%     -   79s
     0     0  171.44583    0 8542  164.98400  171.44583  3.92%     -   79s
     0     0  171.44575    0 8562  164.98400  171.44575  3.92%     -   79s
     0     0  171.43572    0 8441  164.98400  171.43572  3.91%     -   79s
     0     0  171.43530    0 8583  164.98400  171.43530  3.91%     -   80s
     0     0  171.40433    0 8479  164.98400  171.40433  3.89%     -   81s
     0     0  171.40035    0 8667  164.98400  171.40035  3.89%     -   81s
     0     0  171.39952    0 8688  164.98400  171.39952  3.89%     -   81s
     0     0  171.39951    0 8724  164.98400  171.39951  3.89%     -   81s
     0     0  171.38897    0 8607  164.98400  171.38897  3.88%     -   82s
     0     0  171.38681    0 8573  164.98400  171.38681  3.88%     -   82s
     0     0  171.38335    0 8669  164.98400  171.38335  3.88%     -   82s
     0     0  171.38325    0 8702  164.98400  171.38325  3.88%     -   83s
     0     0  171.35512    0 8499  164.98400  171.35512  3.86%     -   83s
     0     0  171.35335    0 8640  164.98400  171.35335  3.86%     -   84s
     0     0  171.35326    0 8756  164.98400  171.35326  3.86%     -   84s
     0     0  171.34384    0 8677  164.98400  171.34384  3.85%     -   84s
     0     0  171.33670    0 8714  164.98400  171.33670  3.85%     -   85s
     0     0  171.33595    0 8702  164.98400  171.33595  3.85%     -   85s
     0     0  171.31034    0 8743  164.98400  171.31034  3.83%     -   86s
     0     0  171.30736    0 8734  164.98400  171.30736  3.83%     -   86s
     0     0  171.30677    0 8885  164.98400  171.30677  3.83%     -   86s
     0     0  171.29860    0 8830  164.98400  171.29860  3.83%     -   87s
     0     0  171.29610    0 8873  164.98400  171.29610  3.83%     -   87s
     0     0  171.29603    0 8994  164.98400  171.29603  3.83%     -   87s
     0     0  171.28428    0 8955  164.98400  171.28428  3.82%     -   88s
     0     0  171.28428    0 8955  164.98400  171.28428  3.82%     -   88s
     0     0  171.28102    0 9015  164.98400  171.28102  3.82%     -   88s
     0     0  171.27929    0 9067  164.98400  171.27929  3.82%     -   89s
     0     0  171.27929    0 9077  164.98400  171.27929  3.82%     -   89s
     0     0  171.27171    0 8971  164.98400  171.27171  3.81%     -   89s
     0     0  171.26955    0 8990  164.98400  171.26955  3.81%     -   90s
     0     0  171.26952    0 9011  164.98400  171.26952  3.81%     -   90s
     0     0  171.26653    0 8926  164.98400  171.26653  3.81%     -   90s
     0     0  171.26653    0 7919  164.98400  171.26653  3.81%     -   93s
     0     2  171.26561    0 7788  164.98400  171.26561  3.81%     -   97s
     2     2     cutoff    1       164.98400  170.28353  3.21% 21136  100s

Cutting planes:
  Gomory: 29
  Cover: 15
  Clique: 481
  MIR: 67
  Zero half: 1533
  Relax-and-lift: 5

Explored 7 nodes (319782 simplex iterations) in 104.61 seconds (163.98 work units)
Thread count was 1 (of 32 available processors)

Solution count 10: 164.984 164.699 164.413 ... 160.312

Optimal solution found (tolerance 1.00e-02)
Best objective 1.649840040389e+02, best bound 1.664527457082e+02, gap 0.8902%

User-callback calls 13261, time in user-callback 16.84 sec
