
Gurobi 12.0.1 (win64) logging started Sat Dec 27 15:16:28 2025

Set parameter LogFile to value "data\dblrp\grb_log_ef_s5_ts0_f10_c10_r2.0_iss1_bt1_nsp10000_nse5000_sd7.log"
Set parameter NodefileStart to value 0.5
Set parameter NodefileDir to value "node_files\s5_ts0"
Set parameter MIPGap to value 0.01
Set parameter TimeLimit to value 7200
Set parameter Threads to value 1
Gurobi Optimizer version 12.0.1 build v12.0.1rc0 (win64 - Windows 11.0 (26100.2))

CPU model: Intel(R) Core(TM) i9-14900K, instruction set [SSE2|AVX|AVX2]
Thread count: 24 physical cores, 32 logical processors, using up to 1 threads

Non-default parameters:
TimeLimit  7200
MIPGap  0.01
NodefileStart  0.5
Threads  1

Optimize a model with 3783850 rows, 1265460 columns and 10643750 nonzeros
Model fingerprint: 0x603c81db
Variable types: 0 continuous, 1265460 integer (1260010 binary)
Coefficient statistics:
  Matrix range     [1e+00, 7e+01]
  Objective range  [2e+00, 1e+01]
  Bounds range     [1e+00, 4e+01]
  RHS range        [1e+00, 7e+01]
Presolve removed 3771305 rows and 1247025 columns
Presolve time: 1.08s
Presolved: 12545 rows, 18435 columns, 90758 nonzeros
Variable types: 0 continuous, 18435 integer (15608 binary)
Found heuristic solution: objective -100.0000000
Performing another presolve...
Presolve removed 10518 rows and 6161 columns
Presolve time: 0.21s

Root relaxation: objective 1.788451e+02, 5567 iterations, 0.09 seconds (0.21 work units)

    Nodes    |    Current Node    |     Objective Bounds      |     Work
 Expl Unexpl |  Obj  Depth IntInf | Incumbent    BestBd   Gap | It/Node Time

     0     0  178.84512    0  660 -100.00000  178.84512   279%     -    2s
     0     0  177.21786    0  667 -100.00000  177.21786   277%     -    2s
     0     0  174.41495    0  661 -100.00000  174.41495   274%     -    2s
     0     0  174.28725    0  665 -100.00000  174.28725   274%     -    2s
     0     0  174.28488    0  654 -100.00000  174.28488   274%     -    2s
H    0     0                      -0.0000000  174.28488      -     -    2s
H    0     0                      23.9474892  174.28488   628%     -    2s
H    0     0                      25.6386808  174.28488   580%     -    2s
H    0     0                      68.6707011  174.28488   154%     -    2s
H    0     0                      74.1703886  174.28488   135%     -    2s
H    0     0                      87.0239300  174.28488   100%     -    2s
H    0     0                      90.5476945  174.28488  92.5%     -    2s
H    0     0                      90.6466241  174.28488  92.3%     -    2s
H    0     0                     100.8467355  174.28488  72.8%     -    2s
     0     0  172.70420    0  524  100.84674  172.70420  71.3%     -    2s
     0     0  172.70420    0  525  100.84674  172.70420  71.3%     -    2s
H    0     0                     103.0477951  172.55975  67.5%     -    2s
H    0     0                     104.9764664  172.55975  64.4%     -    3s
H    0     0                     105.6466896  172.55975  63.3%     -    3s
H    0     0                     108.5002310  172.55975  59.0%     -    3s
H    0     0                     118.4482274  172.55975  45.7%     -    3s
     0     0  172.55975    0  518  118.44823  172.55975  45.7%     -    3s
     0     0  171.02034    0  661  118.44823  171.02034  44.4%     -    3s
     0     0  171.01568    0  654  118.44823  171.01568  44.4%     -    3s
     0     0  171.01561    0  657  118.44823  171.01561  44.4%     -    3s
     0     0  171.00553    0  644  118.44823  171.00553  44.4%     -    3s
     0     0  171.00553    0  691  118.44823  171.00553  44.4%     -    3s
     0     0  171.00553    0  695  118.44823  171.00553  44.4%     -    3s
     0     0  170.85112    0  702  118.44823  170.85112  44.2%     -    3s
     0     0  170.84828    0  691  118.44823  170.84828  44.2%     -    3s
     0     0  170.84808    0  715  118.44823  170.84808  44.2%     -    3s
     0     0  170.84586    0  701  118.44823  170.84586  44.2%     -    3s
     0     0  170.84586    0  700  118.44823  170.84586  44.2%     -    3s
     0     0  170.81346    0  720  118.44823  170.81346  44.2%     -    3s
H    0     0                     130.0090039  170.81346  31.4%     -    3s
     0     0  170.81346    0  721  130.00900  170.81346  31.4%     -    3s
     0     0  170.64919    0  762  130.00900  170.64919  31.3%     -    3s
     0     0  170.64919    0  753  130.00900  170.64919  31.3%     -    3s
     0     0  170.64908    0  745  130.00900  170.64908  31.3%     -    3s
     0     0  170.57001    0  688  130.00900  170.57001  31.2%     -    3s
     0     0  170.57001    0  686  130.00900  170.57001  31.2%     -    3s
     0     0  170.56621    0  733  130.00900  170.56621  31.2%     -    3s
     0     0  170.56621    0  733  130.00900  170.56621  31.2%     -    3s
     0     0  170.49962    0  743  130.00900  170.49962  31.1%     -    3s
     0     0  170.47720    0  755  130.00900  170.47720  31.1%     -    3s
     0     0  170.47720    0  750  130.00900  170.47720  31.1%     -    3s
     0     0  170.38856    0  777  130.00900  170.38856  31.1%     -    3s
     0     0  170.36179    0  790  130.00900  170.36179  31.0%     -    3s
     0     0  170.35737    0  783  130.00900  170.35737  31.0%     -    3s
     0     0  170.35737    0  782  130.00900  170.35737  31.0%     -    3s
     0     0  170.29390    0  793  130.00900  170.29390  31.0%     -    3s
     0     0  170.29390    0  807  130.00900  170.29390  31.0%     -    3s
     0     0  170.22309    0  789  130.00900  170.22309  30.9%     -    3s
H    0     0                     130.9174281  170.22309  30.0%     -    3s
     0     0  170.22058    0  798  130.91743  170.22058  30.0%     -    3s
     0     0  170.22056    0  798  130.91743  170.22056  30.0%     -    3s
     0     0  170.15127    0  828  130.91743  170.15127  30.0%     -    3s
     0     0  170.14955    0  848  130.91743  170.14955  30.0%     -    3s
     0     0  170.14921    0  850  130.91743  170.14921  30.0%     -    3s
     0     0  170.14218    0  862  130.91743  170.14218  30.0%     -    4s
     0     0  170.14218    0  857  130.91743  170.14218  30.0%     -    4s
     0     0  170.14218    0  771  130.91743  170.14218  30.0%     -    4s
H    0     0                     144.8998264  170.14218  17.4%     -    4s
H    0     0                     150.7850057  170.14218  12.8%     -    4s
     0     2  170.13949    0  770  150.78501  170.13949  12.8%     -    4s
H   26    22                     156.4233798  169.41256  8.30%   170    4s
H   27    23                     162.8844071  169.41256  4.01%   164    4s
H   52     4                     164.9840040  169.41256  2.68%  89.2    4s

Cutting planes:
  Gomory: 4
  Cover: 1
  Clique: 49
  MIR: 4
  Zero half: 125

Explored 57 nodes (21326 simplex iterations) in 4.92 seconds (8.02 work units)
Thread count was 1 (of 32 available processors)

Solution count 10: 164.984 162.884 156.423 ... 105.647

Optimal solution found (tolerance 1.00e-02)
Best objective 1.649840040389e+02, best bound 1.649840040389e+02, gap 0.0000%

User-callback calls 1513, time in user-callback 0.98 sec
