
Gurobi 12.0.1 (win64) logging started Tue Jan  6 18:46:30 2026

Set parameter LogFile to value "data\dblrp\grb_log_ef_s1_ts0_f10_c10_r2.0_iss1_bt1_nsp10000_nse5000_sd7.log"
Set parameter NodefileStart to value 0.5
Set parameter NodefileDir to value "node_files\s1_ts0"
Set parameter MIPGap to value 0.01
Set parameter TimeLimit to value 7200
Set parameter Threads to value 1
Gurobi Optimizer version 12.0.1 build v12.0.1rc0 (win64 - Windows 11.0 (26100.2))

CPU model: Intel(R) Core(TM) i9-14900K, instruction set [SSE2|AVX|AVX2]
Thread count: 24 physical cores, 32 logical processors, using up to 1 threads

Non-default parameters:
TimeLimit  7200
MIPGap  0.01
NodefileStart  0.5
Threads  1

Optimize a model with 756770 rows, 253100 columns and 2009050 nonzeros
Model fingerprint: 0xd8472940
Variable types: 0 continuous, 253100 integer (252010 binary)
Coefficient statistics:
  Matrix range     [1e+00, 6e+01]
  Objective range  [5e+00, 2e+01]
  Bounds range     [1e+00, 3e+01]
  RHS range        [1e+00, 6e+01]
Presolve removed 754862 rows and 250180 columns
Presolve time: 0.22s
Presolved: 1908 rows, 2920 columns, 12506 nonzeros
Variable types: 0 continuous, 2920 integer (2401 binary)
Found heuristic solution: objective -200.0000000
Found heuristic solution: objective -0.0000000
Performing another presolve...
Presolve removed 1361 rows and 1509 columns
Presolve time: 0.04s

Root relaxation: objective 6.234337e+01, 442 iterations, 0.00 seconds (0.01 work units)

    Nodes    |    Current Node    |     Objective Bounds      |     Work
 Expl Unexpl |  Obj  Depth IntInf | Incumbent    BestBd   Gap | It/Node Time

     0     0   62.34337    0   61   -0.00000   62.34337      -     -    0s
H    0     0                       2.3502308   62.34337  2553%     -    0s
     0     0   57.23500    0   73    2.35023   57.23500  2335%     -    0s
     0     0   52.36977    0  115    2.35023   52.36977  2128%     -    0s
     0     0   52.16066    0  113    2.35023   52.16066  2119%     -    0s
     0     0   29.70558    0  174    2.35023   29.70558  1164%     -    0s
     0     0   26.40968    0  138    2.35023   26.40968  1024%     -    0s
     0     0   24.72915    0  137    2.35023   24.72915   952%     -    0s
     0     0   24.50057    0  187    2.35023   24.50057   942%     -    0s
     0     0   24.49996    0  186    2.35023   24.49996   942%     -    0s
     0     0   22.84316    0  112    2.35023   22.84316   872%     -    0s
     0     0   20.01233    0  137    2.35023   20.01233   752%     -    0s
     0     0   20.01233    0  145    2.35023   20.01233   752%     -    0s
     0     0   19.64719    0   59    2.35023   19.64719   736%     -    0s
     0     0   17.35023    0  125    2.35023   17.35023   638%     -    0s
     0     0   17.35023    0  124    2.35023   17.35023   638%     -    0s
     0     0   17.35023    0  130    2.35023   17.35023   638%     -    0s
     0     0   17.35023    0  130    2.35023   17.35023   638%     -    0s
     0     0   17.35023    0  129    2.35023   17.35023   638%     -    0s
     0     0   17.35023    0   98    2.35023   17.35023   638%     -    0s
     0     0   17.35023    0   48    2.35023   17.35023   638%     -    1s
     0     0   17.35023    0   64    2.35023   17.35023   638%     -    1s
     0     0   17.35023    0  126    2.35023   17.35023   638%     -    1s
     0     0   17.35023    0  103    2.35023   17.35023   638%     -    1s
     0     0   17.22459    0  116    2.35023   17.22459   633%     -    1s
     0     0   17.14726    0  119    2.35023   17.14726   630%     -    1s
     0     0   17.14726    0  121    2.35023   17.14726   630%     -    1s
     0     0   16.17943    0  125    2.35023   16.17943   588%     -    1s
     0     0   16.04569    0  136    2.35023   16.04569   583%     -    1s
     0     0   16.04569    0  143    2.35023   16.04569   583%     -    1s
     0     0   16.04569    0  137    2.35023   16.04569   583%     -    1s
H    0     0                       6.2121069   14.62862   135%     -    1s
     0     2   14.62862    0  130    6.21211   14.62862   135%     -    1s

Cutting planes:
  Gomory: 1
  Cover: 9
  Implied bound: 71
  Clique: 25
  MIR: 8
  StrongCG: 2
  Zero half: 5
  RLT: 4
  Relax-and-lift: 2
  PSD: 1

Explored 7 nodes (3140 simplex iterations) in 1.18 seconds (1.06 work units)
Thread count was 1 (of 32 available processors)

Solution count 8: 6.21211 2.35023 -0 ... -200

Optimal solution found (tolerance 1.00e-02)
Best objective 6.212106942742e+00, best bound 6.212106942742e+00, gap 0.0000%

User-callback calls 657, time in user-callback 0.06 sec

Gurobi 12.0.1 (win64) logging started Tue Jan  6 18:50:26 2026

Set parameter LogFile to value "data\dblrp\grb_log_ef_s1_ts0_f10_c10_r2.0_iss1_bt1_nsp10000_nse5000_sd7.log"
Set parameter NodefileStart to value 0.5
Set parameter NodefileDir to value "node_files\s1_ts0"
Set parameter MIPGap to value 0.01
Set parameter TimeLimit to value 7200
Set parameter Threads to value 1
Gurobi Optimizer version 12.0.1 build v12.0.1rc0 (win64 - Windows 11.0 (26100.2))

CPU model: Intel(R) Core(TM) i9-14900K, instruction set [SSE2|AVX|AVX2]
Thread count: 24 physical cores, 32 logical processors, using up to 1 threads

Non-default parameters:
TimeLimit  7200
MIPGap  0.01
NodefileStart  0.5
Threads  1

Optimize a model with 756770 rows, 253100 columns and 2009050 nonzeros
Model fingerprint: 0xa2e5d1e8
Variable types: 0 continuous, 253100 integer (252010 binary)
Coefficient statistics:
  Matrix range     [1e+00, 6e+01]
  Objective range  [1e+01, 2e+01]
  Bounds range     [1e+00, 3e+01]
  RHS range        [1e+00, 6e+01]
Presolve removed 754862 rows and 250180 columns
Presolve time: 0.18s
Presolved: 1908 rows, 2920 columns, 12506 nonzeros
Variable types: 0 continuous, 2920 integer (2401 binary)
Found heuristic solution: objective -200.0000000
Found heuristic solution: objective -0.0000000
Performing another presolve...
Presolve removed 1361 rows and 1509 columns
Presolve time: 0.04s

Root relaxation: objective 9.751578e+01, 369 iterations, 0.00 seconds (0.00 work units)

    Nodes    |    Current Node    |     Objective Bounds      |     Work
 Expl Unexpl |  Obj  Depth IntInf | Incumbent    BestBd   Gap | It/Node Time

     0     0   97.51578    0   65   -0.00000   97.51578      -     -    0s
H    0     0                       8.8105498   97.51578  1007%     -    0s
H    0     0                      19.4699132   97.51578   401%     -    0s
     0     0   90.58712    0   92   19.46991   90.58712   365%     -    0s
H    0     0                      26.9112833   90.58712   237%     -    0s
     0     0   90.58712    0   91   26.91128   90.58712   237%     -    0s
     0     0   67.76164    0  196   26.91128   67.76164   152%     -    0s
     0     0   66.96738    0  197   26.91128   66.96738   149%     -    0s
     0     0   53.87570    0  177   26.91128   53.87570   100%     -    0s
     0     0   53.70334    0  147   26.91128   53.70334   100%     -    0s
     0     0   53.23939    0  106   26.91128   53.23939  97.8%     -    0s
     0     0   53.07898    0  112   26.91128   53.07898  97.2%     -    0s
     0     0   49.05870    0  133   26.91128   49.05870  82.3%     -    0s
     0     0   49.05870    0  134   26.91128   49.05870  82.3%     -    0s
     0     0   49.05870    0  139   26.91128   49.05870  82.3%     -    0s
     0     0   49.05870    0  113   26.91128   49.05870  82.3%     -    0s
H    0     0                      28.8105498   48.46581  68.2%     -    0s
H    0     0                      30.7731594   48.46581  57.5%     -    0s
     0     0   48.46581    0   44   30.77316   48.46581  57.5%     -    0s
     0     0   48.46581    0   94   30.77316   48.46581  57.5%     -    0s
     0     0   48.46581    0  108   30.77316   48.46581  57.5%     -    0s
     0     0   48.46581    0   92   30.77316   48.46581  57.5%     -    0s
     0     0   48.46581    0  168   30.77316   48.46581  57.5%     -    0s
     0     0   48.46581    0  114   30.77316   48.46581  57.5%     -    0s
     0     0   48.46581    0  129   30.77316   48.46581  57.5%     -    0s
     0     0   48.46581    0  140   30.77316   48.46581  57.5%     -    0s
     0     0   48.46581    0  136   30.77316   48.46581  57.5%     -    0s
     0     0   48.46581    0  110   30.77316   48.46581  57.5%     -    0s
     0     2   48.46581    0  104   30.77316   48.46581  57.5%     -    0s

Cutting planes:
  Gomory: 3
  Cover: 16
  Implied bound: 56
  Clique: 21
  MIR: 8
  StrongCG: 2
  Zero half: 2
  RLT: 5
  Relax-and-lift: 3

Explored 8 nodes (2826 simplex iterations) in 0.64 seconds (1.00 work units)
Thread count was 1 (of 32 available processors)

Solution count 10: 30.7732 28.8105 26.9113 ... -200

Optimal solution found (tolerance 1.00e-02)
Best objective 3.077315941514e+01, best bound 3.077315941514e+01, gap 0.0000%

User-callback calls 591, time in user-callback 0.07 sec

Gurobi 12.0.1 (win64) logging started Wed Jan  7 10:52:20 2026

Set parameter LogFile to value "data\dblrp\grb_log_ef_s1_ts0_f10_c10_r2.0_iss1_bt1_nsp10000_nse5000_sd7.log"
Set parameter NodefileStart to value 0.5
Set parameter NodefileDir to value "node_files\s1_ts0"
Set parameter MIPGap to value 0.01
Set parameter TimeLimit to value 7200
Set parameter Threads to value 1
Gurobi Optimizer version 12.0.1 build v12.0.1rc0 (win64 - Windows 11.0 (26100.2))

CPU model: Intel(R) Core(TM) i9-14900K, instruction set [SSE2|AVX|AVX2]
Thread count: 24 physical cores, 32 logical processors, using up to 1 threads

Non-default parameters:
TimeLimit  7200
MIPGap  0.01
NodefileStart  0.5
Threads  1

Optimize a model with 756770 rows, 253100 columns and 2009050 nonzeros
Model fingerprint: 0xa2e5d1e8
Variable types: 0 continuous, 253100 integer (252010 binary)
Coefficient statistics:
  Matrix range     [1e+00, 6e+01]
  Objective range  [1e+01, 2e+01]
  Bounds range     [1e+00, 3e+01]
  RHS range        [1e+00, 6e+01]
Presolve removed 754862 rows and 250180 columns
Presolve time: 0.21s
Presolved: 1908 rows, 2920 columns, 12506 nonzeros
Variable types: 0 continuous, 2920 integer (2401 binary)
Found heuristic solution: objective -200.0000000
Found heuristic solution: objective -0.0000000
Performing another presolve...
Presolve removed 1361 rows and 1509 columns
Presolve time: 0.04s

Root relaxation: objective 9.751578e+01, 369 iterations, 0.00 seconds (0.00 work units)

    Nodes    |    Current Node    |     Objective Bounds      |     Work
 Expl Unexpl |  Obj  Depth IntInf | Incumbent    BestBd   Gap | It/Node Time

     0     0   97.51578    0   65   -0.00000   97.51578      -     -    0s
H    0     0                       8.8105498   97.51578  1007%     -    0s
H    0     0                      19.4699132   97.51578   401%     -    0s
     0     0   90.58712    0   92   19.46991   90.58712   365%     -    0s
H    0     0                      26.9112833   90.58712   237%     -    0s
     0     0   90.58712    0   91   26.91128   90.58712   237%     -    0s
     0     0   67.76164    0  196   26.91128   67.76164   152%     -    0s
     0     0   66.96738    0  197   26.91128   66.96738   149%     -    0s
     0     0   53.87570    0  177   26.91128   53.87570   100%     -    0s
     0     0   53.70334    0  147   26.91128   53.70334   100%     -    0s
     0     0   53.23939    0  106   26.91128   53.23939  97.8%     -    0s
     0     0   53.07898    0  112   26.91128   53.07898  97.2%     -    0s
     0     0   49.05870    0  133   26.91128   49.05870  82.3%     -    0s
     0     0   49.05870    0  134   26.91128   49.05870  82.3%     -    0s
     0     0   49.05870    0  139   26.91128   49.05870  82.3%     -    0s
     0     0   49.05870    0  113   26.91128   49.05870  82.3%     -    0s
H    0     0                      28.8105498   48.46581  68.2%     -    0s
H    0     0                      30.7731594   48.46581  57.5%     -    0s
     0     0   48.46581    0   44   30.77316   48.46581  57.5%     -    0s
     0     0   48.46581    0   94   30.77316   48.46581  57.5%     -    0s
     0     0   48.46581    0  108   30.77316   48.46581  57.5%     -    0s
     0     0   48.46581    0   92   30.77316   48.46581  57.5%     -    0s
     0     0   48.46581    0  168   30.77316   48.46581  57.5%     -    0s
     0     0   48.46581    0  114   30.77316   48.46581  57.5%     -    0s
     0     0   48.46581    0  129   30.77316   48.46581  57.5%     -    0s
     0     0   48.46581    0  140   30.77316   48.46581  57.5%     -    0s
     0     0   48.46581    0  136   30.77316   48.46581  57.5%     -    0s
     0     0   48.46581    0  110   30.77316   48.46581  57.5%     -    0s
     0     2   48.46581    0  104   30.77316   48.46581  57.5%     -    0s

Cutting planes:
  Gomory: 3
  Cover: 16
  Implied bound: 56
  Clique: 21
  MIR: 8
  StrongCG: 2
  Zero half: 2
  RLT: 5
  Relax-and-lift: 3

Explored 8 nodes (2826 simplex iterations) in 0.80 seconds (1.00 work units)
Thread count was 1 (of 32 available processors)

Solution count 10: 30.7732 28.8105 26.9113 ... -200

Optimal solution found (tolerance 1.00e-02)
Best objective 3.077315941514e+01, best bound 3.077315941514e+01, gap 0.0000%

User-callback calls 574, time in user-callback 0.08 sec

Gurobi 12.0.1 (win64) logging started Thu Jan 15 17:03:20 2026

Set parameter LogFile to value "data\dblrp\grb_log_ef_s1_ts0_f10_c10_r2.0_iss1_bt1_nsp10000_nse5000_sd7.log"
Set parameter NodefileStart to value 0.5
Set parameter NodefileDir to value "node_files\s1_ts0"
Set parameter MIPGap to value 0.01
Set parameter TimeLimit to value 7200
Set parameter Threads to value 1
Gurobi Optimizer version 12.0.1 build v12.0.1rc0 (win64 - Windows 11.0 (26100.2))

CPU model: Intel(R) Core(TM) i9-14900K, instruction set [SSE2|AVX|AVX2]
Thread count: 24 physical cores, 32 logical processors, using up to 1 threads

Non-default parameters:
TimeLimit  7200
MIPGap  0.01
NodefileStart  0.5
Threads  1

Optimize a model with 756770 rows, 253100 columns and 2009050 nonzeros
Model fingerprint: 0xdff970f1
Variable types: 0 continuous, 253100 integer (252010 binary)
Coefficient statistics:
  Matrix range     [1e+00, 6e+01]
  Objective range  [1e+01, 2e+01]
  Bounds range     [1e+00, 3e+01]
  RHS range        [1e+00, 6e+01]
Presolve removed 754721 rows and 250039 columns
Presolve time: 0.59s
Presolved: 2049 rows, 3061 columns, 13212 nonzeros
Variable types: 0 continuous, 3061 integer (2527 binary)
Found heuristic solution: objective -200.0000000
Found heuristic solution: objective -0.0000000
Performing another presolve...
Presolve removed 1492 rows and 1577 columns
Presolve time: 0.13s

Root relaxation: objective 8.022651e+01, 381 iterations, 0.01 seconds (0.00 work units)

    Nodes    |    Current Node    |     Objective Bounds      |     Work
 Expl Unexpl |  Obj  Depth IntInf | Incumbent    BestBd   Gap | It/Node Time

     0     0   80.22651    0  116   -0.00000   80.22651      -     -    1s
H    0     0                       6.6908673   80.22651  1099%     -    1s
     0     0   67.28981    0   68    6.69087   67.28981   906%     -    1s
H    0     0                      17.3502308   67.17077   287%     -    1s
     0     0   67.17077    0   68   17.35023   67.17077   287%     -    1s
     0     0   44.68233    0  102   17.35023   44.68233   158%     -    1s
     0     0   44.14293    0  122   17.35023   44.14293   154%     -    1s
     0     0   44.10211    0  116   17.35023   44.10211   154%     -    1s
     0     0   44.09988    0  115   17.35023   44.09988   154%     -    1s
     0     0   43.65620    0  112   17.35023   43.65620   152%     -    1s
     0     0   42.72563    0  163   17.35023   42.72563   146%     -    1s
     0     0   42.71757    0  159   17.35023   42.71757   146%     -    1s
     0     0   41.29821    0  138   17.35023   41.29821   138%     -    1s
     0     0   41.29056    0  144   17.35023   41.29056   138%     -    1s
     0     0   41.10526    0  162   17.35023   41.10526   137%     -    1s
     0     0   40.91337    0  155   17.35023   40.91337   136%     -    1s
     0     2   40.91337    0  155   17.35023   40.91337   136%     -    1s

Cutting planes:
  Learned: 5
  Gomory: 13
  Cover: 34
  Implied bound: 82
  Clique: 27
  MIR: 14
  StrongCG: 6
  GUB cover: 1
  Zero half: 5
  Relax-and-lift: 3
  BQP: 1

Explored 560 nodes (2808 simplex iterations) in 1.49 seconds (1.09 work units)
Thread count was 1 (of 32 available processors)

Solution count 6: 17.3502 6.69087 -0 ... -200

Optimal solution found (tolerance 1.00e-02)
Best objective 1.735023079362e+01, best bound 1.735023079362e+01, gap 0.0000%

User-callback calls 1692, time in user-callback 0.05 sec

Gurobi 12.0.1 (win64) logging started Thu Jan 15 17:04:50 2026

Set parameter LogFile to value "data\dblrp\grb_log_ef_s1_ts0_f10_c10_r2.0_iss1_bt1_nsp10000_nse5000_sd7.log"
Set parameter NodefileStart to value 0.5
Set parameter NodefileDir to value "node_files\s1_ts0"
Set parameter MIPGap to value 0.01
Set parameter TimeLimit to value 7200
Set parameter Threads to value 1
Gurobi Optimizer version 12.0.1 build v12.0.1rc0 (win64 - Windows 11.0 (26100.2))

CPU model: Intel(R) Core(TM) i9-14900K, instruction set [SSE2|AVX|AVX2]
Thread count: 24 physical cores, 32 logical processors, using up to 1 threads

Non-default parameters:
TimeLimit  7200
MIPGap  0.01
NodefileStart  0.5
Threads  1

Optimize a model with 756770 rows, 253100 columns and 2009050 nonzeros
Model fingerprint: 0xdff970f1
Variable types: 0 continuous, 253100 integer (252010 binary)
Coefficient statistics:
  Matrix range     [1e+00, 6e+01]
  Objective range  [1e+01, 2e+01]
  Bounds range     [1e+00, 3e+01]
  RHS range        [1e+00, 6e+01]
Presolve removed 754721 rows and 250039 columns
Presolve time: 0.19s
Presolved: 2049 rows, 3061 columns, 13212 nonzeros
Variable types: 0 continuous, 3061 integer (2527 binary)
Found heuristic solution: objective -200.0000000
Found heuristic solution: objective -0.0000000
Performing another presolve...
Presolve removed 1492 rows and 1577 columns
Presolve time: 0.05s

Root relaxation: objective 8.022651e+01, 381 iterations, 0.00 seconds (0.00 work units)

    Nodes    |    Current Node    |     Objective Bounds      |     Work
 Expl Unexpl |  Obj  Depth IntInf | Incumbent    BestBd   Gap | It/Node Time

     0     0   80.22651    0  116   -0.00000   80.22651      -     -    0s
H    0     0                       6.6908673   80.22651  1099%     -    0s
     0     0   67.28981    0   68    6.69087   67.28981   906%     -    0s
H    0     0                      17.3502308   67.17077   287%     -    0s
     0     0   67.17077    0   68   17.35023   67.17077   287%     -    0s
     0     0   44.68233    0  102   17.35023   44.68233   158%     -    0s
     0     0   44.14293    0  122   17.35023   44.14293   154%     -    0s
     0     0   44.10211    0  116   17.35023   44.10211   154%     -    0s
     0     0   44.09988    0  115   17.35023   44.09988   154%     -    0s
     0     0   43.65620    0  112   17.35023   43.65620   152%     -    0s
     0     0   42.72563    0  163   17.35023   42.72563   146%     -    0s
     0     0   42.71757    0  159   17.35023   42.71757   146%     -    0s
     0     0   41.29821    0  138   17.35023   41.29821   138%     -    0s
     0     0   41.29056    0  144   17.35023   41.29056   138%     -    0s
     0     0   41.10526    0  162   17.35023   41.10526   137%     -    0s
     0     0   40.91337    0  155   17.35023   40.91337   136%     -    0s
     0     2   40.91337    0  155   17.35023   40.91337   136%     -    0s

Cutting planes:
  Learned: 5
  Gomory: 13
  Cover: 34
  Implied bound: 82
  Clique: 27
  MIR: 14
  StrongCG: 6
  GUB cover: 1
  Zero half: 5
  Relax-and-lift: 3
  BQP: 1

Explored 560 nodes (2808 simplex iterations) in 0.66 seconds (1.09 work units)
Thread count was 1 (of 32 available processors)

Solution count 6: 17.3502 6.69087 -0 ... -200

Optimal solution found (tolerance 1.00e-02)
Best objective 1.735023079362e+01, best bound 1.735023079362e+01, gap 0.0000%

User-callback calls 1665, time in user-callback 0.04 sec

Gurobi 12.0.1 (win64) logging started Thu Jan 15 17:07:28 2026

Set parameter LogFile to value "data\dblrp\grb_log_ef_s1_ts0_f10_c10_r2.0_iss1_bt1_nsp10000_nse5000_sd7.log"
Set parameter NodefileStart to value 0.5
Set parameter NodefileDir to value "node_files\s1_ts0"
Set parameter MIPGap to value 0.01
Set parameter TimeLimit to value 7200
Set parameter Threads to value 1
Gurobi Optimizer version 12.0.1 build v12.0.1rc0 (win64 - Windows 11.0 (26100.2))

CPU model: Intel(R) Core(TM) i9-14900K, instruction set [SSE2|AVX|AVX2]
Thread count: 24 physical cores, 32 logical processors, using up to 1 threads

Non-default parameters:
TimeLimit  7200
MIPGap  0.01
NodefileStart  0.5
Threads  1

Optimize a model with 756770 rows, 253100 columns and 2009050 nonzeros
Model fingerprint: 0xdff970f1
Variable types: 0 continuous, 253100 integer (252010 binary)
Coefficient statistics:
  Matrix range     [1e+00, 6e+01]
  Objective range  [1e+01, 2e+01]
  Bounds range     [1e+00, 3e+01]
  RHS range        [1e+00, 6e+01]
Presolve removed 754721 rows and 250039 columns
Presolve time: 0.19s
Presolved: 2049 rows, 3061 columns, 13212 nonzeros
Variable types: 0 continuous, 3061 integer (2527 binary)
Found heuristic solution: objective -200.0000000
Found heuristic solution: objective -0.0000000
Performing another presolve...
Presolve removed 1492 rows and 1577 columns
Presolve time: 0.05s

Root relaxation: objective 8.022651e+01, 381 iterations, 0.00 seconds (0.00 work units)

    Nodes    |    Current Node    |     Objective Bounds      |     Work
 Expl Unexpl |  Obj  Depth IntInf | Incumbent    BestBd   Gap | It/Node Time

     0     0   80.22651    0  116   -0.00000   80.22651      -     -    0s
H    0     0                       6.6908673   80.22651  1099%     -    0s
     0     0   67.28981    0   68    6.69087   67.28981   906%     -    0s
H    0     0                      17.3502308   67.17077   287%     -    0s
     0     0   67.17077    0   68   17.35023   67.17077   287%     -    0s
     0     0   44.68233    0  102   17.35023   44.68233   158%     -    0s
     0     0   44.14293    0  122   17.35023   44.14293   154%     -    0s
     0     0   44.10211    0  116   17.35023   44.10211   154%     -    0s
     0     0   44.09988    0  115   17.35023   44.09988   154%     -    0s
     0     0   43.65620    0  112   17.35023   43.65620   152%     -    0s
     0     0   42.72563    0  163   17.35023   42.72563   146%     -    0s
     0     0   42.71757    0  159   17.35023   42.71757   146%     -    0s
     0     0   41.29821    0  138   17.35023   41.29821   138%     -    0s
     0     0   41.29056    0  144   17.35023   41.29056   138%     -    0s
     0     0   41.10526    0  162   17.35023   41.10526   137%     -    0s
     0     0   40.91337    0  155   17.35023   40.91337   136%     -    0s
     0     2   40.91337    0  155   17.35023   40.91337   136%     -    0s

Cutting planes:
  Learned: 5
  Gomory: 13
  Cover: 34
  Implied bound: 82
  Clique: 27
  MIR: 14
  StrongCG: 6
  GUB cover: 1
  Zero half: 5
  Relax-and-lift: 3
  BQP: 1

Explored 560 nodes (2808 simplex iterations) in 0.68 seconds (1.09 work units)
Thread count was 1 (of 32 available processors)

Solution count 6: 17.3502 6.69087 -0 ... -200

Optimal solution found (tolerance 1.00e-02)
Best objective 1.735023079362e+01, best bound 1.735023079362e+01, gap 0.0000%

User-callback calls 1668, time in user-callback 0.04 sec

Gurobi 12.0.1 (win64) logging started Thu Jan 15 17:09:36 2026

Set parameter LogFile to value "data\dblrp\grb_log_ef_s1_ts0_f10_c10_r2.0_iss1_bt1_nsp10000_nse5000_sd7.log"
Set parameter NodefileStart to value 0.5
Set parameter NodefileDir to value "node_files\s1_ts0"
Set parameter MIPGap to value 0.01
Set parameter TimeLimit to value 7200
Set parameter Threads to value 1
Gurobi Optimizer version 12.0.1 build v12.0.1rc0 (win64 - Windows 11.0 (26100.2))

CPU model: Intel(R) Core(TM) i9-14900K, instruction set [SSE2|AVX|AVX2]
Thread count: 24 physical cores, 32 logical processors, using up to 1 threads

Non-default parameters:
TimeLimit  7200
MIPGap  0.01
NodefileStart  0.5
Threads  1

Optimize a model with 756770 rows, 253100 columns and 2009050 nonzeros
Model fingerprint: 0xdff970f1
Variable types: 0 continuous, 253100 integer (252010 binary)
Coefficient statistics:
  Matrix range     [1e+00, 6e+01]
  Objective range  [1e+01, 2e+01]
  Bounds range     [1e+00, 3e+01]
  RHS range        [1e+00, 6e+01]
Presolve removed 754721 rows and 250039 columns
Presolve time: 0.18s
Presolved: 2049 rows, 3061 columns, 13212 nonzeros
Variable types: 0 continuous, 3061 integer (2527 binary)
Found heuristic solution: objective -200.0000000
Found heuristic solution: objective -0.0000000
Performing another presolve...
Presolve removed 1492 rows and 1577 columns
Presolve time: 0.05s

Root relaxation: objective 8.022651e+01, 381 iterations, 0.00 seconds (0.00 work units)

    Nodes    |    Current Node    |     Objective Bounds      |     Work
 Expl Unexpl |  Obj  Depth IntInf | Incumbent    BestBd   Gap | It/Node Time

     0     0   80.22651    0  116   -0.00000   80.22651      -     -    0s
H    0     0                       6.6908673   80.22651  1099%     -    0s
     0     0   67.28981    0   68    6.69087   67.28981   906%     -    0s
H    0     0                      17.3502308   67.17077   287%     -    0s
     0     0   67.17077    0   68   17.35023   67.17077   287%     -    0s
     0     0   44.68233    0  102   17.35023   44.68233   158%     -    0s
     0     0   44.14293    0  122   17.35023   44.14293   154%     -    0s
     0     0   44.10211    0  116   17.35023   44.10211   154%     -    0s
     0     0   44.09988    0  115   17.35023   44.09988   154%     -    0s
     0     0   43.65620    0  112   17.35023   43.65620   152%     -    0s
     0     0   42.72563    0  163   17.35023   42.72563   146%     -    0s
     0     0   42.71757    0  159   17.35023   42.71757   146%     -    0s
     0     0   41.29821    0  138   17.35023   41.29821   138%     -    0s
     0     0   41.29056    0  144   17.35023   41.29056   138%     -    0s
     0     0   41.10526    0  162   17.35023   41.10526   137%     -    0s
     0     0   40.91337    0  155   17.35023   40.91337   136%     -    0s
     0     2   40.91337    0  155   17.35023   40.91337   136%     -    0s

Cutting planes:
  Learned: 5
  Gomory: 13
  Cover: 34
  Implied bound: 82
  Clique: 27
  MIR: 14
  StrongCG: 6
  GUB cover: 1
  Zero half: 5
  Relax-and-lift: 3
  BQP: 1

Explored 560 nodes (2808 simplex iterations) in 0.70 seconds (1.09 work units)
Thread count was 1 (of 32 available processors)

Solution count 6: 17.3502 6.69087 -0 ... -200

Optimal solution found (tolerance 1.00e-02)
Best objective 1.735023079362e+01, best bound 1.735023079362e+01, gap 0.0000%

User-callback calls 1682, time in user-callback 0.05 sec
