
Gurobi 12.0.1 (win64) logging started Tue Jan  6 21:23:24 2026

Set parameter LogFile to value "data\dblrp\grb_log_ef_s10_ts0_f10_c10_r2.0_iss1_bt1_nsp1000_nse500_sd7.log"
Set parameter NodefileStart to value 0.5
Set parameter NodefileDir to value "node_files\s10_ts0"
Set parameter MIPGap to value 0.01
Set parameter TimeLimit to value 7200
Set parameter Threads to value 1
Gurobi Optimizer version 12.0.1 build v12.0.1rc0 (win64 - Windows 11.0 (26100.2))

CPU model: Intel(R) Core(TM) i9-14900K, instruction set [SSE2|AVX|AVX2]
Thread count: 24 physical cores, 32 logical processors, using up to 1 threads

Non-default parameters:
TimeLimit  7200
MIPGap  0.01
NodefileStart  0.5
Threads  1

Optimize a model with 7567700 rows, 2530910 columns and 20090500 nonzeros
Model fingerprint: 0x3cfc54bb
Variable types: 0 continuous, 2530910 integer (2520010 binary)
Coefficient statistics:
  Matrix range     [1e+00, 6e+01]
  Objective range  [1e+00, 2e+01]
  Bounds range     [1e+00, 3e+01]
  RHS range        [1e+00, 6e+01]
Presolve removed 7547625 rows and 2500805 columns
Presolve time: 2.07s
Presolved: 20075 rows, 30105 columns, 130060 nonzeros
Variable types: 0 continuous, 30105 integer (24802 binary)
Found heuristic solution: objective -200.0000000
Performing another presolve...
Presolve removed 14159 rows and 15254 columns
Presolve time: 0.43s

Root relaxation: objective 9.723309e+01, 4750 iterations, 0.05 seconds (0.10 work units)

    Nodes    |    Current Node    |     Objective Bounds      |     Work
 Expl Unexpl |  Obj  Depth IntInf | Incumbent    BestBd   Gap | It/Node Time

     0     0   97.23309    0  674 -200.00000   97.23309   149%     -    4s
H    0     0                      -0.0000000   97.23309      -     -    4s
H    0     0                      11.0284187   97.23309   782%     -    4s
H    0     0                      28.3786495   97.23309   243%     -    4s
     0     0   90.28948    0 2062   28.37865   90.28948   218%     -    4s
     0     0   90.13161    0 2190   28.37865   90.13161   218%     -    4s
     0     0   90.09821    0 2169   28.37865   90.09821   217%     -    4s
H    0     0                      29.2633438   88.35926   202%     -    5s
H    0     0                      29.2849563   88.35926   202%     -    5s
     0     0   88.35926    0 1966   29.28496   88.35926   202%     -    5s
     0     0   88.35926    0 2010   29.28496   88.35926   202%     -    5s
     0     0   63.06765    0 1191   29.28496   63.06765   115%     -    5s
     0     0   63.06765    0 1191   29.28496   63.06765   115%     -    5s
     0     0   61.53167    0 1177   29.28496   61.53167   110%     -    5s
H    0     0                      30.3098555   61.40340   103%     -    5s
     0     0   61.01192    0 1316   30.30986   61.01192   101%     -    5s
     0     0   60.93283    0 1221   30.30986   60.93283   101%     -    5s
     0     0   60.93283    0 1217   30.30986   60.93283   101%     -    5s
     0     0   60.93277    0 1222   30.30986   60.93277   101%     -    5s
     0     0   60.00433    0 1346   30.30986   60.00433  98.0%     -    5s
H    0     0                      31.3347548   59.73218  90.6%     -    5s
     0     0   59.73218    0 1384   31.33475   59.73218  90.6%     -    5s
     0     0   59.73218    0 1416   31.33475   59.73218  90.6%     -    5s
     0     0   59.43787    0 1261   31.33475   59.43787  89.7%     -    5s
     0     0   59.32875    0 1236   31.33475   59.32875  89.3%     -    5s
     0     0   59.32875    0 1229   31.33475   59.32875  89.3%     -    5s
     0     0   58.96164    0 1019   31.33475   58.96164  88.2%     -    6s
     0     0   58.82550    0 1008   31.33475   58.82550  87.7%     -    6s
H    0     0                      33.2443483   58.82550  76.9%     -    6s
     0     0   58.82550    0 1072   33.24435   58.82550  76.9%     -    6s
     0     0   58.48120    0 1131   33.24435   58.48120  75.9%     -    6s
     0     0   58.47999    0 1294   33.24435   58.47999  75.9%     -    6s
     0     0   57.49863    0 1023   33.24435   57.49863  73.0%     -    6s
     0     0   57.49863    0 1007   33.24435   57.49863  73.0%     -    6s
     0     0   57.47502    0 1300   33.24435   57.47502  72.9%     -    6s
     0     0   57.46944    0  999   33.24435   57.46944  72.9%     -    6s
     0     2   57.40425    0  939   33.24435   57.40425  72.7%     -    6s
   709   402   35.90742  153 1053   33.24435   39.82496  19.8%  13.2   10s

Cutting planes:
  Gomory: 10
  Cover: 101
  Implied bound: 96
  Clique: 42
  MIR: 2
  StrongCG: 9
  Flow cover: 91
  GUB cover: 27
  Zero half: 9
  Network: 1
  RLT: 19
  Relax-and-lift: 14

Explored 770 nodes (100689 simplex iterations) in 14.83 seconds (24.47 work units)
Thread count was 1 (of 32 available processors)

Solution count 10: 33.2443 33.2443 33.2443 ... 29.285

Optimal solution found (tolerance 1.00e-02)
Best objective 3.324434829458e+01, best bound 3.324434829458e+01, gap 0.0000%

User-callback calls 4007, time in user-callback 1.49 sec
