
Gurobi 12.0.3 (win64) logging started Wed Nov 26 10:42:50 2025

Set parameter LogFile to value "data\dblrp\grb_log_nn_e_s100_ts0_f10_c10_r2.0_iss1_bt1_nsp5_nse2_sd7.log"
Gurobi Optimizer version 12.0.3 build v12.0.3rc0 (win64 - Windows 11.0 (26100.2))

CPU model: AMD Ryzen 7 5800H with Radeon Graphics, instruction set [SSE2|AVX|AVX2]
Thread count: 8 physical cores, 16 logical processors, using up to 1 threads

Non-default parameters:
TimeLimit  10800
Threads  1

Optimize a model with 1537 rows, 1547 columns and 8705 nonzeros
Model fingerprint: 0xe177deb6
Variable types: 1025 continuous, 522 integer (522 binary)
Coefficient statistics:
  Matrix range     [1e-07, 1e+05]
  Objective range  [1e+00, 1e+01]
  Bounds range     [1e+00, 1e+00]
  RHS range        [3e-04, 1e+05]
Presolve removed 1426 rows and 1426 columns
Presolve time: 0.01s
Presolved: 111 rows, 121 columns, 633 nonzeros
Variable types: 74 continuous, 47 integer (47 binary)
Found heuristic solution: objective -5.4055775

Explored 0 nodes (0 simplex iterations) in 0.02 seconds (0.01 work units)
Thread count was 1 (of 16 available processors)

Solution count 1: -5.40558 
No other solutions better than -5.40558

Optimal solution found (tolerance 1.00e-04)
Best objective -5.405577482776e+00, best bound -5.405577482776e+00, gap 0.0000%

User-callback calls 467, time in user-callback 0.00 sec
