
Gurobi 12.0.1 (win64) logging started Tue Jan  6 21:27:50 2026

Set parameter LogFile to value "data\dblrp\grb_log_ef_s20_ts0_f10_c10_r2.0_iss1_bt1_nsp1000_nse500_sd7.log"
Set parameter NodefileStart to value 0.5
Set parameter NodefileDir to value "node_files\s20_ts0"
Set parameter MIPGap to value 0.01
Set parameter TimeLimit to value 7200
Set parameter Threads to value 1
Gurobi Optimizer version 12.0.1 build v12.0.1rc0 (win64 - Windows 11.0 (26100.2))

CPU model: Intel(R) Core(TM) i9-14900K, instruction set [SSE2|AVX|AVX2]
Thread count: 24 physical cores, 32 logical processors, using up to 1 threads

Non-default parameters:
TimeLimit  7200
MIPGap  0.01
NodefileStart  0.5
Threads  1

Optimize a model with 15135400 rows, 5061810 columns and 40181000 nonzeros
Model fingerprint: 0x74798c2a
Variable types: 0 continuous, 5061810 integer (5040010 binary)
Coefficient statistics:
  Matrix range     [1e+00, 6e+01]
  Objective range  [5e-01, 2e+01]
  Bounds range     [1e+00, 3e+01]
  RHS range        [1e+00, 6e+01]
Presolve removed 15095409 rows and 5001769 columns
Presolve time: 4.32s
Presolved: 39991 rows, 60041 columns, 259206 nonzeros
Variable types: 0 continuous, 60041 integer (49432 binary)
Found heuristic solution: objective -200.0000000
Performing another presolve...
Presolve removed 28060 rows and 30210 columns
Presolve time: 0.98s

Root simplex log...

Iteration    Objective       Primal Inf.    Dual Inf.      Time
       0    3.8798948e+03   1.037883e+04   0.000000e+00      9s
    9870    9.6276052e+01   0.000000e+00   0.000000e+00      9s

Root relaxation: objective 9.627605e+01, 9870 iterations, 0.20 seconds (0.36 work units)
Total elapsed time = 8.96s (DegenMoves)

    Nodes    |    Current Node    |     Objective Bounds      |     Work
 Expl Unexpl |  Obj  Depth IntInf | Incumbent    BestBd   Gap | It/Node Time

     0     0   96.27605    0 1379 -200.00000   96.27605   148%     -    9s
     0     0   96.27605    0 2214 -200.00000   96.27605   148%     -    9s
     0     0   96.27605    0 2214 -200.00000   96.27605   148%     -    9s
H    0     0                      -0.0000000   96.27605      -     -    9s
H    0     0                       0.2132766   96.27605      -     -    9s
H    0     0                       1.2792129   96.27605  7426%     -    9s
H    0     0                       6.3088576   96.27605  1426%     -   10s
H    0     0                       6.9529304   96.27605  1285%     -   10s
H    0     0                       7.9368776   96.27605  1113%     -   10s
H    0     0                      10.0794721   96.27605   855%     -   10s
H    0     0                      11.3385022   96.27605   749%     -   11s
H    0     0                      11.8714704   96.27605   711%     -   11s
H    0     0                      17.3502308   96.27605   455%     -   11s
     0     0   84.07277    0 3802   17.35023   84.07277   385%     -   11s
     0     0   84.07277    0 3815   17.35023   84.07277   385%     -   11s
H    0     0                      29.3226400   83.81710   186%     -   12s
     0     0   76.58803    0 3624   29.32264   76.58803   161%     -   12s
     0     0   76.42745    0 3318   29.32264   76.42745   161%     -   12s
     0     0   76.42745    0 3341   29.32264   76.42745   161%     -   12s
     0     0   65.64791    0 3687   29.32264   65.64791   124%     -   12s
     0     0   65.64791    0 3692   29.32264   65.64791   124%     -   12s
     0     0   65.64791    0 3678   29.32264   65.64791   124%     -   12s
     0     0   64.44327    0 2247   29.32264   64.44327   120%     -   12s
     0     0   63.59981    0 2789   29.32264   63.59981   117%     -   13s
     0     0   63.39058    0 2681   29.32264   63.39058   116%     -   13s
     0     0   63.39058    0 2725   29.32264   63.39058   116%     -   13s
     0     0   61.00399    0 2294   29.32264   61.00399   108%     -   13s
H    0     0                      34.1991451   61.00399  78.4%     -   13s
     0     0   60.83106    0 2686   34.19915   60.83106  77.9%     -   13s
     0     0   60.68500    0 2179   34.19915   60.68500  77.4%     -   13s
     0     0   60.67487    0 2218   34.19915   60.67487  77.4%     -   13s
     0     0   60.60022    0 2521   34.19915   60.60022  77.2%     -   14s
     0     0   60.30401    0 2159   34.19915   60.30401  76.3%     -   14s
     0     0   60.27019    0 2512   34.19915   60.27019  76.2%     -   14s
     0     0   60.25537    0 2554   34.19915   60.25537  76.2%     -   14s
     0     0   60.16167    0 2186   34.19915   60.16167  75.9%     -   14s
     0     0   60.16167    0 2202   34.19915   60.16167  75.9%     -   14s
     0     0   60.00254    0 2121   34.19915   60.00254  75.5%     -   14s
     0     0   60.00254    0 2101   34.19915   60.00254  75.5%     -   14s
     0     0   60.00254    0 2149   34.19915   60.00254  75.5%     -   14s
     0     0   59.49951    0 2484   34.19915   59.49951  74.0%     -   14s
     0     0   59.49489    0 2573   34.19915   59.49489  74.0%     -   14s
     0     0   59.43587    0 2580   34.19915   59.43587  73.8%     -   14s
     0     0   59.43587    0 2578   34.19915   59.43587  73.8%     -   14s
     0     0   59.39427    0 3527   34.19915   59.39427  73.7%     -   14s
     0     0   59.29060    0 3610   34.19915   59.29060  73.4%     -   14s
     0     0   59.29054    0 3609   34.19915   59.29054  73.4%     -   14s
     0     0   59.29054    0 3633   34.19915   59.29054  73.4%     -   14s
     0     0   58.96667    0 2264   34.19915   58.96667  72.4%     -   15s
     0     0   58.96116    0 2334   34.19915   58.96116  72.4%     -   15s
     0     0   58.92954    0 2285   34.19915   58.92954  72.3%     -   15s
     0     0   58.92907    0 2336   34.19915   58.92907  72.3%     -   15s
     0     0   58.50715    0 3625   34.19915   58.50715  71.1%     -   15s
     0     0   58.44552    0 2262   34.19915   58.44552  70.9%     -   15s
     0     0   58.43696    0 2332   34.19915   58.43696  70.9%     -   15s
     0     0   58.40250    0 2283   34.19915   58.40250  70.8%     -   15s
     0     0   58.40250    0 1439   34.19915   58.40250  70.8%     -   16s
     0     2   58.30185    0 1380   34.19915   58.30185  70.5%     -   16s
   370   193   42.67729   32  349   34.19915   51.41362  50.3%  24.4   20s
   725   413   36.47266  238 1984   34.19915   51.25682  49.9%  13.7   25s
   763   438   35.98411  274 2177   34.19915   48.79271  42.7%  13.1   30s
   800   463   38.88749  172 1188   34.19915   48.11610  40.7%  12.5   35s

Cutting planes:
  Gomory: 37
  Cover: 403
  Implied bound: 300
  Projected implied bound: 1
  Clique: 163
  MIR: 38
  StrongCG: 41
  Flow cover: 384
  GUB cover: 102
  Zero half: 114
  Network: 3
  RLT: 102
  Relax-and-lift: 47
  BQP: 1

Explored 817 nodes (168040 simplex iterations) in 36.80 seconds (63.94 work units)
Thread count was 1 (of 32 available processors)

Solution count 10: 34.1991 34.1991 29.3226 ... 7.93688

Optimal solution found (tolerance 1.00e-02)
Best objective 3.419914505844e+01, best bound 3.419914505844e+01, gap 0.0000%

User-callback calls 6596, time in user-callback 3.24 sec
