
Gurobi 12.0.1 (win64) logging started Tue Jan  6 21:20:32 2026

Set parameter LogFile to value "data\dblrp\grb_log_nn_p_s1_ts0_f10_c10_r2.0_iss1_bt1_nsp1000_nse500_sd7.log"
Gurobi Optimizer version 12.0.1 build v12.0.1rc0 (win64 - Windows 11.0 (26100.2))

CPU model: Intel(R) Core(TM) i9-14900K, instruction set [SSE2|AVX|AVX2]
Thread count: 24 physical cores, 32 logical processors, using up to 1 threads

Non-default parameters:
TimeLimit  360
MIPGap  0.01
Threads  1

Optimize a model with 769 rows, 779 columns and 4225 nonzeros
Model fingerprint: 0x82c2a650
Variable types: 513 continuous, 266 integer (266 binary)
Coefficient statistics:
  Matrix range     [1e-05, 1e+05]
  Objective range  [1e+00, 2e+01]
  Bounds range     [1e+00, 1e+00]
  RHS range        [6e-03, 1e+05]
Presolve removed 663 rows and 663 columns
Presolve time: 0.00s
Presolved: 106 rows, 116 columns, 622 nonzeros
Variable types: 70 continuous, 46 integer (46 binary)
Found heuristic solution: objective 25.8764947

Explored 0 nodes (0 simplex iterations) in 0.01 seconds (0.01 work units)
Thread count was 1 (of 32 available processors)

Solution count 1: 25.8765 

Optimal solution found (tolerance 1.00e-02)
Best objective 2.587649470084e+01, best bound 2.587649470084e+01, gap 0.0000%

User-callback calls 466, time in user-callback 0.00 sec

Gurobi 12.0.1 (win64) logging started Tue Jan  6 22:11:43 2026

Set parameter LogFile to value "data\dblrp\grb_log_nn_p_s1_ts0_f10_c10_r2.0_iss1_bt1_nsp1000_nse500_sd7.log"
Gurobi Optimizer version 12.0.1 build v12.0.1rc0 (win64 - Windows 11.0 (26100.2))

CPU model: Intel(R) Core(TM) i9-14900K, instruction set [SSE2|AVX|AVX2]
Thread count: 24 physical cores, 32 logical processors, using up to 1 threads

Non-default parameters:
TimeLimit  360
MIPGap  0.01
Threads  1

Optimize a model with 769 rows, 779 columns and 4225 nonzeros
Model fingerprint: 0x82c2a650
Variable types: 513 continuous, 266 integer (266 binary)
Coefficient statistics:
  Matrix range     [1e-05, 1e+05]
  Objective range  [1e+00, 2e+01]
  Bounds range     [1e+00, 1e+00]
  RHS range        [6e-03, 1e+05]
Presolve removed 663 rows and 663 columns
Presolve time: 0.00s
Presolved: 106 rows, 116 columns, 622 nonzeros
Variable types: 70 continuous, 46 integer (46 binary)
Found heuristic solution: objective 25.8764947

Explored 0 nodes (0 simplex iterations) in 0.01 seconds (0.01 work units)
Thread count was 1 (of 32 available processors)

Solution count 1: 25.8765 

Optimal solution found (tolerance 1.00e-02)
Best objective 2.587649470084e+01, best bound 2.587649470084e+01, gap 0.0000%

User-callback calls 466, time in user-callback 0.00 sec
