
Gurobi 12.0.3 (win64) logging started Wed Nov 26 10:42:33 2025

Set parameter LogFile to value "data\dblrp\grb_log_nn_p_s100_ts0_f10_c10_r2.0_iss1_bt1_nsp5_nse2_sd7.log"
Gurobi Optimizer version 12.0.3 build v12.0.3rc0 (win64 - Windows 11.0 (26100.2))

CPU model: AMD Ryzen 7 5800H with Radeon Graphics, instruction set [SSE2|AVX|AVX2]
Thread count: 8 physical cores, 16 logical processors, using up to 1 threads

Non-default parameters:
TimeLimit  10800
Threads  1

Optimize a model with 19300 rows, 19310 columns and 108900 nonzeros
Model fingerprint: 0xf8a09290
Variable types: 12900 continuous, 6410 integer (6410 binary)
Coefficient statistics:
  Matrix range     [3e-05, 1e+05]
  Objective range  [1e-02, 1e+01]
  Bounds range     [1e+00, 1e+00]
  RHS range        [7e-02, 1e+05]
Presolve removed 19290 rows and 19292 columns
Presolve time: 0.03s
Presolved: 10 rows, 18 columns, 33 nonzeros
Variable types: 6 continuous, 12 integer (12 binary)
Found heuristic solution: objective -45.4562830
Found heuristic solution: objective -15.2652485

Explored 0 nodes (0 simplex iterations) in 0.05 seconds (0.05 work units)
Thread count was 1 (of 16 available processors)

Solution count 2: -15.2652 -45.4563 
No other solutions better than -15.2652

Optimal solution found (tolerance 1.00e-04)
Best objective -1.526524851216e+01, best bound -1.526524851216e+01, gap 0.0000%

User-callback calls 506, time in user-callback 0.00 sec
