
Gurobi 12.0.1 (win64) logging started Tue Jan  6 18:25:15 2026

Set parameter LogFile to value "data\dblrp\grb_log_nn_e_s10_ts1_f10_c10_r2.0_iss1_bt1_nsp10000_nse5000_sd7.log"
Gurobi Optimizer version 12.0.1 build v12.0.1rc0 (win64 - Windows 11.0 (26100.2))

CPU model: Intel(R) Core(TM) i9-14900K, instruction set [SSE2|AVX|AVX2]
Thread count: 24 physical cores, 32 logical processors, using up to 1 threads

Non-default parameters:
TimeLimit  360
MIPGap  0.01
Threads  1

Optimize a model with 1537 rows, 1547 columns and 8705 nonzeros
Model fingerprint: 0xbb088ab8
Variable types: 1025 continuous, 522 integer (522 binary)
Coefficient statistics:
  Matrix range     [2e-06, 1e+05]
  Objective range  [1e+00, 2e+01]
  Bounds range     [1e+00, 1e+00]
  RHS range        [3e-03, 1e+05]
Presolve removed 1489 rows and 1490 columns
Presolve time: 0.00s
Presolved: 48 rows, 57 columns, 256 nonzeros
Variable types: 32 continuous, 25 integer (25 binary)
Found heuristic solution: objective 0.6017333

Root relaxation: objective 7.775190e-01, 45 iterations, 0.00 seconds (0.00 work units)

    Nodes    |    Current Node    |     Objective Bounds      |     Work
 Expl Unexpl |  Obj  Depth IntInf | Incumbent    BestBd   Gap | It/Node Time

     0     0    0.77752    0   14    0.60173    0.77752  29.2%     -    0s

Explored 1 nodes (45 simplex iterations) in 0.01 seconds (0.01 work units)
Thread count was 1 (of 32 available processors)

Solution count 1: 0.601733 
No other solutions better than 0.601733

Optimal solution found (tolerance 1.00e-02)
Best objective 6.017333455220e-01, best bound 6.017333455220e-01, gap 0.0000%

User-callback calls 362, time in user-callback 0.00 sec
