
Gurobi 12.0.1 (win64) logging started Wed Dec  3 23:32:44 2025

Set parameter LogFile to value "data\dblrp\grb_log_nn_e_s50_ts0_f5_c10_r2.0_iss1_bt1_nsp500_nse100_sd7.log"
Gurobi Optimizer version 12.0.1 build v12.0.1rc0 (win64 - Windows 11.0 (26100.2))

CPU model: Intel(R) Core(TM) i9-14900K, instruction set [SSE2|AVX|AVX2]
Thread count: 24 physical cores, 32 logical processors, using up to 1 threads

Non-default parameters:
TimeLimit  10800
Threads  1

Optimize a model with 1537 rows, 1542 columns and 6145 nonzeros
Model fingerprint: 0x30b50616
Variable types: 1025 continuous, 517 integer (517 binary)
Coefficient statistics:
  Matrix range     [1e-08, 1e+05]
  Objective range  [1e+00, 1e+01]
  Bounds range     [1e+00, 1e+00]
  RHS range        [2e-04, 1e+05]
Warning: Model contains large matrix coefficient range
         Consider reformulating model or setting NumericFocus parameter
         to avoid numerical issues.
Presolve removed 1411 rows and 1425 columns
Presolve time: 0.00s
Presolved: 126 rows, 117 columns, 474 nonzeros
Variable types: 84 continuous, 33 integer (33 binary)
Found heuristic solution: objective -1.8827021
Found heuristic solution: objective 17.2713577

Root relaxation: objective 2.448544e+01, 67 iterations, 0.00 seconds (0.00 work units)

    Nodes    |    Current Node    |     Objective Bounds      |     Work
 Expl Unexpl |  Obj  Depth IntInf | Incumbent    BestBd   Gap | It/Node Time

     0     0   24.48416    0    1   17.27136   24.48416  41.8%     -    0s
*    0     0               0      24.4841567   24.48416  0.00%     -    0s

Explored 1 nodes (74 simplex iterations) in 0.01 seconds (0.01 work units)
Thread count was 1 (of 32 available processors)

Solution count 3: 24.4842 17.2714 -1.8827 

Optimal solution found (tolerance 1.00e-04)
Best objective 2.448415666749e+01, best bound 2.448415666749e+01, gap 0.0000%

User-callback calls 486, time in user-callback 0.00 sec
