
Gurobi 12.0.1 (win64) logging started Wed Jan  7 10:52:52 2026

Set parameter LogFile to value "data\dblrp\grb_log_nn_p_s1_ts0_f10_c10_r2.0_iss1_bt1_nsp10000_nse5000_sd7.log"
Gurobi Optimizer version 12.0.1 build v12.0.1rc0 (win64 - Windows 11.0 (26100.2))

CPU model: Intel(R) Core(TM) i9-14900K, instruction set [SSE2|AVX|AVX2]
Thread count: 24 physical cores, 32 logical processors, using up to 1 threads

Non-default parameters:
TimeLimit  360
MIPGap  0.01
Threads  1

Optimize a model with 193 rows, 203 columns and 1089 nonzeros
Model fingerprint: 0x2149b897
Variable types: 129 continuous, 74 integer (74 binary)
Coefficient statistics:
  Matrix range     [2e-04, 1e+05]
  Objective range  [1e+00, 2e+01]
  Bounds range     [1e+00, 1e+00]
  RHS range        [1e+00, 1e+05]
Found heuristic solution: objective 18.6606932
Presolve removed 173 rows and 174 columns
Presolve time: 0.00s
Presolved: 20 rows, 29 columns, 117 nonzeros
Variable types: 13 continuous, 16 integer (16 binary)

Root relaxation: objective 4.484403e+01, 13 iterations, 0.00 seconds (0.00 work units)

    Nodes    |    Current Node    |     Objective Bounds      |     Work
 Expl Unexpl |  Obj  Depth IntInf | Incumbent    BestBd   Gap | It/Node Time

     0     0   44.84403    0    5   18.66069   44.84403   140%     -    0s
H    0     0                      22.5650835   44.84403  98.7%     -    0s
H    0     0                      25.1726135   44.84403  78.1%     -    0s
*    0     0               0      33.9120049   33.91200  0.00%     -    0s

Cutting planes:
  Gomory: 2
  Cover: 3
  Implied bound: 2
  Clique: 1
  MIR: 5
  StrongCG: 2
  Flow cover: 4
  RLT: 1
  Relax-and-lift: 2

Explored 1 nodes (31 simplex iterations) in 0.01 seconds (0.00 work units)
Thread count was 1 (of 32 available processors)

Solution count 4: 33.912 25.1726 22.5651 18.6607 

Optimal solution found (tolerance 1.00e-02)
Best objective 3.391200485669e+01, best bound 3.391200485669e+01, gap 0.0000%

User-callback calls 448, time in user-callback 0.00 sec
