
Gurobi 12.0.1 (win64) logging started Wed Nov 26 15:01:30 2025

Set parameter LogFile to value "data\dblrp\grb_log_nn_p_s20_ts0_f10_c10_r2.0_iss1_bt1_nsp5000_nse1000_sd7.log"
Gurobi Optimizer version 12.0.1 build v12.0.1rc0 (win64 - Windows 11.0 (26100.2))

CPU model: Intel(R) Core(TM) i9-14900K, instruction set [SSE2|AVX|AVX2]
Thread count: 24 physical cores, 32 logical processors, using up to 1 threads

Non-default parameters:
TimeLimit  10800
Threads  1

Optimize a model with 3860 rows, 3870 columns and 21780 nonzeros
Model fingerprint: 0x63f2ce1e
Variable types: 2580 continuous, 1290 integer (1290 binary)
Coefficient statistics:
  Matrix range     [1e-04, 1e+05]
  Objective range  [5e-02, 1e+01]
  Bounds range     [1e+00, 1e+00]
  RHS range        [2e-01, 1e+05]
Found heuristic solution: objective -14.3928947
Presolve removed 3860 rows and 3870 columns
Presolve time: 0.00s
Presolve: All rows and columns removed

Explored 0 nodes (0 simplex iterations) in 0.01 seconds (0.01 work units)
Thread count was 1 (of 32 available processors)

Solution count 2: 15.6071 -14.3929 

Optimal solution found (tolerance 1.00e-04)
Best objective 1.560710525513e+01, best bound 1.560710525513e+01, gap 0.0000%

User-callback calls 263, time in user-callback 0.00 sec
