
Gurobi 12.0.1 (win64) logging started Tue Dec  2 17:56:57 2025

Set parameter LogFile to value "data\dblrp\grb_log_ef_s50_ts0_f10_c10_r2.0_iss1_bt1_nsp5000_nse1000_sd7.log"
Set parameter NodefileStart to value 0.5
Set parameter NodefileDir to value "node_files\s50_ts0"
Set parameter MIPGap to value 0.0001
Set parameter TimeLimit to value 3600
Set parameter Threads to value 1
Gurobi Optimizer version 12.0.1 build v12.0.1rc0 (win64 - Windows 11.0 (26100.2))

CPU model: Intel(R) Core(TM) i9-14900K, instruction set [SSE2|AVX|AVX2]
Thread count: 24 physical cores, 32 logical processors, using up to 1 threads

Non-default parameters:
TimeLimit  3600
NodefileStart  0.5
Threads  1

Optimize a model with 37838500 rows, 12654510 columns and 106437500 nonzeros
Model fingerprint: 0x90c738e2
Variable types: 0 continuous, 12654510 integer (12600010 binary)
Coefficient statistics:
  Matrix range     [1e+00, 7e+01]
  Objective range  [2e-01, 1e+01]
  Bounds range     [1e+00, 4e+01]
  RHS range        [1e+00, 7e+01]
Presolve removed 700000 rows and 19500 columns (presolve time = 5s)...
Presolve removed 37622335 rows and 12381071 columns (presolve time = 10s)...
Presolve removed 37716378 rows and 12473078 columns
Presolve time: 12.97s
Presolved: 122122 rows, 181432 columns, 891912 nonzeros
Variable types: 0 continuous, 181432 integer (153462 binary)
Found heuristic solution: objective -100.0000000
Performing another presolve...
Presolve removed 102222 rows and 61437 columns
Presolve time: 3.16s

Root simplex log...

Iteration    Objective       Primal Inf.    Dual Inf.      Time
       0    9.0521886e+03   5.741688e+04   0.000000e+00     26s
   64282    1.7704317e+02   0.000000e+00   0.000000e+00     28s

Root relaxation: objective 1.770432e+02, 64282 iterations, 2.56 seconds (6.37 work units)
Total elapsed time = 28.47s (DegenMoves)

    Nodes    |    Current Node    |     Objective Bounds      |     Work
 Expl Unexpl |  Obj  Depth IntInf | Incumbent    BestBd   Gap | It/Node Time

     0     0  177.04317    0 6201 -100.00000  177.04317   277%     -   29s
     0     0  175.14943    0 6322 -100.00000  175.14943   275%     -   30s
     0     0  173.34562    0 6262 -100.00000  173.34562   273%     -   31s
     0     0  173.28686    0 6245 -100.00000  173.28686   273%     -   31s
     0     0  173.28297    0 6241 -100.00000  173.28297   273%     -   31s
     0     0  173.28297    0 6240 -100.00000  173.28297   273%     -   31s
H    0     0                      -0.0000000  173.28297      -     -   32s
H    0     0                       2.2640708  173.28297  7554%     -   32s
H    0     0                      22.5573629  173.28297   668%     -   33s
H    0     0                      76.6036443  173.28297   126%     -   33s
H    0     0                      86.6036443  173.28297   100%     -   34s
H    0     0                     118.4807305  173.28297  46.3%     -   35s
H    0     0                     146.4392976  173.28297  18.3%     -   36s
H    0     0                     148.0836555  173.28297  17.0%     -   36s
H    0     0                     148.1492468  173.28297  17.0%     -   37s
H    0     0                     148.8824728  173.28297  16.4%     -   37s
H    0     0                     150.1102226  173.28297  15.4%     -   38s
H    0     0                     150.1956114  173.28297  15.4%     -   39s
H    0     0                     150.3901231  173.28297  15.2%     -   39s
H    0     0                     150.5764610  173.28297  15.1%     -   40s
H    0     0                     152.6198933  173.28297  13.5%     -   40s
     0     0  172.89061    0 6462  152.61989  172.89061  13.3%     -   41s
     0     0  172.84681    0 6382  152.61989  172.84681  13.3%     -   41s
     0     0  172.84244    0 6370  152.61989  172.84244  13.3%     -   41s
     0     0  172.84103    0 6372  152.61989  172.84103  13.2%     -   41s
H    0     0                     154.5412596  172.81952  11.8%     -   42s
H    0     0                     154.9606583  172.81952  11.5%     -   43s
H    0     0                     155.8950113  172.81952  10.9%     -   44s
H    0     0                     156.3313455  172.81952  10.5%     -   44s
H    0     0                     156.6837220  172.81952  10.3%     -   45s
     0     0  172.81952    0 6378  156.68372  172.81952  10.3%     -   45s
     0     0  172.39383    0 6683  156.68372  172.39383  10.0%     -   46s
     0     0  172.39309    0 6663  156.68372  172.39309  10.0%     -   46s
H    0     0                     158.0816084  172.39309  9.05%     -   46s
H    0     0                     158.1771038  172.39309  8.99%     -   47s
     0     0  172.36708    0 6664  158.17710  172.36708  8.97%     -   47s
     0     0  172.36708    0 6661  158.17710  172.36708  8.97%     -   47s
     0     0  172.36708    0 6657  158.17710  172.36708  8.97%     -   47s
     0     0  172.36708    0 6659  158.17710  172.36708  8.97%     -   47s
     0     0  172.20438    0 6782  158.17710  172.20438  8.87%     -   48s
     0     0  172.19937    0 6758  158.17710  172.19937  8.86%     -   48s
H    0     0                     158.6724176  172.19937  8.53%     -   49s
H    0     0                     158.9292986  172.19937  8.35%     -   49s
H    0     0                     158.9577718  172.19937  8.33%     -   50s
H    0     0                     159.0247941  172.19937  8.28%     -   50s
     0     0  172.19747    0 6800  159.02479  172.19747  8.28%     -   51s
     0     0  172.19747    0 6793  159.02479  172.19747  8.28%     -   51s
     0     0  172.09027    0 6858  159.02479  172.09027  8.22%     -   51s
     0     0  172.09027    0 6873  159.02479  172.09027  8.22%     -   51s
H    0     0                     159.4964863  172.09027  7.90%     -   52s
H    0     0                     159.9849293  172.09027  7.57%     -   53s
     0     0  172.04278    0 6974  159.98493  172.04278  7.54%     -   53s
     0     0  172.03832    0 6973  159.98493  172.03832  7.53%     -   53s
     0     0  172.03726    0 6950  159.98493  172.03726  7.53%     -   53s
     0     0  172.03726    0 6951  159.98493  172.03726  7.53%     -   53s
     0     0  172.03726    0 6966  159.98493  172.03726  7.53%     -   53s
     0     0  171.85758    0 7065  159.98493  171.85758  7.42%     -   54s
     0     0  171.85653    0 7011  159.98493  171.85653  7.42%     -   54s
     0     0  171.85649    0 7012  159.98493  171.85649  7.42%     -   54s
H    0     0                     160.2702832  171.85649  7.23%     -   55s
     0     0  171.84506    0 6983  160.27028  171.84506  7.22%     -   55s
     0     0  171.84427    0 6989  160.27028  171.84427  7.22%     -   55s
     0     0  171.84409    0 7017  160.27028  171.84409  7.22%     -   56s
     0     0  171.77480    0 7104  160.27028  171.77480  7.18%     -   56s
     0     0  171.77480    0 7096  160.27028  171.77480  7.18%     -   56s
H    0     0                     160.4966577  171.77480  7.03%     -   57s
H    0     0                     160.9494068  171.77480  6.73%     -   58s
H    0     0                     161.2646650  171.77480  6.52%     -   59s
H    0     0                     161.5500192  171.77480  6.33%     -   59s
H    0     0                     162.6091704  171.77480  5.64%     -   60s
H    0     0                     163.1962936  171.77480  5.26%     -   61s
H    0     0                     163.4062532  171.77480  5.12%     -   62s
H    0     0                     163.9769615  171.77480  4.76%     -   63s
H    0     0                     164.2033361  171.77480  4.61%     -   64s
H    0     0                     164.4886902  171.77480  4.43%     -   65s
H    0     0                     164.7740443  171.77480  4.25%     -   66s
H    0     0                     164.9840040  171.77480  4.12%     -   68s
     0     0  171.74161    0 7321  164.98400  171.74161  4.10%     -   68s
     0     0  171.74161    0 7315  164.98400  171.74161  4.10%     -   68s
     0     0  171.74059    0 7302  164.98400  171.74059  4.10%     -   68s
     0     0  171.73968    0 7299  164.98400  171.73968  4.09%     -   68s
     0     0  171.73943    0 7296  164.98400  171.73943  4.09%     -   68s
     0     0  171.67046    0 7380  164.98400  171.67046  4.05%     -   69s
     0     0  171.67046    0 7378  164.98400  171.67046  4.05%     -   69s
     0     0  171.63696    0 7345  164.98400  171.63696  4.03%     -   69s
     0     0  171.63696    0 7337  164.98400  171.63696  4.03%     -   69s
     0     0  171.63597    0 7345  164.98400  171.63597  4.03%     -   70s
     0     0  171.63595    0 7332  164.98400  171.63595  4.03%     -   70s
     0     0  171.55298    0 7344  164.98400  171.55298  3.98%     -   70s
     0     0  171.55298    0 7332  164.98400  171.55298  3.98%     -   70s
     0     0  171.55298    0 7329  164.98400  171.55298  3.98%     -   70s
     0     0  171.52463    0 7394  164.98400  171.52463  3.96%     -   71s
     0     0  171.52446    0 7415  164.98400  171.52446  3.96%     -   71s
     0     0  171.45396    0 7561  164.98400  171.45396  3.92%     -   71s
     0     0  171.45383    0 7528  164.98400  171.45383  3.92%     -   71s
     0     0  171.44148    0 7577  164.98400  171.44148  3.91%     -   72s
     0     0  171.44148    0 7572  164.98400  171.44148  3.91%     -   72s
     0     0  171.43947    0 7648  164.98400  171.43947  3.91%     -   72s
     0     0  171.43846    0 7698  164.98400  171.43846  3.91%     -   72s
     0     0  171.43845    0 7718  164.98400  171.43845  3.91%     -   72s
     0     0  171.34072    0 7609  164.98400  171.34072  3.85%     -   72s
     0     0  171.34072    0 7590  164.98400  171.34072  3.85%     -   72s
     0     0  171.33256    0 7638  164.98400  171.33256  3.85%     -   73s
     0     0  171.33256    0 7640  164.98400  171.33256  3.85%     -   73s
     0     0  171.33176    0 7667  164.98400  171.33176  3.85%     -   73s
     0     0  171.33161    0 7716  164.98400  171.33161  3.85%     -   73s
     0     0  171.29250    0 7797  164.98400  171.29250  3.82%     -   73s
     0     0  171.29250    0 7798  164.98400  171.29250  3.82%     -   73s
     0     0  171.28286    0 7848  164.98400  171.28286  3.82%     -   74s
     0     0  171.28286    0 7847  164.98400  171.28286  3.82%     -   74s
     0     0  171.27647    0 7870  164.98400  171.27647  3.81%     -   74s
     0     0  171.27645    0 7946  164.98400  171.27645  3.81%     -   74s
     0     0  171.25416    0 7842  164.98400  171.25416  3.80%     -   75s
     0     0  171.23884    0 8002  164.98400  171.23884  3.79%     -   75s
     0     0  171.23741    0 8088  164.98400  171.23741  3.79%     -   75s
     0     0  171.23738    0 8087  164.98400  171.23738  3.79%     -   75s
     0     0  171.21018    0 7900  164.98400  171.21018  3.77%     -   76s
     0     0  171.21018    0 7902  164.98400  171.21018  3.77%     -   76s
     0     0  171.20279    0 8087  164.98400  171.20279  3.77%     -   76s
     0     0  171.20279    0 8089  164.98400  171.20279  3.77%     -   76s
     0     0  171.20260    0 8145  164.98400  171.20260  3.77%     -   76s
     0     0  171.18936    0 8117  164.98400  171.18936  3.76%     -   77s
     0     0  171.18936    0 8112  164.98400  171.18936  3.76%     -   77s
     0     0  171.18179    0 8246  164.98400  171.18179  3.76%     -   77s
     0     0  171.17824    0 8208  164.98400  171.17824  3.75%     -   77s
     0     0  171.17768    0 8283  164.98400  171.17768  3.75%     -   77s
     0     0  171.16365    0 8178  164.98400  171.16365  3.75%     -   78s
     0     0  171.16057    0 8300  164.98400  171.16057  3.74%     -   78s
     0     0  171.16032    0 8230  164.98400  171.16032  3.74%     -   78s
     0     0  171.13951    0 8224  164.98400  171.13951  3.73%     -   79s
     0     0  171.13764    0 7001  164.98400  171.13764  3.73%     -   79s
     0     0  171.13764    0 6998  164.98400  171.13764  3.73%     -   79s
     0     0  171.13731    0 8271  164.98400  171.13731  3.73%     -   79s
     0     0  171.11729    0 8169  164.98400  171.11729  3.72%     -   80s
     0     0  171.11388    0 8323  164.98400  171.11388  3.72%     -   80s
     0     0  171.11359    0 8314  164.98400  171.11359  3.72%     -   80s
     0     0  171.07507    0 8264  164.98400  171.07507  3.69%     -   81s
     0     0  171.07507    0 8260  164.98400  171.07507  3.69%     -   81s
     0     0  171.07062    0 8400  164.98400  171.07062  3.69%     -   81s
     0     0  171.06982    0 8305  164.98400  171.06982  3.69%     -   82s
     0     0  171.06981    0 8357  164.98400  171.06981  3.69%     -   82s
     0     0  171.03552    0 8260  164.98400  171.03552  3.67%     -   82s
     0     0  171.03150    0 8248  164.98400  171.03150  3.67%     -   83s
     0     0  171.03066    0 8313  164.98400  171.03066  3.66%     -   83s
     0     0  171.03056    0 8419  164.98400  171.03056  3.66%     -   83s
     0     0  171.00857    0 8350  164.98400  171.00857  3.65%     -   84s
     0     0  171.00501    0 8496  164.98400  171.00501  3.65%     -   84s
     0     0  171.00477    0 8659  164.98400  171.00477  3.65%     -   84s
     0     0  170.98879    0 8541  164.98400  170.98879  3.64%     -   85s
     0     0  170.98817    0 8555  164.98400  170.98817  3.64%     -   85s
     0     0  170.98030    0 8581  164.98400  170.98030  3.63%     -   86s
     0     0  170.97685    0 8701  164.98400  170.97685  3.63%     -   86s
     0     0  170.97665    0 8755  164.98400  170.97665  3.63%     -   86s
     0     0  170.97175    0 8743  164.98400  170.97175  3.63%     -   87s
     0     0  170.97171    0 8768  164.98400  170.97171  3.63%     -   87s
     0     0  170.96724    0 8664  164.98400  170.96724  3.63%     -   88s
     0     0  170.96724    0 7657  164.98400  170.96724  3.63%     -   90s
     0     0  170.96724    0 5903  164.98400  170.96724  3.63%     -   94s
     0     0  170.96724    0 6706  164.98400  170.96724  3.63%     -   96s
     0     0  170.96724    0 7150  164.98400  170.96724  3.63%     -   97s
     0     0  170.96724    0 6355  164.98400  170.96724  3.63%     -   97s
     0     0  170.87725    0 6431  164.98400  170.87725  3.57%     -   97s
     0     0  170.84952    0 6497  164.98400  170.84952  3.56%     -   98s
     0     0  170.82868    0 6564  164.98400  170.82868  3.54%     -   98s
     0     0  170.82218    0 6617  164.98400  170.82218  3.54%     -   98s
     0     0  170.82204    0 6653  164.98400  170.82204  3.54%     -   98s
     0     0  170.67035    0 6747  164.98400  170.67035  3.45%     -   99s
     0     0  170.66257    0 6829  164.98400  170.66257  3.44%     -   99s
     0     0  170.66231    0 6809  164.98400  170.66231  3.44%     -   99s
     0     0  170.63550    0 6842  164.98400  170.63550  3.43%     -  100s
     0     0  170.62651    0 8106  164.98400  170.62651  3.42%     -  100s
     0     0  170.62637    0 8161  164.98400  170.62637  3.42%     -  100s
     0     0  170.61229    0 8112  164.98400  170.61229  3.41%     -  100s
     0     0  170.61153    0 8210  164.98400  170.61153  3.41%     -  101s
     0     0  170.61008    0 8158  164.98400  170.61008  3.41%     -  101s
     0     0  170.61008    0 8157  164.98400  170.61008  3.41%     -  101s
     0     0  170.59864    0 8267  164.98400  170.59864  3.40%     -  101s
     0     0  170.59737    0 8288  164.98400  170.59737  3.40%     -  102s
     0     0  170.59737    0 8346  164.98400  170.59737  3.40%     -  102s
     0     0  170.59054    0 8344  164.98400  170.59054  3.40%     -  102s
     0     0  170.58867    0 8394  164.98400  170.58867  3.40%     -  103s
     0     0  170.58798    0 8421  164.98400  170.58798  3.40%     -  103s
     0     0  170.58133    0 8309  164.98400  170.58133  3.39%     -  104s
     0     0  170.58095    0 8449  164.98400  170.58095  3.39%     -  104s
     0     0  170.56886    0 8454  164.98400  170.56886  3.39%     -  105s
     0     0  170.56581    0 8613  164.98400  170.56581  3.38%     -  105s
     0     0  170.56440    0 8604  164.98400  170.56440  3.38%     -  105s
     0     0  170.56440    0 8607  164.98400  170.56440  3.38%     -  105s
     0     0  170.55937    0 8556  164.98400  170.55937  3.38%     -  105s
     0     0  170.54810    0 8545  164.98400  170.54810  3.37%     -  106s
     0     0  170.54734    0 8613  164.98400  170.54734  3.37%     -  106s
     0     0  170.53802    0 8607  164.98400  170.53802  3.37%     -  106s
     0     0  170.53557    0 8654  164.98400  170.53557  3.36%     -  107s
     0     0  170.53517    0 8683  164.98400  170.53517  3.36%     -  107s
     0     0  170.52628    0 8495  164.98400  170.52628  3.36%     -  107s
     0     0  170.52509    0 8584  164.98400  170.52509  3.36%     -  108s
     0     0  170.52498    0 8657  164.98400  170.52498  3.36%     -  108s
     0     0  170.51533    0 7432  164.98400  170.51533  3.35%     -  108s
     0     0  170.51172    0 8648  164.98400  170.51172  3.35%     -  108s
     0     0  170.51149    0 8615  164.98400  170.51149  3.35%     -  108s
     0     0  170.50616    0 8689  164.98400  170.50616  3.35%     -  109s
     0     0  170.50531    0 8670  164.98400  170.50531  3.35%     -  109s
     0     0  170.50424    0 8718  164.98400  170.50424  3.35%     -  109s
     0     0  170.50420    0 8691  164.98400  170.50420  3.35%     -  110s
     0     0  170.49916    0 8709  164.98400  170.49916  3.34%     -  110s
     0     0  170.49898    0 8736  164.98400  170.49898  3.34%     -  110s
     0     0  170.49286    0 8691  164.98400  170.49286  3.34%     -  111s
     0     0  170.49286    0 7809  164.98400  170.49286  3.34%     -  112s
     0     2  170.49281    0 7698  164.98400  170.49281  3.34%     -  115s
     5     3  166.59379    3 3626  164.98400  169.40088  2.68% 14023  120s

Cutting planes:
  Gomory: 16
  Cover: 11
  Clique: 417
  MIR: 84
  Zero half: 1415
  Relax-and-lift: 8

Explored 11 nodes (464169 simplex iterations) in 122.56 seconds (194.41 work units)
Thread count was 1 (of 32 available processors)

Solution count 10: 164.984 164.774 164.489 ... 161.265

Optimal solution found (tolerance 1.00e-04)
Best objective 1.649840040389e+02, best bound 1.649840040389e+02, gap 0.0000%

User-callback calls 16173, time in user-callback 19.34 sec
