
Gurobi 12.0.1 (win64) logging started Wed Dec 17 22:39:04 2025

Set parameter LogFile to value "data\dblrp\grb_log_nn_p_s5_ts0_f10_c10_r2.0_iss1_bt1_nsp2000_nse500_sd7.log"
Gurobi Optimizer version 12.0.1 build v12.0.1rc0 (win64 - Windows 11.0 (26100.2))

CPU model: Intel(R) Core(TM) i9-14900K, instruction set [SSE2|AVX|AVX2]
Thread count: 24 physical cores, 32 logical processors, using up to 1 threads

Non-default parameters:
TimeLimit  360
MIPGap  0.01
Threads  1

Optimize a model with 966 rows, 975 columns and 5455 nonzeros
Model fingerprint: 0x803ed6b7
Variable types: 645 continuous, 330 integer (330 binary)
Coefficient statistics:
  Matrix range     [7e-04, 1e+05]
  Objective range  [2e-01, 1e+01]
  Bounds range     [1e+00, 1e+00]
  RHS range        [1e-01, 1e+05]
Found heuristic solution: objective 92.8681270
Presolve removed 935 rows and 935 columns
Presolve time: 0.00s
Presolved: 31 rows, 40 columns, 170 nonzeros
Variable types: 20 continuous, 20 integer (20 binary)

Root relaxation: objective 1.309943e+02, 20 iterations, 0.00 seconds (0.00 work units)

    Nodes    |    Current Node    |     Objective Bounds      |     Work
 Expl Unexpl |  Obj  Depth IntInf | Incumbent    BestBd   Gap | It/Node Time

     0     0  130.99430    0    5   92.86813  130.99430  41.1%     -    0s
H    0     0                     117.9618611  130.99430  11.0%     -    0s
     0     0     cutoff    0       117.96186  117.96186  0.00%     -    0s

Cutting planes:
  Relax-and-lift: 5

Explored 1 nodes (25 simplex iterations) in 0.03 seconds (0.00 work units)
Thread count was 1 (of 32 available processors)

Solution count 2: 117.962 92.8681 

Optimal solution found (tolerance 1.00e-02)
Best objective 1.179618611017e+02, best bound 1.179618611017e+02, gap 0.0000%

User-callback calls 501, time in user-callback 0.00 sec
