
Gurobi 12.0.3 (win64) logging started Wed Nov 26 10:39:34 2025

Set parameter LogFile to value "data\dblrp\grb_log_lr_s100_ts0_f10_c10_r2.0_iss1_bt1_nsp5_nse2_sd7.log"
Gurobi Optimizer version 12.0.3 build v12.0.3rc0 (win64 - Windows 11.0 (26100.2))

CPU model: AMD Ryzen 7 5800H with Radeon Graphics, instruction set [SSE2|AVX|AVX2]
Thread count: 8 physical cores, 16 logical processors, using up to 1 threads

Non-default parameters:
TimeLimit  10800
Threads  1

Optimize a model with 100 rows, 110 columns and 800 nonzeros
Model fingerprint: 0xd3814e60
Variable types: 100 continuous, 10 integer (10 binary)
Coefficient statistics:
  Matrix range     [2e-03, 1e+00]
  Objective range  [1e-02, 1e+01]
  Bounds range     [1e+00, 1e+00]
  RHS range        [2e+01, 3e+01]
Presolve removed 100 rows and 110 columns
Presolve time: 0.00s
Presolve: All rows and columns removed

Explored 0 nodes (0 simplex iterations) in 0.01 seconds (0.00 work units)
Thread count was 1 (of 16 available processors)

Solution count 1: -27.1509 
No other solutions better than -27.1509

Optimal solution found (tolerance 1.00e-04)
Best objective -2.715088391244e+01, best bound -2.715088391244e+01, gap 0.0000%

User-callback calls 142, time in user-callback 0.00 sec
