
Gurobi 12.0.1 (win64) logging started Tue Jan  6 21:21:17 2026

Set parameter LogFile to value "data\dblrp\grb_log_nn_e_s1_ts0_f10_c10_r2.0_iss1_bt1_nsp1000_nse500_sd7.log"
Gurobi Optimizer version 12.0.1 build v12.0.1rc0 (win64 - Windows 11.0 (26100.2))

CPU model: Intel(R) Core(TM) i9-14900K, instruction set [SSE2|AVX|AVX2]
Thread count: 24 physical cores, 32 logical processors, using up to 1 threads

Non-default parameters:
TimeLimit  360
MIPGap  0.01
Threads  1

Optimize a model with 1537 rows, 1547 columns and 8705 nonzeros
Model fingerprint: 0xb1bf9adb
Variable types: 1025 continuous, 522 integer (522 binary)
Coefficient statistics:
  Matrix range     [1e-08, 1e+05]
  Objective range  [1e+00, 2e+01]
  Bounds range     [1e+00, 1e+00]
  RHS range        [2e-04, 1e+05]
Warning: Model contains large matrix coefficient range
         Consider reformulating model or setting NumericFocus parameter
         to avoid numerical issues.
Presolve removed 1472 rows and 1473 columns
Presolve time: 0.00s
Presolved: 65 rows, 74 columns, 372 nonzeros
Variable types: 43 continuous, 31 integer (31 binary)
Found heuristic solution: objective 11.9113214

Root relaxation: objective 3.844390e+01, 40 iterations, 0.00 seconds (0.00 work units)

    Nodes    |    Current Node    |     Objective Bounds      |     Work
 Expl Unexpl |  Obj  Depth IntInf | Incumbent    BestBd   Gap | It/Node Time

     0     0   38.44390    0   12   11.91132   38.44390   223%     -    0s
     0     0   38.43138    0   10   11.91132   38.43138   223%     -    0s
H    0     0                      26.2910241   38.43138  46.2%     -    0s
H    0     0                      28.0471349   38.43138  37.0%     -    0s
     0     0   31.25700    0    9   28.04713   31.25700  11.4%     -    0s
     0     0   31.25700    0    9   28.04713   31.25700  11.4%     -    0s
H    0     0                      30.0811067   30.87364  2.63%     -    0s
H    0     0                      30.2990011   30.87364  1.90%     -    0s
     0     0   30.61904    0    4   30.29900   30.61904  1.06%     -    0s

Cutting planes:
  Gomory: 2
  Cover: 6
  MIR: 4
  Flow cover: 7
  RLT: 6

Explored 1 nodes (78 simplex iterations) in 0.09 seconds (0.01 work units)
Thread count was 1 (of 32 available processors)

Solution count 5: 30.299 30.0811 28.0471 ... 11.9113

Optimal solution found (tolerance 1.00e-02)
Best objective 3.029900110004e+01, best bound 3.029900110004e+01, gap 0.0000%

User-callback calls 525, time in user-callback 0.00 sec

Gurobi 12.0.1 (win64) logging started Tue Jan  6 22:12:03 2026

Set parameter LogFile to value "data\dblrp\grb_log_nn_e_s1_ts0_f10_c10_r2.0_iss1_bt1_nsp1000_nse500_sd7.log"
Gurobi Optimizer version 12.0.1 build v12.0.1rc0 (win64 - Windows 11.0 (26100.2))

CPU model: Intel(R) Core(TM) i9-14900K, instruction set [SSE2|AVX|AVX2]
Thread count: 24 physical cores, 32 logical processors, using up to 1 threads

Non-default parameters:
TimeLimit  360
MIPGap  0.01
Threads  1

Optimize a model with 1537 rows, 1547 columns and 8705 nonzeros
Model fingerprint: 0xb1bf9adb
Variable types: 1025 continuous, 522 integer (522 binary)
Coefficient statistics:
  Matrix range     [1e-08, 1e+05]
  Objective range  [1e+00, 2e+01]
  Bounds range     [1e+00, 1e+00]
  RHS range        [2e-04, 1e+05]
Warning: Model contains large matrix coefficient range
         Consider reformulating model or setting NumericFocus parameter
         to avoid numerical issues.
Presolve removed 1472 rows and 1473 columns
Presolve time: 0.00s
Presolved: 65 rows, 74 columns, 372 nonzeros
Variable types: 43 continuous, 31 integer (31 binary)
Found heuristic solution: objective 11.9113214

Root relaxation: objective 3.844390e+01, 40 iterations, 0.00 seconds (0.00 work units)

    Nodes    |    Current Node    |     Objective Bounds      |     Work
 Expl Unexpl |  Obj  Depth IntInf | Incumbent    BestBd   Gap | It/Node Time

     0     0   38.44390    0   12   11.91132   38.44390   223%     -    0s
     0     0   38.43138    0   10   11.91132   38.43138   223%     -    0s
H    0     0                      26.2910241   38.43138  46.2%     -    0s
H    0     0                      28.0471349   38.43138  37.0%     -    0s
     0     0   31.25700    0    9   28.04713   31.25700  11.4%     -    0s
     0     0   31.25700    0    9   28.04713   31.25700  11.4%     -    0s
H    0     0                      30.0811067   30.87364  2.63%     -    0s
H    0     0                      30.2990011   30.87364  1.90%     -    0s
     0     0   30.61904    0    4   30.29900   30.61904  1.06%     -    0s

Cutting planes:
  Gomory: 2
  Cover: 6
  MIR: 4
  Flow cover: 7
  RLT: 6

Explored 1 nodes (78 simplex iterations) in 0.01 seconds (0.01 work units)
Thread count was 1 (of 32 available processors)

Solution count 5: 30.299 30.0811 28.0471 ... 11.9113

Optimal solution found (tolerance 1.00e-02)
Best objective 3.029900110004e+01, best bound 3.029900110004e+01, gap 0.0000%

User-callback calls 522, time in user-callback 0.00 sec
