
Gurobi 12.0.1 (win64) logging started Thu Dec  4 00:06:34 2025

Set parameter LogFile to value "data\dblrp\grb_log_ef_s20_ts0_f5_c10_r2.0_iss1_bt1_nsp500_nse100_sd7.log"
Set parameter NodefileStart to value 0.5
Set parameter NodefileDir to value "node_files\s20_ts0"
Set parameter MIPGap to value 0.0001
Set parameter TimeLimit to value 3600
Set parameter Threads to value 1
Gurobi Optimizer version 12.0.1 build v12.0.1rc0 (win64 - Windows 11.0 (26100.2))

CPU model: Intel(R) Core(TM) i9-14900K, instruction set [SSE2|AVX|AVX2]
Thread count: 24 physical cores, 32 logical processors, using up to 1 threads

Non-default parameters:
TimeLimit  3600
NodefileStart  0.5
Threads  1

Optimize a model with 8516400 rows, 2849505 columns and 23475000 nonzeros
Model fingerprint: 0x8af7bd98
Variable types: 0 continuous, 2849505 integer (2835005 binary)
Coefficient statistics:
  Matrix range     [1e+00, 7e+01]
  Objective range  [5e-01, 1e+01]
  Bounds range     [1e+00, 4e+01]
  RHS range        [1e+00, 7e+01]
Presolve removed 8505922 rows and 2829261 columns
Presolve time: 2.80s
Presolved: 10478 rows, 20244 columns, 90398 nonzeros
Variable types: 0 continuous, 20244 integer (15672 binary)
Found heuristic solution: objective -50.0000000
Found heuristic solution: objective -49.2866146
Found heuristic solution: objective -40.4156835
Performing another presolve...
Presolve removed 7957 rows and 10611 columns
Presolve time: 0.22s
Found heuristic solution: objective -39.4642332

Root simplex log...

Iteration    Objective       Primal Inf.    Dual Inf.      Time
       0    1.6816000e+03   4.764625e+03   0.000000e+00      5s
    1848    7.4537084e+01   0.000000e+00   0.000000e+00      5s

Root relaxation: objective 7.453708e+01, 1848 iterations, 0.01 seconds (0.01 work units)
Total elapsed time = 5.27s (DegenMoves)

    Nodes    |    Current Node    |     Objective Bounds      |     Work
 Expl Unexpl |  Obj  Depth IntInf | Incumbent    BestBd   Gap | It/Node Time

     0     0   74.53708    0  430  -39.46423   74.53708   289%     -    5s
     0     0   72.06840    0  412  -39.46423   72.06840   283%     -    5s
     0     0   69.42225    0  250  -39.46423   69.42225   276%     -    5s
     0     0   69.37421    0  251  -39.46423   69.37421   276%     -    5s
H    0     0                       0.5357668   69.37421      -     -    5s
H    0     0                      52.5994551   69.37421  31.9%     -    5s
H    0     0                      55.7859285   69.37421  24.4%     -    5s
H    0     0                      60.3328946   69.37421  15.0%     -    5s
H    0     0                      64.3376772   69.37421  7.83%     -    6s
     0     0   66.27931    0  195   64.33768   66.27931  3.02%     -    6s
     0     0   66.20857    0  199   64.33768   66.20857  2.91%     -    6s
     0     0   66.20857    0  200   64.33768   66.20857  2.91%     -    6s
H    0     0                      64.6433762   66.20857  2.42%     -    6s
     0     0   65.61201    0   98   64.64338   65.61201  1.50%     -    6s
     0     0   65.56814    0   80   64.64338   65.56814  1.43%     -    6s
     0     0     cutoff    0        64.64338   64.64338  0.00%     -    6s

Cutting planes:
  Gomory: 39
  Cover: 1
  Clique: 50
  StrongCG: 1
  Zero half: 47
  Relax-and-lift: 1

Explored 1 nodes (2803 simplex iterations) in 6.59 seconds (10.10 work units)
Thread count was 1 (of 32 available processors)

Solution count 10: 64.6434 64.3377 60.3329 ... -49.2866

Optimal solution found (tolerance 1.00e-04)
Best objective 6.464337615516e+01, best bound 6.464337615516e+01, gap 0.0000%

User-callback calls 1333, time in user-callback 1.23 sec
