
Gurobi 12.0.1 (win64) logging started Thu Dec 18 16:16:42 2025

Set parameter LogFile to value "data\dblrp\grb_log_nn_p_s5_ts0_f10_c10_r2.0_iss1_bt1_nsp200_nse50_sd7.log"
Gurobi Optimizer version 12.0.1 build v12.0.1rc0 (win64 - Windows 11.0 (26100.2))

CPU model: Intel(R) Core(TM) i9-14900K, instruction set [SSE2|AVX|AVX2]
Thread count: 24 physical cores, 32 logical processors, using up to 1 threads

Non-default parameters:
TimeLimit  360
MIPGap  0.01
Threads  1

Optimize a model with 966 rows, 975 columns and 5455 nonzeros
Model fingerprint: 0x00d970d3
Variable types: 645 continuous, 330 integer (330 binary)
Coefficient statistics:
  Matrix range     [3e-04, 1e+05]
  Objective range  [2e-01, 1e+01]
  Bounds range     [1e+00, 1e+00]
  RHS range        [1e-01, 1e+05]
Found heuristic solution: objective -21.6098584
Presolve removed 730 rows and 740 columns
Presolve time: 0.00s
Presolved: 236 rows, 235 columns, 1222 nonzeros
Variable types: 150 continuous, 85 integer (85 binary)

Root relaxation: objective 1.306202e+02, 79 iterations, 0.00 seconds (0.00 work units)

    Nodes    |    Current Node    |     Objective Bounds      |     Work
 Expl Unexpl |  Obj  Depth IntInf | Incumbent    BestBd   Gap | It/Node Time

H    0     0                     130.6202278  130.62023  0.00%     -    0s
     0     0  130.62023    0   77  130.62023  130.62023  0.00%     -    0s

Explored 1 nodes (79 simplex iterations) in 0.01 seconds (0.01 work units)
Thread count was 1 (of 32 available processors)

Solution count 2: 130.62 -21.6099 

Optimal solution found (tolerance 1.00e-02)
Best objective 1.306202277661e+02, best bound 1.306202277661e+02, gap 0.0000%

User-callback calls 388, time in user-callback 0.00 sec
