
Gurobi 12.0.1 (win64) logging started Thu Nov 27 10:49:56 2025

Set parameter LogFile to value "data\dblrp\grb_log_nn_e_s20_ts0_f10_c10_r2.0_iss1_bt1_nsp5000_nse1000_sd7.log"
Gurobi Optimizer version 12.0.1 build v12.0.1rc0 (win64 - Windows 11.0 (26100.2))

CPU model: Intel(R) Core(TM) i9-14900K, instruction set [SSE2|AVX|AVX2]
Thread count: 24 physical cores, 32 logical processors, using up to 1 threads

Non-default parameters:
TimeLimit  10800
Threads  1

Optimize a model with 1537 rows, 1547 columns and 8705 nonzeros
Model fingerprint: 0xf6370dcd
Variable types: 1025 continuous, 522 integer (522 binary)
Coefficient statistics:
  Matrix range     [2e-07, 1e+05]
  Objective range  [1e+00, 1e+01]
  Bounds range     [1e+00, 1e+00]
  RHS range        [1e-04, 1e+05]
Presolve removed 1262 rows and 1267 columns
Presolve time: 0.00s
Presolved: 275 rows, 280 columns, 1632 nonzeros
Variable types: 182 continuous, 98 integer (98 binary)
Found heuristic solution: objective 0.2230494
Found heuristic solution: objective 36.3178399

Root relaxation: objective 1.387940e+02, 175 iterations, 0.00 seconds (0.00 work units)

    Nodes    |    Current Node    |     Objective Bounds      |     Work
 Expl Unexpl |  Obj  Depth IntInf | Incumbent    BestBd   Gap | It/Node Time

     0     0  138.79403    0   51   36.31784  138.79403   282%     -    0s
     0     0  138.45712    0   34   36.31784  138.45712   281%     -    0s
H    0     0                     118.4582198  138.45712  16.9%     -    0s
     0     0  131.32906    0    8  118.45822  131.32906  10.9%     -    0s

Explored 1 nodes (253 simplex iterations) in 0.09 seconds (0.02 work units)
Thread count was 1 (of 32 available processors)

Solution count 3: 118.458 36.3178 0.223049 

Optimal solution found (tolerance 1.00e-04)
Best objective 1.184582198332e+02, best bound 1.184582198332e+02, gap 0.0000%

User-callback calls 478, time in user-callback 0.00 sec

Gurobi 12.0.3 (win64) logging started Tue Dec  2 16:48:41 2025

Set parameter LogFile to value "data\dblrp\grb_log_nn_e_s20_ts0_f10_c10_r2.0_iss1_bt1_nsp5000_nse1000_sd7.log"
Gurobi Optimizer version 12.0.3 build v12.0.3rc0 (win64 - Windows 11.0 (26100.2))

CPU model: AMD Ryzen 7 5800H with Radeon Graphics, instruction set [SSE2|AVX|AVX2]
Thread count: 8 physical cores, 16 logical processors, using up to 1 threads

Non-default parameters:
TimeLimit  10800
Threads  1

Optimize a model with 1537 rows, 1547 columns and 8705 nonzeros
Model fingerprint: 0xb285db2b
Variable types: 1025 continuous, 522 integer (522 binary)
Coefficient statistics:
  Matrix range     [5e-08, 1e+05]
  Objective range  [1e+00, 1e+01]
  Bounds range     [1e+00, 1e+00]
  RHS range        [3e-04, 1e+05]
Warning: Model contains large matrix coefficient range
         Consider reformulating model or setting NumericFocus parameter
         to avoid numerical issues.
Presolve removed 1287 rows and 1290 columns
Presolve time: 0.03s
Presolved: 250 rows, 257 columns, 1480 nonzeros
Variable types: 165 continuous, 92 integer (92 binary)
Found heuristic solution: objective 0.4447994
Found heuristic solution: objective 37.8808271

Root relaxation: objective 1.462881e+02, 179 iterations, 0.00 seconds (0.00 work units)

    Nodes    |    Current Node    |     Objective Bounds      |     Work
 Expl Unexpl |  Obj  Depth IntInf | Incumbent    BestBd   Gap | It/Node Time

     0     0  146.28814    0   46   37.88083  146.28814   286%     -    0s
     0     0  146.13706    0   37   37.88083  146.13706   286%     -    0s
H    0     0                      89.8282579  146.13706  62.7%     -    0s
H    0     0                     119.5378640  146.13706  22.3%     -    0s
     0     0          -    0       119.53786  119.54188  0.00%     -    0s

Cutting planes:
  Gomory: 5
  Cover: 19
  Implied bound: 7
  Clique: 12
  MIR: 15
  StrongCG: 4
  Flow cover: 41
  RLT: 8
  Relax-and-lift: 15
  PSD: 1

Explored 1 nodes (229 simplex iterations) in 0.08 seconds (0.03 work units)
Thread count was 1 (of 16 available processors)

Solution count 4: 119.538 89.8283 37.8808 0.444799 

Optimal solution found (tolerance 1.00e-04)
Best objective 1.195378639779e+02, best bound 1.195378639779e+02, gap 0.0000%

User-callback calls 560, time in user-callback 0.00 sec

Gurobi 12.0.3 (win64) logging started Tue Dec  2 16:50:07 2025

Set parameter LogFile to value "data\dblrp\grb_log_nn_e_s20_ts0_f10_c10_r2.0_iss1_bt1_nsp5000_nse1000_sd7.log"
Gurobi Optimizer version 12.0.3 build v12.0.3rc0 (win64 - Windows 11.0 (26100.2))

CPU model: AMD Ryzen 7 5800H with Radeon Graphics, instruction set [SSE2|AVX|AVX2]
Thread count: 8 physical cores, 16 logical processors, using up to 1 threads

Non-default parameters:
TimeLimit  10800
Threads  1

Optimize a model with 1537 rows, 1547 columns and 8705 nonzeros
Model fingerprint: 0xb285db2b
Variable types: 1025 continuous, 522 integer (522 binary)
Coefficient statistics:
  Matrix range     [5e-08, 1e+05]
  Objective range  [1e+00, 1e+01]
  Bounds range     [1e+00, 1e+00]
  RHS range        [3e-04, 1e+05]
Warning: Model contains large matrix coefficient range
         Consider reformulating model or setting NumericFocus parameter
         to avoid numerical issues.
Presolve removed 1287 rows and 1290 columns
Presolve time: 0.01s
Presolved: 250 rows, 257 columns, 1480 nonzeros
Variable types: 165 continuous, 92 integer (92 binary)
Found heuristic solution: objective 0.4447994
Found heuristic solution: objective 37.8808271

Root relaxation: objective 1.462881e+02, 179 iterations, 0.00 seconds (0.00 work units)

    Nodes    |    Current Node    |     Objective Bounds      |     Work
 Expl Unexpl |  Obj  Depth IntInf | Incumbent    BestBd   Gap | It/Node Time

     0     0  146.28814    0   46   37.88083  146.28814   286%     -    0s
     0     0  146.13706    0   37   37.88083  146.13706   286%     -    0s
H    0     0                      89.8282579  146.13706  62.7%     -    0s
H    0     0                     119.5378640  146.13706  22.3%     -    0s
     0     0          -    0       119.53786  119.54188  0.00%     -    0s

Cutting planes:
  Gomory: 5
  Cover: 19
  Implied bound: 7
  Clique: 12
  MIR: 15
  StrongCG: 4
  Flow cover: 41
  RLT: 8
  Relax-and-lift: 15
  PSD: 1

Explored 1 nodes (229 simplex iterations) in 0.04 seconds (0.03 work units)
Thread count was 1 (of 16 available processors)

Solution count 4: 119.538 89.8283 37.8808 0.444799 

Optimal solution found (tolerance 1.00e-04)
Best objective 1.195378639779e+02, best bound 1.195378639779e+02, gap 0.0000%

User-callback calls 551, time in user-callback 0.00 sec

Gurobi 12.0.1 (win64) logging started Wed Dec  3 20:32:59 2025

Set parameter LogFile to value "data\dblrp\grb_log_nn_e_s20_ts0_f10_c10_r2.0_iss1_bt1_nsp5000_nse1000_sd7.log"
Gurobi Optimizer version 12.0.1 build v12.0.1rc0 (win64 - Windows 11.0 (26100.2))

CPU model: Intel(R) Core(TM) i9-14900K, instruction set [SSE2|AVX|AVX2]
Thread count: 24 physical cores, 32 logical processors, using up to 1 threads

Non-default parameters:
TimeLimit  10800
Threads  1

Optimize a model with 1537 rows, 1547 columns and 8705 nonzeros
Model fingerprint: 0xf2a2758e
Variable types: 1025 continuous, 522 integer (522 binary)
Coefficient statistics:
  Matrix range     [2e-07, 1e+05]
  Objective range  [1e+00, 1e+01]
  Bounds range     [1e+00, 1e+00]
  RHS range        [1e-04, 1e+05]
Presolve removed 1262 rows and 1267 columns
Presolve time: 0.01s
Presolved: 275 rows, 280 columns, 1632 nonzeros
Variable types: 182 continuous, 98 integer (98 binary)
Found heuristic solution: objective 0.2230495
Found heuristic solution: objective 36.3178400

Root relaxation: objective 1.387940e+02, 175 iterations, 0.00 seconds (0.00 work units)

    Nodes    |    Current Node    |     Objective Bounds      |     Work
 Expl Unexpl |  Obj  Depth IntInf | Incumbent    BestBd   Gap | It/Node Time

     0     0  138.79403    0   51   36.31784  138.79403   282%     -    0s
     0     0  138.45712    0   34   36.31784  138.45712   281%     -    0s
H    0     0                     118.4582199  138.45712  16.9%     -    0s
     0     0  131.32907    0    8  118.45822  131.32907  10.9%     -    0s

Explored 1 nodes (253 simplex iterations) in 0.02 seconds (0.02 work units)
Thread count was 1 (of 32 available processors)

Solution count 3: 118.458 36.3178 0.22305 

Optimal solution found (tolerance 1.00e-04)
Best objective 1.184582198636e+02, best bound 1.184582198636e+02, gap 0.0000%

User-callback calls 478, time in user-callback 0.00 sec

Gurobi 12.0.1 (win64) logging started Wed Dec  3 20:40:59 2025

Set parameter LogFile to value "data\dblrp\grb_log_nn_e_s20_ts0_f10_c10_r2.0_iss1_bt1_nsp5000_nse1000_sd7.log"
Gurobi Optimizer version 12.0.1 build v12.0.1rc0 (win64 - Windows 11.0 (26100.2))

CPU model: Intel(R) Core(TM) i9-14900K, instruction set [SSE2|AVX|AVX2]
Thread count: 24 physical cores, 32 logical processors, using up to 1 threads

Non-default parameters:
TimeLimit  10800
Threads  1

Optimize a model with 1537 rows, 1547 columns and 8705 nonzeros
Model fingerprint: 0x463b0dc5
Variable types: 1025 continuous, 522 integer (522 binary)
Coefficient statistics:
  Matrix range     [2e-07, 1e+05]
  Objective range  [1e+00, 1e+01]
  Bounds range     [1e+00, 1e+00]
  RHS range        [1e-04, 1e+05]
Presolve removed 1262 rows and 1267 columns
Presolve time: 0.01s
Presolved: 275 rows, 280 columns, 1632 nonzeros
Variable types: 182 continuous, 98 integer (98 binary)
Found heuristic solution: objective 0.2230497
Found heuristic solution: objective 36.3178402

Root relaxation: objective 1.387940e+02, 175 iterations, 0.00 seconds (0.00 work units)

    Nodes    |    Current Node    |     Objective Bounds      |     Work
 Expl Unexpl |  Obj  Depth IntInf | Incumbent    BestBd   Gap | It/Node Time

     0     0  138.79403    0   51   36.31784  138.79403   282%     -    0s
     0     0  138.45712    0   34   36.31784  138.45712   281%     -    0s
H    0     0                     118.4582199  138.45712  16.9%     -    0s
     0     0  131.32907    0    8  118.45822  131.32907  10.9%     -    0s

Explored 1 nodes (253 simplex iterations) in 0.02 seconds (0.02 work units)
Thread count was 1 (of 32 available processors)

Solution count 3: 118.458 36.3178 0.22305 

Optimal solution found (tolerance 1.00e-04)
Best objective 1.184582198974e+02, best bound 1.184582198974e+02, gap 0.0000%

User-callback calls 478, time in user-callback 0.00 sec

Gurobi 12.0.1 (win64) logging started Wed Dec  3 20:59:46 2025

Set parameter LogFile to value "data\dblrp\grb_log_nn_e_s20_ts0_f10_c10_r2.0_iss1_bt1_nsp5000_nse1000_sd7.log"
Gurobi Optimizer version 12.0.1 build v12.0.1rc0 (win64 - Windows 11.0 (26100.2))

CPU model: Intel(R) Core(TM) i9-14900K, instruction set [SSE2|AVX|AVX2]
Thread count: 24 physical cores, 32 logical processors, using up to 1 threads

Non-default parameters:
TimeLimit  10800
Threads  1

Optimize a model with 1537 rows, 1547 columns and 8705 nonzeros
Model fingerprint: 0x3cad3cc5
Variable types: 1025 continuous, 522 integer (522 binary)
Coefficient statistics:
  Matrix range     [9e-08, 1e+05]
  Objective range  [1e+00, 1e+01]
  Bounds range     [1e+00, 1e+00]
  RHS range        [1e-03, 1e+05]
Warning: Model contains large matrix coefficient range
         Consider reformulating model or setting NumericFocus parameter
         to avoid numerical issues.
Presolve removed 1294 rows and 1296 columns
Presolve time: 0.01s
Presolved: 243 rows, 251 columns, 1358 nonzeros
Variable types: 162 continuous, 89 integer (89 binary)
Found heuristic solution: objective 0.7316830
Found heuristic solution: objective 86.4425530

Root relaxation: objective 1.441748e+02, 170 iterations, 0.00 seconds (0.00 work units)

    Nodes    |    Current Node    |     Objective Bounds      |     Work
 Expl Unexpl |  Obj  Depth IntInf | Incumbent    BestBd   Gap | It/Node Time

     0     0  144.17480    0   50   86.44255  144.17480  66.8%     -    0s
     0     0  143.86871    0   32   86.44255  143.86871  66.4%     -    0s
H    0     0                      95.0665022  143.86871  51.3%     -    0s
H    0     0                     116.9538554  143.86871  23.0%     -    0s
     0     0  143.86871    0   32  116.95386  143.86871  23.0%     -    0s
     0     0  143.79903    0   31  116.95386  143.79903  23.0%     -    0s
     0     0  121.47217    0   23  116.95386  121.47217  3.86%     -    0s
     0     0  120.69665    0   23  116.95386  120.69665  3.20%     -    0s
     0     0     cutoff    0       116.95386  116.95386  0.00%     -    0s

Cutting planes:
  Gomory: 5
  Cover: 19
  Implied bound: 28
  Clique: 13
  MIR: 27
  StrongCG: 7
  Flow cover: 42
  RLT: 5
  Relax-and-lift: 32

Explored 1 nodes (432 simplex iterations) in 0.03 seconds (0.03 work units)
Thread count was 1 (of 32 available processors)

Solution count 4: 116.954 95.0665 86.4426 0.731683 

Optimal solution found (tolerance 1.00e-04)
Best objective 1.169538553616e+02, best bound 1.169538553616e+02, gap 0.0000%

User-callback calls 576, time in user-callback 0.00 sec

Gurobi 12.0.1 (win64) logging started Wed Dec  3 21:49:35 2025

Set parameter LogFile to value "data\dblrp\grb_log_nn_e_s20_ts0_f10_c10_r2.0_iss1_bt1_nsp5000_nse1000_sd7.log"
Gurobi Optimizer version 12.0.1 build v12.0.1rc0 (win64 - Windows 11.0 (26100.2))

CPU model: Intel(R) Core(TM) i9-14900K, instruction set [SSE2|AVX|AVX2]
Thread count: 24 physical cores, 32 logical processors, using up to 1 threads

Non-default parameters:
TimeLimit  10800
Threads  1

Optimize a model with 1537 rows, 1547 columns and 8705 nonzeros
Model fingerprint: 0x3cad3cc5
Variable types: 1025 continuous, 522 integer (522 binary)
Coefficient statistics:
  Matrix range     [9e-08, 1e+05]
  Objective range  [1e+00, 1e+01]
  Bounds range     [1e+00, 1e+00]
  RHS range        [1e-03, 1e+05]
Warning: Model contains large matrix coefficient range
         Consider reformulating model or setting NumericFocus parameter
         to avoid numerical issues.
Presolve removed 1294 rows and 1296 columns
Presolve time: 0.01s
Presolved: 243 rows, 251 columns, 1358 nonzeros
Variable types: 162 continuous, 89 integer (89 binary)
Found heuristic solution: objective 0.7316830
Found heuristic solution: objective 86.4425530

Root relaxation: objective 1.441748e+02, 170 iterations, 0.00 seconds (0.00 work units)

    Nodes    |    Current Node    |     Objective Bounds      |     Work
 Expl Unexpl |  Obj  Depth IntInf | Incumbent    BestBd   Gap | It/Node Time

     0     0  144.17480    0   50   86.44255  144.17480  66.8%     -    0s
     0     0  143.86871    0   32   86.44255  143.86871  66.4%     -    0s
H    0     0                      95.0665022  143.86871  51.3%     -    0s
H    0     0                     116.9538554  143.86871  23.0%     -    0s
     0     0  143.86871    0   32  116.95386  143.86871  23.0%     -    0s
     0     0  143.79903    0   31  116.95386  143.79903  23.0%     -    0s
     0     0  121.47217    0   23  116.95386  121.47217  3.86%     -    0s
     0     0  120.69665    0   23  116.95386  120.69665  3.20%     -    0s
     0     0     cutoff    0       116.95386  116.95386  0.00%     -    0s

Cutting planes:
  Gomory: 5
  Cover: 19
  Implied bound: 28
  Clique: 13
  MIR: 27
  StrongCG: 7
  Flow cover: 42
  RLT: 5
  Relax-and-lift: 32

Explored 1 nodes (432 simplex iterations) in 0.03 seconds (0.03 work units)
Thread count was 1 (of 32 available processors)

Solution count 4: 116.954 95.0665 86.4426 0.731683 

Optimal solution found (tolerance 1.00e-04)
Best objective 1.169538553616e+02, best bound 1.169538553616e+02, gap 0.0000%

User-callback calls 576, time in user-callback 0.00 sec
