
Gurobi 12.0.1 (win64) logging started Wed Dec 17 23:12:43 2025

Set parameter LogFile to value "data\dblrp\grb_log_lr_s10_ts0_f10_c10_r2.0_iss1_bt1_nsp2000_nse500_sd7.log"
Gurobi Optimizer version 12.0.1 build v12.0.1rc0 (win64 - Windows 11.0 (26100.2))

CPU model: Intel(R) Core(TM) i9-14900K, instruction set [SSE2|AVX|AVX2]
Thread count: 24 physical cores, 32 logical processors, using up to 1 threads

Non-default parameters:
TimeLimit  360
MIPGap  0.01
Threads  1

Optimize a model with 11 rows, 20 columns and 120 nonzeros
Model fingerprint: 0x94e0070e
Variable types: 10 continuous, 10 integer (10 binary)
Coefficient statistics:
  Matrix range     [1e+00, 9e+01]
  Objective range  [1e-01, 1e+01]
  Bounds range     [1e+00, 1e+00]
  RHS range        [2e+00, 8e+03]
Presolve removed 11 rows and 20 columns
Presolve time: 0.00s
Presolve: All rows and columns removed

Explored 0 nodes (0 simplex iterations) in 0.00 seconds (0.00 work units)
Thread count was 1 (of 32 available processors)

Solution count 1: -7970.04 
No other solutions better than -7970.04

Optimal solution found (tolerance 1.00e-02)
Best objective -7.970041510546e+03, best bound -7.970041510546e+03, gap 0.0000%

User-callback calls 218, time in user-callback 0.00 sec
