
Gurobi 12.0.1 (win64) logging started Wed Nov 26 15:11:03 2025

Set parameter LogFile to value "data\dblrp\grb_log_ef_s20_ts0_f10_c10_r2.0_iss1_bt1_nsp5000_nse1000_sd7.log"
Set parameter NodefileStart to value 0.5
Set parameter NodefileDir to value "node_files\s20_ts0"
Set parameter MIPGap to value 0.0001
Set parameter TimeLimit to value 3600
Set parameter Threads to value 1
Gurobi Optimizer version 12.0.1 build v12.0.1rc0 (win64 - Windows 11.0 (26100.2))

CPU model: Intel(R) Core(TM) i9-14900K, instruction set [SSE2|AVX|AVX2]
Thread count: 24 physical cores, 32 logical processors, using up to 1 threads

Non-default parameters:
TimeLimit  3600
NodefileStart  0.5
Threads  1

Optimize a model with 15135400 rows, 5061810 columns and 42575000 nonzeros
Model fingerprint: 0x71781b74
Variable types: 0 continuous, 5061810 integer (5040010 binary)
Coefficient statistics:
  Matrix range     [1e+00, 7e+01]
  Objective range  [5e-01, 1e+01]
  Bounds range     [1e+00, 4e+01]
  RHS range        [1e+00, 7e+01]
Presolve removed 15085872 rows and 4988552 columns
Presolve time: 4.36s
Presolved: 49528 rows, 73258 columns, 360606 nonzeros
Variable types: 0 continuous, 73258 integer (62031 binary)
Found heuristic solution: objective -100.0000000
Performing another presolve...
Presolve removed 41538 rows and 24674 columns
Presolve time: 0.92s

Root simplex log...

Iteration    Objective       Primal Inf.    Dual Inf.      Time
       0    9.0517158e+03   2.324275e+04   0.000000e+00      9s
   25021    1.7709873e+02   0.000000e+00   0.000000e+00      9s

Root relaxation: objective 1.770987e+02, 25021 iterations, 0.73 seconds (1.67 work units)
Total elapsed time = 9.27s (DegenMoves)

    Nodes    |    Current Node    |     Objective Bounds      |     Work
 Expl Unexpl |  Obj  Depth IntInf | Incumbent    BestBd   Gap | It/Node Time

     0     0  177.09873    0 2490 -100.00000  177.09873   277%     -    9s
     0     0  175.22976    0 2559 -100.00000  175.22976   275%     -    9s
     0     0  173.78417    0 2494 -100.00000  173.78417   274%     -   10s
     0     0  173.75368    0 2471 -100.00000  173.75368   274%     -   10s
     0     0  173.75368    0 2475 -100.00000  173.75368   274%     -   10s
     0     0  173.75368    0 2475 -100.00000  173.75368   274%     -   10s
H    0     0                      -0.0000000  173.75368      -     -   10s
H    0     0                      30.9746372  173.75368   461%     -   10s
H    0     0                      49.9821391  173.75368   248%     -   10s
H    0     0                      99.0331143  173.75368  75.5%     -   10s
H    0     0                     108.7570299  173.75368  59.8%     -   11s
H    0     0                     118.7403759  173.75368  46.3%     -   11s
H    0     0                     120.2858115  173.75368  44.5%     -   11s
H    0     0                     121.3508119  173.75368  43.2%     -   11s
H    0     0                     121.4219948  173.75368  43.1%     -   12s
H    0     0                     127.9105013  173.75368  35.8%     -   12s
     0     0  173.66820    0 2627  127.91050  173.66820  35.8%     -   12s
     0     0  173.64700    0 2572  127.91050  173.64700  35.8%     -   12s
     0     0  173.64700    0 2580  127.91050  173.64700  35.8%     -   12s
H    0     0                     147.8988929  173.61246  17.4%     -   12s
H    0     0                     149.3300989  173.61246  16.3%     -   13s
H    0     0                     150.4209345  173.61246  15.4%     -   13s
     0     0  173.24497    0 2623  150.42093  173.24497  15.2%     -   13s
     0     0  173.24249    0 2605  150.42093  173.24249  15.2%     -   13s
     0     0  173.00503    0 2668  150.42093  173.00503  15.0%     -   13s
     0     0  172.95844    0 2630  150.42093  172.95844  15.0%     -   13s
     0     0  172.95844    0 2625  150.42093  172.95844  15.0%     -   13s
H    0     0                     153.6080816  172.95356  12.6%     -   14s
     0     0  172.89206    0 2695  153.60808  172.89206  12.6%     -   14s
     0     0  172.89206    0 2691  153.60808  172.89206  12.6%     -   14s
     0     0  172.89206    0 2698  153.60808  172.89206  12.6%     -   14s
     0     0  172.80434    0 2758  153.60808  172.80434  12.5%     -   14s
     0     0  172.80238    0 2753  153.60808  172.80238  12.5%     -   14s
H    0     0                     154.5734429  172.80238  11.8%     -   14s
     0     0  172.77574    0 2771  154.57344  172.77574  11.8%     -   14s
     0     0  172.77507    0 2774  154.57344  172.77507  11.8%     -   14s
     0     0  172.77473    0 2782  154.57344  172.77473  11.8%     -   14s
     0     0  172.77417    0 2766  154.57344  172.77417  11.8%     -   14s
     0     0  172.63219    0 2692  154.57344  172.63219  11.7%     -   15s
     0     0  172.63219    0 2694  154.57344  172.63219  11.7%     -   15s
     0     0  172.49327    0 2840  154.57344  172.49327  11.6%     -   15s
     0     0  172.49327    0 2842  154.57344  172.49327  11.6%     -   15s
     0     0  172.49263    0 2837  154.57344  172.49263  11.6%     -   15s
     0     0  172.49259    0 2862  154.57344  172.49259  11.6%     -   15s
     0     0  172.38930    0 2830  154.57344  172.38930  11.5%     -   15s
     0     0  172.38930    0 2827  154.57344  172.38930  11.5%     -   15s
     0     0  172.38930    0 2826  154.57344  172.38930  11.5%     -   15s
     0     0  172.38930    0 2823  154.57344  172.38930  11.5%     -   15s
H    0     0                     155.3664853  172.38930  11.0%     -   15s
     0     0  172.38225    0 2890  155.36649  172.38225  11.0%     -   15s
     0     0  172.38225    0 2893  155.36649  172.38225  11.0%     -   15s
     0     0  172.38139    0 2920  155.36649  172.38139  11.0%     -   15s
     0     0  172.38139    0 2933  155.36649  172.38139  11.0%     -   15s
     0     0  172.30461    0 2903  155.36649  172.30461  10.9%     -   16s
     0     0  172.30251    0 2892  155.36649  172.30251  10.9%     -   16s
H    0     0                     160.1630870  172.30251  7.58%     -   16s
     0     0  172.28624    0 2955  160.16309  172.28624  7.57%     -   16s
     0     0  172.28624    0 2949  160.16309  172.28624  7.57%     -   16s
     0     0  172.28624    0 2949  160.16309  172.28624  7.57%     -   16s
     0     0  172.23342    0 2944  160.16309  172.23342  7.54%     -   16s
     0     0  172.21889    0 3003  160.16309  172.21889  7.53%     -   17s
     0     0  172.21822    0 3013  160.16309  172.21822  7.53%     -   17s
     0     0  172.21822    0 3000  160.16309  172.21822  7.53%     -   17s
     0     0  172.15310    0 2980  160.16309  172.15310  7.49%     -   17s
     0     0  172.15109    0 2978  160.16309  172.15109  7.48%     -   17s
     0     0  172.15109    0 2973  160.16309  172.15109  7.48%     -   17s
     0     0  172.15109    0 3054  160.16309  172.15109  7.48%     -   17s
     0     0  172.10917    0 3036  160.16309  172.10917  7.46%     -   17s
H    0     0                     160.9512326  172.10917  6.93%     -   17s
     0     0  172.10495    0 3143  160.95123  172.10495  6.93%     -   18s
     0     0  172.10472    0 3144  160.95123  172.10472  6.93%     -   18s
     0     0  172.10472    0 3144  160.95123  172.10472  6.93%     -   18s
     0     0  172.06309    0 3197  160.95123  172.06309  6.90%     -   18s
     0     0  172.06064    0 3206  160.95123  172.06064  6.90%     -   18s
     0     0  172.05652    0 3248  160.95123  172.05652  6.90%     -   18s
     0     0  172.05648    0 3260  160.95123  172.05648  6.90%     -   18s
     0     0  172.00283    0 3205  160.95123  172.00283  6.87%     -   18s
     0     0  171.98821    0 3211  160.95123  171.98821  6.86%     -   18s
     0     0  171.98719    0 3212  160.95123  171.98719  6.86%     -   18s
     0     0  171.98708    0 3222  160.95123  171.98708  6.86%     -   18s
     0     0  171.98056    0 3258  160.95123  171.98056  6.85%     -   19s
     0     0  171.95546    0 3215  160.95123  171.95546  6.84%     -   19s
     0     0  171.95525    0 3325  160.95123  171.95525  6.84%     -   19s
     0     0  171.90520    0 3279  160.95123  171.90520  6.81%     -   19s
     0     0  171.90027    0 3346  160.95123  171.90027  6.80%     -   19s
     0     0  171.89976    0 3384  160.95123  171.89976  6.80%     -   19s
     0     0  171.89976    0 3398  160.95123  171.89976  6.80%     -   19s
     0     0  171.87564    0 3292  160.95123  171.87564  6.79%     -   20s
     0     0  171.87564    0 3289  160.95123  171.87564  6.79%     -   20s
H    0     0                     161.6646180  171.87564  6.32%     -   20s
H    0     0                     162.3780033  171.87564  5.85%     -   20s
H    0     0                     163.3682692  171.87564  5.21%     -   21s
H    0     0                     163.8931685  171.87564  4.87%     -   21s
H    0     0                     164.0318801  171.87564  4.78%     -   22s
H    0     0                     164.9840040  171.87564  4.18%     -   22s
     0     0  171.86396    0 3239  164.98400  171.86396  4.17%     -   22s
     0     0  171.86263    0 3258  164.98400  171.86263  4.17%     -   22s
     0     0  171.86150    0 3296  164.98400  171.86150  4.17%     -   22s
     0     0  171.86150    0 3308  164.98400  171.86150  4.17%     -   22s
     0     0  171.85088    0 3269  164.98400  171.85088  4.16%     -   22s
     0     0  171.84850    0 3375  164.98400  171.84850  4.16%     -   22s
     0     0  171.84693    0 3429  164.98400  171.84693  4.16%     -   22s
     0     0  171.84647    0 3451  164.98400  171.84647  4.16%     -   22s
     0     0  171.81101    0 3431  164.98400  171.81101  4.14%     -   23s
     0     0  171.79873    0 3444  164.98400  171.79873  4.13%     -   23s
     0     0  171.79486    0 3469  164.98400  171.79486  4.13%     -   23s
     0     0  171.78924    0 3460  164.98400  171.78924  4.12%     -   23s
     0     0  171.78918    0 3476  164.98400  171.78918  4.12%     -   23s
     0     0  171.76921    0 3453  164.98400  171.76921  4.11%     -   23s
     0     0  171.76554    0 3516  164.98400  171.76554  4.11%     -   23s
     0     0  171.76553    0 3476  164.98400  171.76553  4.11%     -   23s
     0     0  171.73323    0 3394  164.98400  171.73323  4.09%     -   23s
     0     0  171.72886    0 3462  164.98400  171.72886  4.09%     -   24s
     0     0  171.72886    0 3496  164.98400  171.72886  4.09%     -   24s
     0     0  171.72821    0 3470  164.98400  171.72821  4.09%     -   24s
     0     0  171.71445    0 3440  164.98400  171.71445  4.08%     -   24s
     0     0  171.71232    0 3518  164.98400  171.71232  4.08%     -   24s
     0     0  171.71203    0 3527  164.98400  171.71203  4.08%     -   24s
     0     0  171.71203    0 3497  164.98400  171.71203  4.08%     -   24s
     0     0  171.69059    0 3502  164.98400  171.69059  4.06%     -   24s
     0     0  171.69000    0 3535  164.98400  171.69000  4.06%     -   24s
     0     0  171.68987    0 3524  164.98400  171.68987  4.06%     -   24s
     0     0  171.66897    0 3493  164.98400  171.66897  4.05%     -   25s
     0     0  171.66758    0 3512  164.98400  171.66758  4.05%     -   25s
     0     0  171.66756    0 3531  164.98400  171.66756  4.05%     -   25s
     0     0  171.66119    0 3551  164.98400  171.66119  4.05%     -   25s
     0     0  171.65868    0 3582  164.98400  171.65868  4.05%     -   25s
     0     0  171.65816    0 3569  164.98400  171.65816  4.05%     -   25s
     0     0  171.65157    0 3511  164.98400  171.65157  4.04%     -   26s
     0     0  171.65125    0 3496  164.98400  171.65125  4.04%     -   26s
     0     0  171.63482    0 3443  164.98400  171.63482  4.03%     -   26s
     0     0  171.63332    0 3475  164.98400  171.63332  4.03%     -   26s
     0     0  171.63306    0 3504  164.98400  171.63306  4.03%     -   26s
     0     0  171.62387    0 3533  164.98400  171.62387  4.02%     -   26s
     0     0  171.62336    0 3592  164.98400  171.62336  4.02%     -   26s
     0     0  171.61892    0 3521  164.98400  171.61892  4.02%     -   27s
     0     0  171.61882    0 3524  164.98400  171.61882  4.02%     -   27s
     0     0  171.59317    0 3491  164.98400  171.59317  4.01%     -   27s
     0     0  171.59271    0 3543  164.98400  171.59271  4.01%     -   27s
     0     0  171.58587    0 3433  164.98400  171.58587  4.00%     -   27s
     0     0  171.58475    0 3521  164.98400  171.58475  4.00%     -   27s
     0     0  171.58472    0 3535  164.98400  171.58472  4.00%     -   27s
     0     0  171.58464    0 3552  164.98400  171.58464  4.00%     -   27s
     0     0  171.58464    0 3511  164.98400  171.58464  4.00%     -   28s
     0     0  171.58464    0 3379  164.98400  171.58464  4.00%     -   28s
     0     0  171.58464    0 3026  164.98400  171.58464  4.00%     -   28s
     0     2  171.57889    0 3023  164.98400  171.57889  4.00%     -   29s
     1     1     cutoff    1       164.98400  171.57889  4.00%  8917   30s
   513   403  165.12855   52  971  164.98400  166.04380  0.64%  79.6   35s
   624   455  165.38543   19 1814  164.98400  166.01412  0.62%  78.1   40s
   937   564  165.48842   38 1004  164.98400  165.99115  0.61%   137   45s
  1308   630  165.33308   42 1105  164.98400  165.96176  0.59%   118   50s
  1840   654  165.58056   37  992  164.98400  165.87822  0.54%   101   55s
  2378   716  165.49602   33 1134  164.98400  165.77040  0.48%  92.2   60s
  2909   863     cutoff   34       164.98400  165.67978  0.42%  90.0   65s
  3429   911  165.38195   39 1019  164.98400  165.64147  0.40%  91.2   70s
  4022   973  165.22924   35 1075  164.98400  165.61463  0.38%  91.4   75s
  4566  1003  165.35977   45  943  164.98400  165.59382  0.37%  91.8   80s
  5183  1029     cutoff   43       164.98400  165.55595  0.35%  90.5   85s
  5776  1016  165.08317   33  822  164.98400  165.51664  0.32%  91.1   90s
  6363   997  165.09786   35  925  164.98400  165.49367  0.31%  90.5   95s
  6935   936  165.37101   40 1045  164.98400  165.45445  0.29%  90.3  100s
  7555   871  165.13541   42  953  164.98400  165.42646  0.27%  89.4  105s
  8145   805  165.11988   52  943  164.98400  165.39304  0.25%  89.6  110s
  8556   748  165.11574   48  934  164.98400  165.36779  0.23%  89.9  115s
  9118   626  165.12501   40  933  164.98400  165.33496  0.21%  90.7  120s
  9694   511  165.15995   33  979  164.98400  165.28671  0.18%  90.9  125s
 10539   133     cutoff   48       164.98400  165.12356  0.08%  88.3  130s

Cutting planes:
  Gomory: 1
  Cover: 6
  Clique: 105
  MIR: 9
  Zero half: 383
  Relax-and-lift: 2

Explored 10660 nodes (1035682 simplex iterations) in 130.93 seconds (216.07 work units)
Thread count was 1 (of 32 available processors)

Solution count 10: 164.984 164.032 163.893 ... 154.573

Optimal solution found (tolerance 1.00e-04)
Best objective 1.649840040389e+02, best bound 1.649948023360e+02, gap 0.0065%

User-callback calls 36890, time in user-callback 4.57 sec
