
Gurobi 12.0.1 (win64) logging started Thu Dec 18 16:19:20 2025

Set parameter LogFile to value "data\dblrp\grb_log_ef_s5_ts0_f10_c10_r2.0_iss1_bt1_nsp200_nse50_sd7.log"
Set parameter NodefileStart to value 0.5
Set parameter NodefileDir to value "node_files\s5_ts0"
Set parameter MIPGap to value 0.01
Set parameter TimeLimit to value 7200
Set parameter Threads to value 1
Gurobi Optimizer version 12.0.1 build v12.0.1rc0 (win64 - Windows 11.0 (26100.2))

CPU model: Intel(R) Core(TM) i9-14900K, instruction set [SSE2|AVX|AVX2]
Thread count: 24 physical cores, 32 logical processors, using up to 1 threads

Non-default parameters:
TimeLimit  7200
MIPGap  0.01
NodefileStart  0.5
Threads  1

Optimize a model with 3783851 rows, 1265460 columns and 10643760 nonzeros
Model fingerprint: 0x164931fa
Variable types: 0 continuous, 1265460 integer (1260010 binary)
Coefficient statistics:
  Matrix range     [1e+00, 7e+01]
  Objective range  [2e+00, 1e+01]
  Bounds range     [1e+00, 4e+01]
  RHS range        [1e+00, 7e+01]
Presolve removed 3771308 rows and 1246978 columns
Presolve time: 1.06s
Presolved: 12543 rows, 18482 columns, 91006 nonzeros
Variable types: 0 continuous, 18482 integer (15656 binary)
Found heuristic solution: objective -20.0000000
Performing another presolve...
Presolve removed 10515 rows and 6167 columns
Presolve time: 0.24s

Root relaxation: objective 1.749840e+02, 5519 iterations, 0.10 seconds (0.24 work units)

    Nodes    |    Current Node    |     Objective Bounds      |     Work
 Expl Unexpl |  Obj  Depth IntInf | Incumbent    BestBd   Gap | It/Node Time

     0     0  174.98400    0  472  -20.00000  174.98400   975%     -    2s
     0     0  174.98400    0  655  -20.00000  174.98400   975%     -    2s
     0     0  174.46132    0  657  -20.00000  174.46132   972%     -    2s
     0     0  174.23188    0  645  -20.00000  174.23188   971%     -    2s
     0     0  174.22900    0  639  -20.00000  174.22900   971%     -    2s
H    0     0                       9.5083839  174.22900  1732%     -    2s
H    0     0                      13.3410404  174.22900  1206%     -    2s
H    0     0                      41.6595176  174.22900   318%     -    2s
H    0     0                      45.1832821  174.22900   286%     -    2s
H    0     0                      93.3018841  174.22900  86.7%     -    2s
H    0     0                      94.2568386  174.22900  84.8%     -    2s
H    0     0                      94.6625492  174.22900  84.1%     -    2s
H    0     0                      96.0867168  174.22900  81.3%     -    2s
H    0     0                      99.8952127  174.22900  74.4%     -    2s
     0     0  172.86482    0  671   99.89521  172.86482  73.0%     -    3s
     0     0  172.85922    0  663   99.89521  172.85922  73.0%     -    3s
H    0     0                     112.5555503  172.85922  53.6%     -    3s
H    0     0                     121.0809661  172.85922  42.8%     -    3s
H    0     0                     124.0299473  172.85922  39.4%     -    3s
     0     0  172.53639    0  691  124.02995  172.53639  39.1%     -    3s
     0     0  172.53639    0  690  124.02995  172.53639  39.1%     -    3s
     0     0  172.51573    0  692  124.02995  172.51573  39.1%     -    3s
     0     0  172.51573    0  692  124.02995  172.51573  39.1%     -    3s
     0     0  172.30887    0  721  124.02995  172.30887  38.9%     -    3s
H    0     0                     127.0183812  172.29375  35.6%     -    3s
     0     0  172.29375    0  733  127.01838  172.29375  35.6%     -    3s
     0     0  172.16078    0  683  127.01838  172.16078  35.5%     -    3s
     0     0  172.16078    0  683  127.01838  172.16078  35.5%     -    3s
     0     0  172.15241    0  684  127.01838  172.15241  35.5%     -    3s
     0     0  172.15241    0  684  127.01838  172.15241  35.5%     -    3s
     0     0  171.93267    0  705  127.01838  171.93267  35.4%     -    3s
H    0     0                     127.1825297  171.93267  35.2%     -    3s
     0     0  171.90772    0  711  127.18253  171.90772  35.2%     -    3s
     0     0  171.90442    0  721  127.18253  171.90442  35.2%     -    3s
     0     0  171.90257    0  733  127.18253  171.90257  35.2%     -    3s
     0     0  171.24110    0  576  127.18253  171.24110  34.6%     -    3s
     0     0  171.24110    0  574  127.18253  171.24110  34.6%     -    3s
     0     0  170.98901    0  702  127.18253  170.98901  34.4%     -    3s
     0     0  170.98787    0  716  127.18253  170.98787  34.4%     -    3s
     0     0  170.78547    0  749  127.18253  170.78547  34.3%     -    3s
     0     0  170.78547    0  750  127.18253  170.78547  34.3%     -    3s
     0     0  170.78547    0  726  127.18253  170.78547  34.3%     -    3s
     0     0  170.76210    0  753  127.18253  170.76210  34.3%     -    3s
     0     0  170.75974    0  800  127.18253  170.75974  34.3%     -    3s
     0     0  170.75974    0  798  127.18253  170.75974  34.3%     -    3s
     0     0  170.75974    0  803  127.18253  170.75974  34.3%     -    3s
     0     0  170.75050    0  770  127.18253  170.75050  34.3%     -    3s
     0     0  170.75041    0  778  127.18253  170.75041  34.3%     -    3s
     0     0  170.74064    0  808  127.18253  170.74064  34.2%     -    3s
     0     0  170.74064    0  810  127.18253  170.74064  34.2%     -    3s
     0     0  170.73929    0  809  127.18253  170.73929  34.2%     -    4s
     0     0  170.73929    0  829  127.18253  170.73929  34.2%     -    4s
     0     0  170.65274    0  860  127.18253  170.65274  34.2%     -    4s
     0     0  170.65274    0  854  127.18253  170.65274  34.2%     -    4s
     0     0  170.64904    0  853  127.18253  170.64904  34.2%     -    4s
     0     0  170.64778    0  889  127.18253  170.64778  34.2%     -    4s
     0     0  170.64778    0  892  127.18253  170.64778  34.2%     -    4s
     0     0  170.64550    0  878  127.18253  170.64550  34.2%     -    4s
     0     0  170.64495    0  916  127.18253  170.64495  34.2%     -    4s
     0     0  170.59643    0  839  127.18253  170.59643  34.1%     -    4s
     0     0  170.59382    0  849  127.18253  170.59382  34.1%     -    4s
     0     0  170.59290    0  843  127.18253  170.59290  34.1%     -    4s
     0     0  170.57563    0  866  127.18253  170.57563  34.1%     -    4s
     0     0  170.57552    0  866  127.18253  170.57552  34.1%     -    4s
     0     0  170.43340    0  845  127.18253  170.43340  34.0%     -    4s
     0     0  170.42785    0  870  127.18253  170.42785  34.0%     -    4s
     0     0  170.42785    0  873  127.18253  170.42785  34.0%     -    4s
     0     0  170.42181    0  844  127.18253  170.42181  34.0%     -    4s
     0     0  170.42181    0  872  127.18253  170.42181  34.0%     -    4s
     0     0  170.39071    0  810  127.18253  170.39071  34.0%     -    4s
     0     0  170.38812    0  864  127.18253  170.38812  34.0%     -    4s
     0     0  170.38812    0  845  127.18253  170.38812  34.0%     -    4s
     0     0  170.36381    0  883  127.18253  170.36381  34.0%     -    4s
     0     0  170.36258    0  903  127.18253  170.36258  34.0%     -    4s
     0     0  170.30480    0  909  127.18253  170.30480  33.9%     -    4s
     0     0  170.30300    0  929  127.18253  170.30300  33.9%     -    4s
     0     0  170.26261    0  903  127.18253  170.26261  33.9%     -    4s
     0     0  170.25998    0  908  127.18253  170.25998  33.9%     -    4s
     0     0  170.25961    0  903  127.18253  170.25961  33.9%     -    4s
     0     0  170.23499    0  932  127.18253  170.23499  33.9%     -    4s
     0     0  170.20768    0  952  127.18253  170.20768  33.8%     -    4s
     0     0  170.19782    0  969  127.18253  170.19782  33.8%     -    4s
     0     0  170.19782    0  977  127.18253  170.19782  33.8%     -    4s
     0     0  170.18163    0  965  127.18253  170.18163  33.8%     -    4s
     0     0  170.17487    0  981  127.18253  170.17487  33.8%     -    4s
     0     0  170.17436    0  974  127.18253  170.17436  33.8%     -    4s
     0     0  170.16449    0  972  127.18253  170.16449  33.8%     -    4s
     0     0  170.16449    0  921  127.18253  170.16449  33.8%     -    4s
     0     2  170.00696    0  921  127.18253  170.00696  33.7%     -    4s
     1     3  168.30441    1  597  127.18253  169.39890  33.2%  1501    5s
H   26    26                     127.3466782  161.89287  27.1%   201    5s
H   27    27                     129.7453161  161.89287  24.8%   195    5s
H   54    54                     131.5029164  161.89287  23.1%   119    5s
*  339   318             302     149.5932481  161.89287  8.22%  30.7    5s
H  373   104                     154.8082042  160.73557  3.83%  31.9    6s
*  512   226             148     154.9914729  160.73557  3.71%  25.6    6s
   668   276  156.88803   84  162  154.99147  160.45702  3.53%  51.1   10s
  1942   539  159.08572   43  184  154.99147  159.24870  2.75%  36.9   15s
  3861  1412  157.28185   66  212  154.99147  158.89404  2.52%  28.1   20s
H 5274  1990                     154.9914732  158.69867  2.39%  25.2   23s
  5835  2250  156.02912   67  113  154.99147  158.57166  2.31%  24.7   25s
  8319  3288  157.78528   44  150  154.99147  158.27203  2.12%  22.7   30s
H 8565  3362                     154.9914742  158.25017  2.10%  22.6   30s
H 8565  3362                     154.9914742  158.25017  2.10%  22.6   30s
H 9154  3458                     154.9914768  158.20125  2.07%  22.5   32s
 10125  3731     cutoff   70       154.99148  158.12780  2.02%  22.1   35s
 10202  3773  156.77013   78  131  154.99148  158.11770  2.02%  22.1   40s
 11887  4366  155.45773   38  131  154.99148  157.88765  1.87%  22.8   45s
 13971  4655  157.08505   44  149  154.99148  157.57334  1.67%  24.2   50s
 16132  4986  156.41824   58   65  154.99148  157.23393  1.45%  24.4   55s
 18748  5677 infeasible   40       154.99148  156.93373  1.25%  24.1   60s
 21513  6568  155.37891   52  103  154.99148  156.83267  1.19%  23.2   65s
 24545  6925  156.60439   57  160  154.99148  156.65195  1.07%  22.4   70s

Cutting planes:
  Gomory: 13
  Cover: 1
  Clique: 56
  MIR: 7
  Flow cover: 38
  Zero half: 284

Explored 25614 nodes (589952 simplex iterations) in 72.45 seconds (127.37 work units)
Thread count was 1 (of 32 available processors)

Solution count 10: 154.991 154.991 154.991 ... 127.018

Optimal solution found (tolerance 1.00e-02)
Best objective 1.549914768334e+02, best bound 1.565413460581e+02, gap 1.0000%

User-callback calls 62674, time in user-callback 1.21 sec
