
Gurobi 12.0.1 (win64) logging started Tue Dec  2 18:41:07 2025

Set parameter LogFile to value "data\dblrp\grb_log_ef_s100_ts0_f10_c10_r2.0_iss1_bt1_nsp5000_nse1000_sd7.log"
Set parameter NodefileStart to value 0.5
Set parameter NodefileDir to value "node_files\s100_ts0"
Set parameter MIPGap to value 0.0001
Set parameter TimeLimit to value 3600
Set parameter Threads to value 1
Gurobi Optimizer version 12.0.1 build v12.0.1rc0 (win64 - Windows 11.0 (26100.2))

CPU model: Intel(R) Core(TM) i9-14900K, instruction set [SSE2|AVX|AVX2]
Thread count: 24 physical cores, 32 logical processors, using up to 1 threads

Non-default parameters:
TimeLimit  3600
NodefileStart  0.5
Threads  1

Optimize a model with 75677000 rows, 25309010 columns and 212875000 nonzeros
Model fingerprint: 0x26252e82
Variable types: 0 continuous, 25309010 integer (25200010 binary)
Coefficient statistics:
  Matrix range     [1e+00, 7e+01]
  Objective range  [1e-01, 1e+01]
  Bounds range     [1e+00, 4e+01]
  RHS range        [1e+00, 7e+01]
Presolve removed 0 rows and 0 columns (presolve time = 7s)...
Presolve removed 1400000 rows and 0 columns (presolve time = 10s)...
Presolve removed 32725551 rows and 39000 columns (presolve time = 15s)...
Presolve removed 75243507 rows and 40000 columns (presolve time = 20s)...
Presolve removed 75267393 rows and 24858588 columns (presolve time = 25s)...
Presolve removed 75430340 rows and 24943740 columns (presolve time = 30s)...
Presolve removed 75430340 rows and 24943740 columns
Presolve time: 30.25s
Presolved: 246660 rows, 365270 columns, 1797438 nonzeros
Variable types: 0 continuous, 365270 integer (309183 binary)
Found heuristic solution: objective -100.0000000
Performing another presolve...
Presolve removed 197861 rows and 90126 columns (presolve time = 5s)...
Presolve removed 206645 rows and 122939 columns
Presolve time: 9.55s

Root simplex log...

Iteration    Objective       Primal Inf.    Dual Inf.      Time
       0    9.1598215e+03   1.163859e+05   0.000000e+00     72s
  104815    1.8025575e+02   1.095698e+04   0.000000e+00     75s
  127327    1.7728765e+02   0.000000e+00   0.000000e+00     79s

Root relaxation: objective 1.772877e+02, 127327 iterations, 7.64 seconds (13.46 work units)
Total elapsed time = 78.93s (DegenMoves)
Total elapsed time = 80.04s (DegenMoves)

    Nodes    |    Current Node    |     Objective Bounds      |     Work
 Expl Unexpl |  Obj  Depth IntInf | Incumbent    BestBd   Gap | It/Node Time

     0     0  177.28765    0 12644 -100.00000  177.28765   277%     -   82s
     0     0  175.36204    0 12846 -100.00000  175.36204   275%     -   87s
     0     0  173.83533    0 12650 -100.00000  173.83533   274%     -   91s
     0     0  173.66283    0 12518 -100.00000  173.66283   274%     -   92s
     0     0  173.65012    0 12402 -100.00000  173.65012   274%     -   92s
     0     0  173.63823    0 12410 -100.00000  173.63823   274%     -   92s
H    0     0                      -0.0000000  173.63823      -     -   93s
H    0     0                       1.0032476  173.63823      -     -   94s
H    0     0                      22.2685358  173.63823   680%     -   95s
H    0     0                      73.6277913  173.63823   136%     -   96s
H    0     0                      83.6277913  173.63823   108%     -   97s
H    0     0                     114.0539591  173.63823  52.2%     -   99s
H    0     0                     114.3402003  173.63823  51.9%     -  100s
H    0     0                     133.5190889  173.63823  30.0%     -  101s
H    0     0                     134.6541954  173.63823  29.0%     -  102s
H    0     0                     136.1226961  173.63823  27.6%     -  104s
H    0     0                     150.2356803  173.63823  15.6%     -  105s
H    0     0                     150.4620548  173.63823  15.4%     -  106s
H    0     0                     152.8558626  173.63823  13.6%     -  107s
H    0     0                     153.0134917  173.63823  13.5%     -  108s
H    0     0                     153.3171038  173.63823  13.3%     -  109s
H    0     0                     153.3371221  173.63823  13.2%     -  111s
H    0     0                     153.3825433  173.63823  13.2%     -  112s
H    0     0                     153.4302910  173.63823  13.2%     -  113s
H    0     0                     155.1840648  173.63823  11.9%     -  114s
     0     0  173.10264    0 13163  155.18406  173.10264  11.5%     -  118s
     0     0  173.08079    0 12970  155.18406  173.08079  11.5%     -  118s
     0     0  173.08079    0 12959  155.18406  173.08079  11.5%     -  118s
H    0     0                     155.5790583  173.07813  11.2%     -  120s
H    0     0                     156.9270179  173.07813  10.3%     -  121s
H    0     0                     157.1877657  173.07813  10.1%     -  122s
H    0     0                     157.2212769  173.07813  10.1%     -  123s
H    0     0                     157.8158420  173.07813  9.67%     -  124s
H    0     0                     158.0799138  173.07813  9.49%     -  125s
H    0     0                     158.1848936  173.07813  9.42%     -  126s
H    0     0                     158.2898735  173.07813  9.34%     -  127s
H    0     0                     158.3275708  173.07813  9.32%     -  128s
H    0     0                     158.4325506  173.07813  9.24%     -  130s
     0     0  173.00600    0 13075  158.43255  173.00600  9.20%     -  130s
     0     0  173.00600    0 13067  158.43255  173.00600  9.20%     -  130s
     0     0  172.74407    0 13363  158.43255  172.74407  9.03%     -  133s
     0     0  172.73711    0 13273  158.43255  172.73711  9.03%     -  134s
     0     0  172.73630    0 13262  158.43255  172.73630  9.03%     -  134s
     0     0  172.73630    0 13263  158.43255  172.73630  9.03%     -  134s
H    0     0                     159.9894751  172.73566  7.97%     -  135s
H    0     0                     160.2253211  172.73566  7.81%     -  136s
     0     0  172.67340    0 13400  160.22532  172.67340  7.77%     -  137s
     0     0  172.66743    0 13384  160.22532  172.66743  7.77%     -  137s
     0     0  172.66653    0 13385  160.22532  172.66653  7.76%     -  137s
     0     0  172.66653    0 13390  160.22532  172.66653  7.76%     -  137s
     0     0  172.66653    0 13391  160.22532  172.66653  7.76%     -  137s
     0     0  172.64719    0 13501  160.22532  172.64719  7.75%     -  137s
     0     0  172.64719    0 13491  160.22532  172.64719  7.75%     -  137s
     0     0  172.64719    0 13489  160.22532  172.64719  7.75%     -  137s
     0     0  172.64717    0 13483  160.22532  172.64717  7.75%     -  138s
     0     0  172.48740    0 13874  160.22532  172.48740  7.65%     -  141s
     0     0  172.48554    0 13855  160.22532  172.48554  7.65%     -  141s
     0     0  172.48493    0 13805  160.22532  172.48493  7.65%     -  141s
H    0     0                     160.2630183  172.48493  7.63%     -  143s
H    0     0                     160.4056954  172.48493  7.53%     -  144s
H    0     0                     160.5106752  172.48493  7.46%     -  145s
     0     0  172.47500    0 13968  160.51068  172.47500  7.45%     -  145s
     0     0  172.47500    0 13913  160.51068  172.47500  7.45%     -  145s
     0     0  172.47387    0 13923  160.51068  172.47387  7.45%     -  145s
     0     0  172.47346    0 13913  160.51068  172.47346  7.45%     -  145s
     0     0  172.46811    0 13876  160.51068  172.46811  7.45%     -  146s
     0     0  172.46811    0 13876  160.51068  172.46811  7.45%     -  146s
     0     0  172.46811    0 13878  160.51068  172.46811  7.45%     -  146s
     0     0  172.30476    0 13857  160.51068  172.30476  7.35%     -  149s
     0     0  172.30122    0 13867  160.51068  172.30122  7.35%     -  149s
H    0     0                     161.3083508  172.30122  6.81%     -  150s
     0     0  172.27804    0 14071  161.30835  172.27804  6.80%     -  151s
     0     0  172.27802    0 14076  161.30835  172.27802  6.80%     -  151s
     0     0  172.27796    0 14070  161.30835  172.27796  6.80%     -  151s
     0     0  172.27492    0 14094  161.30835  172.27492  6.80%     -  151s
     0     0  172.27356    0 14096  161.30835  172.27356  6.80%     -  151s
     0     0  172.27356    0 14106  161.30835  172.27356  6.80%     -  151s
     0     0  172.12088    0 14370  161.30835  172.12088  6.70%     -  155s
     0     0  172.12088    0 14346  161.30835  172.12088  6.70%     -  155s
H    0     0                     161.3578590  172.12088  6.67%     -  157s
H    0     0                     161.5937050  172.12088  6.51%     -  158s
     0     0  172.10948    0 14409  161.59370  172.10948  6.51%     -  158s
     0     0  172.10946    0 14394  161.59370  172.10946  6.51%     -  158s
     0     0  172.10702    0 14397  161.59370  172.10702  6.51%     -  159s
     0     0  172.10702    0 14393  161.59370  172.10702  6.51%     -  159s
     0     0  172.10684    0 14417  161.59370  172.10684  6.51%     -  159s
     0     0  172.10605    0 14421  161.59370  172.10605  6.51%     -  159s
     0     0  172.10605    0 14434  161.59370  172.10605  6.51%     -  159s
     0     0  172.01058    0 14522  161.59370  172.01058  6.45%     -  162s
     0     0  172.01042    0 14520  161.59370  172.01042  6.45%     -  162s
H    0     0                     161.7363820  172.01042  6.35%     -  165s
H    0     0                     161.8790591  172.01042  6.26%     -  166s
H    0     0                     162.0217362  172.01042  6.17%     -  168s
H    0     0                     164.0897345  172.01042  4.83%     -  170s
H    0     0                     164.2473636  172.01042  4.73%     -  171s
H    0     0                     164.4049927  172.01042  4.63%     -  172s
H    0     0                     164.9840040  172.01042  4.26%     -  174s
     0     0  172.00041    0 14722  164.98400  172.00041  4.25%     -  174s
     0     0  172.00041    0 14715  164.98400  172.00041  4.25%     -  174s
     0     0  172.00000    0 14722  164.98400  172.00000  4.25%     -  175s
     0     0  171.99975    0 14728  164.98400  171.99975  4.25%     -  175s
     0     0  171.91972    0 15001  164.98400  171.91972  4.20%     -  178s
     0     0  171.91803    0 14975  164.98400  171.91803  4.20%     -  178s
     0     0  171.89937    0 15016  164.98400  171.89937  4.19%     -  179s
     0     0  171.89937    0 15002  164.98400  171.89937  4.19%     -  179s
     0     0  171.89758    0 14971  164.98400  171.89758  4.19%     -  179s
     0     0  171.89758    0 14964  164.98400  171.89758  4.19%     -  179s
     0     0  171.89634    0 14933  164.98400  171.89634  4.19%     -  179s
     0     0  171.89634    0 14934  164.98400  171.89634  4.19%     -  179s
     0     0  171.89634    0 14948  164.98400  171.89634  4.19%     -  179s
     0     0  171.83696    0 15311  164.98400  171.83696  4.15%     -  182s
     0     0  171.83553    0 15300  164.98400  171.83553  4.15%     -  182s
     0     0  171.82791    0 15243  164.98400  171.82791  4.15%     -  183s
     0     0  171.82791    0 15243  164.98400  171.82791  4.15%     -  183s
     0     0  171.82699    0 15350  164.98400  171.82699  4.15%     -  183s
     0     0  171.82675    0 15365  164.98400  171.82675  4.15%     -  183s
     0     0  171.78158    0 15428  164.98400  171.78158  4.12%     -  187s
     0     0  171.78158    0 15438  164.98400  171.78158  4.12%     -  187s
     0     0  171.77664    0 15573  164.98400  171.77664  4.12%     -  188s
     0     0  171.77664    0 15579  164.98400  171.77664  4.12%     -  188s
     0     0  171.77630    0 15635  164.98400  171.77630  4.12%     -  188s
     0     0  171.72728    0 15695  164.98400  171.72728  4.09%     -  191s
     0     0  171.72728    0 15690  164.98400  171.72728  4.09%     -  191s
     0     0  171.71773    0 15747  164.98400  171.71773  4.08%     -  192s
     0     0  171.71772    0 15747  164.98400  171.71772  4.08%     -  192s
     0     0  171.71441    0 15703  164.98400  171.71441  4.08%     -  192s
     0     0  171.71353    0 15749  164.98400  171.71353  4.08%     -  193s
     0     0  171.71353    0 15788  164.98400  171.71353  4.08%     -  194s
     0     0  171.67551    0 15561  164.98400  171.67551  4.06%     -  196s
     0     0  171.67551    0 15554  164.98400  171.67551  4.06%     -  196s
     0     0  171.66855    0 15738  164.98400  171.66855  4.05%     -  197s
     0     0  171.66477    0 15951  164.98400  171.66477  4.05%     -  198s
     0     0  171.66475    0 15978  164.98400  171.66475  4.05%     -  198s
     0     0  171.66317    0 16039  164.98400  171.66317  4.05%     -  198s
     0     0  171.66300    0 16100  164.98400  171.66300  4.05%     -  199s
     0     0  171.65757    0 16191  164.98400  171.65757  4.04%     -  201s
     0     0  171.62449    0 16024  164.98400  171.62449  4.02%     -  202s
     0     0  171.62446    0 16007  164.98400  171.62446  4.02%     -  202s
     0     0  171.62105    0 16159  164.98400  171.62105  4.02%     -  202s
     0     0  171.62050    0 16333  164.98400  171.62050  4.02%     -  203s
     0     0  171.61363    0 16205  164.98400  171.61363  4.02%     -  205s
     0     0  171.59520    0 16141  164.98400  171.59520  4.01%     -  207s
     0     0  171.58562    0 16102  164.98400  171.58562  4.00%     -  207s
     0     0  171.58562    0 16094  164.98400  171.58562  4.00%     -  207s
     0     0  171.58405    0 16207  164.98400  171.58405  4.00%     -  208s
     0     0  171.58378    0 16281  164.98400  171.58378  4.00%     -  208s
     0     0  171.58378    0 16281  164.98400  171.58378  4.00%     -  208s
     0     0  171.56676    0 16265  164.98400  171.56676  3.99%     -  211s
     0     0  171.56676    0 16255  164.98400  171.56676  3.99%     -  211s
     0     0  171.54949    0 16279  164.98400  171.54949  3.98%     -  212s
     0     0  171.54948    0 16285  164.98400  171.54948  3.98%     -  212s
     0     0  171.54767    0 16423  164.98400  171.54767  3.98%     -  213s
     0     0  171.54737    0 16505  164.98400  171.54737  3.98%     -  213s
     0     0  171.52194    0 16530  164.98400  171.52194  3.96%     -  216s
     0     0  171.52178    0 16525  164.98400  171.52178  3.96%     -  216s
     0     0  171.52010    0 16666  164.98400  171.52010  3.96%     -  217s
     0     0  171.52010    0 16670  164.98400  171.52010  3.96%     -  217s
     0     0  171.51988    0 16768  164.98400  171.51988  3.96%     -  217s
     0     0  171.51988    0 16785  164.98400  171.51988  3.96%     -  217s
     0     0  171.49586    0 16646  164.98400  171.49586  3.95%     -  220s
     0     0  171.49586    0 16642  164.98400  171.49586  3.95%     -  220s
     0     0  171.49036    0 16720  164.98400  171.49036  3.94%     -  221s
     0     0  171.48969    0 16853  164.98400  171.48969  3.94%     -  221s
     0     0  171.48969    0 16822  164.98400  171.48969  3.94%     -  222s
     0     0  171.46530    0 16647  164.98400  171.46530  3.93%     -  224s
     0     0  171.46310    0 16851  164.98400  171.46310  3.93%     -  225s
     0     0  171.46310    0 16854  164.98400  171.46310  3.93%     -  225s
     0     0  171.46265    0 16887  164.98400  171.46265  3.93%     -  225s
     0     0  171.44186    0 16637  164.98400  171.44186  3.91%     -  228s
     0     0  171.44055    0 16797  164.98400  171.44055  3.91%     -  229s
     0     0  171.43975    0 16976  164.98400  171.43975  3.91%     -  230s
     0     0  171.43969    0 16974  164.98400  171.43969  3.91%     -  230s
     0     0  171.43543    0 16808  164.98400  171.43543  3.91%     -  232s
     0     0  171.42231    0 16726  164.98400  171.42231  3.90%     -  234s
     0     0  171.42231    0 16724  164.98400  171.42231  3.90%     -  234s
     0     0  171.41939    0 16801  164.98400  171.41939  3.90%     -  234s
     0     0  171.41841    0 16917  164.98400  171.41841  3.90%     -  235s
     0     0  171.41837    0 16974  164.98400  171.41837  3.90%     -  235s
     0     0  171.41837    0 16966  164.98400  171.41837  3.90%     -  235s
     0     0  171.41410    0 16997  164.98400  171.41410  3.90%     -  238s
     0     0  171.41305    0 17203  164.98400  171.41305  3.90%     -  239s
     0     0  171.41300    0 17086  164.98400  171.41300  3.90%     -  239s
     0     0  171.41172    0 16949  164.98400  171.41172  3.90%     -  242s
     0     0  171.41172    0 15098  164.98400  171.41172  3.90%     -  250s
     0     2  171.41090    0 14886  164.98400  171.41090  3.90%     -  259s
     1     3  170.05621    1 11415  164.98400  171.41090  3.90% 37679  263s
     3     1     cutoff    2       164.98400  170.05555  3.07% 27307  269s
     4     2  169.79039    2 9318  164.98400  169.79039  2.91% 21842  270s
     7     3  165.97570    4 7962  164.98400  166.75909  1.08% 15908  277s

Cutting planes:
  Gomory: 29
  Cover: 21
  Clique: 776
  MIR: 85
  Zero half: 2823
  Relax-and-lift: 11

Explored 11 nodes (582465 simplex iterations) in 280.68 seconds (365.58 work units)
Thread count was 1 (of 32 available processors)

Solution count 10: 164.984 164.405 164.247 ... 161.308

Optimal solution found (tolerance 1.00e-04)
Best objective 1.649840040389e+02, best bound 1.649840040389e+02, gap 0.0000%

User-callback calls 31925, time in user-callback 46.33 sec
