
Gurobi 12.0.1 (win64) logging started Thu Dec  4 00:41:52 2025

Set parameter LogFile to value "data\dblrp\grb_log_ef_s100_ts0_f5_c10_r2.0_iss1_bt1_nsp500_nse100_sd7.log"
Set parameter NodefileStart to value 0.5
Set parameter NodefileDir to value "node_files\s100_ts0"
Set parameter MIPGap to value 0.0001
Set parameter TimeLimit to value 3600
Set parameter Threads to value 1
Gurobi Optimizer version 12.0.1 build v12.0.1rc0 (win64 - Windows 11.0 (26100.2))

CPU model: Intel(R) Core(TM) i9-14900K, instruction set [SSE2|AVX|AVX2]
Thread count: 24 physical cores, 32 logical processors, using up to 1 threads

Non-default parameters:
TimeLimit  3600
NodefileStart  0.5
Threads  1

Optimize a model with 42582000 rows, 14247505 columns and 117375000 nonzeros
Model fingerprint: 0xe1341108
Variable types: 0 continuous, 14247505 integer (14175005 binary)
Coefficient statistics:
  Matrix range     [1e+00, 7e+01]
  Objective range  [1e-01, 1e+01]
  Bounds range     [1e+00, 4e+01]
  RHS range        [1e+00, 7e+01]
Presolve removed 787500 rows and 0 columns (presolve time = 5s)...
Presolve removed 42236595 rows and 21000 columns (presolve time = 11s)...
Presolve removed 42471064 rows and 14096635 columns (presolve time = 15s)...
Presolve removed 42530901 rows and 14147597 columns
Presolve time: 15.98s
Presolved: 51099 rows, 99908 columns, 444724 nonzeros
Variable types: 0 continuous, 99908 integer (77139 binary)
Found heuristic solution: objective -49.8950202
Found heuristic solution: objective -49.8573229
Found heuristic solution: objective -44.2672677
Performing another presolve...
Presolve removed 38751 rows and 53168 columns
Presolve time: 1.85s
Found heuristic solution: objective -43.2272925

Root simplex log...

Iteration    Objective       Primal Inf.    Dual Inf.      Time
       0    8.2950306e+02   2.322888e+04   0.000000e+00     30s
    4675    7.3761271e+01   0.000000e+00   0.000000e+00     30s
    4676    7.3761271e+01   0.000000e+00   0.000000e+00     30s
Extra simplex iterations after uncrush: 1

Root relaxation: objective 7.376127e+01, 4676 iterations, 0.21 seconds (0.16 work units)
Total elapsed time = 30.44s (DegenMoves)

    Nodes    |    Current Node    |     Objective Bounds      |     Work
 Expl Unexpl |  Obj  Depth IntInf | Incumbent    BestBd   Gap | It/Node Time

     0     0   73.76127    0 1790  -43.22729   73.76127   271%     -   30s
     0     0   70.80865    0 1774  -43.22729   70.80865   264%     -   30s
     0     0   68.58604    0  636  -43.22729   68.58604   259%     -   30s
     0     0   68.53124    0  615  -43.22729   68.53124   259%     -   30s
     0     0   68.48191    0  604  -43.22729   68.48191   258%     -   30s
H    0     0                     -13.2272925   68.48191   618%     -   31s
H    0     0                      55.1050331   68.48191  24.3%     -   32s
H    0     0                      57.6636350   68.48191  18.8%     -   32s
H    0     0                      61.0000662   68.48191  12.3%     -   33s
H    0     0                      63.9475993   68.48191  7.09%     -   34s
H    0     0                      64.0607866   68.48191  6.90%     -   34s
     0     0   66.54937    0  412   64.06079   66.54937  3.88%     -   35s
     0     0   66.54937    0  516   64.06079   66.54937  3.88%     -   37s
     0     0   66.54937    0  513   64.06079   66.54937  3.88%     -   37s
     0     0   66.54937    0  498   64.06079   66.54937  3.88%     -   37s
H    0     0                      64.1033672   66.54937  3.82%     -   37s
     0     0   66.29654    0  381   64.10337   66.29654  3.42%     -   37s
     0     0   66.29654    0  378   64.10337   66.29654  3.42%     -   37s
H    0     0                      64.2911223   66.27414  3.08%     -   38s
     0     0   65.36020    0  289   64.29112   65.36020  1.66%     -   38s
     0     0   65.32484    0  287   64.29112   65.32484  1.61%     -   38s
     0     0   64.81949    0  136   64.29112   64.81949  0.82%     -   38s
     0     0   64.81640    0  138   64.29112   64.81640  0.82%     -   38s
     0     0   64.71163    0   75   64.29112   64.71163  0.65%     -   38s
     0     0   64.66472    0   63   64.29112   64.66472  0.58%     -   38s
H    0     0                      64.4654532   64.66472  0.31%     -   39s
H    0     0                      64.4736606   64.66472  0.30%     -   40s
H    0     0                      64.5786404   64.66472  0.13%     -   40s
     0     0   64.66472    0   52   64.57864   64.66472  0.13%     -   40s
     0     0   64.66472    0   36   64.57864   64.66472  0.13%     -   40s
H    0     0                      64.6081302   64.66472  0.09%     -   41s
     0     0     cutoff    0        64.60813   64.60813  0.00%     -   43s

Explored 1 nodes (20476 simplex iterations) in 44.91 seconds (58.13 work units)
Thread count was 1 (of 32 available processors)

Solution count 10: 64.6081 64.6081 64.6081 ... 64.0608

Optimal solution found (tolerance 1.00e-04)
Best objective 6.460813022531e+01, best bound 6.460813022531e+01, gap 0.0000%

User-callback calls 5492, time in user-callback 12.25 sec
