
Gurobi 12.0.3 (win64) logging started Wed Nov 26 12:34:05 2025

Set parameter LogFile to value "data\dblrp\grb_log_ef_s50_ts0_f10_c10_r2.0_iss1_bt1_nsp5_nse2_sd7.log"
Set parameter NodefileStart to value 0.5
Set parameter NodefileDir to value "node_files\s50_ts0"
Set parameter MIPGap to value 0.0001
Set parameter TimeLimit to value 3600
Set parameter Threads to value 1
Gurobi Optimizer version 12.0.3 build v12.0.3rc0 (win64 - Windows 11.0 (26100.2))

CPU model: AMD Ryzen 7 5800H with Radeon Graphics, instruction set [SSE2|AVX|AVX2]
Thread count: 8 physical cores, 16 logical processors, using up to 1 threads

Non-default parameters:
TimeLimit  3600
NodefileStart  0.5
Threads  1

Optimize a model with 37838500 rows, 12654510 columns and 106437500 nonzeros
Model fingerprint: 0xde3a8dc7
Variable types: 0 continuous, 12654510 integer (12600010 binary)
Coefficient statistics:
  Matrix range     [1e+00, 7e+01]
  Objective range  [2e-01, 1e+01]
  Bounds range     [1e+00, 4e+01]
  RHS range        [1e+00, 7e+01]
Presolve removed 0 rows and 0 columns (presolve time = 12s)...
Presolve removed 700000 rows and 19500 columns (presolve time = 16s)...
Presolve removed 37622202 rows and 20000 columns (presolve time = 21s)...
Presolve removed 37702745 rows and 12462762 columns (presolve time = 25s)...
Presolve removed 37716176 rows and 12472876 columns
Presolve time: 26.95s
Presolved: 122324 rows, 181634 columns, 893172 nonzeros
Variable types: 0 continuous, 181634 integer (153672 binary)
Found heuristic solution: objective -100.0000000
Performing another presolve...
Presolve removed 102040 rows and 59121 columns (presolve time = 5s)...
Presolve removed 102440 rows and 61500 columns
Presolve time: 6.15s

Root simplex log...

Iteration    Objective       Primal Inf.    Dual Inf.      Time
       0    9.0606767e+03   5.755600e+04   0.000000e+00     53s
   47738    1.8268255e+02   5.187334e+02   0.000000e+00     55s
   61356    1.7712813e+02   0.000000e+00   0.000000e+00     57s

Root relaxation: objective 1.771281e+02, 61356 iterations, 4.00 seconds (5.63 work units)
Total elapsed time = 57.25s (DegenMoves)

    Nodes    |    Current Node    |     Objective Bounds      |     Work
 Expl Unexpl |  Obj  Depth IntInf | Incumbent    BestBd   Gap | It/Node Time

     0     0  177.12813    0 6280 -100.00000  177.12813   277%     -   59s
     0     0  174.54958    0 6430 -100.00000  174.54958   275%     -   61s
     0     0  173.42439    0 6195 -100.00000  173.42439   273%     -   61s
     0     0  173.31788    0 6141 -100.00000  173.31788   273%     -   62s
     0     0  173.31442    0 6156 -100.00000  173.31442   273%     -   62s
     0     0  173.31442    0 6155 -100.00000  173.31442   273%     -   62s
H    0     0                      -0.0000000  173.31442      -     -   62s
H    0     0                       2.8148111  173.31442  6057%     -   63s
H    0     0                      12.3531940  173.31442  1303%     -   64s
H    0     0                      64.2115359  173.31442   170%     -   64s
H    0     0                      74.2115359  173.31442   134%     -   65s
H    0     0                     107.4632303  173.31442  61.3%     -   66s
H    0     0                     138.6876960  173.31442  25.0%     -   67s
H    0     0                     138.8740338  173.31442  24.8%     -   67s
H    0     0                     138.9933494  173.31442  24.7%     -   68s
H    0     0                     141.2582335  173.31442  22.7%     -   69s
H    0     0                     143.5546046  173.31442  20.7%     -   69s
     0     0  173.13284    0 6449  143.55460  173.13284  20.6%     -   71s
     0     0  173.11310    0 6413  143.55460  173.11310  20.6%     -   71s
     0     0  173.11310    0 6399  143.55460  173.11310  20.6%     -   71s
H    0     0                     148.7612969  173.10501  16.4%     -   72s
H    0     0                     149.7611253  173.10501  15.6%     -   72s
H    0     0                     150.3781164  173.10501  15.1%     -   73s
H    0     0                     150.7642610  173.10501  14.8%     -   74s
H    0     0                     150.9505988  173.10501  14.7%     -   74s
     0     0  172.69882    0 6479  150.95060  172.69882  14.4%     -   75s
     0     0  172.69185    0 6433  150.95060  172.69185  14.4%     -   75s
     0     0  172.69185    0 6431  150.95060  172.69185  14.4%     -   75s
     0     0  172.29502    0 6700  150.95060  172.29502  14.1%     -   76s
     0     0  172.28822    0 6648  150.95060  172.28822  14.1%     -   77s
     0     0  172.28819    0 6643  150.95060  172.28819  14.1%     -   77s
H    0     0                     153.4585191  172.28819  12.3%     -   78s
H    0     0                     154.8740239  172.28819  11.2%     -   78s
H    0     0                     155.7531196  172.28819  10.6%     -   79s
     0     0  172.24717    0 6724  155.75312  172.24717  10.6%     -   79s
     0     0  172.24675    0 6702  155.75312  172.24675  10.6%     -   79s
     0     0  172.24675    0 6715  155.75312  172.24675  10.6%     -   80s
     0     0  172.01361    0 6923  155.75312  172.01361  10.4%     -   81s
     0     0  172.00261    0 6914  155.75312  172.00261  10.4%     -   81s
H    0     0                     156.9983334  172.00261  9.56%     -   82s
     0     0  171.99158    0 6968  156.99833  171.99158  9.55%     -   82s
     0     0  171.99158    0 6994  156.99833  171.99158  9.55%     -   83s
     0     0  171.78973    0 7096  156.99833  171.78973  9.42%     -   84s
     0     0  171.78968    0 7117  156.99833  171.78968  9.42%     -   84s
H    0     0                     159.0939810  171.78968  7.98%     -   85s
     0     0  171.75042    0 7128  159.09398  171.75042  7.96%     -   86s
     0     0  171.75042    0 7124  159.09398  171.75042  7.96%     -   86s
     0     0  171.74826    0 7101  159.09398  171.74826  7.95%     -   86s
     0     0  171.74823    0 7107  159.09398  171.74823  7.95%     -   86s
     0     0  171.66649    0 7180  159.09398  171.66649  7.90%     -   87s
     0     0  171.66649    0 7168  159.09398  171.66649  7.90%     -   87s
H    0     0                     159.2199829  171.66649  7.82%     -   88s
     0     0  171.64186    0 7228  159.21998  171.64186  7.80%     -   88s
     0     0  171.63643    0 7339  159.21998  171.63643  7.80%     -   89s
     0     0  171.63643    0 7333  159.21998  171.63643  7.80%     -   89s
     0     0  171.63580    0 7329  159.21998  171.63580  7.80%     -   89s
     0     0  171.58210    0 7302  159.21998  171.58210  7.76%     -   89s
     0     0  171.57860    0 7309  159.21998  171.57860  7.76%     -   89s
     0     0  171.57860    0 7306  159.21998  171.57860  7.76%     -   89s
     0     0  171.45479    0 7307  159.21998  171.45479  7.68%     -   90s
     0     0  171.45479    0 7310  159.21998  171.45479  7.68%     -   90s
H    0     0                     159.7924653  171.45479  7.30%     -   92s
H    0     0                     160.6416568  171.45479  6.73%     -   93s
H    0     0                     161.6486993  171.45479  6.07%     -   95s
H    0     0                     162.7078506  171.45479  5.38%     -   96s
H    0     0                     164.2033361  171.45479  4.42%     -   98s
H    0     0                     164.4886902  171.45479  4.24%     -  101s
H    0     0                     164.7740443  171.45479  4.05%     -  102s
     0     0  171.45106    0 7331  164.77404  171.45106  4.05%     -  106s
     0     0  171.44861    0 7310  164.77404  171.44861  4.05%     -  106s
     0     0  171.44857    0 7310  164.77404  171.44857  4.05%     -  106s
     0     0  171.44857    0 7321  164.77404  171.44857  4.05%     -  106s
     0     0  171.35904    0 7278  164.77404  171.35904  4.00%     -  107s
     0     0  171.35368    0 7353  164.77404  171.35368  3.99%     -  108s
     0     0  171.35368    0 7355  164.77404  171.35368  3.99%     -  108s
     0     0  171.35081    0 7376  164.77404  171.35081  3.99%     -  108s
     0     0  171.35068    0 7379  164.77404  171.35068  3.99%     -  108s
     0     0  171.29883    0 7525  164.77404  171.29883  3.96%     -  109s
     0     0  171.29883    0 7519  164.77404  171.29883  3.96%     -  109s
     0     0  171.29232    0 7539  164.77404  171.29232  3.96%     -  110s
     0     0  171.29204    0 7584  164.77404  171.29204  3.96%     -  110s
     0     0  171.29204    0 7583  164.77404  171.29204  3.96%     -  110s
     0     0  171.24843    0 7606  164.77404  171.24843  3.93%     -  111s
     0     0  171.24843    0 7604  164.77404  171.24843  3.93%     -  111s
     0     0  171.24215    0 7605  164.77404  171.24215  3.93%     -  112s
     0     0  171.24215    0 7596  164.77404  171.24215  3.93%     -  112s
     0     0  171.24094    0 7634  164.77404  171.24094  3.92%     -  112s
     0     0  171.24094    0 7634  164.77404  171.24094  3.92%     -  112s
     0     0  171.24002    0 7624  164.77404  171.24002  3.92%     -  112s
     0     0  171.23998    0 7624  164.77404  171.23998  3.92%     -  112s
     0     0  171.19019    0 7652  164.77404  171.19019  3.89%     -  113s
     0     0  171.18331    0 7683  164.77404  171.18331  3.89%     -  113s
     0     0  171.17910    0 7739  164.77404  171.17910  3.89%     -  113s
     0     0  171.17860    0 7705  164.77404  171.17860  3.89%     -  114s
     0     0  171.13251    0 7695  164.77404  171.13251  3.86%     -  114s
     0     0  171.13251    0 7691  164.77404  171.13251  3.86%     -  114s
     0     0  171.13051    0 7730  164.77404  171.13051  3.86%     -  115s
     0     0  171.13038    0 7754  164.77404  171.13038  3.86%     -  115s
     0     0  171.06779    0 7664  164.77404  171.06779  3.82%     -  116s
     0     0  171.06779    0 7656  164.77404  171.06779  3.82%     -  116s
     0     0  171.05661    0 7814  164.77404  171.05661  3.81%     -  117s
     0     0  171.05661    0 7811  164.77404  171.05661  3.81%     -  117s
     0     0  171.05533    0 7889  164.77404  171.05533  3.81%     -  117s
     0     0  171.05533    0 7894  164.77404  171.05533  3.81%     -  117s
     0     0  171.05533    0 7891  164.77404  171.05533  3.81%     -  117s
     0     0  171.02938    0 7893  164.77404  171.02938  3.80%     -  118s
     0     0  171.02580    0 8042  164.77404  171.02580  3.79%     -  118s
     0     0  171.02511    0 8090  164.77404  171.02511  3.79%     -  119s
     0     0  171.02483    0 8122  164.77404  171.02483  3.79%     -  119s
     0     0  171.02091    0 8020  164.77404  171.02091  3.79%     -  120s
     0     0  171.00014    0 7967  164.77404  171.00014  3.78%     -  120s
     0     0  170.99748    0 8051  164.77404  170.99748  3.78%     -  120s
     0     0  170.99741    0 8071  164.77404  170.99741  3.78%     -  120s
     0     0  170.96207    0 8093  164.77404  170.96207  3.76%     -  121s
     0     0  170.96200    0 8045  164.77404  170.96200  3.76%     -  122s
     0     0  170.94938    0 8128  164.77404  170.94938  3.75%     -  123s
     0     0  170.94644    0 8112  164.77404  170.94644  3.75%     -  123s
     0     0  170.94593    0 8268  164.77404  170.94593  3.75%     -  123s
     0     0  170.93470    0 8216  164.77404  170.93470  3.74%     -  124s
     0     0  170.93470    0 8216  164.77404  170.93470  3.74%     -  124s
     0     0  170.93042    0 8318  164.77404  170.93042  3.74%     -  125s
     0     0  170.92984    0 8371  164.77404  170.92984  3.74%     -  125s
     0     0  170.92232    0 8275  164.77404  170.92232  3.73%     -  126s
     0     0  170.92226    0 8259  164.77404  170.92226  3.73%     -  126s
     0     0  170.90600    0 8294  164.77404  170.90600  3.72%     -  127s
     0     0  170.90411    0 8406  164.77404  170.90411  3.72%     -  128s
     0     0  170.90293    0 8404  164.77404  170.90293  3.72%     -  128s
     0     0  170.90289    0 8447  164.77404  170.90289  3.72%     -  128s
     0     0  170.89233    0 8341  164.77404  170.89233  3.71%     -  129s
     0     0  170.89094    0 8399  164.77404  170.89094  3.71%     -  130s
     0     0  170.89079    0 8440  164.77404  170.89079  3.71%     -  130s
     0     0  170.88718    0 8441  164.77404  170.88718  3.71%     -  130s
     0     0  170.88718    0 7360  164.77404  170.88718  3.71%     -  136s
     0     0  170.88718    0 5817  164.77404  170.88718  3.71%     -  145s
     0     0  170.88718    0 5836  164.77404  170.88718  3.71%     -  145s
     0     0  170.88718    0 5836  164.77404  170.88718  3.71%     -  145s
H    0     0                     164.9840040  170.88718  3.58%     -  146s
     0     0  170.88718    0 6471  164.98400  170.88718  3.58%     -  148s
     0     0  170.88718    0 6467  164.98400  170.88718  3.58%     -  148s
     0     0  170.88718    0 6923  164.98400  170.88718  3.58%     -  150s
     0     0  170.88718    0 7337  164.98400  170.88718  3.58%     -  151s
     0     0  170.84241    0 7492  164.98400  170.84241  3.55%     -  151s
     0     0  170.80120    0 7664  164.98400  170.80120  3.53%     -  151s
     0     0  170.79549    0 7737  164.98400  170.79549  3.52%     -  152s
     0     0  170.78392    0 7746  164.98400  170.78392  3.52%     -  152s
     0     0  170.76703    0 7812  164.98400  170.76703  3.51%     -  152s
     0     0  170.76684    0 7825  164.98400  170.76684  3.51%     -  152s
     0     0  170.76662    0 7828  164.98400  170.76662  3.50%     -  152s
     0     0  170.76662    0 7834  164.98400  170.76662  3.50%     -  152s
     0     0  170.74345    0 7935  164.98400  170.74345  3.49%     -  153s
     0     0  170.73309    0 8038  164.98400  170.73309  3.48%     -  154s
     0     0  170.73257    0 8020  164.98400  170.73257  3.48%     -  154s
     0     0  170.71723    0 8014  164.98400  170.71723  3.48%     -  155s
     0     0  170.71350    0 8076  164.98400  170.71350  3.47%     -  156s
     0     0  170.71332    0 8083  164.98400  170.71332  3.47%     -  156s
     0     0  170.69777    0 8128  164.98400  170.69777  3.46%     -  156s
     0     0  170.68906    0 8128  164.98400  170.68906  3.46%     -  157s
     0     0  170.68741    0 8128  164.98400  170.68741  3.46%     -  158s
     0     0  170.68706    0 8142  164.98400  170.68706  3.46%     -  158s
     0     0  170.67397    0 8157  164.98400  170.67397  3.45%     -  158s
     0     0  170.67263    0 8241  164.98400  170.67263  3.45%     -  159s
     0     0  170.67261    0 8252  164.98400  170.67261  3.45%     -  159s
     0     0  170.66700    0 8153  164.98400  170.66700  3.44%     -  160s
     0     0  170.66700    0 8144  164.98400  170.66700  3.44%     -  161s
     0     0  170.66504    0 8202  164.98400  170.66504  3.44%     -  162s
     0     0  170.66504    0 7303  164.98400  170.66504  3.44%     -  164s
     0     2  170.66397    0 7062  164.98400  170.66397  3.44%     -  170s

Cutting planes:
  Gomory: 30
  Cover: 11
  Clique: 314
  MIR: 44
  Zero half: 1148
  Relax-and-lift: 5

Explored 11 nodes (386692 simplex iterations) in 176.53 seconds (164.76 work units)
Thread count was 1 (of 16 available processors)

Solution count 10: 164.984 164.774 164.489 ... 159.094

Optimal solution found (tolerance 1.00e-04)
Best objective 1.649840040389e+02, best bound 1.649840040389e+02, gap 0.0000%

User-callback calls 20496, time in user-callback 19.14 sec
