
Gurobi 12.0.1 (win64) logging started Wed Dec 17 23:18:35 2025

Set parameter LogFile to value "data\dblrp\grb_log_ef_s10_ts0_f10_c10_r2.0_iss1_bt1_nsp2000_nse500_sd7.log"
Set parameter NodefileStart to value 0.5
Set parameter NodefileDir to value "node_files\s10_ts0"
Set parameter MIPGap to value 0.01
Set parameter TimeLimit to value 360
Set parameter Threads to value 1
Gurobi Optimizer version 12.0.1 build v12.0.1rc0 (win64 - Windows 11.0 (26100.2))

CPU model: Intel(R) Core(TM) i9-14900K, instruction set [SSE2|AVX|AVX2]
Thread count: 24 physical cores, 32 logical processors, using up to 1 threads

Non-default parameters:
TimeLimit  360
MIPGap  0.01
NodefileStart  0.5
Threads  1

Optimize a model with 7567701 rows, 2530910 columns and 21287510 nonzeros
Model fingerprint: 0xf04757ca
Variable types: 0 continuous, 2530910 integer (2520010 binary)
Coefficient statistics:
  Matrix range     [1e+00, 7e+01]
  Objective range  [1e+00, 1e+01]
  Bounds range     [1e+00, 4e+01]
  RHS range        [1e+00, 7e+01]
Presolve removed 7543030 rows and 2494370 columns
Presolve time: 2.14s
Presolved: 24671 rows, 36540 columns, 179758 nonzeros
Variable types: 0 continuous, 36540 integer (30928 binary)
Found heuristic solution: objective -20.0000000
Performing another presolve...
Presolve removed 20656 rows and 12248 columns
Presolve time: 0.48s

Root relaxation: objective 1.749840e+02, 11556 iterations, 0.23 seconds (0.55 work units)

    Nodes    |    Current Node    |     Objective Bounds      |     Work
 Expl Unexpl |  Obj  Depth IntInf | Incumbent    BestBd   Gap | It/Node Time

     0     0  174.98400    0  894  -20.00000  174.98400   975%     -    4s
     0     0  174.98400    0 1032  -20.00000  174.98400   975%     -    4s
     0     0  174.55137    0 1301  -20.00000  174.55137   973%     -    4s
     0     0  174.31853    0 1296  -20.00000  174.31853   972%     -    4s
     0     0  174.26495    0 1297  -20.00000  174.26495   971%     -    4s
     0     0  174.26210    0 1314  -20.00000  174.26210   971%     -    4s
     0     0  174.26210    0 1305  -20.00000  174.26210   971%     -    4s
H    0     0                      45.1991182  174.26210   286%     -    5s
H    0     0                      47.2518962  174.26210   269%     -    5s
H    0     0                      71.2795663  174.26210   144%     -    5s
H    0     0                     102.7016170  174.26210  69.7%     -    5s
H    0     0                     104.6663545  174.26210  66.5%     -    5s
H    0     0                     107.5287666  174.26210  62.1%     -    5s
H    0     0                     108.4604559  174.26210  60.7%     -    5s
H    0     0                     111.9842204  174.26210  55.6%     -    5s
     0     0  173.93392    0 1355  111.98422  173.93392  55.3%     -    6s
     0     0  173.92769    0 1362  111.98422  173.92769  55.3%     -    6s
     0     0  173.92769    0 1367  111.98422  173.92769  55.3%     -    6s
H    0     0                     112.5970715  173.76162  54.3%     -    6s
H    0     0                     117.4066169  173.76162  48.0%     -    6s
H    0     0                     118.6305323  173.76162  46.5%     -    6s
H    0     0                     119.1684992  173.76162  45.8%     -    6s
     0     0  173.71787    0 1344  119.16850  173.71787  45.8%     -    6s
     0     0  173.71704    0 1356  119.16850  173.71704  45.8%     -    6s
     0     0  173.71704    0 1350  119.16850  173.71704  45.8%     -    6s
     0     0  173.21150    0 1372  119.16850  173.21150  45.4%     -    6s
     0     0  173.19279    0 1358  119.16850  173.19279  45.3%     -    6s
     0     0  173.19048    0 1374  119.16850  173.19048  45.3%     -    6s
     0     0  173.19048    0 1372  119.16850  173.19048  45.3%     -    6s
     0     0  172.95196    0 1346  119.16850  172.95196  45.1%     -    6s
     0     0  172.95196    0 1346  119.16850  172.95196  45.1%     -    6s
H    0     0                     119.6949919  172.95196  44.5%     -    7s
H    0     0                     120.7447904  172.95196  43.2%     -    7s
     0     0  172.93566    0 1325  120.74479  172.93566  43.2%     -    7s
     0     0  172.71097    0 1339  120.74479  172.71097  43.0%     -    7s
     0     0  172.70398    0 1337  120.74479  172.70398  43.0%     -    7s
     0     0  172.68695    0 1349  120.74479  172.68695  43.0%     -    7s
     0     0  172.68603    0 1377  120.74479  172.68603  43.0%     -    7s
     0     0  172.68603    0 1375  120.74479  172.68603  43.0%     -    7s
     0     0  172.44011    0 1351  120.74479  172.44011  42.8%     -    7s
     0     0  172.44011    0 1347  120.74479  172.44011  42.8%     -    7s
H    0     0                     122.6490383  172.44011  40.6%     -    7s
     0     0  172.40512    0 1394  122.64904  172.40512  40.6%     -    7s
     0     0  172.40401    0 1407  122.64904  172.40401  40.6%     -    7s
     0     0  172.40227    0 1406  122.64904  172.40227  40.6%     -    7s
     0     0  172.09695    0 1490  122.64904  172.09695  40.3%     -    7s
     0     0  172.08509    0 1503  122.64904  172.08509  40.3%     -    7s
     0     0  172.08509    0 1502  122.64904  172.08509  40.3%     -    7s
     0     0  172.08073    0 1535  122.64904  172.08073  40.3%     -    7s
     0     0  172.08070    0 1553  122.64904  172.08070  40.3%     -    7s
     0     0  171.81140    0 1518  122.64904  171.81140  40.1%     -    7s
     0     0  171.80482    0 1514  122.64904  171.80482  40.1%     -    7s
     0     0  171.80482    0 1508  122.64904  171.80482  40.1%     -    7s
     0     0  171.80176    0 1512  122.64904  171.80176  40.1%     -    7s
     0     0  171.80176    0 1523  122.64904  171.80176  40.1%     -    7s
     0     0  171.59981    0 1544  122.64904  171.59981  39.9%     -    7s
H    0     0                     124.3965822  171.58582  37.9%     -    8s
H    0     0                     124.6456003  171.58582  37.7%     -    8s
H    0     0                     125.0998124  171.58582  37.2%     -    8s
H    0     0                     127.0040603  171.58582  35.1%     -    8s
H    0     0                     129.4462751  171.58582  32.6%     -    8s
H    0     0                     130.5107347  171.58582  31.5%     -    8s
H    0     0                     131.6426074  171.58582  30.3%     -    8s
H    0     0                     131.7849731  171.58582  30.2%     -    8s
H    0     0                     131.8884899  171.58582  30.1%     -    9s
     0     0  171.58582    0 1532  131.88849  171.58582  30.1%     -    9s
     0     0  171.58582    0 1537  131.88849  171.58582  30.1%     -    9s
     0     0  171.44006    0 1514  131.88849  171.44006  30.0%     -    9s
     0     0  171.44006    0 1504  131.88849  171.44006  30.0%     -    9s
     0     0  171.35717    0 1579  131.88849  171.35717  29.9%     -    9s
     0     0  171.35607    0 1588  131.88849  171.35607  29.9%     -    9s
     0     0  171.35607    0 1589  131.88849  171.35607  29.9%     -    9s
     0     0  171.31267    0 1582  131.88849  171.31267  29.9%     -    9s
     0     0  171.29204    0 1621  131.88849  171.29204  29.9%     -    9s
     0     0  171.29144    0 1653  131.88849  171.29144  29.9%     -    9s
     0     0  171.18799    0 1588  131.88849  171.18799  29.8%     -    9s
H    0     0                     131.9705641  171.18799  29.7%     -    9s
     0     0  171.18201    0 1618  131.97056  171.18201  29.7%     -    9s
     0     0  171.17942    0 1645  131.97056  171.17942  29.7%     -    9s
     0     0  171.17908    0 1653  131.97056  171.17908  29.7%     -    9s
     0     0  171.07414    0 1643  131.97056  171.07414  29.6%     -    9s
     0     0  171.06145    0 1672  131.97056  171.06145  29.6%     -    9s
     0     0  171.05646    0 1673  131.97056  171.05646  29.6%     -    9s
     0     0  171.04525    0 1715  131.97056  171.04525  29.6%     -    9s
     0     0  171.04073    0 1705  131.97056  171.04073  29.6%     -    9s
     0     0  171.04073    0 1708  131.97056  171.04073  29.6%     -    9s
     0     0  170.89329    0 1739  131.97056  170.89329  29.5%     -    9s
     0     0  170.89329    0 1734  131.97056  170.89329  29.5%     -    9s
     0     0  170.88774    0 1766  131.97056  170.88774  29.5%     -   10s
     0     0  170.88598    0 1793  131.97056  170.88598  29.5%     -   10s
     0     0  170.88598    0 1803  131.97056  170.88598  29.5%     -   10s
     0     0  170.71252    0 1730  131.97056  170.71252  29.4%     -   10s
     0     0  170.70462    0 1732  131.97056  170.70462  29.4%     -   10s
     0     0  170.70462    0 1744  131.97056  170.70462  29.4%     -   10s
     0     0  170.68319    0 1785  131.97056  170.68319  29.3%     -   10s
H    0     0                     132.4312912  170.68319  28.9%     -   10s
     0     0  170.67737    0 1799  132.43129  170.67737  28.9%     -   10s
     0     0  170.67677    0 1799  132.43129  170.67677  28.9%     -   10s
     0     0  170.65797    0 1785  132.43129  170.65797  28.9%     -   10s
     0     0  170.64002    0 1845  132.43129  170.64002  28.9%     -   10s
     0     0  170.63769    0 1851  132.43129  170.63769  28.8%     -   10s
     0     0  170.63756    0 1864  132.43129  170.63756  28.8%     -   10s
     0     0  170.53013    0 1843  132.43129  170.53013  28.8%     -   10s
     0     0  170.52815    0 1876  132.43129  170.52815  28.8%     -   10s
     0     0  170.52800    0 1867  132.43129  170.52800  28.8%     -   10s
     0     0  170.52065    0 1872  132.43129  170.52065  28.8%     -   10s
     0     0  170.51223    0 1740  132.43129  170.51223  28.8%     -   11s
     0     2  170.50587    0 1732  132.43129  170.50587  28.8%     -   11s
H  480   480                     135.9233045  163.18730  20.1%  36.8   13s
H  480   480                     137.4995957  163.18730  18.7%  36.8   13s
H  611   602                     147.3926804  163.18730  10.7%  31.5   13s
*  614   589             568     148.5245531  163.18730  9.87%  31.6   13s
   676   621  151.01584  418 1459  148.52455  163.11582  9.82%  29.3   17s
H  677   590                     149.0510459  163.11582  9.44%  29.3   18s
H  677   561                     149.4708348  163.11582  9.13%  29.3   18s
H  694   543                     151.8292947  163.11582  7.43%  28.6   19s
   696   544  161.34315   53 1737  151.82929  163.11582  7.43%  28.5   20s
H  727   533                     152.9642477  162.76304  6.41%  75.0   21s
H  760   529                     154.0961204  162.76304  5.62%  75.3   22s
H  808   536                     155.8580027  162.76304  4.43%  75.4   22s
  1365   761     cutoff  112       155.85800  162.74983  4.42%  69.6   25s
H 1828   902                     155.8580030  162.64343  4.35%  63.9   26s
  2634  1418  156.75140  148  190  155.85800  162.52599  4.28%  57.1   30s
  3576  2130  161.40664   36  541  155.85800  162.41419  4.21%  54.4   35s
H 4119  2295                     156.8040874  162.34496  3.53%  53.3   38s
  4302  2454  161.61556   27  646  156.80409  162.33765  3.53%  53.3   40s
  4946  2969  159.65228   30  611  156.80409  162.27168  3.49%  54.1   45s
  5485  3335  157.06402   33  552  156.80409  162.01118  3.32%  54.5   50s
  6115  3748  157.73744   49  565  156.80409  161.89329  3.25%  55.2   55s
  6847  4209  159.65611   48  583  156.80409  161.83328  3.21%  55.5   60s
  7527  4643  161.15370   37  681  156.80409  161.77969  3.17%  56.3   65s
  8284  5196  158.51338   77  487  156.80409  161.72841  3.14%  56.3   70s
H 8474  5299                     156.8040883  161.70759  3.13%  56.1   71s
H 8474  5299                     156.8040883  161.70759  3.13%  56.1   71s
  8994  5642  159.61409   30  575  156.80409  161.68827  3.11%  56.4   75s
  9580  5969  160.78255   50  533  156.80409  161.63533  3.08%  57.8   80s
 10203  6301  159.69471   28 1446  156.80409  161.59473  3.06%  57.3   95s
 10228  6318  161.04071   41 1596  156.80409  161.59473  3.06%  57.2  100s
 10254  6335  158.74853   37 1656  156.80409  161.59473  3.06%  57.0  105s
 10270  6346  160.09940   27 1765  156.80409  161.59473  3.06%  57.0  110s
 10288  6358  159.36046   42 1798  156.80409  161.59473  3.06%  56.9  115s
 10328  6384  161.04071   41 2065  156.80409  161.59473  3.06%  56.6  120s
 10362  6407  160.67181   63 2188  156.80409  161.59473  3.06%  56.5  125s
 10395  6429  161.06258   37 2157  156.80409  161.59473  3.06%  56.3  130s
 10426  6450  158.40738   91 2302  156.80409  161.59473  3.06%  56.1  135s
 10453  6468  161.29437   44 2300  156.80409  161.59473  3.06%  56.0  140s
 10482  6487  159.19170   59 2418  156.80409  161.59473  3.06%  55.8  145s
 10510  6506  158.65845  153 2499  156.80409  161.59473  3.06%  55.7  150s
 10534  6522  159.60317   57 2472  156.80409  161.59473  3.06%  55.5  155s
 10550  6532  159.26339   41 2442  156.80409  161.59473  3.06%  55.4  161s
 10635  6566  158.78909   71  516  156.80409  160.67498  2.47%  71.1  165s
 10890  6612  157.71214   63  433  156.80409  160.21792  2.18%  71.3  170s
 11120  6650  158.36302   42  523  156.80409  160.06106  2.08%  71.4  175s
 11472  6641  159.62767   39  672  156.80409  159.94672  2.00%  70.7  180s
 11965  6752  157.37479  117  134  156.80409  159.70624  1.85%  69.6  185s
 12467  6865  158.44737   38  425  156.80409  159.61513  1.79%  69.0  190s
 12926  6941  157.95778   59  389  156.80409  159.48175  1.71%  68.8  195s
 13554  7119  157.39182   50  440  156.80409  159.39786  1.65%  68.2  200s
 14148  7213  158.31681   46  631  156.80409  159.21128  1.54%  68.3  205s
 14847  7345  157.37479   81   91  156.80409  159.11695  1.48%  67.8  210s
 15358  7410  158.24132   33  686  156.80409  159.05331  1.43%  67.6  215s
 16012  7507  157.14436   58  379  156.80409  158.98106  1.39%  67.6  220s
 16644  7612  158.65560   43  576  156.80409  158.92116  1.35%  67.5  225s
 17375  7727  157.92310   52  391  156.80409  158.83891  1.30%  67.2  230s
 18074  7827  157.05337   50  229  156.80409  158.77544  1.26%  67.2  235s
 18766  7931  157.14436   62  394  156.80409  158.69784  1.21%  67.1  240s
 19501  8004  158.26864   47  539  156.80409  158.65063  1.18%  66.9  245s
 19759  8053  157.15314   50  371  156.80409  158.64248  1.17%  66.8  250s
 20404  8090  157.94820   45  305  156.80409  158.61151  1.15%  67.0  255s
 20916  8136  157.33244   52  368  156.80409  158.58052  1.13%  67.1  260s
 21641  8256  157.00791   64  233  156.80409  158.55209  1.11%  67.0  265s
 22464  8375  158.33454   44  411  156.80409  158.53978  1.11%  67.0  270s
 23191  8475  158.07418   46  333  156.80409  158.50918  1.09%  67.2  275s
 23970  8570  158.16025   57  347  156.80409  158.49138  1.08%  67.3  280s
 24701  8706  156.98332   84  244  156.80409  158.47732  1.07%  67.4  285s
 25474  8767  157.52512   50  284  156.80409  158.45188  1.05%  67.5  290s
 26083  8848  157.74939   45  344  156.80409  158.44316  1.05%  67.9  295s
 26779  8890  158.05483   51  427  156.80409  158.42636  1.03%  68.5  300s
 27570  8990  157.54654   60  216  156.80409  158.41116  1.02%  68.7  305s
 28359  9054  157.94051   50  256  156.80409  158.39592  1.02%  69.1  310s
 29093  9118  158.20537   42  383  156.80409  158.38190  1.01%  69.4  315s

Cutting planes:
  Gomory: 78
  Cover: 147
  Implied bound: 13
  Clique: 129
  MIR: 19
  StrongCG: 1
  Flow cover: 318
  GUB cover: 35
  Inf proof: 6
  Zero half: 772
  RLT: 2
  Relax-and-lift: 2

Explored 29703 nodes (2100463 simplex iterations) in 319.67 seconds (633.65 work units)
Thread count was 1 (of 32 available processors)

Solution count 10: 156.804 156.804 155.858 ... 148.525

Optimal solution found (tolerance 1.00e-02)
Warning: max constraint violation (5.7149e-06) exceeds tolerance
Best objective 1.568040883105e+02, best bound 1.583717522835e+02, gap 0.9998%

User-callback calls 152383, time in user-callback 3.87 sec
