
Gurobi 12.0.1 (win64) logging started Wed Dec 17 23:13:22 2025

Set parameter LogFile to value "data\dblrp\grb_log_nn_p_s10_ts0_f10_c10_r2.0_iss1_bt1_nsp2000_nse500_sd7.log"
Gurobi Optimizer version 12.0.1 build v12.0.1rc0 (win64 - Windows 11.0 (26100.2))

CPU model: Intel(R) Core(TM) i9-14900K, instruction set [SSE2|AVX|AVX2]
Thread count: 24 physical cores, 32 logical processors, using up to 1 threads

Non-default parameters:
TimeLimit  360
MIPGap  0.01
Threads  1

Optimize a model with 1931 rows, 1940 columns and 10900 nonzeros
Model fingerprint: 0x8a132657
Variable types: 1290 continuous, 650 integer (650 binary)
Coefficient statistics:
  Matrix range     [7e-04, 1e+05]
  Objective range  [1e-01, 1e+01]
  Bounds range     [1e+00, 1e+00]
  RHS range        [1e-01, 1e+05]
Found heuristic solution: objective 93.1439958
Presolve removed 1870 rows and 1870 columns
Presolve time: 0.01s
Presolved: 61 rows, 70 columns, 330 nonzeros
Variable types: 40 continuous, 30 integer (30 binary)

Root relaxation: objective 1.312457e+02, 37 iterations, 0.00 seconds (0.00 work units)

    Nodes    |    Current Node    |     Objective Bounds      |     Work
 Expl Unexpl |  Obj  Depth IntInf | Incumbent    BestBd   Gap | It/Node Time

     0     0  131.24569    0   10   93.14400  131.24569  40.9%     -    0s
H    0     0                     118.2377299  131.24569  11.0%     -    0s
     0     0     cutoff    0       118.23773  118.23773  0.00%     -    0s

Cutting planes:
  Relax-and-lift: 10

Explored 1 nodes (47 simplex iterations) in 0.01 seconds (0.01 work units)
Thread count was 1 (of 32 available processors)

Solution count 2: 118.238 93.144 

Optimal solution found (tolerance 1.00e-02)
Best objective 1.182377298679e+02, best bound 1.182377298679e+02, gap 0.0000%

User-callback calls 500, time in user-callback 0.00 sec
