
Gurobi 12.0.1 (win64) logging started Fri Jan 16 12:08:08 2026

Set parameter LogFile to value "data\dblrp\grb_log_lr_s30_ts0_f10_c10_r2.0_iss1_bt1_nsp10000_nse5000_sd7.log"
Gurobi Optimizer version 12.0.1 build v12.0.1rc0 (win64 - Windows 11.0 (26100.2))

CPU model: Intel(R) Core(TM) i9-14900K, instruction set [SSE2|AVX|AVX2]
Thread count: 24 physical cores, 32 logical processors, using up to 1 threads

Non-default parameters:
TimeLimit  360
MIPGap  0.01
Threads  1

Optimize a model with 30 rows, 40 columns and 330 nonzeros
Model fingerprint: 0x2b9619d0
Variable types: 30 continuous, 10 integer (10 binary)
Coefficient statistics:
  Matrix range     [1e-01, 3e+01]
  Objective range  [3e-02, 2e+01]
  Bounds range     [1e+00, 1e+00]
  RHS range        [2e+03, 2e+03]
Presolve removed 30 rows and 40 columns
Presolve time: 0.00s
Presolve: All rows and columns removed

Explored 0 nodes (0 simplex iterations) in 0.00 seconds (0.00 work units)
Thread count was 1 (of 32 available processors)

Solution count 1: 1673.5 

Optimal solution found (tolerance 1.00e-02)
Best objective 1.673502569914e+03, best bound 1.673502569914e+03, gap 0.0000%

User-callback calls 142, time in user-callback 0.00 sec

Gurobi 12.0.1 (win64) logging started Fri Jan 16 12:40:03 2026

Set parameter LogFile to value "data\dblrp\grb_log_lr_s30_ts0_f10_c10_r2.0_iss1_bt1_nsp10000_nse5000_sd7.log"
Gurobi Optimizer version 12.0.1 build v12.0.1rc0 (win64 - Windows 11.0 (26100.2))

CPU model: Intel(R) Core(TM) i9-14900K, instruction set [SSE2|AVX|AVX2]
Thread count: 24 physical cores, 32 logical processors, using up to 1 threads

Non-default parameters:
TimeLimit  360
MIPGap  0.01
Threads  1

Optimize a model with 30 rows, 40 columns and 330 nonzeros
Model fingerprint: 0xa8b48c4b
Variable types: 30 continuous, 10 integer (10 binary)
Coefficient statistics:
  Matrix range     [1e-01, 3e+01]
  Objective range  [3e-02, 2e+01]
  Bounds range     [1e+00, 1e+00]
  RHS range        [2e+03, 2e+03]
Presolve removed 30 rows and 40 columns
Presolve time: 0.00s
Presolve: All rows and columns removed

Explored 0 nodes (0 simplex iterations) in 0.00 seconds (0.00 work units)
Thread count was 1 (of 32 available processors)

Solution count 1: 1673.46 

Optimal solution found (tolerance 1.00e-02)
Best objective 1.673461256651e+03, best bound 1.673461256651e+03, gap 0.0000%

User-callback calls 142, time in user-callback 0.00 sec

Gurobi 12.0.1 (win64) logging started Fri Jan 16 12:49:18 2026

Set parameter LogFile to value "data\dblrp\grb_log_lr_s30_ts0_f10_c10_r2.0_iss1_bt1_nsp10000_nse5000_sd7.log"
Gurobi Optimizer version 12.0.1 build v12.0.1rc0 (win64 - Windows 11.0 (26100.2))

CPU model: Intel(R) Core(TM) i9-14900K, instruction set [SSE2|AVX|AVX2]
Thread count: 24 physical cores, 32 logical processors, using up to 1 threads

Non-default parameters:
TimeLimit  360
MIPGap  0.01
Threads  1

Optimize a model with 30 rows, 40 columns and 330 nonzeros
Model fingerprint: 0xe56217b4
Variable types: 30 continuous, 10 integer (10 binary)
Coefficient statistics:
  Matrix range     [1e-01, 3e+01]
  Objective range  [3e-02, 2e+01]
  Bounds range     [1e+00, 1e+00]
  RHS range        [2e+03, 2e+03]
Presolve removed 30 rows and 40 columns
Presolve time: 0.00s
Presolve: All rows and columns removed

Explored 0 nodes (0 simplex iterations) in 0.00 seconds (0.00 work units)
Thread count was 1 (of 32 available processors)

Solution count 1: 1673.73 

Optimal solution found (tolerance 1.00e-02)
Best objective 1.673728475701e+03, best bound 1.673728475701e+03, gap 0.0000%

User-callback calls 142, time in user-callback 0.00 sec
