
Gurobi 12.0.1 (win64) logging started Fri Jan 16 12:12:13 2026

Set parameter LogFile to value "data\dblrp\grb_log_ef_s30_ts0_f10_c10_r2.0_iss1_bt1_nsp10000_nse5000_sd7.log"
Set parameter NodefileStart to value 0.5
Set parameter NodefileDir to value "node_files\s30_ts0"
Set parameter MIPGap to value 0.01
Set parameter TimeLimit to value 7200
Set parameter Threads to value 1
Gurobi Optimizer version 12.0.1 build v12.0.1rc0 (win64 - Windows 11.0 (26100.2))

CPU model: Intel(R) Core(TM) i9-14900K, instruction set [SSE2|AVX|AVX2]
Thread count: 24 physical cores, 32 logical processors, using up to 1 threads

Non-default parameters:
TimeLimit  7200
MIPGap  0.01
NodefileStart  0.5
Threads  1

Optimize a model with 15135400 rows, 5061810 columns and 40181000 nonzeros
Model fingerprint: 0x654b10af
Variable types: 0 continuous, 5061810 integer (5040010 binary)
Coefficient statistics:
  Matrix range     [1e+00, 6e+01]
  Objective range  [5e-01, 2e+01]
  Bounds range     [1e+00, 3e+01]
  RHS range        [1e+00, 6e+01]
Presolve removed 15095561 rows and 5001921 columns
Presolve time: 4.56s
Presolved: 39839 rows, 59889 columns, 258500 nonzeros
Variable types: 0 continuous, 59889 integer (49306 binary)
Found heuristic solution: objective -200.0000000
Performing another presolve...
Presolve removed 27774 rows and 30029 columns
Presolve time: 0.91s

Root simplex log...

Iteration    Objective       Primal Inf.    Dual Inf.      Time
       0    3.8598976e+03   1.053189e+04   0.000000e+00      9s
   10572    9.8432063e+01   0.000000e+00   0.000000e+00      9s

Root relaxation: objective 9.843206e+01, 10572 iterations, 0.20 seconds (0.39 work units)
Total elapsed time = 9.07s (DegenMoves)

    Nodes    |    Current Node    |     Objective Bounds      |     Work
 Expl Unexpl |  Obj  Depth IntInf | Incumbent    BestBd   Gap | It/Node Time

     0     0   98.43206    0 1651 -200.00000   98.43206   149%     -    9s
     0     0   97.47727    0 1645 -200.00000   97.47727   149%     -    9s
H    0     0                      -0.0000000   97.47727      -     -    9s
H    0     0                       3.4654121   97.47727  2713%     -    9s
H    0     0                      20.1251723   97.47727   384%     -    9s
     0     0   88.19451    0 3567   20.12517   88.19451   338%     -   10s
     0     0   88.19451    0 3563   20.12517   88.19451   338%     -   10s
     0     0   88.19451    0 3565   20.12517   88.19451   338%     -   10s
H    0     0                      26.3719437   87.86577   233%     -   10s
     0     0   85.27788    0 3363   26.37194   85.27788   223%     -   10s
     0     0   85.21487    0 3350   26.37194   85.21487   223%     -   10s
     0     0   66.26617    0 3002   26.37194   66.26617   151%     -   11s
H    0     0                      26.8843934   66.25667   146%     -   11s
     0     0   64.04151    0 2659   26.88439   64.04151   138%     -   11s
     0     0   64.01196    0 3171   26.88439   64.01196   138%     -   11s
     0     0   64.01196    0 3177   26.88439   64.01196   138%     -   11s
     0     0   61.95625    0 3048   26.88439   61.95625   130%     -   11s
H    0     0                      27.1487196   61.95625   128%     -   12s
H    0     0                      27.8391901   61.95625   123%     -   12s
     0     0   61.76590    0 3139   27.83919   61.76590   122%     -   12s
     0     0   61.76590    0 3136   27.83919   61.76590   122%     -   12s
     0     0   61.76590    0 3132   27.83919   61.76590   122%     -   12s
     0     0   60.89223    0 3458   27.83919   60.89223   119%     -   12s
     0     0   60.64823    0 3029   27.83919   60.64823   118%     -   12s
H    0     0                      29.4952637   60.64823   106%     -   12s
     0     0   60.56124    0 3520   29.49526   60.56124   105%     -   13s
     0     0   60.37671    0 3100   29.49526   60.37671   105%     -   13s
     0     0   60.34506    0 3052   29.49526   60.34506   105%     -   13s
     0     0   60.34506    0 3061   29.49526   60.34506   105%     -   13s
     0     0   60.17908    0 3474   29.49526   60.17908   104%     -   13s
     0     0   60.13209    0 3448   29.49526   60.13209   104%     -   13s
     0     0   59.98195    0 3103   29.49526   59.98195   103%     -   13s
     0     0   59.74273    0 3121   29.49526   59.74273   103%     -   13s
     0     0   59.74073    0 3084   29.49526   59.74073   103%     -   13s
     0     0   59.61595    0 2592   29.49526   59.61595   102%     -   13s
     0     0   59.61595    0 2589   29.49526   59.61595   102%     -   13s
     0     0   59.40213    0 2760   29.49526   59.40213   101%     -   13s
     0     0   59.24300    0 2314   29.49526   59.24300   101%     -   13s
     0     0   59.24300    0 2331   29.49526   59.24300   101%     -   13s
     0     0   59.24300    0 2314   29.49526   59.24300   101%     -   13s
     0     0   59.24300    0 2390   29.49526   59.24300   101%     -   13s
     0     0   59.13648    0 3615   29.49526   59.13648   100%     -   14s
     0     0   59.13648    0 3591   29.49526   59.13648   100%     -   14s
     0     0   58.83705    0 2450   29.49526   58.83705  99.5%     -   14s
     0     0   58.83705    0 2502   29.49526   58.83705  99.5%     -   14s
     0     0   58.35803    0 4327   29.49526   58.35803  97.9%     -   14s
     0     0   58.34424    0 4300   29.49526   58.34424  97.8%     -   14s
     0     0   58.28961    0 4244   29.49526   58.28961  97.6%     -   14s
     0     0   58.28297    0 4347   29.49526   58.28297  97.6%     -   14s
     0     0   58.04579    0 4064   29.49526   58.04579  96.8%     -   14s
     0     0   58.01935    0 4623   29.49526   58.01935  96.7%     -   15s
     0     0   57.99589    0 2862   29.49526   57.99589  96.6%     -   15s
     0     0   57.99407    0 4513   29.49526   57.99407  96.6%     -   15s
     0     0   57.99407    0 4484   29.49526   57.99407  96.6%     -   15s
     0     0   57.86640    0 4127   29.49526   57.86640  96.2%     -   15s
     0     0   57.86545    0 4098   29.49526   57.86545  96.2%     -   15s
     0     0   57.86545    0 4125   29.49526   57.86545  96.2%     -   15s
     0     0   57.69813    0 4599   29.49526   57.69813  95.6%     -   15s
     0     0   57.69607    0 4572   29.49526   57.69607  95.6%     -   15s
     0     0   57.58477    0 4541   29.49526   57.58477  95.2%     -   15s
     0     0   57.58157    0 4552   29.49526   57.58157  95.2%     -   15s
     0     0   57.36844    0 3559   29.49526   57.36844  94.5%     -   15s
     0     0   57.36655    0 3454   29.49526   57.36655  94.5%     -   15s
     0     0   56.80161    0 3243   29.49526   56.80161  92.6%     -   16s
     0     0   56.58709    0 4647   29.49526   56.58709  91.9%     -   16s
     0     0   56.58709    0 4624   29.49526   56.58709  91.9%     -   16s
     0     0   56.57121    0 4697   29.49526   56.57121  91.8%     -   16s
     0     0   56.43123    0 2962   29.49526   56.43123  91.3%     -   16s
     0     0   56.41175    0 2941   29.49526   56.41175  91.3%     -   16s
     0     0   55.94436    0 4602   29.49526   55.94436  89.7%     -   16s
     0     0   55.92139    0 3132   29.49526   55.92139  89.6%     -   16s
     0     0   55.91729    0 3048   29.49526   55.91729  89.6%     -   17s
     0     0   55.12490    0 4118   29.49526   55.12490  86.9%     -   17s
     0     0   55.12490    0 4087   29.49526   55.12490  86.9%     -   17s
     0     0   54.99221    0 3508   29.49526   54.99221  86.4%     -   17s
     0     0   54.99221    0 3291   29.49526   54.99221  86.4%     -   17s
     0     0   54.99221    0 3407   29.49526   54.99221  86.4%     -   17s
     0     0   54.95648    0 3456   29.49526   54.95648  86.3%     -   17s
     0     0   54.95648    0 2131   29.49526   54.95648  86.3%     -   18s
     0     2   54.95191    0 1965   29.49526   54.95191  86.3%     -   18s
   191    76   36.64134  138  349   29.49526   54.15941  83.6%  47.1   20s
   817   356   38.50382   13 1210   29.49526   43.00298  45.8%  19.4   25s
   851   379   34.69870  212 2063   29.49526   43.00298  45.8%  18.7   30s
   887   403   34.02868  227 2255   29.49526   43.00298  45.8%  17.9   35s
   908   418   36.64134  132 1164   29.49526   42.91509  45.5%   129   40s
   939   440   36.70580   50 1046   29.49526   42.74224  44.9%   174   45s
   988   473   36.16354   90 1770   29.49526   42.15093  42.9%   165   50s

Cutting planes:
  Learned: 1
  Gomory: 18
  Cover: 294
  Implied bound: 95
  Projected implied bound: 2
  Clique: 95
  MIR: 39
  StrongCG: 25
  Flow cover: 317
  GUB cover: 78
  Zero half: 109
  RLT: 52
  Relax-and-lift: 75
  BQP: 1

Explored 1007 nodes (297082 simplex iterations) in 53.31 seconds (101.53 work units)
Thread count was 1 (of 32 available processors)

Solution count 10: 29.4953 29.4953 29.4953 ... 27.1487

Optimal solution found (tolerance 1.00e-02)
Best objective 2.949526370284e+01, best bound 2.949526370284e+01, gap 0.0000%

User-callback calls 13184, time in user-callback 3.19 sec
