
Gurobi 12.0.1 (win64) logging started Fri Jan 16 11:59:14 2026

Set parameter LogFile to value "data\dblrp\grb_log_lr_s20_ts0_f10_c10_r2.0_iss1_bt1_nsp10000_nse5000_sd7.log"
Gurobi Optimizer version 12.0.1 build v12.0.1rc0 (win64 - Windows 11.0 (26100.2))

CPU model: Intel(R) Core(TM) i9-14900K, instruction set [SSE2|AVX|AVX2]
Thread count: 24 physical cores, 32 logical processors, using up to 1 threads

Non-default parameters:
TimeLimit  360
MIPGap  0.01
Threads  1

Optimize a model with 20 rows, 30 columns and 220 nonzeros
Model fingerprint: 0x2da35fff
Variable types: 20 continuous, 10 integer (10 binary)
Coefficient statistics:
  Matrix range     [1e-01, 3e+01]
  Objective range  [5e-02, 2e+01]
  Bounds range     [1e+00, 1e+00]
  RHS range        [2e+03, 2e+03]
Presolve removed 20 rows and 30 columns
Presolve time: 0.09s
Presolve: All rows and columns removed

Explored 0 nodes (0 simplex iterations) in 0.09 seconds (0.00 work units)
Thread count was 1 (of 32 available processors)

Solution count 1: 1673.41 

Optimal solution found (tolerance 1.00e-02)
Best objective 1.673413767786e+03, best bound 1.673413767786e+03, gap 0.0000%

User-callback calls 142, time in user-callback 0.00 sec

Gurobi 12.0.1 (win64) logging started Fri Jan 16 12:36:51 2026

Set parameter LogFile to value "data\dblrp\grb_log_lr_s20_ts0_f10_c10_r2.0_iss1_bt1_nsp10000_nse5000_sd7.log"
Gurobi Optimizer version 12.0.1 build v12.0.1rc0 (win64 - Windows 11.0 (26100.2))

CPU model: Intel(R) Core(TM) i9-14900K, instruction set [SSE2|AVX|AVX2]
Thread count: 24 physical cores, 32 logical processors, using up to 1 threads

Non-default parameters:
TimeLimit  360
MIPGap  0.01
Threads  1

Optimize a model with 20 rows, 30 columns and 220 nonzeros
Model fingerprint: 0x4b3227f8
Variable types: 20 continuous, 10 integer (10 binary)
Coefficient statistics:
  Matrix range     [1e-01, 3e+01]
  Objective range  [5e-02, 2e+01]
  Bounds range     [1e+00, 1e+00]
  RHS range        [2e+03, 2e+03]
Presolve removed 20 rows and 30 columns
Presolve time: 0.00s
Presolve: All rows and columns removed

Explored 0 nodes (0 simplex iterations) in 0.00 seconds (0.00 work units)
Thread count was 1 (of 32 available processors)

Solution count 1: 1673.8 

Optimal solution found (tolerance 1.00e-02)
Best objective 1.673798680045e+03, best bound 1.673798680045e+03, gap 0.0000%

User-callback calls 142, time in user-callback 0.00 sec

Gurobi 12.0.1 (win64) logging started Fri Jan 16 12:47:23 2026

Set parameter LogFile to value "data\dblrp\grb_log_lr_s20_ts0_f10_c10_r2.0_iss1_bt1_nsp10000_nse5000_sd7.log"
Gurobi Optimizer version 12.0.1 build v12.0.1rc0 (win64 - Windows 11.0 (26100.2))

CPU model: Intel(R) Core(TM) i9-14900K, instruction set [SSE2|AVX|AVX2]
Thread count: 24 physical cores, 32 logical processors, using up to 1 threads

Non-default parameters:
TimeLimit  360
MIPGap  0.01
Threads  1

Optimize a model with 20 rows, 30 columns and 220 nonzeros
Model fingerprint: 0xb0661d20
Variable types: 20 continuous, 10 integer (10 binary)
Coefficient statistics:
  Matrix range     [1e-01, 3e+01]
  Objective range  [5e-02, 2e+01]
  Bounds range     [1e+00, 1e+00]
  RHS range        [2e+03, 2e+03]
Presolve removed 20 rows and 30 columns
Presolve time: 0.00s
Presolve: All rows and columns removed

Explored 0 nodes (0 simplex iterations) in 0.00 seconds (0.00 work units)
Thread count was 1 (of 32 available processors)

Solution count 1: 1673.37 

Optimal solution found (tolerance 1.00e-02)
Best objective 1.673371368776e+03, best bound 1.673371368776e+03, gap 0.0000%

User-callback calls 142, time in user-callback 0.00 sec

Gurobi 12.0.1 (win64) logging started Fri Jan 16 12:55:19 2026

Set parameter LogFile to value "data\dblrp\grb_log_lr_s20_ts0_f10_c10_r2.0_iss1_bt1_nsp10000_nse5000_sd7.log"
Gurobi Optimizer version 12.0.1 build v12.0.1rc0 (win64 - Windows 11.0 (26100.2))

CPU model: Intel(R) Core(TM) i9-14900K, instruction set [SSE2|AVX|AVX2]
Thread count: 24 physical cores, 32 logical processors, using up to 1 threads

Non-default parameters:
TimeLimit  360
MIPGap  0.01
Threads  1

Optimize a model with 20 rows, 30 columns and 220 nonzeros
Model fingerprint: 0xb963efb3
Variable types: 20 continuous, 10 integer (10 binary)
Coefficient statistics:
  Matrix range     [1e-01, 3e+01]
  Objective range  [5e-02, 2e+01]
  Bounds range     [1e+00, 1e+00]
  RHS range        [2e+03, 2e+03]
Presolve removed 20 rows and 30 columns
Presolve time: 0.00s
Presolve: All rows and columns removed

Explored 0 nodes (0 simplex iterations) in 0.00 seconds (0.00 work units)
Thread count was 1 (of 32 available processors)

Solution count 1: 1673.8 

Optimal solution found (tolerance 1.00e-02)
Best objective 1.673798031849e+03, best bound 1.673798031849e+03, gap 0.0000%

User-callback calls 142, time in user-callback 0.00 sec

Gurobi 12.0.1 (win64) logging started Fri Jan 16 13:05:34 2026

Set parameter LogFile to value "data\dblrp\grb_log_lr_s20_ts0_f10_c10_r2.0_iss1_bt1_nsp10000_nse5000_sd7.log"
Gurobi Optimizer version 12.0.1 build v12.0.1rc0 (win64 - Windows 11.0 (26100.2))

CPU model: Intel(R) Core(TM) i9-14900K, instruction set [SSE2|AVX|AVX2]
Thread count: 24 physical cores, 32 logical processors, using up to 1 threads

Non-default parameters:
TimeLimit  360
MIPGap  0.01
Threads  1

Optimize a model with 20 rows, 30 columns and 220 nonzeros
Model fingerprint: 0x1d54e66e
Variable types: 20 continuous, 10 integer (10 binary)
Coefficient statistics:
  Matrix range     [1e-01, 3e+01]
  Objective range  [5e-02, 2e+01]
  Bounds range     [1e+00, 1e+00]
  RHS range        [2e+03, 2e+03]
Presolve removed 20 rows and 30 columns
Presolve time: 0.00s
Presolve: All rows and columns removed

Explored 0 nodes (0 simplex iterations) in 0.00 seconds (0.00 work units)
Thread count was 1 (of 32 available processors)

Solution count 1: 1677.65 

Optimal solution found (tolerance 1.00e-02)
Best objective 1.677652124891e+03, best bound 1.677652124891e+03, gap 0.0000%

User-callback calls 142, time in user-callback 0.00 sec
