
Gurobi 12.0.1 (win64) logging started Tue Dec  2 17:56:57 2025

Set parameter LogFile to value "data\dblrp\grb_log_ef_s50_ts0_f10_c10_r2.0_iss1_bt1_nsp5000_nse1000_sd7.log"
Set parameter NodefileStart to value 0.5
Set parameter NodefileDir to value "node_files\s50_ts0"
Set parameter MIPGap to value 0.0001
Set parameter TimeLimit to value 3600
Set parameter Threads to value 1
Gurobi Optimizer version 12.0.1 build v12.0.1rc0 (win64 - Windows 11.0 (26100.2))

CPU model: Intel(R) Core(TM) i9-14900K, instruction set [SSE2|AVX|AVX2]
Thread count: 24 physical cores, 32 logical processors, using up to 1 threads

Non-default parameters:
TimeLimit  3600
NodefileStart  0.5
Threads  1

Optimize a model with 37838500 rows, 12654510 columns and 106437500 nonzeros
Model fingerprint: 0x90c738e2
Variable types: 0 continuous, 12654510 integer (12600010 binary)
Coefficient statistics:
  Matrix range     [1e+00, 7e+01]
  Objective range  [2e-01, 1e+01]
  Bounds range     [1e+00, 4e+01]
  RHS range        [1e+00, 7e+01]
Presolve removed 700000 rows and 19500 columns (presolve time = 5s)...
Presolve removed 37622335 rows and 12381071 columns (presolve time = 10s)...
Presolve removed 37716378 rows and 12473078 columns
Presolve time: 12.97s
Presolved: 122122 rows, 181432 columns, 891912 nonzeros
Variable types: 0 continuous, 181432 integer (153462 binary)
Found heuristic solution: objective -100.0000000
Performing another presolve...
Presolve removed 102222 rows and 61437 columns
Presolve time: 3.16s

Root simplex log...

Iteration    Objective       Primal Inf.    Dual Inf.      Time
       0    9.0521886e+03   5.741688e+04   0.000000e+00     26s
   64282    1.7704317e+02   0.000000e+00   0.000000e+00     28s

Root relaxation: objective 1.770432e+02, 64282 iterations, 2.56 seconds (6.37 work units)
Total elapsed time = 28.47s (DegenMoves)

    Nodes    |    Current Node    |     Objective Bounds      |     Work
 Expl Unexpl |  Obj  Depth IntInf | Incumbent    BestBd   Gap | It/Node Time

     0     0  177.04317    0 6201 -100.00000  177.04317   277%     -   29s
     0     0  175.14943    0 6322 -100.00000  175.14943   275%     -   30s
     0     0  173.34562    0 6262 -100.00000  173.34562   273%     -   31s
     0     0  173.28686    0 6245 -100.00000  173.28686   273%     -   31s
     0     0  173.28297    0 6241 -100.00000  173.28297   273%     -   31s
     0     0  173.28297    0 6240 -100.00000  173.28297   273%     -   31s
H    0     0                      -0.0000000  173.28297      -     -   32s
H    0     0                       2.2640708  173.28297  7554%     -   32s
H    0     0                      22.5573629  173.28297   668%     -   33s
H    0     0                      76.6036443  173.28297   126%     -   33s
H    0     0                      86.6036443  173.28297   100%     -   34s
H    0     0                     118.4807305  173.28297  46.3%     -   35s
H    0     0                     146.4392976  173.28297  18.3%     -   36s
H    0     0                     148.0836555  173.28297  17.0%     -   36s
H    0     0                     148.1492468  173.28297  17.0%     -   37s
H    0     0                     148.8824728  173.28297  16.4%     -   37s
H    0     0                     150.1102226  173.28297  15.4%     -   38s
H    0     0                     150.1956114  173.28297  15.4%     -   39s
H    0     0                     150.3901231  173.28297  15.2%     -   39s
H    0     0                     150.5764610  173.28297  15.1%     -   40s
H    0     0                     152.6198933  173.28297  13.5%     -   40s
     0     0  172.89061    0 6462  152.61989  172.89061  13.3%     -   41s
     0     0  172.84681    0 6382  152.61989  172.84681  13.3%     -   41s
     0     0  172.84244    0 6370  152.61989  172.84244  13.3%     -   41s
     0     0  172.84103    0 6372  152.61989  172.84103  13.2%     -   41s
H    0     0                     154.5412596  172.81952  11.8%     -   42s
H    0     0                     154.9606583  172.81952  11.5%     -   43s
H    0     0                     155.8950113  172.81952  10.9%     -   44s
H    0     0                     156.3313455  172.81952  10.5%     -   44s
H    0     0                     156.6837220  172.81952  10.3%     -   45s
     0     0  172.81952    0 6378  156.68372  172.81952  10.3%     -   45s
     0     0  172.39383    0 6683  156.68372  172.39383  10.0%     -   46s
     0     0  172.39309    0 6663  156.68372  172.39309  10.0%     -   46s
H    0     0                     158.0816084  172.39309  9.05%     -   46s
H    0     0                     158.1771038  172.39309  8.99%     -   47s
     0     0  172.36708    0 6664  158.17710  172.36708  8.97%     -   47s
     0     0  172.36708    0 6661  158.17710  172.36708  8.97%     -   47s
     0     0  172.36708    0 6657  158.17710  172.36708  8.97%     -   47s
     0     0  172.36708    0 6659  158.17710  172.36708  8.97%     -   47s
     0     0  172.20438    0 6782  158.17710  172.20438  8.87%     -   48s
     0     0  172.19937    0 6758  158.17710  172.19937  8.86%     -   48s
H    0     0                     158.6724176  172.19937  8.53%     -   49s
H    0     0                     158.9292986  172.19937  8.35%     -   49s
H    0     0                     158.9577718  172.19937  8.33%     -   50s
H    0     0                     159.0247941  172.19937  8.28%     -   50s
     0     0  172.19747    0 6800  159.02479  172.19747  8.28%     -   51s
     0     0  172.19747    0 6793  159.02479  172.19747  8.28%     -   51s
     0     0  172.09027    0 6858  159.02479  172.09027  8.22%     -   51s
     0     0  172.09027    0 6873  159.02479  172.09027  8.22%     -   51s
H    0     0                     159.4964863  172.09027  7.90%     -   52s
H    0     0                     159.9849293  172.09027  7.57%     -   53s
     0     0  172.04278    0 6974  159.98493  172.04278  7.54%     -   53s
     0     0  172.03832    0 6973  159.98493  172.03832  7.53%     -   53s
     0     0  172.03726    0 6950  159.98493  172.03726  7.53%     -   53s
     0     0  172.03726    0 6951  159.98493  172.03726  7.53%     -   53s
     0     0  172.03726    0 6966  159.98493  172.03726  7.53%     -   53s
     0     0  171.85758    0 7065  159.98493  171.85758  7.42%     -   54s
     0     0  171.85653    0 7011  159.98493  171.85653  7.42%     -   54s
     0     0  171.85649    0 7012  159.98493  171.85649  7.42%     -   54s
H    0     0                     160.2702832  171.85649  7.23%     -   55s
     0     0  171.84506    0 6983  160.27028  171.84506  7.22%     -   55s
     0     0  171.84427    0 6989  160.27028  171.84427  7.22%     -   55s
     0     0  171.84409    0 7017  160.27028  171.84409  7.22%     -   56s
     0     0  171.77480    0 7104  160.27028  171.77480  7.18%     -   56s
     0     0  171.77480    0 7096  160.27028  171.77480  7.18%     -   56s
H    0     0                     160.4966577  171.77480  7.03%     -   57s
H    0     0                     160.9494068  171.77480  6.73%     -   58s
H    0     0                     161.2646650  171.77480  6.52%     -   59s
H    0     0                     161.5500192  171.77480  6.33%     -   59s
H    0     0                     162.6091704  171.77480  5.64%     -   60s
H    0     0                     163.1962936  171.77480  5.26%     -   61s
H    0     0                     163.4062532  171.77480  5.12%     -   62s
H    0     0                     163.9769615  171.77480  4.76%     -   63s
H    0     0                     164.2033361  171.77480  4.61%     -   64s
H    0     0                     164.4886902  171.77480  4.43%     -   65s
H    0     0                     164.7740443  171.77480  4.25%     -   66s
H    0     0                     164.9840040  171.77480  4.12%     -   68s
     0     0  171.74161    0 7321  164.98400  171.74161  4.10%     -   68s
     0     0  171.74161    0 7315  164.98400  171.74161  4.10%     -   68s
     0     0  171.74059    0 7302  164.98400  171.74059  4.10%     -   68s
     0     0  171.73968    0 7299  164.98400  171.73968  4.09%     -   68s
     0     0  171.73943    0 7296  164.98400  171.73943  4.09%     -   68s
     0     0  171.67046    0 7380  164.98400  171.67046  4.05%     -   69s
     0     0  171.67046    0 7378  164.98400  171.67046  4.05%     -   69s
     0     0  171.63696    0 7345  164.98400  171.63696  4.03%     -   69s
     0     0  171.63696    0 7337  164.98400  171.63696  4.03%     -   69s
     0     0  171.63597    0 7345  164.98400  171.63597  4.03%     -   70s
     0     0  171.63595    0 7332  164.98400  171.63595  4.03%     -   70s
     0     0  171.55298    0 7344  164.98400  171.55298  3.98%     -   70s
     0     0  171.55298    0 7332  164.98400  171.55298  3.98%     -   70s
     0     0  171.55298    0 7329  164.98400  171.55298  3.98%     -   70s
     0     0  171.52463    0 7394  164.98400  171.52463  3.96%     -   71s
     0     0  171.52446    0 7415  164.98400  171.52446  3.96%     -   71s
     0     0  171.45396    0 7561  164.98400  171.45396  3.92%     -   71s
     0     0  171.45383    0 7528  164.98400  171.45383  3.92%     -   71s
     0     0  171.44148    0 7577  164.98400  171.44148  3.91%     -   72s
     0     0  171.44148    0 7572  164.98400  171.44148  3.91%     -   72s
     0     0  171.43947    0 7648  164.98400  171.43947  3.91%     -   72s
     0     0  171.43846    0 7698  164.98400  171.43846  3.91%     -   72s
     0     0  171.43845    0 7718  164.98400  171.43845  3.91%     -   72s
     0     0  171.34072    0 7609  164.98400  171.34072  3.85%     -   72s
     0     0  171.34072    0 7590  164.98400  171.34072  3.85%     -   72s
     0     0  171.33256    0 7638  164.98400  171.33256  3.85%     -   73s
     0     0  171.33256    0 7640  164.98400  171.33256  3.85%     -   73s
     0     0  171.33176    0 7667  164.98400  171.33176  3.85%     -   73s
     0     0  171.33161    0 7716  164.98400  171.33161  3.85%     -   73s
     0     0  171.29250    0 7797  164.98400  171.29250  3.82%     -   73s
     0     0  171.29250    0 7798  164.98400  171.29250  3.82%     -   73s
     0     0  171.28286    0 7848  164.98400  171.28286  3.82%     -   74s
     0     0  171.28286    0 7847  164.98400  171.28286  3.82%     -   74s
     0     0  171.27647    0 7870  164.98400  171.27647  3.81%     -   74s
     0     0  171.27645    0 7946  164.98400  171.27645  3.81%     -   74s
     0     0  171.25416    0 7842  164.98400  171.25416  3.80%     -   75s
     0     0  171.23884    0 8002  164.98400  171.23884  3.79%     -   75s
     0     0  171.23741    0 8088  164.98400  171.23741  3.79%     -   75s
     0     0  171.23738    0 8087  164.98400  171.23738  3.79%     -   75s
     0     0  171.21018    0 7900  164.98400  171.21018  3.77%     -   76s
     0     0  171.21018    0 7902  164.98400  171.21018  3.77%     -   76s
     0     0  171.20279    0 8087  164.98400  171.20279  3.77%     -   76s
     0     0  171.20279    0 8089  164.98400  171.20279  3.77%     -   76s
     0     0  171.20260    0 8145  164.98400  171.20260  3.77%     -   76s
     0     0  171.18936    0 8117  164.98400  171.18936  3.76%     -   77s
     0     0  171.18936    0 8112  164.98400  171.18936  3.76%     -   77s
     0     0  171.18179    0 8246  164.98400  171.18179  3.76%     -   77s
     0     0  171.17824    0 8208  164.98400  171.17824  3.75%     -   77s
     0     0  171.17768    0 8283  164.98400  171.17768  3.75%     -   77s
     0     0  171.16365    0 8178  164.98400  171.16365  3.75%     -   78s
     0     0  171.16057    0 8300  164.98400  171.16057  3.74%     -   78s
     0     0  171.16032    0 8230  164.98400  171.16032  3.74%     -   78s
     0     0  171.13951    0 8224  164.98400  171.13951  3.73%     -   79s
     0     0  171.13764    0 7001  164.98400  171.13764  3.73%     -   79s
     0     0  171.13764    0 6998  164.98400  171.13764  3.73%     -   79s
     0     0  171.13731    0 8271  164.98400  171.13731  3.73%     -   79s
     0     0  171.11729    0 8169  164.98400  171.11729  3.72%     -   80s
     0     0  171.11388    0 8323  164.98400  171.11388  3.72%     -   80s
     0     0  171.11359    0 8314  164.98400  171.11359  3.72%     -   80s
     0     0  171.07507    0 8264  164.98400  171.07507  3.69%     -   81s
     0     0  171.07507    0 8260  164.98400  171.07507  3.69%     -   81s
     0     0  171.07062    0 8400  164.98400  171.07062  3.69%     -   81s
     0     0  171.06982    0 8305  164.98400  171.06982  3.69%     -   82s
     0     0  171.06981    0 8357  164.98400  171.06981  3.69%     -   82s
     0     0  171.03552    0 8260  164.98400  171.03552  3.67%     -   82s
     0     0  171.03150    0 8248  164.98400  171.03150  3.67%     -   83s
     0     0  171.03066    0 8313  164.98400  171.03066  3.66%     -   83s
     0     0  171.03056    0 8419  164.98400  171.03056  3.66%     -   83s
     0     0  171.00857    0 8350  164.98400  171.00857  3.65%     -   84s
     0     0  171.00501    0 8496  164.98400  171.00501  3.65%     -   84s
     0     0  171.00477    0 8659  164.98400  171.00477  3.65%     -   84s
     0     0  170.98879    0 8541  164.98400  170.98879  3.64%     -   85s
     0     0  170.98817    0 8555  164.98400  170.98817  3.64%     -   85s
     0     0  170.98030    0 8581  164.98400  170.98030  3.63%     -   86s
     0     0  170.97685    0 8701  164.98400  170.97685  3.63%     -   86s
     0     0  170.97665    0 8755  164.98400  170.97665  3.63%     -   86s
     0     0  170.97175    0 8743  164.98400  170.97175  3.63%     -   87s
     0     0  170.97171    0 8768  164.98400  170.97171  3.63%     -   87s
     0     0  170.96724    0 8664  164.98400  170.96724  3.63%     -   88s
     0     0  170.96724    0 7657  164.98400  170.96724  3.63%     -   90s
     0     0  170.96724    0 5903  164.98400  170.96724  3.63%     -   94s
     0     0  170.96724    0 6706  164.98400  170.96724  3.63%     -   96s
     0     0  170.96724    0 7150  164.98400  170.96724  3.63%     -   97s
     0     0  170.96724    0 6355  164.98400  170.96724  3.63%     -   97s
     0     0  170.87725    0 6431  164.98400  170.87725  3.57%     -   97s
     0     0  170.84952    0 6497  164.98400  170.84952  3.56%     -   98s
     0     0  170.82868    0 6564  164.98400  170.82868  3.54%     -   98s
     0     0  170.82218    0 6617  164.98400  170.82218  3.54%     -   98s
     0     0  170.82204    0 6653  164.98400  170.82204  3.54%     -   98s
     0     0  170.67035    0 6747  164.98400  170.67035  3.45%     -   99s
     0     0  170.66257    0 6829  164.98400  170.66257  3.44%     -   99s
     0     0  170.66231    0 6809  164.98400  170.66231  3.44%     -   99s
     0     0  170.63550    0 6842  164.98400  170.63550  3.43%     -  100s
     0     0  170.62651    0 8106  164.98400  170.62651  3.42%     -  100s
     0     0  170.62637    0 8161  164.98400  170.62637  3.42%     -  100s
     0     0  170.61229    0 8112  164.98400  170.61229  3.41%     -  100s
     0     0  170.61153    0 8210  164.98400  170.61153  3.41%     -  101s
     0     0  170.61008    0 8158  164.98400  170.61008  3.41%     -  101s
     0     0  170.61008    0 8157  164.98400  170.61008  3.41%     -  101s
     0     0  170.59864    0 8267  164.98400  170.59864  3.40%     -  101s
     0     0  170.59737    0 8288  164.98400  170.59737  3.40%     -  102s
     0     0  170.59737    0 8346  164.98400  170.59737  3.40%     -  102s
     0     0  170.59054    0 8344  164.98400  170.59054  3.40%     -  102s
     0     0  170.58867    0 8394  164.98400  170.58867  3.40%     -  103s
     0     0  170.58798    0 8421  164.98400  170.58798  3.40%     -  103s
     0     0  170.58133    0 8309  164.98400  170.58133  3.39%     -  104s
     0     0  170.58095    0 8449  164.98400  170.58095  3.39%     -  104s
     0     0  170.56886    0 8454  164.98400  170.56886  3.39%     -  105s
     0     0  170.56581    0 8613  164.98400  170.56581  3.38%     -  105s
     0     0  170.56440    0 8604  164.98400  170.56440  3.38%     -  105s
     0     0  170.56440    0 8607  164.98400  170.56440  3.38%     -  105s
     0     0  170.55937    0 8556  164.98400  170.55937  3.38%     -  105s
     0     0  170.54810    0 8545  164.98400  170.54810  3.37%     -  106s
     0     0  170.54734    0 8613  164.98400  170.54734  3.37%     -  106s
     0     0  170.53802    0 8607  164.98400  170.53802  3.37%     -  106s
     0     0  170.53557    0 8654  164.98400  170.53557  3.36%     -  107s
     0     0  170.53517    0 8683  164.98400  170.53517  3.36%     -  107s
     0     0  170.52628    0 8495  164.98400  170.52628  3.36%     -  107s
     0     0  170.52509    0 8584  164.98400  170.52509  3.36%     -  108s
     0     0  170.52498    0 8657  164.98400  170.52498  3.36%     -  108s
     0     0  170.51533    0 7432  164.98400  170.51533  3.35%     -  108s
     0     0  170.51172    0 8648  164.98400  170.51172  3.35%     -  108s
     0     0  170.51149    0 8615  164.98400  170.51149  3.35%     -  108s
     0     0  170.50616    0 8689  164.98400  170.50616  3.35%     -  109s
     0     0  170.50531    0 8670  164.98400  170.50531  3.35%     -  109s
     0     0  170.50424    0 8718  164.98400  170.50424  3.35%     -  109s
     0     0  170.50420    0 8691  164.98400  170.50420  3.35%     -  110s
     0     0  170.49916    0 8709  164.98400  170.49916  3.34%     -  110s
     0     0  170.49898    0 8736  164.98400  170.49898  3.34%     -  110s
     0     0  170.49286    0 8691  164.98400  170.49286  3.34%     -  111s
     0     0  170.49286    0 7809  164.98400  170.49286  3.34%     -  112s
     0     2  170.49281    0 7698  164.98400  170.49281  3.34%     -  115s
     5     3  166.59379    3 3626  164.98400  169.40088  2.68% 14023  120s

Cutting planes:
  Gomory: 16
  Cover: 11
  Clique: 417
  MIR: 84
  Zero half: 1415
  Relax-and-lift: 8

Explored 11 nodes (464169 simplex iterations) in 122.56 seconds (194.41 work units)
Thread count was 1 (of 32 available processors)

Solution count 10: 164.984 164.774 164.489 ... 161.265

Optimal solution found (tolerance 1.00e-04)
Best objective 1.649840040389e+02, best bound 1.649840040389e+02, gap 0.0000%

User-callback calls 16173, time in user-callback 19.34 sec

Gurobi 12.0.1 (win64) logging started Thu Dec  4 01:14:23 2025

Set parameter LogFile to value "data\dblrp\grb_log_ef_s50_ts0_f10_c10_r2.0_iss1_bt1_nsp5000_nse1000_sd7.log"
Set parameter NodefileStart to value 0.5
Set parameter NodefileDir to value "node_files\s50_ts0"
Set parameter MIPGap to value 0.0001
Set parameter TimeLimit to value 3600
Set parameter Threads to value 1
Gurobi Optimizer version 12.0.1 build v12.0.1rc0 (win64 - Windows 11.0 (26100.2))

CPU model: Intel(R) Core(TM) i9-14900K, instruction set [SSE2|AVX|AVX2]
Thread count: 24 physical cores, 32 logical processors, using up to 1 threads

Non-default parameters:
TimeLimit  3600
NodefileStart  0.5
Threads  1

Optimize a model with 37838500 rows, 12654510 columns and 106437500 nonzeros
Model fingerprint: 0x64127642
Variable types: 0 continuous, 12654510 integer (12600010 binary)
Coefficient statistics:
  Matrix range     [1e+00, 7e+01]
  Objective range  [2e-01, 1e+01]
  Bounds range     [1e+00, 4e+01]
  RHS range        [1e+00, 7e+01]
Presolve removed 700000 rows and 0 columns (presolve time = 6s)...
Presolve removed 37621564 rows and 20000 columns (presolve time = 11s)...
Presolve removed 37714717 rows and 12471417 columns (presolve time = 15s)...
Presolve removed 37714717 rows and 12471417 columns
Presolve time: 15.35s
Presolved: 123783 rows, 183093 columns, 901350 nonzeros
Variable types: 0 continuous, 183093 integer (155035 binary)
Found heuristic solution: objective -100.0000000
Performing another presolve...
Presolve removed 103765 rows and 61432 columns
Presolve time: 3.85s

Root simplex log...

Iteration    Objective       Primal Inf.    Dual Inf.      Time
       0    9.2236588e+03   5.860513e+04   0.000000e+00     29s
   52042    1.8237159e+02   1.393095e+03   0.000000e+00     30s
   65462    1.7798017e+02   0.000000e+00   0.000000e+00     31s

Root relaxation: objective 1.779802e+02, 65462 iterations, 2.53 seconds (6.09 work units)
Total elapsed time = 31.28s (DegenMoves)

    Nodes    |    Current Node    |     Objective Bounds      |     Work
 Expl Unexpl |  Obj  Depth IntInf | Incumbent    BestBd   Gap | It/Node Time

     0     0  177.98017    0 6212 -100.00000  177.98017   278%     -   32s
     0     0  176.32695    0 6374 -100.00000  176.32695   276%     -   33s
     0     0  173.93774    0 6179 -100.00000  173.93774   274%     -   34s
     0     0  173.84567    0 6200 -100.00000  173.84567   274%     -   34s
     0     0  173.83312    0 6198 -100.00000  173.83312   274%     -   34s
     0     0  173.83312    0 6190 -100.00000  173.83312   274%     -   34s
H    0     0                      -0.0000000  173.83312      -     -   35s
H    0     0                      10.2582275  173.83312  1595%     -   36s
H    0     0                      16.7669850  173.83312   937%     -   36s
H    0     0                      18.5172187  173.83312   839%     -   37s
H    0     0                      20.2020026  173.83312   760%     -   38s
H    0     0                      25.2975947  173.83312   587%     -   38s
H    0     0                      25.9851289  173.83312   569%     -   39s
H    0     0                      26.4568209  173.83312   557%     -   39s
H    0     0                      34.6465039  173.83312   402%     -   40s
     0     0  173.28798    0 6469   34.64650  173.28798   400%     -   41s
     0     0  173.25013    0 6479   34.64650  173.25013   400%     -   41s
     0     0  173.23863    0 6448   34.64650  173.23863   400%     -   41s
     0     0  173.22536    0 6437   34.64650  173.22536   400%     -   41s
     0     0  173.22536    0 6434   34.64650  173.22536   400%     -   41s
H    0     0                      41.5162675  173.22392   317%     -   42s
H    0     0                      47.1304764  173.22392   268%     -   42s
H    0     0                      97.5857900  173.22392  77.5%     -   43s
H    0     0                      99.0176170  173.22392  74.9%     -   44s
H    0     0                     100.9823222  173.22392  71.5%     -   44s
H    0     0                     101.2676763  173.22392  71.1%     -   45s
H    0     0                     101.3266559  173.22392  71.0%     -   45s
H    0     0                     108.9957882  173.22392  58.9%     -   46s
     0     0  173.15261    0 6458  108.99579  173.15261  58.9%     -   46s
     0     0  173.15261    0 6453  108.99579  173.15261  58.9%     -   46s
     0     0  172.88601    0 6764  108.99579  172.88601  58.6%     -   47s
     0     0  172.85929    0 6618  108.99579  172.85929  58.6%     -   47s
     0     0  172.85927    0 6619  108.99579  172.85927  58.6%     -   47s
     0     0  172.85927    0 6619  108.99579  172.85927  58.6%     -   47s
H    0     0                     126.1500647  172.85709  37.0%     -   48s
H    0     0                     127.0291604  172.85709  36.1%     -   49s
H    0     0                     128.4584943  172.85709  34.6%     -   49s
     0     0  172.85149    0 6637  128.45849  172.85149  34.6%     -   49s
     0     0  172.85145    0 6647  128.45849  172.85145  34.6%     -   49s
     0     0  172.61462    0 6857  128.45849  172.61462  34.4%     -   50s
     0     0  172.61014    0 6780  128.45849  172.61014  34.4%     -   50s
     0     0  172.61014    0 6780  128.45849  172.61014  34.4%     -   50s
H    0     0                     131.8021676  172.61014  31.0%     -   51s
H    0     0                     131.8445094  172.61014  30.9%     -   51s
H    0     0                     133.2209445  172.61014  29.6%     -   52s
H    0     0                     133.4309041  172.61014  29.4%     -   52s
H    0     0                     133.7870029  172.61014  29.0%     -   53s
H    0     0                     134.3084985  172.61014  28.5%     -   53s
     0     0  172.60459    0 6818  134.30850  172.60459  28.5%     -   54s
     0     0  172.60459    0 6816  134.30850  172.60459  28.5%     -   54s
     0     0  172.60459    0 6797  134.30850  172.60459  28.5%     -   54s
     0     0  172.42864    0 6885  134.30850  172.42864  28.4%     -   54s
     0     0  172.42433    0 6897  134.30850  172.42433  28.4%     -   54s
H    0     0                     142.7932942  172.42433  20.8%     -   55s
H    0     0                     143.9715698  172.42433  19.8%     -   56s
H    0     0                     144.5102841  172.42433  19.3%     -   56s
H    0     0                     144.5885609  172.42433  19.3%     -   57s
H    0     0                     145.6997576  172.42433  18.3%     -   58s
H    0     0                     146.1714496  172.42433  18.0%     -   58s
H    0     0                     146.1714499  172.42433  18.0%     -   59s
     0     0  172.42204    0 6914  146.17145  172.42204  18.0%     -   59s
     0     0  172.42204    0 6913  146.17145  172.42204  18.0%     -   59s
     0     0  172.42204    0 6923  146.17145  172.42204  18.0%     -   59s
     0     0  172.29392    0 7058  146.17145  172.29392  17.9%     -   60s
     0     0  172.29392    0 7048  146.17145  172.29392  17.9%     -   60s
H    0     0                     147.8492502  172.29392  16.5%     -   61s
H    0     0                     148.0592098  172.29392  16.4%     -   61s
H    0     0                     148.2855844  172.29392  16.2%     -   62s
     0     0  172.28969    0 7101  148.28558  172.28969  16.2%     -   62s
     0     0  172.28969    0 7101  148.28558  172.28969  16.2%     -   62s
     0     0  172.28712    0 7108  148.28558  172.28712  16.2%     -   62s
     0     0  172.28712    0 7124  148.28558  172.28712  16.2%     -   62s
     0     0  172.22312    0 7179  148.28558  172.22312  16.1%     -   63s
     0     0  172.22312    0 7160  148.28558  172.22312  16.1%     -   63s
     0     0  172.19838    0 7311  148.28558  172.19838  16.1%     -   63s
     0     0  172.19795    0 7313  148.28558  172.19795  16.1%     -   63s
     0     0  172.19380    0 7320  148.28558  172.19380  16.1%     -   63s
     0     0  172.19329    0 7302  148.28558  172.19329  16.1%     -   63s
     0     0  172.19329    0 7305  148.28558  172.19329  16.1%     -   63s
     0     0  172.14856    0 7257  148.28558  172.14856  16.1%     -   64s
     0     0  172.14856    0 7260  148.28558  172.14856  16.1%     -   64s
     0     0  172.14856    0 7264  148.28558  172.14856  16.1%     -   64s
     0     0  172.14856    0 7263  148.28558  172.14856  16.1%     -   64s
H    0     0                     148.4787931  172.14856  15.9%     -   65s
     0     0  172.13336    0 7371  148.47879  172.13336  15.9%     -   65s
     0     0  172.13317    0 7419  148.47879  172.13317  15.9%     -   65s
     0     0  172.06817    0 7385  148.47879  172.06817  15.9%     -   66s
     0     0  172.06811    0 7371  148.47879  172.06811  15.9%     -   66s
     0     0  172.05910    0 7498  148.47879  172.05910  15.9%     -   66s
     0     0  172.05893    0 7507  148.47879  172.05893  15.9%     -   66s
     0     0  172.01578    0 7527  148.47879  172.01578  15.9%     -   67s
     0     0  172.01551    0 7527  148.47879  172.01551  15.9%     -   67s
     0     0  172.00637    0 7700  148.47879  172.00637  15.8%     -   67s
     0     0  172.00637    0 7700  148.47879  172.00637  15.8%     -   67s
     0     0  172.00475    0 7743  148.47879  172.00475  15.8%     -   67s
     0     0  172.00473    0 7743  148.47879  172.00473  15.8%     -   67s
     0     0  171.98770    0 7804  148.47879  171.98770  15.8%     -   68s
     0     0  171.98770    0 7801  148.47879  171.98770  15.8%     -   68s
     0     0  171.96558    0 7880  148.47879  171.96558  15.8%     -   68s
     0     0  171.96558    0 7878  148.47879  171.96558  15.8%     -   68s
     0     0  171.96511    0 7980  148.47879  171.96511  15.8%     -   68s
     0     0  171.96499    0 8005  148.47879  171.96499  15.8%     -   68s
     0     0  171.93028    0 7874  148.47879  171.93028  15.8%     -   69s
H    0     0                     148.8481016  171.93028  15.5%     -   70s
H    0     0                     149.0498412  171.93028  15.4%     -   70s
H    0     0                     149.7980474  171.93028  14.8%     -   71s
H    0     0                     149.8279515  171.93028  14.8%     -   72s
H    0     0                     151.6692088  171.93028  13.4%     -   72s
     0     0  171.92710    0 8061  151.66921  171.92710  13.4%     -   72s
     0     0  171.92657    0 8075  151.66921  171.92657  13.4%     -   72s
     0     0  171.92652    0 8089  151.66921  171.92652  13.4%     -   72s
     0     0  171.92652    0 8083  151.66921  171.92652  13.4%     -   73s
     0     0  171.88201    0 7967  151.66921  171.88201  13.3%     -   73s
     0     0  171.88188    0 7960  151.66921  171.88188  13.3%     -   73s
     0     0  171.86690    0 8113  151.66921  171.86690  13.3%     -   74s
     0     0  171.86690    0 8105  151.66921  171.86690  13.3%     -   74s
     0     0  171.86535    0 8160  151.66921  171.86535  13.3%     -   74s
     0     0  171.86527    0 8204  151.66921  171.86527  13.3%     -   74s
     0     0  171.83786    0 8022  151.66921  171.83786  13.3%     -   74s
     0     0  171.82932    0 8154  151.66921  171.82932  13.3%     -   75s
     0     0  171.82895    0 8231  151.66921  171.82895  13.3%     -   75s
     0     0  171.79307    0 8184  151.66921  171.79307  13.3%     -   76s
     0     0  171.79307    0 8187  151.66921  171.79307  13.3%     -   76s
H    0     0                     154.1982017  171.79307  11.4%     -   77s
H    0     0                     155.0674942  171.79307  10.8%     -   77s
H    0     0                     157.4354570  171.79307  9.12%     -   78s
H    0     0                     157.7507152  171.79307  8.90%     -   79s
H    0     0                     158.8132165  171.79307  8.17%     -   79s
H    0     0                     159.8857019  171.79307  7.45%     -   80s
H    0     0                     160.5935354  171.79307  6.97%     -   81s
H    0     0                     161.4021559  171.79307  6.44%     -   81s
H    0     0                     164.5640847  171.79307  4.39%     -   82s
H    0     0                     164.7740443  171.79307  4.26%     -   83s
     0     0  171.78846    0 8189  164.77404  171.78846  4.26%     -   84s
     0     0  171.78846    0 8269  164.77404  171.78846  4.26%     -   84s
     0     0  171.78588    0 8213  164.77404  171.78588  4.26%     -   84s
     0     0  171.78588    0 8212  164.77404  171.78588  4.26%     -   84s
     0     0  171.76348    0 8209  164.77404  171.76348  4.24%     -   85s
     0     0  171.76165    0 8178  164.77404  171.76165  4.24%     -   85s
     0     0  171.75965    0 8293  164.77404  171.75965  4.24%     -   85s
     0     0  171.75915    0 8373  164.77404  171.75915  4.24%     -   85s
     0     0  171.73080    0 8224  164.77404  171.73080  4.22%     -   86s
     0     0  171.72924    0 8390  164.77404  171.72924  4.22%     -   86s
     0     0  171.72914    0 8418  164.77404  171.72914  4.22%     -   86s
     0     0  171.72368    0 8427  164.77404  171.72368  4.22%     -   87s
     0     0  171.71179    0 8420  164.77404  171.71179  4.21%     -   87s
     0     0  171.71158    0 8405  164.77404  171.71158  4.21%     -   87s
     0     0  171.71080    0 8480  164.77404  171.71080  4.21%     -   87s
     0     0  171.71080    0 8475  164.77404  171.71080  4.21%     -   87s
     0     0  171.70897    0 8561  164.77404  171.70897  4.21%     -   88s
     0     0  171.70769    0 8543  164.77404  171.70769  4.21%     -   88s
     0     0  171.70716    0 8569  164.77404  171.70716  4.21%     -   88s
     0     0  171.70500    0 8557  164.77404  171.70500  4.21%     -   88s
     0     0  171.68017    0 8468  164.77404  171.68017  4.19%     -   89s
     0     0  171.67799    0 8503  164.77404  171.67799  4.19%     -   89s
     0     0  171.67784    0 8586  164.77404  171.67784  4.19%     -   89s
     0     0  171.65681    0 8411  164.77404  171.65681  4.18%     -   90s
     0     0  171.65251    0 8610  164.77404  171.65251  4.17%     -   90s
     0     0  171.65238    0 8691  164.77404  171.65238  4.17%     -   90s
     0     0  171.64314    0 8599  164.77404  171.64314  4.17%     -   91s
     0     0  171.64060    0 8663  164.77404  171.64060  4.17%     -   91s
     0     0  171.63972    0 8694  164.77404  171.63972  4.17%     -   91s
     0     0  171.63954    0 8740  164.77404  171.63954  4.17%     -   92s
     0     0  171.62985    0 8587  164.77404  171.62985  4.16%     -   92s
     0     0  171.62845    0 8744  164.77404  171.62845  4.16%     -   93s
     0     0  171.62832    0 8763  164.77404  171.62832  4.16%     -   93s
     0     0  171.62398    0 8719  164.77404  171.62398  4.16%     -   93s
     0     0  171.62398    0 7967  164.77404  171.62398  4.16%     -   95s
     0     2  171.62247    0 7648  164.77404  171.62247  4.16%     -   98s
     1     3  170.27504    1 5746  164.77404  171.60978  4.15% 18549  100s
     4     2     cutoff    2       164.77404  170.09214  3.23% 17147  105s
H   27    17                     164.9840040  165.80403  0.50%  3420  108s
    81    73  165.54041   66 2775  164.98400  165.80403  0.50%  1162  110s
   245   237  165.26305  194 2504  164.98400  165.80403  0.50%   412  115s
   437   412  165.12070   93 2681  164.98400  165.79616  0.49%   243  120s
   534   494  165.17488  216 7286  164.98400  165.79616  0.49%   212  130s
   542   499  165.56088   59 6821  164.98400  165.79616  0.49%   209  135s
   550   507  165.79616   13 4916  164.98400  165.79616  0.49%   442  140s
   568   509  165.79616   21 2810  164.98400  165.79616  0.49%   549  145s
   725   604  165.40657  100 2810  164.98400  165.77294  0.48%   447  150s
   909   686  165.49454   48 2700  164.98400  165.73177  0.45%   369  155s
  1108   798  165.16422  148 2548  164.98400  165.73177  0.45%   316  160s
  1292   841  165.42448   36 2748  164.98400  165.72160  0.45%   284  165s
  1467   875  165.39746   38 2789  164.98400  165.72160  0.45%   260  170s
  1627   921  165.26000   45 2681  164.98400  165.71221  0.44%   244  175s
  1814   936  165.46089   30 2776  164.98400  165.70920  0.44%   228  180s
  2028   996  165.40492   30 2823  164.98400  165.69079  0.43%   208  185s
  2231  1109  165.15162   67 2557  164.98400  165.67058  0.42%   194  192s
  2315  1154  165.26694   54 2690  164.98400  165.66932  0.42%   190  195s
  2518  1272  165.16736   54 2698  164.98400  165.66044  0.41%   178  200s
  2765  1390  165.07099   58 2722  164.98400  165.61064  0.38%   168  205s
  3004  1445  165.05763   45 2745  164.98400  165.56532  0.35%   160  210s
  3253  1579  165.15964   54 2678  164.98400  165.55919  0.35%   151  215s
  3509  1741  165.25237   65 2784  164.98400  165.55215  0.34%   144  220s
  3760  1849  165.34142   42 2776  164.98400  165.53801  0.34%   139  225s
  3989  1957  165.53283   38 2844  164.98400  165.53333  0.33%   133  230s
  4222  2058  165.22138   56 2709  164.98400  165.51915  0.32%   128  235s
  4446  2134     cutoff   53       164.98400  165.49874  0.31%   125  240s
  4712  2286  165.21982   88 2757  164.98400  165.49103  0.31%   120  245s
  4913  2351  165.39272   46 2808  164.98400  165.48116  0.30%   117  250s
  5101  2440  165.15428   27 2789  164.98400  165.47331  0.30%   114  256s
  5275  2530  165.26399   30 2792  164.98400  165.46764  0.29%   112  260s
  5481  2602  165.17055  100 2755  164.98400  165.46228  0.29%   110  265s
  5717  2699  165.34032   46 2741  164.98400  165.45566  0.29%   108  270s
  5914  2793  165.20378   68 2670  164.98400  165.44944  0.28%   106  275s
  6137  2860  165.10595   71 2683  164.98400  165.44172  0.28%   104  280s
  6359  2946  165.16619   56 2668  164.98400  165.43795  0.28%   102  285s
  6573  3043  165.27210   62 2708  164.98400  165.43406  0.27%   101  290s
  6799  3136     cutoff   31       164.98400  165.42917  0.27%  99.5  295s
  7027  3174  165.28973   46 2748  164.98400  165.42278  0.27%  98.4  300s
  7282  3267  165.17874   47 2710  164.98400  165.41825  0.26%  96.8  305s
  7488  3339  165.32504   65 2750  164.98400  165.41429  0.26%  96.1  310s
  7681  3409  165.15964   64 2684  164.98400  165.41153  0.26%  94.9  315s
  7920  3477  165.24696   56 2739  164.98400  165.40679  0.26%  93.9  320s
  8119  3557  165.40217   26 2748  164.98400  165.40217  0.25%  92.9  325s
  8257  3616  165.29767   46 2786  164.98400  165.40136  0.25%  92.1  330s
  8451  3679  165.09901   57 2652  164.98400  165.39735  0.25%  91.4  335s
  8648  3744     cutoff   64       164.98400  165.39463  0.25%  90.6  340s
  8856  3815  165.36898   24 2721  164.98400  165.39243  0.25%  89.8  345s
  9068  3879  165.26048   50 2734  164.98400  165.39002  0.25%  88.9  350s
  9191  3932  165.17360   65 2663  164.98400  165.38838  0.25%  88.3  355s
  9352  3982  165.24468   56 2678  164.98400  165.38763  0.24%  87.8  360s
  9569  4049     cutoff   53       164.98400  165.38622  0.24%  87.1  365s
  9815  4112  165.14802   37 2716  164.98400  165.38304  0.24%  86.2  370s
  9982  4177  165.17220   48 2739  164.98400  165.38112  0.24%  85.8  375s
 10202  4235  165.32327   79 2692  164.98400  165.37705  0.24%  85.2  381s
 10330  4270     cutoff   61       164.98400  165.37540  0.24%  84.8  385s
 10535  4330     cutoff   83       164.98400  165.37154  0.23%  84.3  390s
 10729  4368  165.25258   46 2692  164.98400  165.36837  0.23%  84.0  395s
 10940  4433     cutoff   56       164.98400  165.36646  0.23%  83.4  400s
 11117  4483     cutoff   38       164.98400  165.36519  0.23%  83.2  405s
 11356  4527  165.32161   45 2768  164.98400  165.36283  0.23%  82.7  410s
 11558  4583  165.16250   44 2726  164.98400  165.36094  0.23%  82.4  415s
 11768  4623  165.09339   38 2676  164.98400  165.35720  0.23%  81.9  420s
 11941  4668  165.15242   68 2707  164.98400  165.35521  0.22%  81.5  425s
 12175  4743  165.20077   94 2642  164.98400  165.35252  0.22%  81.1  430s
 12381  4804  165.24184   54 2784  164.98400  165.35049  0.22%  80.7  435s
 12500  4838  165.24641   55 2627  164.98400  165.34905  0.22%  80.4  440s
 12714  4897  165.22131   64 2745  164.98400  165.34717  0.22%  80.2  445s
 12899  4941     cutoff   52       164.98400  165.34496  0.22%  79.8  450s
 13101  5001     cutoff   48       164.98400  165.34202  0.22%  79.4  455s
 13324  5046  165.30202   45 2719  164.98400  165.34080  0.22%  79.2  460s
 13566  5127  165.06391   41 2707  164.98400  165.33807  0.21%  78.6  465s
 13790  5200  165.18989   77 2813  164.98400  165.33713  0.21%  78.1  470s
 13995  5267  165.31237   55 2780  164.98400  165.33513  0.21%  77.8  475s
 14228  5345  165.16225   48 2769  164.98400  165.33224  0.21%  77.4  480s
 14424  5423  165.15559   61 2765  164.98400  165.33100  0.21%  77.1  485s
 14636  5489  165.23984   50 2689  164.98400  165.32878  0.21%  76.8  490s
 14825  5552  165.05404   30 2785  164.98400  165.32738  0.21%  76.7  495s
 15034  5611  165.17159   49 2706  164.98400  165.32596  0.21%  76.4  500s
 15254  5671  165.32376   34 2794  164.98400  165.32426  0.21%  76.1  505s
 15385  5705  164.99362   73 2671  164.98400  165.32362  0.21%  75.9  510s
 15617  5780  165.03609   43 2711  164.98400  165.32187  0.20%  75.7  515s
 15857  5803  165.09533   41 2716  164.98400  165.32030  0.20%  75.6  520s
 16099  5862  165.18407   62 2761  164.98400  165.31911  0.20%  75.3  525s
 16330  5911  165.24971   54 2695  164.98400  165.31767  0.20%  75.2  530s
 16559  5968  165.09544   69 2703  164.98400  165.31628  0.20%  75.1  535s
 16759  6032  165.20801   50 2735  164.98400  165.31484  0.20%  74.9  541s
 16913  6072  165.27554   50 2765  164.98400  165.31375  0.20%  74.7  545s
 17147  6113  165.30049   33 2773  164.98400  165.31222  0.20%  74.5  550s
 17386  6165  165.10409   46 2747  164.98400  165.30971  0.20%  74.3  555s
 17628  6190  165.22483   48 2722  164.98400  165.30732  0.20%  74.2  560s
 17860  6236  165.17724   56 2723  164.98400  165.30528  0.19%  74.1  565s
 18081  6311  165.17945   73 2613  164.98400  165.30466  0.19%  73.9  570s
 18315  6341  165.19563   93 2745  164.98400  165.30312  0.19%  73.8  575s
 18524  6405  165.08881   59 2683  164.98400  165.30202  0.19%  73.7  580s
 18735  6488  165.16165   61 2663  164.98400  165.30137  0.19%  73.4  585s
 18973  6521  165.14436   41 2673  164.98400  165.29871  0.19%  73.3  590s
 19220  6557  165.27164   48 2663  164.98400  165.29650  0.19%  73.2  595s
 19460  6596  165.15815   88 2701  164.98400  165.29475  0.19%  73.1  600s
 19687  6640     cutoff   54       164.98400  165.29329  0.19%  73.0  605s
 19878  6677  165.18369   50 2673  164.98400  165.29194  0.19%  72.8  610s
 20117  6688  165.17509   54 2764  164.98400  165.29018  0.19%  72.7  615s
 20323  6713  165.15886   57 2715  164.98400  165.28856  0.18%  72.7  620s
 20443  6743  165.16213   45 2714  164.98400  165.28786  0.18%  72.6  625s
 20656  6767  165.18934   54 2797  164.98400  165.28659  0.18%  72.6  630s
 20887  6776  165.17502   50 2728  164.98400  165.28477  0.18%  72.7  635s
 21097  6815     cutoff   38       164.98400  165.28381  0.18%  72.5  640s
 21285  6838     cutoff   54       164.98400  165.28269  0.18%  72.5  645s
 21479  6870     cutoff   57       164.98400  165.28182  0.18%  72.5  650s
 21700  6928     cutoff   65       164.98400  165.28106  0.18%  72.4  655s
 21937  6955  165.17462   98 2717  164.98400  165.27936  0.18%  72.5  660s
 22170  6944     cutoff  120       164.98400  165.27772  0.18%  72.5  665s
 22382  6973  165.23254   54 2704  164.98400  165.27684  0.18%  72.5  670s
 22571  6999  165.12376   49 2723  164.98400  165.27582  0.18%  72.4  675s
 22785  7024  165.15531   97 2663  164.98400  165.27490  0.18%  72.4  680s
 22983  7030  165.12458   67 2640  164.98400  165.27365  0.18%  72.4  685s
 23199  7061  165.15798   66 2663  164.98400  165.27277  0.18%  72.4  690s
 23414  7086  165.16235   58 2688  164.98400  165.27143  0.17%  72.5  695s
 23642  7114  165.17938   36 2748  164.98400  165.27012  0.17%  72.5  700s
 23888  7105     cutoff   57       164.98400  165.26828  0.17%  72.6  705s
 24118  7138  165.25969   46 2780  164.98400  165.26709  0.17%  72.7  710s
 24351  7172  165.10876   56 2736  164.98400  165.26606  0.17%  72.7  715s
 24575  7194  165.12047   58 2644  164.98400  165.26485  0.17%  72.7  720s
 24823  7193  165.24552   86 2691  164.98400  165.26315  0.17%  72.9  725s
 25023  7210  165.15232   71 2779  164.98400  165.26188  0.17%  72.9  730s
 25259  7241  165.22925   44 2787  164.98400  165.26118  0.17%  72.9  735s
 25498  7261     cutoff   61       164.98400  165.26048  0.17%  73.0  740s
 25593  7300     cutoff   55       164.98400  165.25981  0.17%  73.0  745s
 25816  7304  165.14942   98 2696  164.98400  165.25871  0.17%  73.1  750s
 26014  7320     cutoff   51       164.98400  165.25785  0.17%  73.2  755s
 26268  7345  165.12018   59 2668  164.98400  165.25647  0.17%  73.3  760s
 26499  7352  165.12271   44 2756  164.98400  165.25549  0.16%  73.4  765s
 26742  7352  165.15355   72 2629  164.98400  165.25375  0.16%  73.6  770s
 26949  7348     cutoff   41       164.98400  165.25250  0.16%  73.6  775s
 27153  7356  165.20164   67 2637  164.98400  165.25130  0.16%  73.6  780s
 27397  7356  165.20069   58 2711  164.98400  165.24998  0.16%  73.6  785s
 27622  7363  165.19356   48 2683  164.98400  165.24896  0.16%  73.7  790s
 27846  7379  165.24298   34 2701  164.98400  165.24746  0.16%  73.7  795s
 28093  7393  165.16652   55 2701  164.98400  165.24691  0.16%  73.7  800s
 28340  7389  165.15563   51 2672  164.98400  165.24570  0.16%  73.8  805s
 28562  7401  165.20158   44 2774  164.98400  165.24477  0.16%  73.9  810s
 28781  7387     cutoff   67       164.98400  165.24372  0.16%  74.0  815s
 29002  7378  165.12634   69 2676  164.98400  165.24261  0.16%  74.3  820s
 29249  7348  165.15402   52 2635  164.98400  165.24084  0.16%  74.5  825s
 29500  7322     cutoff   93       164.98400  165.23953  0.15%  74.6  830s
 29744  7266     cutoff   95       164.98400  165.23760  0.15%  74.8  835s
 29991  7229     cutoff   54       164.98400  165.23603  0.15%  75.1  840s
 30213  7197     cutoff   52       164.98400  165.23437  0.15%  75.2  845s
 30443  7157     cutoff   53       164.98400  165.23280  0.15%  75.4  850s
 30662  7098  165.16000   95 2717  164.98400  165.23131  0.15%  75.7  855s
 30880  7103     cutoff   58       164.98400  165.23090  0.15%  75.7  860s
 31118  7068     cutoff   67       164.98400  165.22960  0.15%  75.8  865s
 31321  7030  165.11039   40 2672  164.98400  165.22858  0.15%  76.0  870s
 31528  7010  165.04002   41 2646  164.98400  165.22787  0.15%  76.2  875s
 31747  6965  165.15204   55 2698  164.98400  165.22631  0.15%  76.5  880s
 31956  6943  165.04825   59 2630  164.98400  165.22522  0.15%  76.7  885s
 32170  6897  165.05995   37 2738  164.98400  165.22328  0.15%  77.1  890s
 32381  6811     cutoff   41       164.98400  165.22193  0.14%  77.4  895s
 32578  6756  165.06259   54 2786  164.98400  165.22090  0.14%  77.8  900s
 32785  6679  165.17717   58 2627  164.98400  165.21939  0.14%  78.1  905s
 32993  6623  165.03932   64 2734  164.98400  165.21836  0.14%  78.4  910s
 33205  6560  165.13550   46 2665  164.98400  165.21702  0.14%  78.7  915s
 33421  6466  165.01846   37 2650  164.98400  165.21542  0.14%  79.0  920s
 33628  6386  165.04044   53 2662  164.98400  165.21413  0.14%  79.3  925s
 33835  6332  164.99944   40 2695  164.98400  165.21280  0.14%  79.5  930s
 34014  6277  165.04095   56 2693  164.98400  165.21180  0.14%  79.9  935s
 34220  6210  165.18419   86 2707  164.98400  165.21044  0.14%  80.2  940s
 34432  6168     cutoff   48       164.98400  165.20910  0.14%  80.5  945s
 34624  6092 infeasible   58       164.98400  165.20778  0.14%  80.8  950s
 34791  6022  165.09875   43 2716  164.98400  165.20642  0.13%  81.1  955s
 35002  5964  165.17707   76 2751  164.98400  165.20507  0.13%  81.4  960s
 35218  5854     cutoff   55       164.98400  165.20353  0.13%  81.8  965s
 35367  5766  165.18840   32 2751  164.98400  165.20205  0.13%  82.2  970s
 35539  5692  165.12958   53 2657  164.98400  165.20091  0.13%  82.5  975s
 35731  5636  165.19953   61 2699  164.98400  165.19972  0.13%  82.8  980s
 35928  5503     cutoff   37       164.98400  165.19811  0.13%  83.2  985s
 36142  5344     cutoff   53       164.98400  165.19595  0.13%  83.7  990s
 36360  5201     cutoff   52       164.98400  165.19413  0.13%  84.3  995s
 36569  5028     cutoff   55       164.98400  165.19232  0.13%  84.8 1000s
 36753  4929     cutoff   90       164.98400  165.19094  0.13%  85.3 1005s
 36943  4816     cutoff   55       164.98400  165.18949  0.12%  85.6 1010s
 37169  4687     cutoff   55       164.98400  165.18803  0.12%  86.0 1015s
 37378  4546     cutoff   52       164.98400  165.18655  0.12%  86.4 1020s
 37555  4437     cutoff   46       164.98400  165.18543  0.12%  86.7 1025s
 37757  4292  165.14179   39 2726  164.98400  165.18390  0.12%  87.2 1030s
 37964  4134     cutoff   50       164.98400  165.18227  0.12%  87.7 1035s
 38166  3959     cutoff   47       164.98400  165.18060  0.12%  88.3 1040s
 38345  3826  165.15106   78 2621  164.98400  165.17908  0.12%  88.7 1045s
 38544  3681  165.16951   67 2646  164.98400  165.17767  0.12%  89.1 1050s
 38740  3548     cutoff   56       164.98400  165.17647  0.12%  89.5 1055s
 38930  3435  165.16209   50 2696  164.98400  165.17524  0.12%  89.9 1060s
 39126  3312     cutoff   65       164.98400  165.17385  0.12%  90.3 1065s
 39341  3135     cutoff   66       164.98400  165.17218  0.11%  90.8 1070s
 39548  2967     cutoff   65       164.98400  165.17059  0.11%  91.3 1075s
 39753  2801  165.14467   55 2737  164.98400  165.16925  0.11%  91.8 1080s
 39934  2653  165.16212   64 2697  164.98400  165.16780  0.11%  92.2 1085s
 40136  2478     cutoff   59       164.98400  165.16597  0.11%  92.7 1090s
 40344  2307     cutoff   55       164.98400  165.16445  0.11%  93.2 1095s
 40552  2164     cutoff   43       164.98400  165.16294  0.11%  93.7 1100s
 40752  1989     cutoff   58       164.98400  165.16117  0.11%  94.3 1105s
 40934  1841  165.15500   58 2685  164.98400  165.15943  0.11%  94.6 1110s
 41127  1682     cutoff   87       164.98400  165.15762  0.11%  95.2 1115s
 41336  1509     cutoff   75       164.98400  165.15500  0.10%  95.6 1120s
 41539  1340     cutoff   63       164.98400  165.15216  0.10%  96.1 1125s
 41762  1151     cutoff   38       164.98400  165.14767  0.10%  96.5 1130s
 41942   988     cutoff   56       164.98400  165.13987  0.09%  96.9 1135s
 42161   778     cutoff   68       164.98400  165.12271  0.08%  97.4 1140s
 42549   390     cutoff   65       164.98400  165.08805  0.06%  97.1 1145s

Cutting planes:
  Gomory: 14
  Cover: 7
  Clique: 201
  MIR: 33
  Zero half: 1222
  Relax-and-lift: 1

Explored 42925 nodes (4359253 simplex iterations) in 1173.71 seconds (1585.85 work units)
Thread count was 1 (of 32 available processors)

Solution count 10: 164.984 164.774 164.564 ... 155.067

Optimal solution found (tolerance 1.00e-04)
Best objective 1.649840040389e+02, best bound 1.650004589884e+02, gap 0.0100%

User-callback calls 266683, time in user-callback 25.51 sec
