
Gurobi 12.0.1 (win64) logging started Wed Nov 26 15:11:03 2025

Set parameter LogFile to value "data\dblrp\grb_log_ef_s20_ts0_f10_c10_r2.0_iss1_bt1_nsp5000_nse1000_sd7.log"
Set parameter NodefileStart to value 0.5
Set parameter NodefileDir to value "node_files\s20_ts0"
Set parameter MIPGap to value 0.0001
Set parameter TimeLimit to value 3600
Set parameter Threads to value 1
Gurobi Optimizer version 12.0.1 build v12.0.1rc0 (win64 - Windows 11.0 (26100.2))

CPU model: Intel(R) Core(TM) i9-14900K, instruction set [SSE2|AVX|AVX2]
Thread count: 24 physical cores, 32 logical processors, using up to 1 threads

Non-default parameters:
TimeLimit  3600
NodefileStart  0.5
Threads  1

Optimize a model with 15135400 rows, 5061810 columns and 42575000 nonzeros
Model fingerprint: 0x71781b74
Variable types: 0 continuous, 5061810 integer (5040010 binary)
Coefficient statistics:
  Matrix range     [1e+00, 7e+01]
  Objective range  [5e-01, 1e+01]
  Bounds range     [1e+00, 4e+01]
  RHS range        [1e+00, 7e+01]
Presolve removed 15085872 rows and 4988552 columns
Presolve time: 4.36s
Presolved: 49528 rows, 73258 columns, 360606 nonzeros
Variable types: 0 continuous, 73258 integer (62031 binary)
Found heuristic solution: objective -100.0000000
Performing another presolve...
Presolve removed 41538 rows and 24674 columns
Presolve time: 0.92s

Root simplex log...

Iteration    Objective       Primal Inf.    Dual Inf.      Time
       0    9.0517158e+03   2.324275e+04   0.000000e+00      9s
   25021    1.7709873e+02   0.000000e+00   0.000000e+00      9s

Root relaxation: objective 1.770987e+02, 25021 iterations, 0.73 seconds (1.67 work units)
Total elapsed time = 9.27s (DegenMoves)

    Nodes    |    Current Node    |     Objective Bounds      |     Work
 Expl Unexpl |  Obj  Depth IntInf | Incumbent    BestBd   Gap | It/Node Time

     0     0  177.09873    0 2490 -100.00000  177.09873   277%     -    9s
     0     0  175.22976    0 2559 -100.00000  175.22976   275%     -    9s
     0     0  173.78417    0 2494 -100.00000  173.78417   274%     -   10s
     0     0  173.75368    0 2471 -100.00000  173.75368   274%     -   10s
     0     0  173.75368    0 2475 -100.00000  173.75368   274%     -   10s
     0     0  173.75368    0 2475 -100.00000  173.75368   274%     -   10s
H    0     0                      -0.0000000  173.75368      -     -   10s
H    0     0                      30.9746372  173.75368   461%     -   10s
H    0     0                      49.9821391  173.75368   248%     -   10s
H    0     0                      99.0331143  173.75368  75.5%     -   10s
H    0     0                     108.7570299  173.75368  59.8%     -   11s
H    0     0                     118.7403759  173.75368  46.3%     -   11s
H    0     0                     120.2858115  173.75368  44.5%     -   11s
H    0     0                     121.3508119  173.75368  43.2%     -   11s
H    0     0                     121.4219948  173.75368  43.1%     -   12s
H    0     0                     127.9105013  173.75368  35.8%     -   12s
     0     0  173.66820    0 2627  127.91050  173.66820  35.8%     -   12s
     0     0  173.64700    0 2572  127.91050  173.64700  35.8%     -   12s
     0     0  173.64700    0 2580  127.91050  173.64700  35.8%     -   12s
H    0     0                     147.8988929  173.61246  17.4%     -   12s
H    0     0                     149.3300989  173.61246  16.3%     -   13s
H    0     0                     150.4209345  173.61246  15.4%     -   13s
     0     0  173.24497    0 2623  150.42093  173.24497  15.2%     -   13s
     0     0  173.24249    0 2605  150.42093  173.24249  15.2%     -   13s
     0     0  173.00503    0 2668  150.42093  173.00503  15.0%     -   13s
     0     0  172.95844    0 2630  150.42093  172.95844  15.0%     -   13s
     0     0  172.95844    0 2625  150.42093  172.95844  15.0%     -   13s
H    0     0                     153.6080816  172.95356  12.6%     -   14s
     0     0  172.89206    0 2695  153.60808  172.89206  12.6%     -   14s
     0     0  172.89206    0 2691  153.60808  172.89206  12.6%     -   14s
     0     0  172.89206    0 2698  153.60808  172.89206  12.6%     -   14s
     0     0  172.80434    0 2758  153.60808  172.80434  12.5%     -   14s
     0     0  172.80238    0 2753  153.60808  172.80238  12.5%     -   14s
H    0     0                     154.5734429  172.80238  11.8%     -   14s
     0     0  172.77574    0 2771  154.57344  172.77574  11.8%     -   14s
     0     0  172.77507    0 2774  154.57344  172.77507  11.8%     -   14s
     0     0  172.77473    0 2782  154.57344  172.77473  11.8%     -   14s
     0     0  172.77417    0 2766  154.57344  172.77417  11.8%     -   14s
     0     0  172.63219    0 2692  154.57344  172.63219  11.7%     -   15s
     0     0  172.63219    0 2694  154.57344  172.63219  11.7%     -   15s
     0     0  172.49327    0 2840  154.57344  172.49327  11.6%     -   15s
     0     0  172.49327    0 2842  154.57344  172.49327  11.6%     -   15s
     0     0  172.49263    0 2837  154.57344  172.49263  11.6%     -   15s
     0     0  172.49259    0 2862  154.57344  172.49259  11.6%     -   15s
     0     0  172.38930    0 2830  154.57344  172.38930  11.5%     -   15s
     0     0  172.38930    0 2827  154.57344  172.38930  11.5%     -   15s
     0     0  172.38930    0 2826  154.57344  172.38930  11.5%     -   15s
     0     0  172.38930    0 2823  154.57344  172.38930  11.5%     -   15s
H    0     0                     155.3664853  172.38930  11.0%     -   15s
     0     0  172.38225    0 2890  155.36649  172.38225  11.0%     -   15s
     0     0  172.38225    0 2893  155.36649  172.38225  11.0%     -   15s
     0     0  172.38139    0 2920  155.36649  172.38139  11.0%     -   15s
     0     0  172.38139    0 2933  155.36649  172.38139  11.0%     -   15s
     0     0  172.30461    0 2903  155.36649  172.30461  10.9%     -   16s
     0     0  172.30251    0 2892  155.36649  172.30251  10.9%     -   16s
H    0     0                     160.1630870  172.30251  7.58%     -   16s
     0     0  172.28624    0 2955  160.16309  172.28624  7.57%     -   16s
     0     0  172.28624    0 2949  160.16309  172.28624  7.57%     -   16s
     0     0  172.28624    0 2949  160.16309  172.28624  7.57%     -   16s
     0     0  172.23342    0 2944  160.16309  172.23342  7.54%     -   16s
     0     0  172.21889    0 3003  160.16309  172.21889  7.53%     -   17s
     0     0  172.21822    0 3013  160.16309  172.21822  7.53%     -   17s
     0     0  172.21822    0 3000  160.16309  172.21822  7.53%     -   17s
     0     0  172.15310    0 2980  160.16309  172.15310  7.49%     -   17s
     0     0  172.15109    0 2978  160.16309  172.15109  7.48%     -   17s
     0     0  172.15109    0 2973  160.16309  172.15109  7.48%     -   17s
     0     0  172.15109    0 3054  160.16309  172.15109  7.48%     -   17s
     0     0  172.10917    0 3036  160.16309  172.10917  7.46%     -   17s
H    0     0                     160.9512326  172.10917  6.93%     -   17s
     0     0  172.10495    0 3143  160.95123  172.10495  6.93%     -   18s
     0     0  172.10472    0 3144  160.95123  172.10472  6.93%     -   18s
     0     0  172.10472    0 3144  160.95123  172.10472  6.93%     -   18s
     0     0  172.06309    0 3197  160.95123  172.06309  6.90%     -   18s
     0     0  172.06064    0 3206  160.95123  172.06064  6.90%     -   18s
     0     0  172.05652    0 3248  160.95123  172.05652  6.90%     -   18s
     0     0  172.05648    0 3260  160.95123  172.05648  6.90%     -   18s
     0     0  172.00283    0 3205  160.95123  172.00283  6.87%     -   18s
     0     0  171.98821    0 3211  160.95123  171.98821  6.86%     -   18s
     0     0  171.98719    0 3212  160.95123  171.98719  6.86%     -   18s
     0     0  171.98708    0 3222  160.95123  171.98708  6.86%     -   18s
     0     0  171.98056    0 3258  160.95123  171.98056  6.85%     -   19s
     0     0  171.95546    0 3215  160.95123  171.95546  6.84%     -   19s
     0     0  171.95525    0 3325  160.95123  171.95525  6.84%     -   19s
     0     0  171.90520    0 3279  160.95123  171.90520  6.81%     -   19s
     0     0  171.90027    0 3346  160.95123  171.90027  6.80%     -   19s
     0     0  171.89976    0 3384  160.95123  171.89976  6.80%     -   19s
     0     0  171.89976    0 3398  160.95123  171.89976  6.80%     -   19s
     0     0  171.87564    0 3292  160.95123  171.87564  6.79%     -   20s
     0     0  171.87564    0 3289  160.95123  171.87564  6.79%     -   20s
H    0     0                     161.6646180  171.87564  6.32%     -   20s
H    0     0                     162.3780033  171.87564  5.85%     -   20s
H    0     0                     163.3682692  171.87564  5.21%     -   21s
H    0     0                     163.8931685  171.87564  4.87%     -   21s
H    0     0                     164.0318801  171.87564  4.78%     -   22s
H    0     0                     164.9840040  171.87564  4.18%     -   22s
     0     0  171.86396    0 3239  164.98400  171.86396  4.17%     -   22s
     0     0  171.86263    0 3258  164.98400  171.86263  4.17%     -   22s
     0     0  171.86150    0 3296  164.98400  171.86150  4.17%     -   22s
     0     0  171.86150    0 3308  164.98400  171.86150  4.17%     -   22s
     0     0  171.85088    0 3269  164.98400  171.85088  4.16%     -   22s
     0     0  171.84850    0 3375  164.98400  171.84850  4.16%     -   22s
     0     0  171.84693    0 3429  164.98400  171.84693  4.16%     -   22s
     0     0  171.84647    0 3451  164.98400  171.84647  4.16%     -   22s
     0     0  171.81101    0 3431  164.98400  171.81101  4.14%     -   23s
     0     0  171.79873    0 3444  164.98400  171.79873  4.13%     -   23s
     0     0  171.79486    0 3469  164.98400  171.79486  4.13%     -   23s
     0     0  171.78924    0 3460  164.98400  171.78924  4.12%     -   23s
     0     0  171.78918    0 3476  164.98400  171.78918  4.12%     -   23s
     0     0  171.76921    0 3453  164.98400  171.76921  4.11%     -   23s
     0     0  171.76554    0 3516  164.98400  171.76554  4.11%     -   23s
     0     0  171.76553    0 3476  164.98400  171.76553  4.11%     -   23s
     0     0  171.73323    0 3394  164.98400  171.73323  4.09%     -   23s
     0     0  171.72886    0 3462  164.98400  171.72886  4.09%     -   24s
     0     0  171.72886    0 3496  164.98400  171.72886  4.09%     -   24s
     0     0  171.72821    0 3470  164.98400  171.72821  4.09%     -   24s
     0     0  171.71445    0 3440  164.98400  171.71445  4.08%     -   24s
     0     0  171.71232    0 3518  164.98400  171.71232  4.08%     -   24s
     0     0  171.71203    0 3527  164.98400  171.71203  4.08%     -   24s
     0     0  171.71203    0 3497  164.98400  171.71203  4.08%     -   24s
     0     0  171.69059    0 3502  164.98400  171.69059  4.06%     -   24s
     0     0  171.69000    0 3535  164.98400  171.69000  4.06%     -   24s
     0     0  171.68987    0 3524  164.98400  171.68987  4.06%     -   24s
     0     0  171.66897    0 3493  164.98400  171.66897  4.05%     -   25s
     0     0  171.66758    0 3512  164.98400  171.66758  4.05%     -   25s
     0     0  171.66756    0 3531  164.98400  171.66756  4.05%     -   25s
     0     0  171.66119    0 3551  164.98400  171.66119  4.05%     -   25s
     0     0  171.65868    0 3582  164.98400  171.65868  4.05%     -   25s
     0     0  171.65816    0 3569  164.98400  171.65816  4.05%     -   25s
     0     0  171.65157    0 3511  164.98400  171.65157  4.04%     -   26s
     0     0  171.65125    0 3496  164.98400  171.65125  4.04%     -   26s
     0     0  171.63482    0 3443  164.98400  171.63482  4.03%     -   26s
     0     0  171.63332    0 3475  164.98400  171.63332  4.03%     -   26s
     0     0  171.63306    0 3504  164.98400  171.63306  4.03%     -   26s
     0     0  171.62387    0 3533  164.98400  171.62387  4.02%     -   26s
     0     0  171.62336    0 3592  164.98400  171.62336  4.02%     -   26s
     0     0  171.61892    0 3521  164.98400  171.61892  4.02%     -   27s
     0     0  171.61882    0 3524  164.98400  171.61882  4.02%     -   27s
     0     0  171.59317    0 3491  164.98400  171.59317  4.01%     -   27s
     0     0  171.59271    0 3543  164.98400  171.59271  4.01%     -   27s
     0     0  171.58587    0 3433  164.98400  171.58587  4.00%     -   27s
     0     0  171.58475    0 3521  164.98400  171.58475  4.00%     -   27s
     0     0  171.58472    0 3535  164.98400  171.58472  4.00%     -   27s
     0     0  171.58464    0 3552  164.98400  171.58464  4.00%     -   27s
     0     0  171.58464    0 3511  164.98400  171.58464  4.00%     -   28s
     0     0  171.58464    0 3379  164.98400  171.58464  4.00%     -   28s
     0     0  171.58464    0 3026  164.98400  171.58464  4.00%     -   28s
     0     2  171.57889    0 3023  164.98400  171.57889  4.00%     -   29s
     1     1     cutoff    1       164.98400  171.57889  4.00%  8917   30s
   513   403  165.12855   52  971  164.98400  166.04380  0.64%  79.6   35s
   624   455  165.38543   19 1814  164.98400  166.01412  0.62%  78.1   40s
   937   564  165.48842   38 1004  164.98400  165.99115  0.61%   137   45s
  1308   630  165.33308   42 1105  164.98400  165.96176  0.59%   118   50s
  1840   654  165.58056   37  992  164.98400  165.87822  0.54%   101   55s
  2378   716  165.49602   33 1134  164.98400  165.77040  0.48%  92.2   60s
  2909   863     cutoff   34       164.98400  165.67978  0.42%  90.0   65s
  3429   911  165.38195   39 1019  164.98400  165.64147  0.40%  91.2   70s
  4022   973  165.22924   35 1075  164.98400  165.61463  0.38%  91.4   75s
  4566  1003  165.35977   45  943  164.98400  165.59382  0.37%  91.8   80s
  5183  1029     cutoff   43       164.98400  165.55595  0.35%  90.5   85s
  5776  1016  165.08317   33  822  164.98400  165.51664  0.32%  91.1   90s
  6363   997  165.09786   35  925  164.98400  165.49367  0.31%  90.5   95s
  6935   936  165.37101   40 1045  164.98400  165.45445  0.29%  90.3  100s
  7555   871  165.13541   42  953  164.98400  165.42646  0.27%  89.4  105s
  8145   805  165.11988   52  943  164.98400  165.39304  0.25%  89.6  110s
  8556   748  165.11574   48  934  164.98400  165.36779  0.23%  89.9  115s
  9118   626  165.12501   40  933  164.98400  165.33496  0.21%  90.7  120s
  9694   511  165.15995   33  979  164.98400  165.28671  0.18%  90.9  125s
 10539   133     cutoff   48       164.98400  165.12356  0.08%  88.3  130s

Cutting planes:
  Gomory: 1
  Cover: 6
  Clique: 105
  MIR: 9
  Zero half: 383
  Relax-and-lift: 2

Explored 10660 nodes (1035682 simplex iterations) in 130.93 seconds (216.07 work units)
Thread count was 1 (of 32 available processors)

Solution count 10: 164.984 164.032 163.893 ... 154.573

Optimal solution found (tolerance 1.00e-04)
Best objective 1.649840040389e+02, best bound 1.649948023360e+02, gap 0.0065%

User-callback calls 36890, time in user-callback 4.57 sec

Gurobi 12.0.3 (win64) logging started Tue Dec  2 17:06:23 2025

Set parameter LogFile to value "data\dblrp\grb_log_ef_s20_ts0_f10_c10_r2.0_iss1_bt1_nsp5000_nse1000_sd7.log"
Set parameter NodefileStart to value 0.5
Set parameter NodefileDir to value "node_files\s20_ts0"
Set parameter MIPGap to value 0.0001
Set parameter TimeLimit to value 3600
Set parameter Threads to value 1
Gurobi Optimizer version 12.0.3 build v12.0.3rc0 (win64 - Windows 11.0 (26100.2))

CPU model: AMD Ryzen 7 5800H with Radeon Graphics, instruction set [SSE2|AVX|AVX2]
Thread count: 8 physical cores, 16 logical processors, using up to 1 threads

Non-default parameters:
TimeLimit  3600
NodefileStart  0.5
Threads  1

Optimize a model with 15135400 rows, 5061810 columns and 42575000 nonzeros
Model fingerprint: 0xd7bf192e
Variable types: 0 continuous, 5061810 integer (5040010 binary)
Coefficient statistics:
  Matrix range     [1e+00, 7e+01]
  Objective range  [5e-01, 1e+01]
  Bounds range     [1e+00, 4e+01]
  RHS range        [1e+00, 7e+01]
Presolve removed 6544690 rows and 7800 columns (presolve time = 5s)...
Presolve removed 15085875 rows and 4988555 columns
Presolve time: 9.05s
Presolved: 49525 rows, 73255 columns, 360534 nonzeros
Variable types: 0 continuous, 73255 integer (62019 binary)
Found heuristic solution: objective -100.0000000
Performing another presolve...
Presolve removed 41469 rows and 24442 columns
Presolve time: 1.96s

Root simplex log...

Iteration    Objective       Primal Inf.    Dual Inf.      Time
       0    9.0314670e+03   2.316000e+04   0.000000e+00     18s
   26034    1.7834918e+02   0.000000e+00   0.000000e+00     19s

Root relaxation: objective 1.783492e+02, 26034 iterations, 1.16 seconds (1.57 work units)
Total elapsed time = 19.09s (DegenMoves)

    Nodes    |    Current Node    |     Objective Bounds      |     Work
 Expl Unexpl |  Obj  Depth IntInf | Incumbent    BestBd   Gap | It/Node Time

     0     0  178.34918    0 2547 -100.00000  178.34918   278%     -   19s
     0     0  175.74874    0 2616 -100.00000  175.74874   276%     -   20s
     0     0  174.36022    0 2441 -100.00000  174.36022   274%     -   20s
     0     0  174.30081    0 2406 -100.00000  174.30081   274%     -   20s
     0     0  174.29422    0 2406 -100.00000  174.29422   274%     -   20s
H    0     0                      -0.0000000  174.29422      -     -   20s
H    0     0                      15.7069857  174.29422  1010%     -   21s
H    0     0                      15.9291950  174.29422   994%     -   21s
H    0     0                      17.0200305  174.29422   924%     -   22s
H    0     0                      17.0610677  174.29422   922%     -   22s
H    0     0                      18.9400488  174.29422   820%     -   22s
H    0     0                      20.6313673  174.29422   745%     -   23s
H    0     0                      31.0432987  174.29422   461%     -   23s
     0     0  173.91758    0 2598   31.04330  173.91758   460%     -   24s
     0     0  173.91220    0 2609   31.04330  173.91220   460%     -   24s
     0     0  173.91220    0 2606   31.04330  173.91220   460%     -   24s
     0     0  173.91220    0 2605   31.04330  173.91220   460%     -   24s
H    0     0                      33.5293827  173.88238   419%     -   24s
H    0     0                      37.9273833  173.88238   358%     -   24s
H    0     0                      89.9794192  173.88238  93.2%     -   25s
H    0     0                      94.1010462  173.88238  84.8%     -   25s
H    0     0                     113.8021419  173.88238  52.8%     -   25s
H    0     0                     113.9895302  173.88238  52.5%     -   26s
H    0     0                     116.7152423  173.88238  49.0%     -   26s
H    0     0                     116.9495456  173.88238  48.7%     -   26s
H    0     0                     119.0769598  173.88238  46.0%     -   26s
H    0     0                     124.0224459  173.88238  40.2%     -   27s
H    0     0                     124.7358312  173.88238  39.4%     -   27s
H    0     0                     127.4454106  173.88238  36.4%     -   27s
     0     0  173.88238    0 2612  127.44541  173.88238  36.4%     -   27s
     0     0  173.38973    0 2725  127.44541  173.38973  36.1%     -   28s
     0     0  173.38190    0 2685  127.44541  173.38190  36.0%     -   28s
     0     0  173.35409    0 2673  127.44541  173.35409  36.0%     -   28s
     0     0  173.35409    0 2672  127.44541  173.35409  36.0%     -   28s
H    0     0                     140.5445844  173.35283  23.3%     -   28s
H    0     0                     142.0461154  173.35283  22.0%     -   29s
H    0     0                     143.4640840  173.35283  20.8%     -   29s
H    0     0                     145.2259662  173.35283  19.4%     -   29s
     0     0  173.35283    0 2678  145.22597  173.35283  19.4%     -   29s
     0     0  173.25354    0 2724  145.22597  173.25354  19.3%     -   30s
     0     0  173.25354    0 2718  145.22597  173.25354  19.3%     -   30s
H    0     0                     146.0452061  173.25354  18.6%     -   30s
H    0     0                     148.8015510  173.25354  16.4%     -   30s
H    0     0                     150.2327570  173.25354  15.3%     -   31s
     0     0  173.18641    0 2720  150.23276  173.18641  15.3%     -   31s
     0     0  173.18641    0 2705  150.23276  173.18641  15.3%     -   31s
     0     0  173.17331    0 2730  150.23276  173.17331  15.3%     -   31s
     0     0  173.17331    0 2711  150.23276  173.17331  15.3%     -   31s
     0     0  173.17331    0 2751  150.23276  173.17331  15.3%     -   31s
     0     0  172.94565    0 2811  150.23276  172.94565  15.1%     -   31s
     0     0  172.94565    0 2807  150.23276  172.94565  15.1%     -   31s
     0     0  172.94462    0 2811  150.23276  172.94462  15.1%     -   31s
     0     0  172.94091    0 2858  150.23276  172.94091  15.1%     -   31s
     0     0  172.94091    0 2870  150.23276  172.94091  15.1%     -   31s
     0     0  172.66943    0 2856  150.23276  172.66943  14.9%     -   32s
     0     0  172.66943    0 2861  150.23276  172.66943  14.9%     -   32s
H    0     0                     150.8914889  172.66943  14.4%     -   32s
H    0     0                     150.9159062  172.66943  14.4%     -   32s
H    0     0                     151.6703287  172.66943  13.8%     -   33s
H    0     0                     152.1952279  172.66943  13.5%     -   33s
H    0     0                     152.9833735  172.66943  12.9%     -   33s
     0     0  172.63760    0 2860  152.98337  172.63760  12.8%     -   33s
     0     0  172.63760    0 2862  152.98337  172.63760  12.8%     -   33s
     0     0  172.63692    0 2852  152.98337  172.63692  12.8%     -   33s
     0     0  172.63692    0 2853  152.98337  172.63692  12.8%     -   33s
     0     0  172.63692    0 2867  152.98337  172.63692  12.8%     -   33s
     0     0  172.48279    0 2542  152.98337  172.48279  12.7%     -   34s
     0     0  172.46647    0 2915  152.98337  172.46647  12.7%     -   34s
     0     0  172.46627    0 2952  152.98337  172.46627  12.7%     -   34s
     0     0  172.41306    0 2925  152.98337  172.41306  12.7%     -   34s
     0     0  172.41306    0 2928  152.98337  172.41306  12.7%     -   34s
     0     0  172.41068    0 2896  152.98337  172.41068  12.7%     -   34s
     0     0  172.39077    0 2943  152.98337  172.39077  12.7%     -   35s
     0     0  172.39077    0 2956  152.98337  172.39077  12.7%     -   35s
     0     0  172.38810    0 2971  152.98337  172.38810  12.7%     -   35s
     0     0  172.38564    0 2959  152.98337  172.38564  12.7%     -   35s
     0     0  172.38564    0 2950  152.98337  172.38564  12.7%     -   35s
     0     0  172.31834    0 2987  152.98337  172.31834  12.6%     -   35s
     0     0  172.31834    0 2989  152.98337  172.31834  12.6%     -   35s
     0     0  172.28971    0 3033  152.98337  172.28971  12.6%     -   35s
     0     0  172.28971    0 3039  152.98337  172.28971  12.6%     -   35s
     0     0  172.28961    0 3078  152.98337  172.28961  12.6%     -   35s
     0     0  172.28441    0 3046  152.98337  172.28441  12.6%     -   36s
     0     0  172.25057    0 3097  152.98337  172.25057  12.6%     -   36s
     0     0  172.25057    0 3100  152.98337  172.25057  12.6%     -   36s
     0     0  172.24059    0 3129  152.98337  172.24059  12.6%     -   36s
     0     0  172.24039    0 3128  152.98337  172.24039  12.6%     -   36s
     0     0  172.23144    0 3089  152.98337  172.23144  12.6%     -   36s
H    0     0                     155.6010153  172.23131  10.7%     -   37s
     0     0  172.22263    0 3111  155.60102  172.22263  10.7%     -   37s
     0     0  172.22261    0 3111  155.60102  172.22261  10.7%     -   37s
     0     0  172.20426    0 3259  155.60102  172.20426  10.7%     -   37s
     0     0  172.20426    0 3261  155.60102  172.20426  10.7%     -   37s
     0     0  172.20332    0 3228  155.60102  172.20332  10.7%     -   37s
     0     0  172.20292    0 3252  155.60102  172.20292  10.7%     -   37s
     0     0  172.15321    0 3243  155.60102  172.15321  10.6%     -   38s
H    0     0                     155.7895014  172.15321  10.5%     -   38s
H    0     0                     156.3144006  172.15321  10.1%     -   39s
     0     0  172.15122    0 3222  156.31440  172.15122  10.1%     -   39s
     0     0  172.14788    0 3259  156.31440  172.14788  10.1%     -   39s
     0     0  172.14714    0 3272  156.31440  172.14714  10.1%     -   39s
     0     0  172.14688    0 3268  156.31440  172.14688  10.1%     -   39s
     0     0  172.11997    0 3394  156.31440  172.11997  10.1%     -   39s
     0     0  172.10937    0 3291  156.31440  172.10937  10.1%     -   39s
     0     0  172.10777    0 3314  156.31440  172.10777  10.1%     -   39s
     0     0  172.10728    0 3290  156.31440  172.10728  10.1%     -   39s
     0     0  172.08538    0 3377  156.31440  172.08538  10.1%     -   40s
     0     0  172.06379    0 3296  156.31440  172.06379  10.1%     -   40s
     0     0  172.06193    0 3323  156.31440  172.06193  10.1%     -   40s
     0     0  172.06088    0 3362  156.31440  172.06088  10.1%     -   40s
     0     0  172.06088    0 3361  156.31440  172.06088  10.1%     -   40s
     0     0  172.01850    0 3320  156.31440  172.01850  10.0%     -   41s
     0     0  172.01850    0 3321  156.31440  172.01850  10.0%     -   41s
     0     0  172.01139    0 3399  156.31440  172.01139  10.0%     -   41s
     0     0  172.00225    0 3409  156.31440  172.00225  10.0%     -   41s
     0     0  172.00095    0 3446  156.31440  172.00095  10.0%     -   41s
     0     0  172.00053    0 3433  156.31440  172.00053  10.0%     -   41s
     0     0  171.98764    0 3372  156.31440  171.98764  10.0%     -   41s
     0     0  171.97685    0 3403  156.31440  171.97685  10.0%     -   42s
     0     0  171.97318    0 3425  156.31440  171.97318  10.0%     -   42s
     0     0  171.97247    0 3443  156.31440  171.97247  10.0%     -   42s
     0     0  171.91621    0 3399  156.31440  171.91621  10.0%     -   42s
     0     0  171.90880    0 3464  156.31440  171.90880  10.0%     -   42s
     0     0  171.90860    0 3460  156.31440  171.90860  10.0%     -   42s
     0     0  171.87479    0 3466  156.31440  171.87479  10.0%     -   43s
     0     0  171.87311    0 3586  156.31440  171.87311  10.0%     -   43s
     0     0  171.87178    0 3610  156.31440  171.87178  10.0%     -   43s
     0     0  171.87178    0 3626  156.31440  171.87178  10.0%     -   43s
     0     0  171.86333    0 3588  156.31440  171.86333  9.95%     -   44s
H    0     0                     159.6128563  171.86333  7.68%     -   44s
H    0     0                     160.3262417  171.86333  7.20%     -   45s
H    0     0                     160.4736907  171.86333  7.10%     -   46s
H    0     0                     160.9985899  171.86333  6.75%     -   46s
H    0     0                     161.7119753  171.86333  6.28%     -   47s
H    0     0                     163.8931685  171.86333  4.86%     -   47s
     0     0  171.84106    0 3545  163.89317  171.84106  4.85%     -   47s
     0     0  171.83985    0 3623  163.89317  171.83985  4.85%     -   48s
     0     0  171.83945    0 3646  163.89317  171.83945  4.85%     -   48s
     0     0  171.83404    0 3604  163.89317  171.83404  4.85%     -   48s
     0     0  171.83404    0 3608  163.89317  171.83404  4.85%     -   48s
     0     0  171.83397    0 3695  163.89317  171.83397  4.85%     -   48s
     0     0  171.82714    0 3671  163.89317  171.82714  4.84%     -   48s
     0     0  171.82714    0 3256  163.89317  171.82714  4.84%     -   49s
     0     2  171.80102    0 3256  163.89317  171.80102  4.83%     -   51s
H   27    23                     164.4591048  165.68577  0.75%  1147   54s
H   27    19                     164.9840040  165.68577  0.43%  1147   55s
   318   231  165.14028   15 1287  164.98400  165.63580  0.40%   137   60s
   592   358  165.08330   43 1064  164.98400  165.58232  0.36%   109   65s
   794   301     cutoff   28       164.98400  165.33309  0.21%   136   70s
  1020   142     cutoff   16       164.98400  165.19708  0.13%   153   75s

Cutting planes:
  Gomory: 4
  Cover: 11
  Implied bound: 1
  Clique: 225
  MIR: 18
  StrongCG: 1
  Zero half: 837

Explored 1164 nodes (254003 simplex iterations) in 77.34 seconds (64.72 work units)
Thread count was 1 (of 16 available processors)

Solution count 10: 164.984 164.459 163.893 ... 155.79

Optimal solution found (tolerance 1.00e-04)
Best objective 1.649840040389e+02, best bound 1.649993847831e+02, gap 0.0093%

User-callback calls 12272, time in user-callback 10.28 sec

Gurobi 12.0.1 (win64) logging started Tue Dec  2 17:36:30 2025

Set parameter LogFile to value "data\dblrp\grb_log_ef_s20_ts0_f10_c10_r2.0_iss1_bt1_nsp5000_nse1000_sd7.log"
Set parameter NodefileStart to value 0.5
Set parameter NodefileDir to value "node_files\s20_ts0"
Set parameter MIPGap to value 0.0001
Set parameter TimeLimit to value 3600
Set parameter Threads to value 1
Gurobi Optimizer version 12.0.1 build v12.0.1rc0 (win64 - Windows 11.0 (26100.2))

CPU model: Intel(R) Core(TM) i9-14900K, instruction set [SSE2|AVX|AVX2]
Thread count: 24 physical cores, 32 logical processors, using up to 1 threads

Non-default parameters:
TimeLimit  3600
NodefileStart  0.5
Threads  1

Optimize a model with 15135400 rows, 5061810 columns and 42575000 nonzeros
Model fingerprint: 0x0161bbc8
Variable types: 0 continuous, 5061810 integer (5040010 binary)
Coefficient statistics:
  Matrix range     [1e+00, 7e+01]
  Objective range  [5e-01, 1e+01]
  Bounds range     [1e+00, 4e+01]
  RHS range        [1e+00, 7e+01]
Presolve removed 15085831 rows and 4988511 columns
Presolve time: 4.23s
Presolved: 49569 rows, 73299 columns, 360924 nonzeros
Variable types: 0 continuous, 73299 integer (62084 binary)
Found heuristic solution: objective -100.0000000
Performing another presolve...
Presolve removed 41568 rows and 24634 columns
Presolve time: 1.12s

Root simplex log...

Iteration    Objective       Primal Inf.    Dual Inf.      Time
       0    9.0496627e+03   2.312988e+04   0.000000e+00      9s
   25012    1.7779786e+02   0.000000e+00   0.000000e+00     10s

Root relaxation: objective 1.777979e+02, 25012 iterations, 0.64 seconds (1.55 work units)
Total elapsed time = 9.80s (DegenMoves)
Total elapsed time = 10.04s (DegenMoves)

    Nodes    |    Current Node    |     Objective Bounds      |     Work
 Expl Unexpl |  Obj  Depth IntInf | Incumbent    BestBd   Gap | It/Node Time

     0     0  177.79786    0 2614 -100.00000  177.79786   278%     -   10s
     0     0  175.87142    0 2562 -100.00000  175.87142   276%     -   10s
     0     0  173.92413    0 2569 -100.00000  173.92413   274%     -   10s
     0     0  173.82296    0 2570 -100.00000  173.82296   274%     -   10s
     0     0  173.81022    0 2569 -100.00000  173.81022   274%     -   10s
H    0     0                      -0.0000000  173.81022      -     -   11s
H    0     0                      34.8807412  173.81022   398%     -   11s
H    0     0                      51.1740425  173.81022   240%     -   11s
H    0     0                     108.0872082  173.81022  60.8%     -   11s
H    0     0                     126.1727836  173.81022  37.8%     -   12s
H    0     0                     128.8109592  173.81022  34.9%     -   12s
H    0     0                     128.9824548  173.81022  34.8%     -   12s
H    0     0                     129.2344308  173.81022  34.5%     -   12s
H    0     0                     129.7002754  173.81022  34.0%     -   13s
H    0     0                     131.9414155  173.81022  31.7%     -   13s
H    0     0                     132.3324999  173.81022  31.3%     -   13s
H    0     0                     134.6860631  173.81022  29.0%     -   13s
     0     0  173.27440    0 2626  134.68606  173.27440  28.7%     -   14s
     0     0  173.26484    0 2587  134.68606  173.26484  28.6%     -   14s
     0     0  173.26306    0 2599  134.68606  173.26306  28.6%     -   14s
     0     0  173.26306    0 2602  134.68606  173.26306  28.6%     -   14s
H    0     0                     137.3194020  173.24344  26.2%     -   14s
H    0     0                     138.0327874  173.24344  25.5%     -   15s
H    0     0                     138.7675811  173.24344  24.8%     -   15s
H    0     0                     139.5557267  173.24344  24.1%     -   15s
H    0     0                     140.2481817  173.24344  23.5%     -   15s
H    0     0                     141.0026041  173.24344  22.9%     -   16s
     0     0  173.24344    0 2605  141.00260  173.24344  22.9%     -   16s
     0     0  173.04670    0 2658  141.00260  173.04670  22.7%     -   16s
     0     0  173.04293    0 2644  141.00260  173.04293  22.7%     -   16s
H    0     0                     147.5755731  173.04293  17.3%     -   16s
H    0     0                     149.0779620  173.04293  16.1%     -   17s
H    0     0                     149.2455177  173.04293  15.9%     -   17s
H    0     0                     149.9589031  173.04293  15.4%     -   17s
H    0     0                     150.4838023  173.04293  15.0%     -   17s
     0     0  173.03135    0 2640  150.48380  173.03135  15.0%     -   17s
     0     0  173.02856    0 2638  150.48380  173.02856  15.0%     -   17s
     0     0  173.02607    0 2647  150.48380  173.02607  15.0%     -   17s
     0     0  173.02555    0 2654  150.48380  173.02555  15.0%     -   17s
     0     0  172.99316    0 2687  150.48380  172.99316  15.0%     -   17s
     0     0  172.99021    0 2678  150.48380  172.99021  15.0%     -   17s
     0     0  172.94240    0 2655  150.48380  172.94240  14.9%     -   17s
     0     0  172.92007    0 2664  150.48380  172.92007  14.9%     -   17s
     0     0  172.91984    0 2664  150.48380  172.91984  14.9%     -   17s
     0     0  172.60061    0 2644  150.48380  172.60061  14.7%     -   18s
     0     0  172.59925    0 2632  150.48380  172.59925  14.7%     -   18s
H    0     0                     151.5990552  172.59925  13.9%     -   18s
H    0     0                     152.3124406  172.59925  13.3%     -   18s
     0     0  172.59553    0 2675  152.31244  172.59553  13.3%     -   18s
     0     0  172.43136    0 2774  152.31244  172.43136  13.2%     -   18s
     0     0  172.43132    0 2786  152.31244  172.43132  13.2%     -   19s
     0     0  172.42708    0 2806  152.31244  172.42708  13.2%     -   19s
     0     0  172.42708    0 2805  152.31244  172.42708  13.2%     -   19s
     0     0  172.42697    0 2839  152.31244  172.42697  13.2%     -   19s
     0     0  172.30278    0 2799  152.31244  172.30278  13.1%     -   19s
H    0     0                     152.8373398  172.30278  12.7%     -   19s
     0     0  172.22866    0 2842  152.83734  172.22866  12.7%     -   19s
     0     0  172.22783    0 2886  152.83734  172.22783  12.7%     -   19s
     0     0  172.22750    0 2860  152.83734  172.22750  12.7%     -   19s
     0     0  172.22750    0 2861  152.83734  172.22750  12.7%     -   19s
     0     0  172.08861    0 2816  152.83734  172.08861  12.6%     -   20s
     0     0  172.08771    0 2809  152.83734  172.08771  12.6%     -   20s
     0     0  172.08225    0 2880  152.83734  172.08225  12.6%     -   20s
     0     0  172.05420    0 2939  152.83734  172.05420  12.6%     -   20s
     0     0  172.05138    0 2930  152.83734  172.05138  12.6%     -   20s
     0     0  172.05005    0 2937  152.83734  172.05005  12.6%     -   20s
     0     0  172.05005    0 2937  152.83734  172.05005  12.6%     -   20s
     0     0  171.94182    0 2916  152.83734  171.94182  12.5%     -   20s
     0     0  171.94182    0 2896  152.83734  171.94182  12.5%     -   20s
H    0     0                     154.0965547  171.94182  11.6%     -   20s
H    0     0                     154.2641105  171.94182  11.5%     -   21s
H    0     0                     154.9774959  171.94182  10.9%     -   21s
     0     0  171.92286    0 2917  154.97750  171.92286  10.9%     -   21s
     0     0  171.90485    0 2974  154.97750  171.90485  10.9%     -   21s
     0     0  171.90446    0 2993  154.97750  171.90446  10.9%     -   21s
     0     0  171.80392    0 3071  154.97750  171.80392  10.9%     -   21s
H    0     0                     156.6342678  171.80392  9.68%     -   21s
H    0     0                     158.2285943  171.80392  8.58%     -   22s
     0     0  171.79549    0 3059  158.22859  171.79549  8.57%     -   22s
     0     0  171.79547    0 3066  158.22859  171.79547  8.57%     -   22s
     0     0  171.78734    0 3084  158.22859  171.78734  8.57%     -   22s
H    0     0                     159.0167399  171.78734  8.03%     -   22s
H    0     0                     159.3029005  171.78734  7.84%     -   22s
H    0     0                     159.5416391  171.78734  7.68%     -   23s
     0     0  171.76986    0 3065  159.54164  171.76986  7.66%     -   23s
     0     0  171.76986    0 3057  159.54164  171.76986  7.66%     -   23s
     0     0  171.72589    0 3110  159.54164  171.72589  7.64%     -   23s
     0     0  171.72589    0 3101  159.54164  171.72589  7.64%     -   23s
     0     0  171.72359    0 3115  159.54164  171.72359  7.64%     -   23s
     0     0  171.72359    0 3091  159.54164  171.72359  7.64%     -   23s
     0     0  171.67580    0 3055  159.54164  171.67580  7.61%     -   23s
     0     0  171.67580    0 3055  159.54164  171.67580  7.61%     -   23s
     0     0  171.67295    0 3143  159.54164  171.67295  7.60%     -   23s
     0     0  171.67266    0 3147  159.54164  171.67266  7.60%     -   23s
     0     0  171.60414    0 3157  159.54164  171.60414  7.56%     -   23s
H    0     0                     160.2550245  171.60243  7.08%     -   24s
     0     0  171.59862    0 3177  160.25502  171.59862  7.08%     -   24s
     0     0  171.59857    0 3168  160.25502  171.59857  7.08%     -   24s
     0     0  171.48175    0 3250  160.25502  171.48175  7.01%     -   24s
     0     0  171.46800    0 3298  160.25502  171.46800  7.00%     -   24s
     0     0  171.46800    0 3321  160.25502  171.46800  7.00%     -   24s
     0     0  171.41078    0 3203  160.25502  171.41078  6.96%     -   24s
     0     0  171.40948    0 3241  160.25502  171.40948  6.96%     -   24s
     0     0  171.40948    0 3258  160.25502  171.40948  6.96%     -   24s
     0     0  171.36915    0 3248  160.25502  171.36915  6.94%     -   24s
     0     0  171.34840    0 3296  160.25502  171.34840  6.92%     -   24s
     0     0  171.34676    0 3330  160.25502  171.34676  6.92%     -   25s
     0     0  171.34675    0 3356  160.25502  171.34675  6.92%     -   25s
     0     0  171.32005    0 3335  160.25502  171.32005  6.90%     -   25s
     0     0  171.32000    0 3328  160.25502  171.32000  6.90%     -   25s
H    0     0                     161.4342545  171.32000  6.12%     -   25s
     0     0  171.31631    0 3301  161.43425  171.31631  6.12%     -   25s
     0     0  171.31514    0 3326  161.43425  171.31514  6.12%     -   25s
     0     0  171.31501    0 3339  161.43425  171.31501  6.12%     -   25s
     0     0  171.30332    0 3375  161.43425  171.30332  6.11%     -   25s
     0     0  171.30332    0 3368  161.43425  171.30332  6.11%     -   25s
H    0     0                     162.8610252  171.30332  5.18%     -   26s
H    0     0                     162.9575739  171.30332  5.12%     -   26s
H    0     0                     163.7457195  171.30332  4.62%     -   26s
H    0     0                     164.2706187  171.30332  4.28%     -   27s
     0     0  171.30175    0 3354  164.27062  171.30175  4.28%     -   27s
     0     0  171.30169    0 3423  164.27062  171.30169  4.28%     -   27s
     0     0  171.29293    0 3360  164.27062  171.29293  4.27%     -   28s
     0     0  171.28971    0 3353  164.27062  171.28971  4.27%     -   28s
     0     0  171.28942    0 3360  164.27062  171.28942  4.27%     -   28s
     0     0  171.27322    0 3367  164.27062  171.27322  4.26%     -   28s
     0     0  171.27218    0 3431  164.27062  171.27218  4.26%     -   28s
     0     0  171.27216    0 3424  164.27062  171.27216  4.26%     -   28s
     0     0  171.25593    0 3407  164.27062  171.25593  4.25%     -   28s
     0     0  171.25387    0 3385  164.27062  171.25387  4.25%     -   28s
     0     0  171.25363    0 3455  164.27062  171.25363  4.25%     -   28s
     0     0  171.24539    0 3423  164.27062  171.24539  4.25%     -   29s
     0     0  171.24362    0 3436  164.27062  171.24362  4.24%     -   29s
     0     0  171.24360    0 3446  164.27062  171.24360  4.24%     -   29s
     0     0  171.23069    0 3396  164.27062  171.23069  4.24%     -   29s
     0     0  171.23010    0 3428  164.27062  171.23010  4.24%     -   29s
     0     0  171.21378    0 3477  164.27062  171.21378  4.23%     -   29s
     0     0  171.20551    0 3478  164.27062  171.20551  4.22%     -   29s
     0     0  171.20379    0 3476  164.27062  171.20379  4.22%     -   29s
     0     0  171.20346    0 3529  164.27062  171.20346  4.22%     -   30s
     0     0  171.17241    0 3437  164.27062  171.17241  4.20%     -   30s
     0     0  171.17018    0 3458  164.27062  171.17018  4.20%     -   30s
     0     0  171.17017    0 3468  164.27062  171.17017  4.20%     -   30s
     0     0  171.14921    0 3484  164.27062  171.14921  4.19%     -   30s
     0     0  171.14839    0 3512  164.27062  171.14839  4.19%     -   30s
     0     0  171.14668    0 3528  164.27062  171.14668  4.19%     -   30s
     0     0  171.14668    0 3120  164.27062  171.14668  4.19%     -   31s
     0     2  171.14667    0 3052  164.27062  171.14667  4.19%     -   32s
   284   282  164.98400  280 1652  164.27062  167.51634  1.98%  63.0   35s
H  440     8                     164.9840040  167.51634  1.53%  43.9   36s
   527    76  167.28492    0 1914  164.98400  167.28492  1.39%  45.6   40s
   554    94  167.28492    0 2872  164.98400  167.28492  1.39%  43.4   45s

Cutting planes:
  Gomory: 6
  Cover: 7
  Clique: 156
  MIR: 5
  Flow cover: 12
  GUB cover: 20
  Zero half: 485
  Relax-and-lift: 3

Explored 640 nodes (197198 simplex iterations) in 48.91 seconds (80.41 work units)
Thread count was 1 (of 32 available processors)

Solution count 10: 164.984 164.271 163.746 ... 159.017

Optimal solution found (tolerance 1.00e-04)
Best objective 1.649840040389e+02, best bound 1.649840040389e+02, gap 0.0000%

User-callback calls 8966, time in user-callback 7.89 sec

Gurobi 12.0.1 (win64) logging started Thu Dec  4 00:53:16 2025

Set parameter LogFile to value "data\dblrp\grb_log_ef_s20_ts0_f10_c10_r2.0_iss1_bt1_nsp5000_nse1000_sd7.log"
Set parameter NodefileStart to value 0.5
Set parameter NodefileDir to value "node_files\s20_ts0"
Set parameter MIPGap to value 0.0001
Set parameter TimeLimit to value 3600
Set parameter Threads to value 1
Gurobi Optimizer version 12.0.1 build v12.0.1rc0 (win64 - Windows 11.0 (26100.2))

CPU model: Intel(R) Core(TM) i9-14900K, instruction set [SSE2|AVX|AVX2]
Thread count: 24 physical cores, 32 logical processors, using up to 1 threads

Non-default parameters:
TimeLimit  3600
NodefileStart  0.5
Threads  1

Optimize a model with 15135400 rows, 5061810 columns and 42575000 nonzeros
Model fingerprint: 0xad8ccdad
Variable types: 0 continuous, 5061810 integer (5040010 binary)
Coefficient statistics:
  Matrix range     [1e+00, 7e+01]
  Objective range  [5e-01, 1e+01]
  Bounds range     [1e+00, 4e+01]
  RHS range        [1e+00, 7e+01]
Presolve removed 15085996 rows and 4988676 columns
Presolve time: 4.33s
Presolved: 49404 rows, 73134 columns, 359772 nonzeros
Variable types: 0 continuous, 73134 integer (61892 binary)
Found heuristic solution: objective -100.0000000
Performing another presolve...
Presolve removed 41352 rows and 24535 columns
Presolve time: 0.94s

Root simplex log...

Iteration    Objective       Primal Inf.    Dual Inf.      Time
       0    9.1006684e+03   2.321500e+04   0.000000e+00      9s
   24682    1.7730717e+02   0.000000e+00   0.000000e+00      9s

Root relaxation: objective 1.773072e+02, 24682 iterations, 0.85 seconds (1.78 work units)
Total elapsed time = 9.48s (DegenMoves)

    Nodes    |    Current Node    |     Objective Bounds      |     Work
 Expl Unexpl |  Obj  Depth IntInf | Incumbent    BestBd   Gap | It/Node Time

     0     0  177.30717    0 2531 -100.00000  177.30717   277%     -    9s
     0     0  175.31393    0 2616 -100.00000  175.31393   275%     -   10s
     0     0  173.18550    0 2520 -100.00000  173.18550   273%     -   10s
     0     0  173.14218    0 2480 -100.00000  173.14218   273%     -   10s
     0     0  173.13720    0 2463 -100.00000  173.13720   273%     -   10s
     0     0  173.13157    0 2466 -100.00000  173.13157   273%     -   10s
     0     0  173.13157    0 2468 -100.00000  173.13157   273%     -   10s
H    0     0                      -0.0000000  173.13157      -     -   10s
H    0     0                      20.9753210  173.13157   725%     -   10s
H    0     0                      30.9112580  173.13157   460%     -   11s
H    0     0                      81.1584853  173.13157   113%     -   11s
H    0     0                     111.1584853  173.13157  55.8%     -   11s
H    0     0                     113.5418153  173.13157  52.5%     -   11s
H    0     0                     140.1453595  173.13157  23.5%     -   11s
H    0     0                     141.0340021  173.13157  22.8%     -   12s
H    0     0                     145.9217351  173.13157  18.6%     -   12s
H    0     0                     147.4787777  173.13157  17.4%     -   12s
H    0     0                     159.7655300  173.13157  8.37%     -   12s
H    0     0                     160.8735772  173.13157  7.62%     -   13s
H    0     0                     163.1797831  173.13157  6.10%     -   13s
     0     0  172.82476    0 2634  163.17978  172.82476  5.91%     -   13s
     0     0  172.80179    0 2606  163.17978  172.80179  5.90%     -   13s
     0     0  172.78858    0 2605  163.17978  172.78858  5.89%     -   13s
     0     0  172.78858    0 2601  163.17978  172.78858  5.89%     -   13s
     0     0  172.75714    0 2625  163.17978  172.75714  5.87%     -   14s
     0     0  172.75554    0 2623  163.17978  172.75554  5.87%     -   14s
     0     0  172.68630    0 2720  163.17978  172.68630  5.83%     -   14s
     0     0  172.68161    0 2710  163.17978  172.68161  5.82%     -   14s
     0     0  172.68161    0 2700  163.17978  172.68161  5.82%     -   14s
     0     0  172.67095    0 2709  163.17978  172.67095  5.82%     -   14s
     0     0  172.67095    0 2706  163.17978  172.67095  5.82%     -   14s
     0     0  172.49243    0 2697  163.17978  172.49243  5.71%     -   14s
     0     0  172.49243    0 2690  163.17978  172.49243  5.71%     -   14s
H    0     0                     163.7046823  172.49243  5.37%     -   15s
     0     0  172.47425    0 2727  163.70468  172.47425  5.36%     -   15s
     0     0  172.27797    0 2834  163.70468  172.27797  5.24%     -   15s
     0     0  172.27665    0 2839  163.70468  172.27665  5.24%     -   15s
     0     0  172.25737    0 2855  163.70468  172.25737  5.22%     -   15s
     0     0  172.25711    0 2844  163.70468  172.25711  5.22%     -   15s
     0     0  172.23377    0 2796  163.70468  172.23377  5.21%     -   15s
     0     0  172.23370    0 2801  163.70468  172.23370  5.21%     -   15s
     0     0  172.14110    0 2836  163.70468  172.14110  5.15%     -   15s
     0     0  172.14110    0 2835  163.70468  172.14110  5.15%     -   15s
     0     0  172.11129    0 2907  163.70468  172.11129  5.14%     -   16s
     0     0  172.11129    0 2901  163.70468  172.11129  5.14%     -   16s
     0     0  172.10946    0 2902  163.70468  172.10946  5.13%     -   16s
     0     0  172.10852    0 2915  163.70468  172.10852  5.13%     -   16s
     0     0  172.10852    0 2932  163.70468  172.10852  5.13%     -   16s
     0     0  171.91043    0 2918  163.70468  171.91043  5.01%     -   16s
     0     0  171.90760    0 2904  163.70468  171.90760  5.01%     -   16s
     0     0  171.88333    0 2934  163.70468  171.88333  5.00%     -   16s
     0     0  171.88312    0 2939  163.70468  171.88312  5.00%     -   16s
     0     0  171.82519    0 2973  163.70468  171.82519  4.96%     -   16s
     0     0  171.82519    0 2948  163.70468  171.82519  4.96%     -   16s
     0     0  171.82093    0 2991  163.70468  171.82093  4.96%     -   16s
     0     0  171.82093    0 2994  163.70468  171.82093  4.96%     -   16s
     0     0  171.82093    0 2985  163.70468  171.82093  4.96%     -   16s
     0     0  171.70421    0 2983  163.70468  171.70421  4.89%     -   17s
H    0     0                     164.2706187  171.70421  4.53%     -   17s
     0     0  171.70018    0 3059  164.27062  171.70018  4.52%     -   17s
     0     0  171.69948    0 3081  164.27062  171.69948  4.52%     -   17s
     0     0  171.69948    0 3066  164.27062  171.69948  4.52%     -   17s
     0     0  171.69948    0 3070  164.27062  171.69948  4.52%     -   17s
     0     0  171.61948    0 3090  164.27062  171.61948  4.47%     -   17s
     0     0  171.60472    0 3105  164.27062  171.60472  4.46%     -   17s
     0     0  171.60325    0 3103  164.27062  171.60325  4.46%     -   17s
     0     0  171.60324    0 3111  164.27062  171.60324  4.46%     -   17s
     0     0  171.48827    0 3149  164.27062  171.48827  4.39%     -   18s
     0     0  171.47793    0 3234  164.27062  171.47793  4.39%     -   18s
     0     0  171.47715    0 3198  164.27062  171.47715  4.39%     -   18s
     0     0  171.47712    0 3238  164.27062  171.47712  4.39%     -   18s
     0     0  171.40401    0 3149  164.27062  171.40401  4.34%     -   18s
     0     0  171.40365    0 3153  164.27062  171.40365  4.34%     -   18s
     0     0  171.36648    0 3187  164.27062  171.36648  4.32%     -   18s
     0     0  171.36509    0 3217  164.27062  171.36509  4.32%     -   18s
     0     0  171.36506    0 3224  164.27062  171.36506  4.32%     -   18s
     0     0  171.30917    0 3214  164.27062  171.30917  4.28%     -   18s
     0     0  171.30769    0 3228  164.27062  171.30769  4.28%     -   18s
     0     0  171.30769    0 3263  164.27062  171.30769  4.28%     -   18s
     0     0  171.28595    0 3242  164.27062  171.28595  4.27%     -   18s
     0     0  171.27763    0 3294  164.27062  171.27763  4.27%     -   19s
     0     0  171.27470    0 3323  164.27062  171.27470  4.26%     -   19s
     0     0  171.27458    0 3319  164.27062  171.27458  4.26%     -   19s
     0     0  171.27410    0 3355  164.27062  171.27410  4.26%     -   19s
     0     0  171.27410    0 3335  164.27062  171.27410  4.26%     -   19s
     0     0  171.24429    0 3293  164.27062  171.24429  4.25%     -   19s
     0     0  171.24132    0 3324  164.27062  171.24132  4.24%     -   19s
     0     0  171.24062    0 3337  164.27062  171.24062  4.24%     -   19s
     0     0  171.24003    0 3399  164.27062  171.24003  4.24%     -   19s
     0     0  171.23988    0 3410  164.27062  171.23988  4.24%     -   19s
     0     0  171.18625    0 3385  164.27062  171.18625  4.21%     -   19s
     0     0  171.18165    0 3427  164.27062  171.18165  4.21%     -   19s
     0     0  171.18106    0 3480  164.27062  171.18106  4.21%     -   19s
     0     0  171.18106    0 3484  164.27062  171.18106  4.21%     -   19s
     0     0  171.16028    0 3409  164.27062  171.16028  4.19%     -   20s
H    0     0                     164.9840040  171.16028  3.74%     -   20s
     0     0  171.15554    0 3439  164.98400  171.15554  3.74%     -   20s
     0     0  171.15398    0 3444  164.98400  171.15398  3.74%     -   20s
     0     0  171.15378    0 3485  164.98400  171.15378  3.74%     -   20s
     0     0  171.12559    0 3435  164.98400  171.12559  3.72%     -   20s
     0     0  171.10605    0 3516  164.98400  171.10605  3.71%     -   21s
     0     0  171.10268    0 3524  164.98400  171.10268  3.71%     -   21s
     0     0  171.10266    0 3532  164.98400  171.10266  3.71%     -   21s
     0     0  171.06483    0 3463  164.98400  171.06483  3.69%     -   21s
     0     0  171.05666    0 3513  164.98400  171.05666  3.68%     -   21s
     0     0  171.05644    0 3518  164.98400  171.05644  3.68%     -   21s
     0     0  171.03310    0 3471  164.98400  171.03310  3.67%     -   21s
     0     0  171.03252    0 3458  164.98400  171.03252  3.67%     -   21s
     0     0  171.01914    0 3500  164.98400  171.01914  3.66%     -   21s
     0     0  171.01598    0 3535  164.98400  171.01598  3.66%     -   21s
     0     0  171.01552    0 3522  164.98400  171.01552  3.66%     -   21s
     0     0  171.01413    0 3512  164.98400  171.01413  3.65%     -   22s
     0     0  171.01159    0 3529  164.98400  171.01159  3.65%     -   22s
     0     0  171.01108    0 3572  164.98400  171.01108  3.65%     -   22s
     0     0  171.00667    0 3534  164.98400  171.00667  3.65%     -   22s
     0     0  171.00667    0 3524  164.98400  171.00667  3.65%     -   22s
     0     0  171.00574    0 3571  164.98400  171.00574  3.65%     -   22s
     0     0  171.00574    0 3566  164.98400  171.00574  3.65%     -   22s
     0     0  170.99461    0 3512  164.98400  170.99461  3.64%     -   22s
     0     0  170.99165    0 3573  164.98400  170.99165  3.64%     -   22s
     0     0  170.99160    0 3607  164.98400  170.99160  3.64%     -   22s
     0     0  170.98453    0 3571  164.98400  170.98453  3.64%     -   22s
     0     0  170.98246    0 3594  164.98400  170.98246  3.64%     -   23s
     0     0  170.98246    0 3596  164.98400  170.98246  3.64%     -   23s
     0     0  170.98240    0 3612  164.98400  170.98240  3.64%     -   23s
     0     0  170.97183    0 3515  164.98400  170.97183  3.63%     -   23s
     0     0  170.97145    0 3599  164.98400  170.97145  3.63%     -   23s
     0     0  170.96353    0 3525  164.98400  170.96353  3.62%     -   23s
     0     0  170.96353    0 3160  164.98400  170.96353  3.62%     -   23s
     0     0  170.96353    0 2339  164.98400  170.96353  3.62%     -   25s
     0     0  170.96353    0 2810  164.98400  170.96353  3.62%     -   26s
     0     0  170.96353    0 3011  164.98400  170.96353  3.62%     -   26s
     0     0  170.96353    0 3086  164.98400  170.96353  3.62%     -   26s
     0     0  170.96353    0 3198  164.98400  170.96353  3.62%     -   26s
     0     0  170.96353    0 3223  164.98400  170.96353  3.62%     -   26s
     0     0  170.96149    0 3293  164.98400  170.96149  3.62%     -   26s
     0     0  170.95692    0 3305  164.98400  170.95692  3.62%     -   26s
     0     0  170.95587    0 3321  164.98400  170.95587  3.62%     -   27s
     0     0  170.95587    0 3324  164.98400  170.95587  3.62%     -   27s
     0     0  170.93118    0 3359  164.98400  170.93118  3.60%     -   27s
     0     0  170.91074    0 3395  164.98400  170.91074  3.59%     -   27s
     0     0  170.90416    0 3389  164.98400  170.90416  3.59%     -   27s
     0     0  170.90357    0 3421  164.98400  170.90357  3.59%     -   27s
     0     0  170.90137    0 3410  164.98400  170.90137  3.59%     -   27s
     0     0  170.90015    0 3441  164.98400  170.90015  3.59%     -   27s
     0     0  170.90003    0 3431  164.98400  170.90003  3.59%     -   27s
     0     0  170.88940    0 3456  164.98400  170.88940  3.58%     -   28s
     0     0  170.88900    0 3460  164.98400  170.88900  3.58%     -   28s
     0     0  170.87093    0 3434  164.98400  170.87093  3.57%     -   28s
     0     0  170.87037    0 3459  164.98400  170.87037  3.57%     -   28s
     0     0  170.86593    0 3471  164.98400  170.86593  3.57%     -   28s
     0     0  170.86588    0 3506  164.98400  170.86588  3.57%     -   28s
     0     0  170.86001    0 3507  164.98400  170.86001  3.56%     -   28s
     0     0  170.86001    0 3258  164.98400  170.86001  3.56%     -   29s
     0     2  170.85968    0 3213  164.98400  170.85968  3.56%     -   30s

Cutting planes:
  Gomory: 3
  Cover: 4
  Clique: 146
  MIR: 27
  Zero half: 534
  Relax-and-lift: 2

Explored 9 nodes (166018 simplex iterations) in 31.73 seconds (58.84 work units)
Thread count was 1 (of 32 available processors)

Solution count 10: 164.984 164.271 163.705 ... 140.145

Optimal solution found (tolerance 1.00e-04)
Best objective 1.649840040389e+02, best bound 1.649840040389e+02, gap 0.0000%

User-callback calls 6052, time in user-callback 3.13 sec
