
Gurobi 12.0.1 (win64) logging started Wed Dec  3 22:52:20 2025

Set parameter LogFile to value "data\dblrp\grb_log_lr_s20_ts0_f5_c10_r2.0_iss1_bt1_nsp500_nse100_sd7.log"
Gurobi Optimizer version 12.0.1 build v12.0.1rc0 (win64 - Windows 11.0 (26100.2))

CPU model: Intel(R) Core(TM) i9-14900K, instruction set [SSE2|AVX|AVX2]
Thread count: 24 physical cores, 32 logical processors, using up to 1 threads

Non-default parameters:
TimeLimit  10800
Threads  1

Optimize a model with 20 rows, 25 columns and 120 nonzeros
Model fingerprint: 0x39c5ba3a
Variable types: 20 continuous, 5 integer (5 binary)
Coefficient statistics:
  Matrix range     [1e+00, 3e+01]
  Objective range  [5e-02, 1e+01]
  Bounds range     [1e+00, 1e+00]
  RHS range        [2e+04, 2e+04]
Presolve removed 20 rows and 25 columns
Presolve time: 0.00s
Presolve: All rows and columns removed

Explored 0 nodes (0 simplex iterations) in 0.00 seconds (0.00 work units)
Thread count was 1 (of 32 available processors)

Solution count 1: 18660.8 

Optimal solution found (tolerance 1.00e-04)
Best objective 1.866083044524e+04, best bound 1.866083044524e+04, gap 0.0000%

User-callback calls 141, time in user-callback 0.00 sec

Gurobi 12.0.1 (win64) logging started Wed Dec  3 22:54:00 2025

Set parameter LogFile to value "data\dblrp\grb_log_lr_s20_ts0_f5_c10_r2.0_iss1_bt1_nsp500_nse100_sd7.log"
Gurobi Optimizer version 12.0.1 build v12.0.1rc0 (win64 - Windows 11.0 (26100.2))

CPU model: Intel(R) Core(TM) i9-14900K, instruction set [SSE2|AVX|AVX2]
Thread count: 24 physical cores, 32 logical processors, using up to 1 threads

Non-default parameters:
TimeLimit  10800
Threads  1

Optimize a model with 20 rows, 25 columns and 120 nonzeros
Model fingerprint: 0x2d9ed82d
Variable types: 20 continuous, 5 integer (5 binary)
Coefficient statistics:
  Matrix range     [1e+00, 3e+01]
  Objective range  [5e-02, 1e+01]
  Bounds range     [1e+00, 1e+00]
  RHS range        [2e+04, 2e+04]
Presolve removed 20 rows and 25 columns
Presolve time: 0.00s
Presolve: All rows and columns removed

Explored 0 nodes (0 simplex iterations) in 0.00 seconds (0.00 work units)
Thread count was 1 (of 32 available processors)

Solution count 1: 18661.2 

Optimal solution found (tolerance 1.00e-04)
Best objective 1.866121562229e+04, best bound 1.866121562229e+04, gap 0.0000%

User-callback calls 141, time in user-callback 0.00 sec

Gurobi 12.0.1 (win64) logging started Wed Dec  3 23:25:18 2025

Set parameter LogFile to value "data\dblrp\grb_log_lr_s20_ts0_f5_c10_r2.0_iss1_bt1_nsp500_nse100_sd7.log"
Gurobi Optimizer version 12.0.1 build v12.0.1rc0 (win64 - Windows 11.0 (26100.2))

CPU model: Intel(R) Core(TM) i9-14900K, instruction set [SSE2|AVX|AVX2]
Thread count: 24 physical cores, 32 logical processors, using up to 1 threads

Non-default parameters:
TimeLimit  10800
Threads  1

Optimize a model with 20 rows, 25 columns and 120 nonzeros
Model fingerprint: 0xdc505af6
Variable types: 20 continuous, 5 integer (5 binary)
Coefficient statistics:
  Matrix range     [1e+00, 3e+01]
  Objective range  [5e-02, 1e+01]
  Bounds range     [1e+00, 1e+00]
  RHS range        [2e+04, 2e+04]
Presolve removed 20 rows and 25 columns
Presolve time: 0.00s
Presolve: All rows and columns removed

Explored 0 nodes (0 simplex iterations) in 0.00 seconds (0.00 work units)
Thread count was 1 (of 32 available processors)

Solution count 1: 18661.4 

Optimal solution found (tolerance 1.00e-04)
Best objective 1.866141459537e+04, best bound 1.866141459537e+04, gap 0.0000%

User-callback calls 141, time in user-callback 0.00 sec
