
Gurobi 12.0.1 (win64) logging started Sat Dec 27 15:19:46 2025

Set parameter LogFile to value "data\dblrp\grb_log_ef_s20_ts0_f10_c10_r2.0_iss1_bt1_nsp10000_nse5000_sd7.log"
Set parameter NodefileStart to value 0.5
Set parameter NodefileDir to value "node_files\s20_ts0"
Set parameter MIPGap to value 0.01
Set parameter TimeLimit to value 7200
Set parameter Threads to value 1
Gurobi Optimizer version 12.0.1 build v12.0.1rc0 (win64 - Windows 11.0 (26100.2))

CPU model: Intel(R) Core(TM) i9-14900K, instruction set [SSE2|AVX|AVX2]
Thread count: 24 physical cores, 32 logical processors, using up to 1 threads

Non-default parameters:
TimeLimit  7200
MIPGap  0.01
NodefileStart  0.5
Threads  1

Optimize a model with 15135400 rows, 5061810 columns and 42575000 nonzeros
Model fingerprint: 0x5cedba6c
Variable types: 0 continuous, 5061810 integer (5040010 binary)
Coefficient statistics:
  Matrix range     [1e+00, 7e+01]
  Objective range  [5e-01, 1e+01]
  Bounds range     [1e+00, 4e+01]
  RHS range        [1e+00, 7e+01]
Presolve removed 15086211 rows and 4989091 columns
Presolve time: 4.58s
Presolved: 49189 rows, 72719 columns, 357650 nonzeros
Variable types: 0 continuous, 72719 integer (61505 binary)
Found heuristic solution: objective -100.0000000
Performing another presolve...
Presolve removed 41206 rows and 24609 columns
Presolve time: 1.04s

Root simplex log...

Iteration    Objective       Primal Inf.    Dual Inf.      Time
       0    8.9692086e+03   2.286175e+04   0.000000e+00      9s
   24105    1.7796073e+02   0.000000e+00   0.000000e+00     10s

Root relaxation: objective 1.779607e+02, 24105 iterations, 0.64 seconds (1.47 work units)
Total elapsed time = 9.58s (DegenMoves)

    Nodes    |    Current Node    |     Objective Bounds      |     Work
 Expl Unexpl |  Obj  Depth IntInf | Incumbent    BestBd   Gap | It/Node Time

     0     0  177.96073    0 2563 -100.00000  177.96073   278%     -    9s
     0     0  176.47561    0 2669 -100.00000  176.47561   276%     -   10s
     0     0  174.01511    0 2574 -100.00000  174.01511   274%     -   10s
     0     0  173.90837    0 2563 -100.00000  173.90837   274%     -   10s
     0     0  173.90684    0 2563 -100.00000  173.90684   274%     -   10s
H    0     0                      -0.0000000  173.90684      -     -   10s
H    0     0                       0.6455205  173.90684      -     -   10s
H    0     0                       4.4207714  173.90684  3834%     -   10s
H    0     0                      54.3769210  173.90684   220%     -   11s
H    0     0                      84.3769210  173.90684   106%     -   11s
H    0     0                      86.3122462  173.90684   101%     -   11s
H    0     0                     106.5421910  173.90684  63.2%     -   11s
H    0     0                     118.9278103  173.90684  46.2%     -   12s
H    0     0                     119.8490100  173.90684  45.1%     -   12s
H    0     0                     120.4149464  173.90684  44.4%     -   12s
H    0     0                     143.0290163  173.90684  21.6%     -   12s
H    0     0                     143.9811402  173.90684  20.8%     -   12s
H    0     0                     144.5470766  173.90684  20.3%     -   13s
H    0     0                     157.7516717  173.90684  10.2%     -   13s
H    0     0                     158.6326129  173.90684  9.63%     -   13s
H    0     0                     158.8001687  173.90684  9.51%     -   13s
H    0     0                     159.5472771  173.90684  9.00%     -   14s
     0     0  173.64077    0 2608  159.54728  173.64077  8.83%     -   14s
     0     0  173.62243    0 2539  159.54728  173.62243  8.82%     -   14s
H    0     0                     161.8594243  173.57384  7.24%     -   14s
H    0     0                     162.4253606  173.57384  6.86%     -   14s
     0     0  173.57384    0 2553  162.42536  173.57384  6.86%     -   14s
     0     0  173.57384    0 2558  162.42536  173.57384  6.86%     -   14s
     0     0  173.13957    0 2669  162.42536  173.13957  6.60%     -   15s
     0     0  173.12836    0 2640  162.42536  173.12836  6.59%     -   15s
     0     0  173.11679    0 2684  162.42536  173.11679  6.58%     -   15s
     0     0  173.11667    0 2669  162.42536  173.11667  6.58%     -   15s
     0     0  172.92997    0 2818  162.42536  172.92997  6.47%     -   15s
     0     0  172.92917    0 2825  162.42536  172.92917  6.47%     -   15s
     0     0  172.92544    0 2817  162.42536  172.92544  6.46%     -   15s
     0     0  172.92544    0 2819  162.42536  172.92544  6.46%     -   15s
     0     0  172.73091    0 2876  162.42536  172.73091  6.34%     -   15s
     0     0  172.73091    0 2873  162.42536  172.73091  6.34%     -   15s
     0     0  172.69687    0 2881  162.42536  172.69687  6.32%     -   15s
     0     0  172.69677    0 2869  162.42536  172.69677  6.32%     -   15s
     0     0  172.52269    0 2926  162.42536  172.52269  6.22%     -   15s
     0     0  172.49022    0 2934  162.42536  172.49022  6.20%     -   16s
     0     0  172.49022    0 2923  162.42536  172.49022  6.20%     -   16s
     0     0  172.48973    0 2926  162.42536  172.48973  6.20%     -   16s
     0     0  172.48973    0 2923  162.42536  172.48973  6.20%     -   16s
     0     0  172.35697    0 2901  162.42536  172.35697  6.11%     -   16s
     0     0  172.35643    0 2894  162.42536  172.35643  6.11%     -   16s
H    0     0                     162.9912970  172.35643  5.75%     -   16s
     0     0  172.31418    0 3015  162.99130  172.31418  5.72%     -   16s
     0     0  172.31418    0 3005  162.99130  172.31418  5.72%     -   16s
     0     0  172.30786    0 3000  162.99130  172.30786  5.72%     -   16s
     0     0  172.30536    0 3034  162.99130  172.30536  5.71%     -   16s
     0     0  172.30536    0 3030  162.99130  172.30536  5.71%     -   16s
     0     0  172.19518    0 2997  162.99130  172.19518  5.65%     -   17s
H    0     0                     163.7046823  172.19518  5.19%     -   17s
     0     0  172.18960    0 3057  163.70468  172.18960  5.18%     -   17s
     0     0  172.18771    0 3061  163.70468  172.18771  5.18%     -   17s
     0     0  172.18771    0 3080  163.70468  172.18771  5.18%     -   17s
     0     0  172.17790    0 3104  163.70468  172.17790  5.18%     -   17s
     0     0  172.17790    0 3109  163.70468  172.17790  5.18%     -   17s
     0     0  172.09826    0 3112  163.70468  172.09826  5.13%     -   17s
     0     0  172.09826    0 3108  163.70468  172.09826  5.13%     -   17s
     0     0  172.07334    0 3070  163.70468  172.07334  5.11%     -   18s
     0     0  172.06894    0 3093  163.70468  172.06894  5.11%     -   18s
     0     0  172.06894    0 3094  163.70468  172.06894  5.11%     -   18s
     0     0  172.02519    0 3093  163.70468  172.02519  5.08%     -   18s
     0     0  171.99862    0 3139  163.70468  171.99862  5.07%     -   18s
     0     0  171.99259    0 3167  163.70468  171.99259  5.06%     -   18s
     0     0  171.98585    0 3193  163.70468  171.98585  5.06%     -   18s
     0     0  171.98568    0 3192  163.70468  171.98568  5.06%     -   18s
     0     0  171.90334    0 3194  163.70468  171.90334  5.01%     -   18s
     0     0  171.88713    0 3257  163.70468  171.88713  5.00%     -   18s
     0     0  171.88713    0 3250  163.70468  171.88713  5.00%     -   18s
     0     0  171.88705    0 3263  163.70468  171.88705  5.00%     -   18s
     0     0  171.83842    0 3260  163.70468  171.83842  4.97%     -   18s
H    0     0                     164.2706187  171.83842  4.61%     -   19s
     0     0  171.79956    0 3312  164.27062  171.79956  4.58%     -   19s
     0     0  171.79779    0 3352  164.27062  171.79779  4.58%     -   19s
     0     0  171.79748    0 3383  164.27062  171.79748  4.58%     -   19s
     0     0  171.71929    0 3306  164.27062  171.71929  4.53%     -   19s
     0     0  171.71929    0 3303  164.27062  171.71929  4.53%     -   19s
     0     0  171.71436    0 3325  164.27062  171.71436  4.53%     -   19s
     0     0  171.71428    0 3321  164.27062  171.71428  4.53%     -   19s
     0     0  171.64782    0 3390  164.27062  171.64782  4.49%     -   19s
     0     0  171.64584    0 3418  164.27062  171.64584  4.49%     -   20s
     0     0  171.64473    0 3409  164.27062  171.64473  4.49%     -   20s
     0     0  171.64464    0 3419  164.27062  171.64464  4.49%     -   20s
     0     0  171.57979    0 3323  164.27062  171.57979  4.45%     -   20s
H    0     0                     164.4591048  171.57979  4.33%     -   21s
H    0     0                     164.9840040  171.57979  4.00%     -   21s
     0     0  171.57239    0 3360  164.98400  171.57239  3.99%     -   21s
     0     0  171.57234    0 3334  164.98400  171.57234  3.99%     -   21s
     0     0  171.52015    0 3343  164.98400  171.52015  3.96%     -   21s
     0     0  171.51719    0 3385  164.98400  171.51719  3.96%     -   21s
     0     0  171.51598    0 3467  164.98400  171.51598  3.96%     -   21s
     0     0  171.51598    0 3446  164.98400  171.51598  3.96%     -   21s
     0     0  171.45947    0 3367  164.98400  171.45947  3.92%     -   22s
     0     0  171.45856    0 3377  164.98400  171.45856  3.92%     -   22s
     0     0  171.45348    0 3444  164.98400  171.45348  3.92%     -   22s
     0     0  171.45326    0 3423  164.98400  171.45326  3.92%     -   22s
     0     0  171.41558    0 3415  164.98400  171.41558  3.90%     -   22s
     0     0  171.40855    0 3434  164.98400  171.40855  3.89%     -   22s
     0     0  171.39913    0 3521  164.98400  171.39913  3.89%     -   22s
     0     0  171.39697    0 3543  164.98400  171.39697  3.89%     -   22s
     0     0  171.39690    0 3569  164.98400  171.39690  3.89%     -   22s
     0     0  171.38741    0 3562  164.98400  171.38741  3.88%     -   22s
     0     0  171.38461    0 3556  164.98400  171.38461  3.88%     -   22s
     0     0  171.38383    0 3598  164.98400  171.38383  3.88%     -   23s
     0     0  171.36956    0 3580  164.98400  171.36956  3.87%     -   23s
     0     0  171.36841    0 3602  164.98400  171.36841  3.87%     -   23s
     0     0  171.36003    0 3605  164.98400  171.36003  3.86%     -   23s
     0     0  171.36003    0 3144  164.98400  171.36003  3.86%     -   24s
     0     0  171.36003    0 2387  164.98400  171.36003  3.86%     -   25s
     0     0  171.36003    0 2804  164.98400  171.36003  3.86%     -   26s
     0     0  171.36003    0 2872  164.98400  171.36003  3.86%     -   26s
     0     0  171.35863    0 3062  164.98400  171.35863  3.86%     -   26s
     0     0  171.16059    0 3190  164.98400  171.16059  3.74%     -   26s
     0     0  171.13070    0 3259  164.98400  171.13070  3.73%     -   26s
     0     0  171.11349    0 3235  164.98400  171.11349  3.72%     -   26s
     0     0  171.11111    0 3274  164.98400  171.11111  3.71%     -   26s
     0     0  171.11038    0 3296  164.98400  171.11038  3.71%     -   26s
     0     0  171.11038    0 3302  164.98400  171.11038  3.71%     -   26s
     0     0  171.07772    0 3390  164.98400  171.07772  3.69%     -   27s
     0     0  171.04528    0 3384  164.98400  171.04528  3.67%     -   27s
     0     0  171.04315    0 3397  164.98400  171.04315  3.67%     -   27s
     0     0  171.04288    0 3415  164.98400  171.04288  3.67%     -   27s
     0     0  171.02480    0 3413  164.98400  171.02480  3.66%     -   27s
     0     0  171.02188    0 3468  164.98400  171.02188  3.66%     -   27s
     0     0  171.02084    0 3423  164.98400  171.02084  3.66%     -   27s
     0     0  171.02081    0 3445  164.98400  171.02081  3.66%     -   27s
     0     0  171.00729    0 3441  164.98400  171.00729  3.65%     -   27s
     0     0  171.00207    0 3492  164.98400  171.00207  3.65%     -   28s
     0     0  171.00152    0 3480  164.98400  171.00152  3.65%     -   28s
     0     0  170.99210    0 3521  164.98400  170.99210  3.64%     -   28s
     0     0  170.99178    0 3558  164.98400  170.99178  3.64%     -   28s
     0     0  170.98974    0 3524  164.98400  170.98974  3.64%     -   28s
     0     0  170.98921    0 3522  164.98400  170.98921  3.64%     -   28s
     0     0  170.97679    0 3524  164.98400  170.97679  3.63%     -   29s
     0     0  170.96426    0 3559  164.98400  170.96426  3.62%     -   29s
     0     0  170.96412    0 3553  164.98400  170.96412  3.62%     -   29s
     0     0  170.95308    0 3486  164.98400  170.95308  3.62%     -   29s
     0     0  170.95308    0 3518  164.98400  170.95308  3.62%     -   29s
     0     0  170.94862    0 3517  164.98400  170.94862  3.62%     -   29s
     0     0  170.94862    0 3235  164.98400  170.94862  3.62%     -   30s
     0     2  170.94855    0 3157  164.98400  170.94855  3.62%     -   31s

Cutting planes:
  Gomory: 5
  Cover: 5
  Clique: 229
  MIR: 26
  Zero half: 681
  Relax-and-lift: 1

Explored 7 nodes (160437 simplex iterations) in 32.61 seconds (57.37 work units)
Thread count was 1 (of 32 available processors)

Solution count 10: 164.984 164.459 164.271 ... 158.633

Optimal solution found (tolerance 1.00e-02)
Best objective 1.649840040389e+02, best bound 1.655997365806e+02, gap 0.3732%

User-callback calls 5980, time in user-callback 4.45 sec
