
Gurobi 12.0.1 (win64) logging started Sat Dec 27 15:58:43 2025

Set parameter LogFile to value "data\dblrp\grb_log_ef_s5_ts3_f10_c10_r2.0_iss1_bt1_nsp10000_nse5000_sd7.log"
Set parameter NodefileStart to value 0.5
Set parameter NodefileDir to value "node_files\s5_ts3"
Set parameter MIPGap to value 0.01
Set parameter TimeLimit to value 7200
Set parameter Threads to value 1
Gurobi Optimizer version 12.0.1 build v12.0.1rc0 (win64 - Windows 11.0 (26100.2))

CPU model: Intel(R) Core(TM) i9-14900K, instruction set [SSE2|AVX|AVX2]
Thread count: 24 physical cores, 32 logical processors, using up to 1 threads

Non-default parameters:
TimeLimit  7200
MIPGap  0.01
NodefileStart  0.5
Threads  1

Optimize a model with 3783850 rows, 1265460 columns and 10643750 nonzeros
Model fingerprint: 0x4d99dd9d
Variable types: 0 continuous, 1265460 integer (1260010 binary)
Coefficient statistics:
  Matrix range     [1e+00, 7e+01]
  Objective range  [2e+00, 1e+01]
  Bounds range     [1e+00, 4e+01]
  RHS range        [1e+00, 7e+01]
Presolve removed 3771380 rows and 1247100 columns
Presolve time: 1.01s
Presolved: 12470 rows, 18360 columns, 90362 nonzeros
Variable types: 0 continuous, 18360 integer (15542 binary)
Found heuristic solution: objective -100.0000000
Performing another presolve...
Presolve removed 10449 rows and 6148 columns
Presolve time: 0.21s

Root relaxation: objective 1.776588e+02, 6237 iterations, 0.10 seconds (0.25 work units)

    Nodes    |    Current Node    |     Objective Bounds      |     Work
 Expl Unexpl |  Obj  Depth IntInf | Incumbent    BestBd   Gap | It/Node Time

     0     0  177.65881    0  635 -100.00000  177.65881   278%     -    2s
     0     0  175.44928    0  681 -100.00000  175.44928   275%     -    2s
     0     0  174.37931    0  537 -100.00000  174.37931   274%     -    2s
     0     0  174.34538    0  527 -100.00000  174.34538   274%     -    2s
     0     0  174.32817    0  527 -100.00000  174.32817   274%     -    2s
H    0     0                      -0.0000000  174.32817      -     -    2s
H    0     0                      53.0179814  174.32817   229%     -    2s
H    0     0                      89.7473140  174.32817  94.2%     -    2s
H    0     0                     103.4876859  174.32817  68.5%     -    2s
H    0     0                     103.9975539  174.32817  67.6%     -    2s
H    0     0                     109.2125100  174.32817  59.6%     -    2s
H    0     0                     114.0969396  174.32817  52.8%     -    2s
H    0     0                     153.8605934  174.32817  13.3%     -    2s
H    0     0                     157.0131758  174.32817  11.0%     -    2s
H    0     0                     162.1304626  174.32817  7.52%     -    2s
     0     0  173.06982    0  728  162.13046  173.06982  6.75%     -    2s
     0     0  173.06887    0  721  162.13046  173.06887  6.75%     -    2s
H    0     0                     162.8844071  173.05194  6.24%     -    2s
     0     0  173.05194    0  721  162.88441  173.05194  6.24%     -    3s
     0     0  172.38036    0  689  162.88441  172.38036  5.83%     -    3s
     0     0  172.37407    0  666  162.88441  172.37407  5.83%     -    3s
     0     0  172.35560    0  678  162.88441  172.35560  5.81%     -    3s
     0     0  172.35461    0  684  162.88441  172.35461  5.81%     -    3s
     0     0  172.25849    0  750  162.88441  172.25849  5.76%     -    3s
     0     0  172.25849    0  741  162.88441  172.25849  5.76%     -    3s
     0     0  172.24773    0  760  162.88441  172.24773  5.75%     -    3s
     0     0  172.24773    0  778  162.88441  172.24773  5.75%     -    3s
     0     0  172.18854    0  752  162.88441  172.18854  5.71%     -    3s
     0     0  172.18854    0  754  162.88441  172.18854  5.71%     -    3s
     0     0  172.18529    0  745  162.88441  172.18529  5.71%     -    3s
     0     0  172.18414    0  763  162.88441  172.18414  5.71%     -    3s
     0     0  172.18414    0  776  162.88441  172.18414  5.71%     -    3s
     0     0  172.06540    0  758  162.88441  172.06540  5.64%     -    3s
H    0     0                     164.9840040  172.06085  4.29%     -    3s
     0     0  172.06085    0  805  164.98400  172.06085  4.29%     -    3s
     0     0  172.06085    0  785  164.98400  172.06085  4.29%     -    3s
     0     0  171.98532    0  798  164.98400  171.98532  4.24%     -    3s
     0     0  171.98532    0  797  164.98400  171.98532  4.24%     -    3s
     0     0  171.95531    0  677  164.98400  171.95531  4.23%     -    3s
     0     0  171.95520    0  806  164.98400  171.95520  4.23%     -    3s
     0     0  171.92482    0  823  164.98400  171.92482  4.21%     -    3s
     0     0  171.92387    0  818  164.98400  171.92387  4.21%     -    3s
     0     0  171.92387    0  814  164.98400  171.92387  4.21%     -    3s
     0     0  171.84006    0  802  164.98400  171.84006  4.16%     -    3s
     0     0  171.83087    0  827  164.98400  171.83087  4.15%     -    3s
     0     0  171.82968    0  815  164.98400  171.82968  4.15%     -    3s
     0     0  171.82968    0  816  164.98400  171.82968  4.15%     -    3s
     0     0  171.82260    0  830  164.98400  171.82260  4.15%     -    3s
     0     0  171.81012    0  835  164.98400  171.81012  4.14%     -    3s
     0     0  171.80823    0  825  164.98400  171.80823  4.14%     -    3s
     0     0  171.80802    0  828  164.98400  171.80802  4.14%     -    3s
     0     0  171.79768    0  823  164.98400  171.79768  4.13%     -    3s
     0     0  171.78859    0  839  164.98400  171.78859  4.12%     -    3s
     0     0  171.78728    0  835  164.98400  171.78728  4.12%     -    3s
     0     0  171.78574    0  874  164.98400  171.78574  4.12%     -    3s
     0     0  171.78534    0  879  164.98400  171.78534  4.12%     -    3s
     0     0  171.74486    0  872  164.98400  171.74486  4.10%     -    3s
     0     0  171.74180    0  873  164.98400  171.74180  4.10%     -    3s
     0     0  171.74093    0  909  164.98400  171.74093  4.10%     -    3s
     0     0  171.71591    0  904  164.98400  171.71591  4.08%     -    3s
     0     0  171.71474    0  914  164.98400  171.71474  4.08%     -    3s
     0     0  171.71442    0  914  164.98400  171.71442  4.08%     -    3s
     0     0  171.67874    0  918  164.98400  171.67874  4.06%     -    3s
     0     0  171.67712    0  914  164.98400  171.67712  4.06%     -    3s
     0     0  171.64892    0  935  164.98400  171.64892  4.04%     -    4s
     0     0  171.64723    0  915  164.98400  171.64723  4.04%     -    4s
     0     0  171.64723    0  942  164.98400  171.64723  4.04%     -    4s
     0     0  171.61324    0  976  164.98400  171.61324  4.02%     -    4s
     0     0  171.61210    0  992  164.98400  171.61210  4.02%     -    4s
     0     0  171.61206    0 1012  164.98400  171.61206  4.02%     -    4s
     0     0  171.59714    0 1034  164.98400  171.59714  4.01%     -    4s
     0     0  171.59346    0 1010  164.98400  171.59346  4.01%     -    4s
     0     0  171.59309    0 1006  164.98400  171.59309  4.01%     -    4s
     0     0  171.57849    0 1029  164.98400  171.57849  4.00%     -    4s
     0     0  171.57383    0 1019  164.98400  171.57383  3.99%     -    4s
     0     0  171.57354    0  948  164.98400  171.57354  3.99%     -    4s
     0     0  171.57347    0  977  164.98400  171.57347  3.99%     -    4s
     0     0  171.57336    0 1007  164.98400  171.57336  3.99%     -    4s
     0     0  171.57336    0  965  164.98400  171.57336  3.99%     -    4s
     0     2  171.57297    0  953  164.98400  171.57297  3.99%     -    4s
     8     4  166.25171    4  499  164.98400  169.71442  2.87%   773    5s

Cutting planes:
  Gomory: 7
  Cover: 2
  Clique: 46
  MIR: 8
  StrongCG: 1
  Zero half: 153

Explored 17 nodes (27964 simplex iterations) in 5.19 seconds (9.98 work units)
Thread count was 1 (of 32 available processors)

Solution count 10: 164.984 162.884 162.13 ... 89.7473

Optimal solution found (tolerance 1.00e-02)
Best objective 1.649840040389e+02, best bound 1.649840040389e+02, gap 0.0000%

User-callback calls 1711, time in user-callback 0.62 sec
