
Gurobi 12.0.1 (win64) logging started Sat Dec 27 15:57:31 2025

Set parameter LogFile to value "data\dblrp\grb_log_ef_s5_ts2_f10_c10_r2.0_iss1_bt1_nsp10000_nse5000_sd7.log"
Set parameter NodefileStart to value 0.5
Set parameter NodefileDir to value "node_files\s5_ts2"
Set parameter MIPGap to value 0.01
Set parameter TimeLimit to value 7200
Set parameter Threads to value 1
Gurobi Optimizer version 12.0.1 build v12.0.1rc0 (win64 - Windows 11.0 (26100.2))

CPU model: Intel(R) Core(TM) i9-14900K, instruction set [SSE2|AVX|AVX2]
Thread count: 24 physical cores, 32 logical processors, using up to 1 threads

Non-default parameters:
TimeLimit  7200
MIPGap  0.01
NodefileStart  0.5
Threads  1

Optimize a model with 3783850 rows, 1265460 columns and 10643750 nonzeros
Model fingerprint: 0x09a186aa
Variable types: 0 continuous, 1265460 integer (1260010 binary)
Coefficient statistics:
  Matrix range     [1e+00, 7e+01]
  Objective range  [2e+00, 1e+01]
  Bounds range     [1e+00, 4e+01]
  RHS range        [1e+00, 7e+01]
Presolve removed 3771333 rows and 1247053 columns
Presolve time: 1.04s
Presolved: 12517 rows, 18407 columns, 90584 nonzeros
Variable types: 0 continuous, 18407 integer (15579 binary)
Found heuristic solution: objective -100.0000000
Performing another presolve...
Presolve removed 10485 rows and 6160 columns
Presolve time: 0.21s

Root relaxation: objective 1.786153e+02, 5534 iterations, 0.09 seconds (0.20 work units)

    Nodes    |    Current Node    |     Objective Bounds      |     Work
 Expl Unexpl |  Obj  Depth IntInf | Incumbent    BestBd   Gap | It/Node Time

     0     0  178.61526    0  639 -100.00000  178.61526   279%     -    2s
     0     0  176.23214    0  675 -100.00000  176.23214   276%     -    2s
     0     0  173.94516    0  648 -100.00000  173.94516   274%     -    2s
     0     0  173.88125    0  534 -100.00000  173.88125   274%     -    2s
H    0     0                      -0.0000000  173.88125      -     -    2s
H    0     0                      42.3223117  173.88125   311%     -    2s
H    0     0                      43.3302158  173.88125   301%     -    2s
H    0     0                      73.0539206  173.88125   138%     -    2s
H    0     0                      82.7187171  173.88125   110%     -    2s
H    0     0                     113.2314606  173.88125  53.6%     -    2s
H    0     0                     115.4952060  173.88125  50.6%     -    2s
H    0     0                     123.1363583  173.88125  41.2%     -    2s
H    0     0                     162.1304626  173.88125  7.25%     -    2s
     0     0  171.77851    0  650  162.13046  171.77851  5.95%     -    2s
     0     0  171.77463    0  629  162.13046  171.77463  5.95%     -    2s
     0     0  169.80047    0  650  162.13046  169.80047  4.73%     -    3s
     0     0  169.78376    0  655  162.13046  169.78376  4.72%     -    3s
     0     0  169.77719    0  657  162.13046  169.77719  4.72%     -    3s
     0     0  169.77719    0  659  162.13046  169.77719  4.72%     -    3s
     0     0  169.70068    0  706  162.13046  169.70068  4.67%     -    3s
     0     0  169.70068    0  712  162.13046  169.70068  4.67%     -    3s
     0     0  169.65028    0  695  162.13046  169.65028  4.64%     -    3s
     0     0  169.65028    0  699  162.13046  169.65028  4.64%     -    3s
     0     0  169.63160    0  696  162.13046  169.63160  4.63%     -    3s
     0     0  169.63160    0  707  162.13046  169.63160  4.63%     -    3s
     0     0  169.58475    0  722  162.13046  169.58475  4.60%     -    3s
     0     0  169.58443    0  710  162.13046  169.58443  4.60%     -    3s
     0     0  169.53814    0  736  162.13046  169.53814  4.57%     -    3s
     0     0  169.53814    0  739  162.13046  169.53814  4.57%     -    3s
     0     0  169.48921    0  717  162.13046  169.48921  4.54%     -    3s
     0     0  169.47980    0  753  162.13046  169.47980  4.53%     -    3s
     0     0  169.47915    0  748  162.13046  169.47915  4.53%     -    3s
     0     0  169.37847    0  749  162.13046  169.37847  4.47%     -    3s
     0     0  169.37847    0  752  162.13046  169.37847  4.47%     -    3s
     0     0  169.30355    0  749  162.13046  169.30355  4.42%     -    3s
     0     0  169.30288    0  762  162.13046  169.30288  4.42%     -    3s
     0     0  169.28943    0  769  162.13046  169.28943  4.42%     -    3s
     0     0  169.28152    0  765  162.13046  169.28152  4.41%     -    3s
     0     0  169.28112    0  775  162.13046  169.28112  4.41%     -    3s
     0     0  169.27277    0  798  162.13046  169.27277  4.41%     -    3s
     0     0  169.26852    0  795  162.13046  169.26852  4.40%     -    3s
     0     0  169.26852    0  797  162.13046  169.26852  4.40%     -    3s
     0     0  169.15192    0  803  162.13046  169.15192  4.33%     -    3s
     0     0  169.14788    0  779  162.13046  169.14788  4.33%     -    3s
     0     0  169.14788    0  800  162.13046  169.14788  4.33%     -    3s
     0     0  169.12312    0  833  162.13046  169.12312  4.31%     -    3s
     0     0  169.12032    0  829  162.13046  169.12032  4.31%     -    3s
     0     0  169.12032    0  826  162.13046  169.12032  4.31%     -    3s
     0     0  168.99546    0  801  162.13046  168.99546  4.23%     -    3s
     0     0  168.97085    0  809  162.13046  168.97085  4.22%     -    3s
     0     0  168.97055    0  802  162.13046  168.97055  4.22%     -    3s
     0     0  168.91434    0  788  162.13046  168.91434  4.18%     -    3s
     0     0  168.91423    0  834  162.13046  168.91423  4.18%     -    3s
     0     0  168.89788    0  872  162.13046  168.89788  4.17%     -    3s
     0     0  168.89621    0  857  162.13046  168.89621  4.17%     -    3s
     0     0  168.89620    0  867  162.13046  168.89620  4.17%     -    3s
     0     0  168.89356    0  844  162.13046  168.89356  4.17%     -    3s
     0     0  168.88936    0  870  162.13046  168.88936  4.17%     -    3s
     0     0  168.88936    0  878  162.13046  168.88936  4.17%     -    3s
     0     0  168.88711    0  924  162.13046  168.88711  4.17%     -    4s
     0     0  168.88711    0  796  162.13046  168.88711  4.17%     -    4s
     0     2  168.88201    0  792  162.13046  168.88201  4.16%     -    4s
H   52    46                     164.9840040  167.54532  1.55%  99.1    4s
   154   140  166.24461  133  444  164.98400  167.54532  1.55%  43.4    5s
*  441   262             409     164.9840063  167.54532  1.55%  25.8    5s

Cutting planes:
  Gomory: 7
  Cover: 11
  Implied bound: 2
  Clique: 41
  MIR: 7
  StrongCG: 1
  Zero half: 278

Explored 694 nodes (60185 simplex iterations) in 8.06 seconds (14.53 work units)
Thread count was 1 (of 32 available processors)

Solution count 10: 164.984 164.984 164.984 ... 43.3302

Optimal solution found (tolerance 1.00e-02)
Best objective 1.649840040389e+02, best bound 1.666276966693e+02, gap 0.9963%

User-callback calls 3412, time in user-callback 0.68 sec
