
Gurobi 12.0.1 (win64) logging started Sat Dec 27 15:14:55 2025

Set parameter LogFile to value "data\dblrp\grb_log_nn_p_s5_ts0_f10_c10_r2.0_iss1_bt1_nsp10000_nse5000_sd7.log"
Gurobi Optimizer version 12.0.1 build v12.0.1rc0 (win64 - Windows 11.0 (26100.2))

CPU model: Intel(R) Core(TM) i9-14900K, instruction set [SSE2|AVX|AVX2]
Thread count: 24 physical cores, 32 logical processors, using up to 1 threads

Non-default parameters:
TimeLimit  360
MIPGap  0.01
Threads  1

Optimize a model with 965 rows, 975 columns and 5445 nonzeros
Model fingerprint: 0x71a83b3c
Variable types: 645 continuous, 330 integer (330 binary)
Coefficient statistics:
  Matrix range     [6e-04, 1e+05]
  Objective range  [2e-01, 1e+01]
  Bounds range     [1e+00, 1e+00]
  RHS range        [1e-01, 1e+05]
Presolve removed 918 rows and 918 columns
Presolve time: 0.00s
Presolved: 47 rows, 57 columns, 270 nonzeros
Variable types: 31 continuous, 26 integer (26 binary)
Found heuristic solution: objective 0.2091453
Found heuristic solution: objective 158.4435787
Found heuristic solution: objective 163.5619849

Root relaxation: objective 1.717094e+02, 28 iterations, 0.00 seconds (0.00 work units)

    Nodes    |    Current Node    |     Objective Bounds      |     Work
 Expl Unexpl |  Obj  Depth IntInf | Incumbent    BestBd   Gap | It/Node Time

     0     0 infeasible    0       163.56198  163.56198  0.00%     -    0s

Explored 1 nodes (38 simplex iterations) in 0.01 seconds (0.00 work units)
Thread count was 1 (of 32 available processors)

Solution count 3: 163.562 158.444 0.209145 

Optimal solution found (tolerance 1.00e-02)
Best objective 1.635619848704e+02, best bound 1.635619848704e+02, gap 0.0000%

User-callback calls 379, time in user-callback 0.00 sec
