
Gurobi 12.0.1 (win64) logging started Fri Dec 26 11:27:03 2025

Set parameter LogFile to value "data\dblrp\grb_log_lr_s5_ts0_f5_c10_r2.0_iss1_bt1_nsp1000_nse500_sd7.log"
Gurobi Optimizer version 12.0.1 build v12.0.1rc0 (win64 - Windows 11.0 (26100.2))

CPU model: Intel(R) Core(TM) i9-14900K, instruction set [SSE2|AVX|AVX2]
Thread count: 24 physical cores, 32 logical processors, using up to 1 threads

Non-default parameters:
TimeLimit  360
MIPGap  0.01
Threads  1

Optimize a model with 5 rows, 10 columns and 30 nonzeros
Model fingerprint: 0x279ad49b
Variable types: 5 continuous, 5 integer (5 binary)
Coefficient statistics:
  Matrix range     [3e-01, 5e+01]
  Objective range  [2e-01, 1e+01]
  Bounds range     [1e+00, 1e+00]
  RHS range        [2e+02, 2e+02]
Presolve removed 5 rows and 10 columns
Presolve time: 0.00s
Presolve: All rows and columns removed

Explored 0 nodes (0 simplex iterations) in 0.00 seconds (0.00 work units)
Thread count was 1 (of 32 available processors)

Solution count 2: 278.563 278.563 

Optimal solution found (tolerance 1.00e-02)
Best objective 2.785627123126e+02, best bound 2.785627123126e+02, gap 0.0000%

User-callback calls 143, time in user-callback 0.00 sec
