
Gurobi 12.0.3 (win64) logging started Tue Nov 25 23:57:43 2025

Set parameter LogFile to value "data\cflp\grb_log_nn_p_s100_ts0_f10_c10_r2.0_iss1_bt1_nsp10_nse5_sd7.log"
Gurobi Optimizer version 12.0.3 build v12.0.3rc0 (win64 - Windows 11.0 (26100.2))

CPU model: AMD Ryzen 7 5800H with Radeon Graphics, instruction set [SSE2|AVX|AVX2]
Thread count: 8 physical cores, 16 logical processors, using up to 1 threads

Non-default parameters:
TimeLimit  10800
Threads  1

Optimize a model with 19300 rows, 19310 columns and 108900 nonzeros
Model fingerprint: 0x615aa46b
Variable types: 12900 continuous, 6410 integer (6410 binary)
Coefficient statistics:
  Matrix range     [1e-06, 1e+05]
  Objective range  [1e-02, 1e+03]
  Bounds range     [1e+00, 1e+00]
  RHS range        [2e-02, 1e+05]
Presolve removed 19090 rows and 19090 columns
Presolve time: 0.07s
Presolved: 210 rows, 220 columns, 1234 nonzeros
Variable types: 139 continuous, 81 integer (81 binary)
Found heuristic solution: objective 9006.9851703

Explored 0 nodes (0 simplex iterations) in 0.12 seconds (0.06 work units)
Thread count was 1 (of 16 available processors)

Solution count 1: 9006.99 

Optimal solution found (tolerance 1.00e-04)
Best objective 9.006985170268e+03, best bound 9.006985170268e+03, gap 0.0000%

User-callback calls 485, time in user-callback 0.01 sec

Gurobi 12.0.3 (win64) logging started Mon Dec  1 23:46:16 2025

Set parameter LogFile to value "data\cflp\grb_log_nn_p_s100_ts0_f10_c10_r2.0_iss1_bt1_nsp10_nse5_sd7.log"
Gurobi Optimizer version 12.0.3 build v12.0.3rc0 (win64 - Windows 11.0 (26100.2))

CPU model: AMD Ryzen 7 5800H with Radeon Graphics, instruction set [SSE2|AVX|AVX2]
Thread count: 8 physical cores, 16 logical processors, using up to 1 threads

Non-default parameters:
TimeLimit  10800
Threads  1

Optimize a model with 19300 rows, 19310 columns and 108900 nonzeros
Model fingerprint: 0x615aa46b
Variable types: 12900 continuous, 6410 integer (6410 binary)
Coefficient statistics:
  Matrix range     [1e-06, 1e+05]
  Objective range  [1e-02, 1e+03]
  Bounds range     [1e+00, 1e+00]
  RHS range        [2e-02, 1e+05]
Presolve removed 19090 rows and 19090 columns
Presolve time: 0.04s
Presolved: 210 rows, 220 columns, 1234 nonzeros
Variable types: 139 continuous, 81 integer (81 binary)
Found heuristic solution: objective 9006.9851703

Explored 0 nodes (0 simplex iterations) in 0.07 seconds (0.06 work units)
Thread count was 1 (of 16 available processors)

Solution count 1: 9006.99 

Optimal solution found (tolerance 1.00e-04)
Best objective 9.006985170268e+03, best bound 9.006985170268e+03, gap 0.0000%

User-callback calls 479, time in user-callback 0.00 sec
