
Gurobi 12.0.1 (win64) logging started Mon Dec 29 22:52:27 2025

Set parameter LogFile to value "data\dblrp\grb_log_ef_s10_ts0_f20_c40_r2.0_iss1_bt1_nsp5000_nse2000_sd7.log"
Set parameter NodefileStart to value 0.5
Set parameter NodefileDir to value "node_files\s10_ts0"
Set parameter MIPGap to value 0.01
Set parameter TimeLimit to value 7200
Set parameter Threads to value 1
Gurobi Optimizer version 12.0.1 build v12.0.1rc0 (win64 - Windows 11.0 (26100.2))

CPU model: Intel(R) Core(TM) i9-14900K, instruction set [SSE2|AVX|AVX2]
Thread count: 24 physical cores, 32 logical processors, using up to 1 threads

Non-default parameters:
TimeLimit  7200
MIPGap  0.01
NodefileStart  0.5
Threads  1

Optimize a model with 68062800 rows, 22709020 columns and 187755000 nonzeros
Model fingerprint: 0x417bffea
Variable types: 0 continuous, 22709020 integer (22680020 binary)
Coefficient statistics:
  Matrix range     [1e+00, 7e+01]
  Objective range  [1e+00, 1e+01]
  Bounds range     [1e+00, 4e+01]
  RHS range        [1e+00, 4e+01]
Presolve removed 0 rows and 0 columns (presolve time = 6s)...
Presolve removed 1260000 rows and 8200 columns (presolve time = 14s)...
Presolve removed 26547297 rows and 8200 columns (presolve time = 18s)...
Presolve removed 67392790 rows and 8400 columns (presolve time = 22s)...
Presolve removed 67392790 rows and 21966356 columns (presolve time = 25s)...
Presolve removed 67543934 rows and 22134614 columns (presolve time = 30s)...
Presolve removed 67567622 rows and 22139462 columns
Presolve time: 33.15s
Presolved: 495178 rows, 569558 columns, 3249916 nonzeros
Variable types: 0 continuous, 569558 integer (552066 binary)
Found heuristic solution: objective -200.0000000
Performing another presolve...
Presolve removed 269274 rows and 17518 columns (presolve time = 5s)...
Presolve removed 478400 rows and 27190 columns
Presolve time: 6.78s
Performing another presolve...
Presolve removed 1090 rows and 8586 columns
Presolve time: 3.57s

Root simplex log...

Iteration    Objective       Primal Inf.    Dual Inf.      Time
       0    2.5504782e+05   2.709946e+05   0.000000e+00     81s
   59172    8.0332290e+02   5.016589e+03   0.000000e+00     85s
   72263    7.9914136e+02   5.113250e+03   0.000000e+00     90s
   89562    7.9702091e+02   1.419206e+04   0.000000e+00     95s
  117274    7.8514602e+02   2.175028e+04   0.000000e+00    100s
  133488    7.6399395e+02   9.460211e+03   0.000000e+00    105s
  140702    7.6360256e+02   1.737696e+03   0.000000e+00    110s
  147178    7.6354298e+02   9.613176e+02   0.000000e+00    115s
  152232    7.6340040e+02   1.090977e+03   0.000000e+00    120s
  157850    7.6290000e+02   1.641806e+03   0.000000e+00    125s
  164238    7.6236761e+02   5.921873e+03   0.000000e+00    130s
  169796    7.6211861e+02   2.302076e+03   0.000000e+00    135s
  174639    7.6207587e+02   1.430040e+02   0.000000e+00    140s
  178919    7.6207080e+02   1.272044e+01   0.000000e+00    145s
  179169    7.6207155e+02   0.000000e+00   0.000000e+00    145s

Root relaxation: objective 7.620715e+02, 179169 iterations, 65.02 seconds (203.98 work units)
Total elapsed time = 145.51s (DegenMoves)
Total elapsed time = 150.50s (DegenMoves)
Total elapsed time = 156.46s (DegenMoves)

    Nodes    |    Current Node    |     Objective Bounds      |     Work
 Expl Unexpl |  Obj  Depth IntInf | Incumbent    BestBd   Gap | It/Node Time

     0     0  762.07155    0 4723 -200.00000  762.07155   481%     -  160s
     0     0  760.67081    0 4575 -200.00000  760.67081   480%     -  179s
     0     0  758.96233    0 4840 -200.00000  758.96233   479%     -  190s
     0     0  758.88699    0 4770 -200.00000  758.88699   479%     -  194s
     0     0  758.87548    0 4792 -200.00000  758.87548   479%     -  198s
     0     0  758.87548    0 4775 -200.00000  758.87548   479%     -  198s
H    0     0                     -90.0000000  758.87548   943%     -  199s
H    0     0                      18.8030834  758.87548  3936%     -  200s
H    0     0                      64.6859500  758.87548  1073%     -  201s
H    0     0                     308.6505094  758.87548   146%     -  204s
H    0     0                     351.5133773  758.87548   116%     -  205s
H    0     0                     357.6131198  758.87548   112%     -  208s
H    0     0                     381.0790616  758.87548  99.1%     -  209s
H    0     0                     528.9369226  758.87548  43.5%     -  211s
H    0     0                     536.2373173  758.87548  41.5%     -  212s
H    0     0                     614.2019202  758.87548  23.6%     -  214s
H    0     0                     617.8315831  758.87548  22.8%     -  215s
H    0     0                     643.2065443  758.87548  18.0%     -  217s
H    0     0                     646.5613533  758.87548  17.4%     -  218s
H    0     0                     662.3518117  758.87548  14.6%     -  220s
H    0     0                     704.6126068  758.87548  7.70%     -  224s
H    0     0                     706.4573549  758.87548  7.42%     -  225s
H    0     0                     710.1406242  758.87548  6.86%     -  227s
H    0     0                     713.1650675  758.87548  6.41%     -  228s
H    0     0                     715.3502569  758.87548  6.08%     -  230s
H    0     0                     721.0203260  758.87548  5.25%     -  234s
H    0     0                     721.6183101  758.87548  5.16%     -  238s
H    0     0                     722.6211638  758.87548  5.02%     -  239s
     0     0  758.36856    0 5222  722.62116  758.36856  4.95%     -  252s
     0     0  758.36828    0 5203  722.62116  758.36828  4.95%     -  254s
     0     0  758.36828    0 5195  722.62116  758.36828  4.95%     -  254s
     0     0  758.36616    0 5213  722.62116  758.36616  4.95%     -  258s
     0     0  758.29626    0 5171  722.62116  758.29626  4.94%     -  267s
     0     0  758.29614    0 5110  722.62116  758.29614  4.94%     -  267s
     0     0  758.29176    0 5160  722.62116  758.29176  4.94%     -  270s
     0     0  758.29176    0 5126  722.62116  758.29176  4.94%     -  270s
     0     0  758.21070    0 5171  722.62116  758.21070  4.93%     -  280s
     0     0  758.20495    0 5197  722.62116  758.20495  4.92%     -  281s
     0     0  758.20495    0 5199  722.62116  758.20495  4.92%     -  281s
     0     0  758.20402    0 5258  722.62116  758.20402  4.92%     -  285s
     0     0  758.20402    0 5263  722.62116  758.20402  4.92%     -  286s
     0     0  758.20402    0 5238  722.62116  758.20402  4.92%     -  286s
     0     0  758.20402    0 5213  722.62116  758.20402  4.92%     -  286s
     0     0  758.20363    0 4904  722.62116  758.20363  4.92%     -  288s
     0     0  758.16782    0 4905  722.62116  758.16782  4.92%     -  288s
     0     0  758.16782    0 3918  722.62116  758.16782  4.92%     -  307s
H    0     0                     725.6698300  758.16782  4.48%     -  331s
     0     2  758.16782    0 3918  725.66983  758.16782  4.48%     -  331s
     2     4  757.89832    2 4187  725.66983  758.16782  4.48% 19234  341s
     3     5  757.98058    2 4432  725.66983  758.16782  4.48% 14327  345s
     4     6  757.92983    3 4378  725.66983  758.16782  4.48% 11669  350s
     5     7  756.97159    3 4644  725.66983  758.16782  4.48% 11407  360s
     7     9  756.83571    4 4372  725.66983  758.16782  4.48%  9482  370s
     9    11  756.46390    5 3210  725.66983  758.16782  4.48%  8492  378s
    10    12  756.54642    6 4206  725.66983  758.16782  4.48%  8296  384s
    11    13  756.13965    6 3747  725.66983  758.16782  4.48% 10849  389s
    12    14  756.47913    7 3778  725.66983  758.16782  4.48% 11020  391s
    13    15  755.69083    8 3630  725.66983  758.16782  4.48% 13060  395s
    15    17  756.00912    9 3798  725.66983  758.16782  4.48% 13025  402s
    16    18  754.96827   10 4012  725.66983  758.16782  4.48% 15529  408s
    17    19  753.71726   10 3406  725.66983  758.16782  4.48% 15480  420s
    18    20  754.01073   11 3643  725.66983  758.16782  4.48% 17173  426s
    19    21  753.27791   11 3503  725.66983  758.16782  4.48% 18416  432s
    20    22  753.68344   12 3473  725.66983  758.16782  4.48% 19732  437s
    21    23  753.42230   13 3462  725.66983  758.16782  4.48% 18940  440s
    24    26  751.83765   16 3269  725.66983  758.16782  4.48% 17460  454s
    25    27  752.75685   16 2955  725.66983  758.16782  4.48% 17321  456s
H   26    26                     726.6726838  758.16782  4.33% 16655  460s
    27    29  752.42913   18 3258  726.67268  758.16782  4.33% 16121  465s
    38    40  751.01183   27 2812  726.67268  758.16782  4.33% 11654  470s
    52    54  751.50749   37 2828  726.67268  758.16782  4.33%  8572  542s
    54    56  750.29141   38 2782  726.67268  758.16782  4.33%  8269  545s
    72    74  751.14791   53 2842  726.67268  758.16782  4.33%  6272  550s
    81    83  751.01050   62 2800  726.67268  758.16782  4.33%  5580  555s
   100   102  750.58795   80 2828  726.67268  758.16782  4.33%  4532  560s
   106   108  750.49482   83 2820  726.67268  758.16782  4.33%  4279  592s
   112   114  750.34360   89 2873  726.67268  758.16782  4.33%  4053  595s
   135   137  750.16226  108 2777  726.67268  758.16782  4.33%  3388  600s
   162   164  749.97861  133 2813  726.67268  758.16782  4.33%  2843  606s
   189   191  749.09321  157 2779  726.67268  758.16782  4.33%  2449  612s
   216   218  749.34371  184 2778  726.67268  758.16782  4.33%  2151  617s
   241   243  749.34174  209 2772  726.67268  758.16782  4.33%  1930  620s
   258   260  749.32523  225 2778  726.67268  758.16782  4.33%  1808  625s
   270   272  749.28901  234 2762  726.67268  758.16782  4.33%  1734  638s
   290   292  748.22538  249 2744  726.67268  758.16782  4.33%  1623  640s
   297   299  748.79617  254 2772  726.67268  758.16782  4.33%  1589  646s
   324   326  748.41430  279 2764  726.67268  758.16782  4.33%  1464  661s
   351   353  748.17674  305 2759  726.67268  758.16782  4.33%  1353  677s
   378   380  747.56292  330 2693  726.67268  758.16782  4.33%  1261  693s
   402   404  747.69683  352 2685  726.67268  758.16782  4.33%  1189  695s
   405   407  746.09329  353 2608  726.67268  758.16782  4.33%  1184  710s
   455   457  746.33239  399 2572  726.67268  758.16782  4.33%  1062  715s
   512   514  746.63582  451 2673  726.67268  758.16782  4.33%   953  720s
   573   575  746.37940  510 2696  726.67268  758.16782  4.33%   856  725s
   638   640  746.10845  575 2672  726.67268  758.16782  4.33%   771  730s
   706   708  745.97869  643 2681  726.67268  758.16782  4.33%   698  735s
   772   774  745.76473  704 2638  726.67268  758.16782  4.33%   644  740s
   846   848  743.46073  776 2614  726.67268  758.16782  4.33%   590  745s
   915   917  745.15826  843 2653  726.67268  758.16782  4.33%   548  750s
   988   990  744.90174  916 2632  726.67268  758.16782  4.33%   509  755s
  1026  1028  744.75728  952 2640  726.67268  758.16782  4.33%   493  760s
  1091  1093  743.70136 1015 2624  726.67268  758.16782  4.33%   465  765s
  1111  1113  744.06121 1031 2595  726.67268  758.16782  4.33%   458  782s
  1149  1151  743.88275 1066 2605  726.67268  758.16782  4.33%   445  785s
  1224  1226  743.38176 1139 2602  726.67268  758.16782  4.33%   419  790s
  1296  1298  742.82688 1206 2619  726.67268  758.16782  4.33%   398  795s
  1372  1374  742.45868 1280 2620  726.67268  758.16782  4.33%   378  800s
  1459  1461  742.02610 1366 2606  726.67268  758.16782  4.33%   357  805s
  1539  1541  741.11977 1441 2589  726.67268  758.16782  4.33%   340  810s
  1619  1619  740.13257 1519 2603  726.67268  758.16782  4.33%   325  815s
  1688  1688  739.78640 1584 2591  726.67268  758.16782  4.33%   314  820s
  1763  1763  738.85834 1656 2485  726.67268  758.16782  4.33%   302  825s
  1843  1843  738.62337 1736 2507  726.67268  758.16782  4.33%   289  830s
  1918  1918  738.58853 1811 2514  726.67268  758.16782  4.33%   279  835s
  1991  1991  738.50470 1883 2508  726.67268  758.16782  4.33%   270  840s
  2074  2074  738.39319 1966 2509  726.67268  758.16782  4.33%   260  845s
  2159  2159  738.30396 2050 2492  726.67268  758.16782  4.33%   252  850s
  2251  2251  738.05878 2142 2510  726.67268  758.16782  4.33%   243  855s
  2343  2343  734.42985 2233 2468  726.67268  758.16782  4.33%   235  860s
  2430  2430  737.62217 2317 2504  726.67268  758.16782  4.33%   228  865s
  2525  2525  737.37962 2411 2496  726.67268  758.16782  4.33%   221  870s
  2551  2550  749.31722  230 7841  726.67268  758.16782  4.33%   219  941s
H 2552  2423                     732.2218394  758.16782  3.54%   219 1041s
H 2552  2302                     732.6547820  758.16782  3.48%   219 1044s
H 2552  2187                     733.8393067  758.16782  3.32%   219 1045s
H 2552  2077                     735.4881591  758.16782  3.08%   219 1054s
  2553  2077  737.59554 2306 4622  735.48816  758.16782  3.08%   219 1067s
  2554  2078  742.09065 1350 4950  735.48816  758.16782  3.08%   219 1081s
  2555  2079  740.09262 1560 5023  735.48816  758.16782  3.08%   219 1090s
  2556  2079  737.37962 2412 4856  735.48816  758.09607  3.07%   219 1100s
  2557  2080  740.84448 1453 4849  735.48816  758.09607  3.07%   218 1107s
  2558  2081  746.57920  467 5093  735.48816  757.71802  3.02%   218 1118s
  2559  2081  743.68786 1098 5018  735.48816  757.71124  3.02%   218 1126s
  2560  2082  738.37016 2006 5299  735.48816  757.69358  3.02%   218 1130s
  2561  2083  738.18706 2074 5373  735.48816  757.67741  3.02%   218 1138s
  2562  2083  737.90560 2169 5169  735.48816  757.67558  3.02%   218 1143s
  2563  2084  744.75728  958 5167  735.48816  757.67558  3.02%   218 1149s
  2564  2085  742.66007 1251 5191  735.48816  757.67558  3.02%   218 1150s
  2565  2085  742.55221 1257 5196  735.48816  757.67558  3.02%   218 1157s
  2566  2086  738.32203 2017 4573  735.48816  757.67558  3.02%   218 1184s
  2567  2087  746.34332  514 4869  735.48816  757.67558  3.02%   218 1194s
  2568  2087  741.99820 1384 4345  735.48816  757.67558  3.02%   218 1219s
  2569  2088  738.37016 2004 4660  735.48816  757.67558  3.02%   217 1229s
  2570  2089  739.38802 1586 4305  735.48816  757.67558  3.02%   217 1255s
  2571  2089  740.09758 1546 4601  735.48816  757.67558  3.02%   217 1266s
  2572  2090  746.00394  630 4322  735.48816  757.67558  3.02%   217 1290s
  2573  2091  743.78587 1087 4595  735.48816  757.67558  3.02%   217 1299s
  2574  2091  738.31011 2037 4362  735.48816  757.67558  3.02%   217 1321s
H 2578  1991                     736.6726838  757.67558  2.85%   509 1412s
  2579  1991  742.33979 1292 4437  736.67268  757.67558  2.85%   508 1431s
  2580  1992  738.36217 2010 5096  736.67268  757.67558  2.85%   508 1448s
  2581  1993  741.55751 1409 5197  736.67268  757.67558  2.85%   508 1460s
  2583  1994  738.17298 2085 5019  736.67268  757.65439  2.85%   508 1474s
  2584  1995  746.67940  428 5204  736.67268  757.59256  2.84%   507 1484s
  2585  1995  746.09347  591 5265  736.67268  757.59042  2.84%   507 1486s
  2587  1997  742.26264 1323 5302  736.67268  757.58975  2.84%   507 1493s
  2589  1998  745.54933  761 5250  736.67268  757.58883  2.84%   506 1501s
  2590  1999  745.04705  902 5224  736.67268  757.58387  2.84%   506 1505s
  2591  1999  746.32018  400 5202  736.67268  757.58384  2.84%   506 1510s
  2593  2001  743.75030 1090 4945  736.67268  757.56769  2.84%   506 1521s
  2595  2002  743.22428 1166 4951  736.67268  757.56452  2.84%   505 1530s
  2596  2003  756.45494    7 4949  736.67268  757.56452  2.84%   505 1535s
  2597  2003  756.12692    9 3980  736.67268  757.56452  2.84%   505 1560s
  2598  2004  738.79630 1677 3980  736.67268  757.56452  2.84%   505 1590s
  2599  2007  757.44766   24 4152  736.67268  757.56452  2.84%   681 1609s
  2600  2007  757.12889   24 4210  736.67268  757.44490  2.82%   683 1617s
  2601  2008  757.34338   25 4777  736.67268  757.44490  2.82%   685 1625s
  2603  2009  757.08593   26 4694  736.67268  757.34246  2.81%   687 1634s
  2604  2010  756.88097   26 4770  736.67268  757.16334  2.78%   688 1638s
  2605  2011  756.95454   27 4124  736.67268  757.16334  2.78%   692 1648s
  2606  2011  756.24137   27 4023  736.67268  757.16334  2.78%   696 1660s
  2608  2013  756.01316   28 3865  736.67268  757.16334  2.78%   700 1670s
  2610  2014  755.29129   29 3816  736.67268  757.16334  2.78%   737 1682s
  2612  2015  756.04094   30 3251  736.67268  757.16334  2.78%   744 1685s
  2614  2017  752.13885   31 3202  736.67268  757.16334  2.78%   753 1709s
  2615  2017  752.13885   32 3217  736.67268  757.16334  2.78%   759 1720s
  2616  2018  755.91110   32 3168  736.67268  757.16334  2.78%   762 1729s
  2617  2019  755.86488   33 2998  736.67268  757.16334  2.78%   763 1730s
  2618  2019  753.55622   33 3562  736.67268  757.16334  2.78%   765 1735s
  2624  2023  755.72543   36 2812  736.67268  757.16334  2.78%   765 1740s
  2630  2027  755.30412   39 2852  736.67268  757.16334  2.78%   764 1745s
  2632  2029  751.35399   40 2997  736.67268  757.16334  2.78%   771 1756s
  2636  2031  755.11615   42 2823  736.67268  757.16334  2.78%   781 1760s
  2638  2033  751.51416   43 3044  736.67268  757.16334  2.78%   798 1767s
  2642  2035  754.62628   45 3092  736.67268  757.16334  2.78%   800 1773s
  2644  2037  754.19827   46 3081  736.67268  757.16334  2.78%   801 1779s
  2646  2038  755.41379   47 2934  736.67268  757.16334  2.78%   802 1780s
H 2650  1938                     736.6726841  757.16334  2.78%   801 1809s
  2650  1940  751.25309   49 3081  736.67268  757.16334  2.78%   809 1853s
  2651  1940  755.36555   50 2877  736.67268  757.16334  2.78%   809 1855s
  2652  1941  752.10309   50 3064  736.67268  757.16334  2.78%   817 1869s
  2653  1942  755.26249   51 2910  736.67268  757.16334  2.78%   818 1870s
  2658  1945  754.99201   53 2832  736.67268  757.16334  2.78%   830 1875s
  2664  1949  750.86639   56 3074  736.67268  757.16334  2.78%   845 1888s
  2666  1950  750.04542   57 3020  736.67268  757.16334  2.78%   856 1893s
  2668  1952  749.97830   58 3045  736.67268  757.16334  2.78%   863 1903s
  2671  1954  755.17957   60 2775  736.67268  757.16334  2.78%   866 1905s
  2679  1959  755.14549   64 2771  736.67268  757.16334  2.78%   875 1914s
  2680  1960  754.38237   64 2720  736.67268  757.16334  2.78%   878 1915s
  2688  1965  752.95074   68 2710  736.67268  757.16334  2.78%   887 1920s
  2698  1972  752.56185   73 2715  736.67268  757.16334  2.78%   900 1925s
  2704  1976  754.36632   76 2714  736.67268  757.16334  2.78%   910 1930s
  2706  1977  753.43625   77 2727  736.67268  757.16334  2.78%   913 1935s
  2715  1983  754.90645   82 2737  736.67268  757.16334  2.78%   921 1940s
  2723  1988  754.87770   86 2735  736.67268  757.16334  2.78%   930 1945s
  2732  1994  753.98417   90 2704  736.67268  757.16334  2.78%   941 1950s
  2736  1997  752.23987   92 2822  736.67268  757.16334  2.78%   945 1955s
  2744  2002  753.29059   96 2644  736.67268  757.16334  2.78%   957 1960s
  2754  2009  753.05223  101 2708  736.67268  757.16334  2.78%   965 1965s
  2760  2013  753.03844  104 2818  736.67268  757.16334  2.78%   970 1971s
  2768  2018  753.66916  108 2708  736.67268  757.16334  2.78%   980 1975s
  2777  2024  754.58149  113 2718  736.67268  757.16334  2.78%   989 1980s
  2785  2030  754.55001  117 2710  736.67268  757.16334  2.78%   999 1985s
  2787  2031  754.55001  118 2711  736.67268  757.16334  2.78%  1002 1990s
  2795  2036  754.50823  122 2732  736.67268  757.16334  2.78%  1012 1995s
  2803  2042  754.48925  126 2693  736.67268  757.16334  2.78%  1021 2000s
  2814  2049  753.90838  131 2726  736.67268  757.16334  2.78%  1029 2009s
  2815  2050  754.46242  132 2729  736.67268  757.16334  2.78%  1029 2010s
  2823  2055  754.40607  136 2718  736.67268  757.16334  2.78%  1036 2015s
  2832  2061  753.46472  140 2660  736.67268  757.16334  2.78%  1049 2020s
  2840  2066  753.46592  144 2700  736.67268  757.16334  2.78%  1058 2025s
  2842  2068  752.75994  145 2704  736.67268  757.16334  2.78%  1059 2030s
  2850  2073  753.37902  149 2652  736.67268  757.16334  2.78%  1068 2035s
  2858  2078  752.82207  153 2626  736.67268  757.16334  2.78%  1077 2040s
  2868  2085  752.23690  158 2740  736.67268  757.16334  2.78%  1087 2049s
  2869  2086  754.36171  159 2672  736.67268  757.16334  2.78%  1087 2050s
  2878  2092  751.75024  163 2793  736.67268  757.16334  2.78%  1098 2055s
  2886  2097  748.51728  167 2664  736.67268  757.16334  2.78%  1105 2060s
  2895  2103  754.27057  172 2648  736.67268  757.16334  2.78%  1113 2069s
  2896  2104  752.65140  172 2648  736.67268  757.16334  2.78%  1116 2070s
  2904  2109  752.75074  176 2624  736.67268  757.16334  2.78%  1124 2075s
  2913  2115  754.25977  181 2645  736.67268  757.16334  2.78%  1134 2080s
  2920  2120  752.36674  184 2613  736.67268  757.16334  2.78%  1142 2085s
  2922  2121  751.61926  185 2665  736.67268  757.16334  2.78%  1145 2101s
  2927  2124  754.24895  188 2658  736.67268  757.16334  2.78%  1150 2105s
  2934  2129  751.36322  191 2724  736.67268  757.16334  2.78%  1159 2110s
  2944  2136  750.56389  196 2678  736.67268  757.16334  2.78%  1170 2116s
  2949  2139  753.86279  199 2660  736.67268  757.16334  2.78%  1172 2123s
  2952  2141  752.26506  200 2615  736.67268  757.16334  2.78%  1175 2125s
  2958  2145  752.22460  203 2641  736.67268  757.16334  2.78%  1182 2240s
  2962  2148  752.77474  205 2720  736.67268  757.16334  2.78%  1189 2245s
  2970  2153  748.05838  209 2713  736.67268  757.16334  2.78%  1197 2250s
  2976  2157  750.71879  212 2716  736.67268  757.16334  2.78%  1202 2260s
  2985  2163  753.80183  217 2643  736.67268  757.16334  2.78%  1210 2265s
  2992  2168  751.24750  220 2752  736.67268  757.16334  2.78%  1218 2270s
  3000  2173  753.10964  224 2751  736.67268  757.16334  2.78%  1227 2275s
  3003  2175  753.79589  226 2643  736.67268  757.16334  2.78%  1229 2282s
  3007  2178  753.79463  228 2637  736.67268  757.16334  2.78%  1233 2285s
  3016  2184  748.15311  232 2726  736.67268  757.16334  2.78%  1243 2291s
  3024  2189  749.01043  236 2704  736.67268  757.16334  2.78%  1251 2296s
  3031  2194  753.78019  240 2648  736.67268  757.16334  2.78%  1257 2300s
  3036  2197  747.32540  242 2676  736.67268  757.16334  2.78%  1265 2305s
  3044  2202  749.03179  246 2719  736.67268  757.16334  2.78%  1273 2310s
  3052  2208  749.03179  250 2687  736.67268  757.16334  2.78%  1279 2315s
  3056  2210  747.42719  252 2674  736.67268  757.16334  2.78%  1285 2325s
  3064  2216  745.91400  256 2588  736.67268  757.16334  2.78%  1293 2330s
  3070  2220  752.00904  259 2574  736.67268  757.16334  2.78%  1299 2336s
  3074  2222  751.16981  261 2667  736.67268  757.16334  2.78%  1303 2341s
  3079  2226  753.74415  264 2632  736.67268  757.16334  2.78%  1306 2345s
  3084  2229  750.01164  266 2747  736.67268  757.16334  2.78%  1312 2351s
  3087  2231  753.61367  268 2657  736.67268  757.16334  2.78%  1314 2355s
  3092  2234  752.34140  270 2602  736.67268  757.16334  2.78%  1320 2361s
  3097  2238  753.50564  273 2640  736.67268  757.16334  2.78%  1322 2365s
  3102  2241  751.56392  275 2587  736.67268  757.16334  2.78%  1327 2370s
  3107  2244  753.09109  278 2641  736.67268  757.16334  2.78%  1331 2375s
  3113  2248  753.05458  281 2622  736.67268  757.16334  2.78%  1335 2380s
  3118  2252  752.45090  283 2532  736.67268  757.16334  2.78%  1340 2385s
  3122  2254  751.47722  285 2594  736.67268  757.16334  2.78%  1344 2390s
  3127  2258  753.01211  288 2614  736.67268  757.16334  2.78%  1348 2395s
  3128  2258  752.00128  288 2626  736.67268  757.16334  2.78%  1349 2413s
  3131  2260  753.01197  290 2615  736.67268  757.16334  2.78%  1350 2415s
  3136  2264  751.88361  292 2606  736.67268  757.16334  2.78%  1355 2420s
  3141  2267  751.25520  295 2645  736.67268  757.16334  2.78%  1361 2426s
  3146  2270  750.30233  297 2775  736.67268  757.16334  2.78%  1364 2430s
  3154  2276  748.61572  301 2700  736.67268  757.16334  2.78%  1371 2435s
  3164  2282  751.74901  306 2572  736.67268  757.16334  2.78%  1378 2440s
  3173  2288  752.94864  311 2618  736.67268  757.16334  2.78%  1385 2445s
  3183  2295  752.94330  316 2613  736.67268  757.16334  2.78%  1392 2450s
  3190  2300  749.82781  319 2686  736.67268  757.16334  2.78%  1400 2456s
  3196  2304  749.75744  322 2699  736.67268  757.16334  2.78%  1404 2460s
  3204  2309  748.53371  326 2743  736.67268  757.16334  2.78%  1411 2465s
  3210  2313  749.18273  329 2676  736.67268  757.16334  2.78%  1416 2470s
  3218  2318  748.03852  333 2747  736.67268  757.16334  2.78%  1421 2475s
  3227  2324  752.91803  338 2609  736.67268  757.16334  2.78%  1426 2480s
  3236  2330  748.54464  342 2706  736.67268  757.16334  2.78%  1432 2486s
  3244  2336  750.19504  346 2707  736.67268  757.16334  2.78%  1437 2490s
  3252  2341  748.32649  350 2734  736.67268  757.16334  2.78%  1444 2496s
  3259  2346  752.90320  354 2608  736.67268  757.16334  2.78%  1448 2500s
  3267  2351  752.89829  358 2616  736.67268  757.16334  2.78%  1453 2505s
  3276  2357  747.45175  362 2676  736.67268  757.16334  2.78%  1460 2510s
  3284  2362  747.04312  366 2653  736.67268  757.16334  2.78%  1465 2515s
  3290  2366  747.60016  369 2661  736.67268  757.16334  2.78%  1469 2520s
  3299  2372  752.87068  374 2631  736.67268  757.16334  2.78%  1473 2525s
  3308  2378  747.38374  378 2721  736.67268  757.16334  2.78%  1479 2530s
  3315  2383  752.86513  382 2602  736.67268  757.16334  2.78%  1483 2535s
  3323  2388  752.86373  386 2619  736.67268  757.16334  2.78%  1488 2540s
  3332  2394  745.95801  390 2711  736.67268  757.16334  2.78%  1493 2545s
  3339  2399  752.86105  394 2604  736.67268  757.16334  2.78%  1497 2550s
  3348  2405  746.08348  398 2708  736.67268  757.16334  2.78%  1501 2555s
  3356  2410  745.51974  402 2524  736.67268  757.16334  2.78%  1505 2560s
  3366  2417  745.75826  407 2631  736.67268  757.16334  2.78%  1510 2565s
  3375  2423  752.85414  412 2627  736.67268  757.16334  2.78%  1513 2570s
  3384  2429  745.99922  416 2631  736.67268  757.16334  2.78%  1518 2575s
  3394  2436  745.35753  421 2627  736.67268  757.16334  2.78%  1521 2580s
  3403  2442  752.81819  426 2582  736.67268  757.16334  2.78%  1522 2585s
  3412  2448  745.89678  430 2568  736.67268  757.16334  2.78%  1525 2590s
  3419  2452  752.81663  434 2581  736.67268  757.16334  2.78%  1529 2595s
  3430  2460  744.80018  439 2645  736.67268  757.16334  2.78%  1533 2600s
  3436  2464  750.13322  442 2656  736.67268  757.16334  2.78%  1536 2622s
  3439  2466  752.81601  444 2579  736.67268  757.16334  2.78%  1537 2625s
  3448  2472  742.77894  448 2639  736.67268  757.16334  2.78%  1542 2630s
  3456  2477  744.03918  452 2647  736.67268  757.16334  2.78%  1545 2635s
  3465  2483  751.42691  457 2632  736.67268  757.16334  2.78%  1549 2640s
  3474  2489  751.37875  461 2655  736.67268  757.16334  2.78%  1553 2645s
  3483  2495  752.78216  466 2596  736.67268  757.16334  2.78%  1556 2650s
  3492  2501  744.91401  470 2670  736.67268  757.16334  2.78%  1560 2655s
  3502  2508  744.52233  475 2647  736.67268  757.16334  2.78%  1566 2660s
  3508  2512  743.73265  478 2631  736.67268  757.16334  2.78%  1570 2665s
  3516  2517  744.49835  482 2625  736.67268  757.16334  2.78%  1575 2670s
  3526  2524  744.02238  487 2603  736.67268  757.16334  2.78%  1578 2675s
  3535  2530  752.50828  492 2744  736.67268  757.16334  2.78%  1582 2680s
  3544  2536  742.65563  496 2601  736.67268  757.16334  2.78%  1584 2685s
  3554  2542  743.85443  501 2567  736.67268  757.16334  2.78%  1586 2690s
  3563  2548  752.77843  506 2582  736.67268  757.16334  2.78%  1589 2695s
  3572  2554  742.52340  510 2671  736.67268  757.16334  2.78%  1591 2700s
  3584  2562  742.07339  516 2593  736.67268  757.16334  2.78%  1593 2705s
  3594  2569  743.26244  521 2626  736.67268  757.16334  2.78%  1596 2710s
  3604  2576  748.08407  526 2605  736.67268  757.16334  2.78%  1600 2716s
  3612  2581  752.09140  530 2589  736.67268  757.16334  2.78%  1603 2720s
  3622  2588  747.25937  535 2637  736.67268  757.16334  2.78%  1607 2725s
  3633  2595  752.61641  541 2553  736.67268  757.16334  2.78%  1609 2730s
  3646  2604  748.71225  547 2445  736.67268  757.16334  2.78%  1615 2735s
  3650  2606  752.61641  549 2506  736.67268  757.16334  2.78%  1615 2761s
  3656  2610  752.15589  552 2456  736.67268  757.16334  2.78%  1617 2765s
  3669  2619  752.24552  559 2496  736.67268  757.16334  2.78%  1618 2770s
  3684  2629  750.33272  566 2425  736.67268  757.16334  2.78%  1620 2775s
  3697  2638  750.45734  573 2442  736.67268  757.16334  2.78%  1622 2780s
  3711  2647  751.98414  580 2452  736.67268  757.16334  2.78%  1624 2785s
  3722  2654  751.50366  585 2436  736.67268  757.16334  2.78%  1631 2790s
  3729  2659  751.91639  589 2462  736.67268  757.16334  2.78%  1635 2795s
  3738  2665  748.78148  593 2440  736.67268  757.16334  2.78%  1641 2800s
  3748  2672  751.01659  598 2414  736.67268  757.16334  2.78%  1646 2805s
  3758  2678  750.31417  603 2381  736.67268  757.16334  2.78%  1654 2810s
  3768  2685  750.59683  608 2365  736.67268  757.16334  2.78%  1660 2815s
  3777  2691  751.87431  613 2415  736.67268  757.16334  2.78%  1666 2820s
  3786  2697  750.26621  617 2368  736.67268  757.16334  2.78%  1673 2825s
  3796  2704  751.47984  622 2364  736.67268  757.16334  2.78%  1678 2830s
  3806  2710  750.84990  627 2417  736.67268  757.16334  2.78%  1684 2835s
  3815  2716  751.76330  632 2430  736.67268  757.16334  2.78%  1690 2840s
  3821  2720  751.74565  635 2427  736.67268  757.16334  2.78%  1697 2861s
  3827  2724  751.66181  638 2399  736.67268  757.16334  2.78%  1701 2865s
  3837  2731  751.66181  643 2401  736.67268  757.16334  2.78%  1706 2870s
  3846  2737  750.92405  647 2369  736.67268  757.16334  2.78%  1713 2875s
  3856  2744  751.21365  652 2350  736.67268  757.16334  2.78%  1720 2880s
  3867  2751  751.62440  658 2405  736.67268  757.16334  2.78%  1724 2885s
  3878  2758  750.05418  663 2344  736.67268  757.16334  2.78%  1730 2890s
  3888  2765  750.21287  668 2324  736.67268  757.16334  2.78%  1734 2895s
  3900  2773  750.12297  674 2386  736.67268  757.16334  2.78%  1738 2900s
  3908  2778  748.58324  678 2335  736.67268  757.16334  2.78%  1742 2905s
  3919  2786  751.29645  684 2396  736.67268  757.16334  2.78%  1747 2910s
  3929  2792  751.29452  689 2407  736.67268  757.16334  2.78%  1751 2915s
  3940  2800  750.89172  694 2349  736.67268  757.16334  2.78%  1756 2920s
  3950  2806  750.85858  699 2352  736.67268  757.16334  2.78%  1761 2925s
  3959  2812  751.28670  704 2397  736.67268  757.16334  2.78%  1766 2930s
  3968  2818  751.23793  708 2402  736.67268  757.16334  2.78%  1771 2935s
  3978  2825  750.29312  713 2337  736.67268  757.16334  2.78%  1774 2940s
  3987  2831  751.06531  718 2360  736.67268  757.16334  2.78%  1778 2945s
  3998  2838  748.34973  723 2338  736.67268  757.16334  2.78%  1783 2950s
  4005  2843  750.85716  727 2391  736.67268  757.16334  2.78%  1787 2955s
  4015  2850  748.93896  732 2317  736.67268  757.16334  2.78%  1791 2960s
  4030  2860  749.39335  739 2269  736.67268  757.16334  2.78%  1793 2965s
  4038  2865  750.09791  743 2346  736.67268  757.16334  2.78%  1796 2970s
  4048  2872  747.73759  748 2298  736.67268  757.16334  2.78%  1800 2975s
  4058  2878  746.70625  753 2273  736.67268  757.16334  2.78%  1802 2980s
  4070  2886  746.88419  759 2290  736.67268  757.16334  2.78%  1804 2985s
  4081  2894  750.57053  765 2325  736.67268  757.16334  2.78%  1806 2990s
  4091  2900  749.72349  770 2310  736.67268  757.16334  2.78%  1808 2995s
  4102  2908  745.93500  775 2306  736.67268  757.16334  2.78%  1810 3000s
  4114  2916  748.67028  781 2313  736.67268  757.16334  2.78%  1811 3005s
  4126  2924  745.58285  787 2280  736.67268  757.16334  2.78%  1811 3010s
  4138  2932  747.47123  793 2302  736.67268  757.16334  2.78%  1812 3015s
  4150  2940  745.92082  799 2287  736.67268  757.16334  2.78%  1812 3020s
  4160  2946  746.12208  804 2281  736.67268  757.16334  2.78%  1813 3025s
  4171  2954  749.57562  810 2328  736.67268  757.16334  2.78%  1815 3030s
  4183  2962  749.56670  816 2320  736.67268  757.16334  2.78%  1815 3035s
  4195  2970  749.54981  822 2326  736.67268  757.16334  2.78%  1816 3040s
  4206  2977  747.82072  827 2311  736.67268  757.16334  2.78%  1818 3045s
  4216  2984  747.81085  832 2280  736.67268  757.16334  2.78%  1819 3050s
  4228  2992  747.72738  838 2321  736.67268  757.16334  2.78%  1820 3055s
  4237  2998  749.27325  843 2337  736.67268  757.16334  2.78%  1821 3066s
  4246  3004  745.93670  847 2297  736.67268  757.16334  2.78%  1824 3070s
  4256  3010  745.85266  852 2291  736.67268  757.16334  2.78%  1826 3075s
  4261  3014  749.22777  855 2320  736.67268  757.16334  2.78%  1826 3139s
  4262  3014  746.02212  855 2296  736.67268  757.16334  2.78%  1827 3140s
  4268  3018  745.82664  858 2288  736.67268  757.16334  2.78%  1829 3145s
  4278  3025  748.49051  863 2289  736.67268  757.16334  2.78%  1831 3150s
  4288  3032  745.66311  868 2278  736.67268  757.16334  2.78%  1834 3155s
  4299  3039  749.21465  874 2329  736.67268  757.16334  2.78%  1835 3160s
  4304  3042  745.90467  876 2299  736.67268  757.16334  2.78%  1835 3171s
  4312  3048  746.01993  880 2296  736.67268  757.16334  2.78%  1836 3175s
  4322  3054  745.75687  885 2287  736.67268  757.16334  2.78%  1837 3180s
  4333  3062  749.19949  891 2340  736.67268  757.16334  2.78%  1837 3185s
  4342  3068  745.42129  895 2251  736.67268  757.16334  2.78%  1840 3190s
  4352  3074  745.10401  900 2288  736.67268  757.16334  2.78%  1842 3195s
  4364  3082  745.11163  906 2279  736.67268  757.16334  2.78%  1843 3200s
  4374  3089  748.07599  911 2291  736.67268  757.16334  2.78%  1845 3205s
  4385  3096  749.01932  917 2314  736.67268  757.16334  2.78%  1845 3210s
  4396  3104  743.98732  922 2266  736.67268  757.16334  2.78%  1846 3215s
  4408  3112  744.88342  928 2268  736.67268  757.16334  2.78%  1847 3220s
  4418  3118  747.51413  933 2289  736.67268  757.16334  2.78%  1848 3225s
  4429  3126  748.93125  939 2321  736.67268  757.16334  2.78%  1849 3230s
  4440  3133  747.11574  944 2304  736.67268  757.16334  2.78%  1850 3235s
  4452  3141  744.36051  950 2266  736.67268  757.16334  2.78%  1851 3240s
  4461  3147  748.84784  955 2307  736.67268  757.16334  2.78%  1851 3245s
  4472  3154  747.01130  960 2293  736.67268  757.16334  2.78%  1853 3250s
  4482  3161  747.99985  965 2254  736.67268  757.16334  2.78%  1855 3255s
  4494  3169  744.52557  971 2265  736.67268  757.16334  2.78%  1855 3260s
  4504  3176  747.97979  976 2275  736.67268  757.16334  2.78%  1856 3265s
  4516  3184  747.99985  982 2273  736.67268  757.16334  2.78%  1856 3270s
  4518  3185  744.17250  983 2280  736.67268  757.16334  2.78%  1856 3278s
  4522  3188  744.11034  985 2279  736.67268  757.16334  2.78%  1857 3280s
  4532  3194  743.17471  990 2268  736.67268  757.16334  2.78%  1858 3285s
  4542  3201  744.56743  995 2270  736.67268  757.16334  2.78%  1858 3290s
  4554  3209  747.43347 1001 2293  736.67268  757.16334  2.78%  1858 3295s
  4565  3216  748.74890 1007 2314  736.67268  757.16334  2.78%  1859 3300s
  4574  3222  746.21077 1011 2261  736.67268  757.16334  2.78%  1861 3305s
  4585  3230  748.73952 1017 2302  736.67268  757.16334  2.78%  1862 3310s
  4594  3236  748.72642 1021 2300  736.67268  757.16334  2.78%  1864 3315s
  4604  3242  745.38252 1026 2278  736.67268  757.16334  2.78%  1866 3320s
  4616  3250  745.16605 1032 2273  736.67268  757.16334  2.78%  1868 3325s
  4627  3258  748.70042 1038 2291  736.67268  757.16334  2.78%  1869 3330s
  4638  3265  746.89426 1043 2289  736.67268  757.16334  2.78%  1870 3335s
  4649  3272  748.49511 1049 2305  736.67268  757.16334  2.78%  1871 3340s
  4659  3279  748.46890 1054 2307  736.67268  757.16334  2.78%  1872 3345s
  4668  3285  744.96038 1058 2269  736.67268  757.16334  2.78%  1873 3350s
  4680  3293  744.90190 1064 2270  736.67268  757.16334  2.78%  1874 3355s
  4687  3298  748.46606 1068 2327  736.67268  757.16334  2.78%  1874 3365s
  4697  3304  748.29107 1073 2322  736.67268  757.16334  2.78%  1875 3370s
  4708  3312  744.70778 1078 2256  736.67268  757.16334  2.78%  1876 3375s
  4721  3320  748.25279 1085 2319  736.67268  757.16334  2.78%  1876 3380s
  4733  3328  748.21774 1091 2328  736.67268  757.16334  2.78%  1876 3385s
  4745  3336  748.18043 1097 2322  736.67268  757.16334  2.78%  1878 3390s
  4758  3345  746.70718 1103 2275  736.67268  757.16334  2.78%  1878 3395s
  4767  3351  748.14532 1108 2318  736.67268  757.16334  2.78%  1880 3400s
  4779  3359  748.12954 1114 2314  736.67268  757.16334  2.78%  1881 3405s
  4790  3366  747.37222 1119 2295  736.67268  757.16334  2.78%  1882 3410s
  4802  3374  746.97610 1125 2292  736.67268  757.16334  2.78%  1882 3415s
  4814  3382  747.31866 1131 2286  736.67268  757.16334  2.78%  1883 3420s
  4825  3390  748.07241 1137 2319  736.67268  757.16334  2.78%  1884 3425s
  4839  3399  748.05632 1144 2328  736.67268  757.16334  2.78%  1883 3430s
  4851  3407  748.02879 1150 2302  736.67268  757.16334  2.78%  1884 3435s
  4863  3415  748.00372 1156 2317  736.67268  757.16334  2.78%  1885 3440s
  4874  3422  744.67156 1161 2281  736.67268  757.16334  2.78%  1887 3445s
  4886  3430  745.57616 1167 2266  736.67268  757.16334  2.78%  1888 3450s
  4888  3432  744.45299 1168 2230  736.67268  757.16334  2.78%  1888 3458s
  4892  3434  745.62319 1170 2268  736.67268  757.16334  2.78%  1889 3460s
  4905  3443  747.85431 1177 2316  736.67268  757.16334  2.78%  1889 3465s
  4917  3451  747.84813 1183 2318  736.67268  757.16334  2.78%  1890 3470s
  4927  3458  747.84528 1188 2328  736.67268  757.16334  2.78%  1891 3475s
  4938  3465  744.97688 1193 2278  736.67268  757.16334  2.78%  1892 3480s
  4952  3474  742.56924 1200 2280  736.67268  757.16334  2.78%  1892 3485s
  4964  3482  744.81839 1206 2242  736.67268  757.16334  2.78%  1892 3490s
  4976  3490  743.23624 1212 2286  736.67268  757.16334  2.78%  1892 3495s
  4990  3500  745.16275 1219 2238  736.67268  757.16334  2.78%  1893 3500s
  5002  3508  744.90323 1225 2267  736.67268  757.16334  2.78%  1894 3505s
  5013  3515  747.79875 1231 2319  736.67268  757.16334  2.78%  1895 3510s
  5023  3522  747.79847 1236 2319  736.67268  757.16334  2.78%  1896 3515s
  5036  3530  743.17652 1242 2273  736.67268  757.16334  2.78%  1897 3520s
  5048  3538  744.09523 1248 2223  736.67268  757.16334  2.78%  1898 3525s
  5060  3546  744.38024 1254 2266  736.67268  757.16334  2.78%  1899 3530s
  5071  3554  747.77271 1260 2314  736.67268  757.16334  2.78%  1899 3535s
  5082  3561  744.45299 1265 2235  736.67268  757.16334  2.78%  1901 3540s
  5092  3568  747.21503 1270 2268  736.67268  757.16334  2.78%  1902 3545s
  5098  3572  746.90705 1273 2298  736.67268  757.16334  2.78%  1903 3554s
  5099  3572  747.74355 1274 2311  736.67268  757.16334  2.78%  1902 3555s
  5110  3580  744.19092 1279 2276  736.67268  757.16334  2.78%  1904 3560s
  5121  3587  747.70874 1285 2310  736.67268  757.16334  2.78%  1906 3565s
  5133  3595  746.21119 1291 2303  736.67268  757.16334  2.78%  1907 3570s
  5144  3602  746.34901 1296 2313  736.67268  757.16334  2.78%  1908 3575s
  5148  3605  746.13561 1298 2296  736.67268  757.16334  2.78%  1908 3587s
  5156  3610  746.35560 1302 2305  736.67268  757.16334  2.78%  1909 3590s
  5168  3618  743.20871 1308 2251  736.67268  757.16334  2.78%  1909 3595s
  5180  3626  745.16252 1314 2283  736.67268  757.16334  2.78%  1910 3600s
  5190  3633  745.23406 1319 2299  736.67268  757.16334  2.78%  1910 3605s
  5202  3641  742.40410 1325 2279  736.67268  757.16334  2.78%  1910 3610s
  5214  3649  745.94029 1331 2283  736.67268  757.16334  2.78%  1911 3615s
  5226  3657  746.49689 1337 2278  736.67268  757.16334  2.78%  1912 3620s
  5236  3664  746.66326 1342 2281  736.67268  757.16334  2.78%  1913 3625s
  5249  3672  747.61201 1349 2325  736.67268  757.16334  2.78%  1913 3630s
  5261  3680  747.60181 1355 2331  736.67268  757.16334  2.78%  1914 3635s
  5272  3688  746.23178 1360 2304  736.67268  757.16334  2.78%  1915 3640s
  5281  3694  747.48795 1365 2337  736.67268  757.16334  2.78%  1917 3645s
  5287  3698  747.47624 1368 2279  736.67268  757.16334  2.78%  1917 3656s
  5293  3702  747.47624 1371 2282  736.67268  757.16334  2.78%  1918 3660s
  5302  3708  744.76408 1375 2267  736.67268  757.16334  2.78%  1920 3665s
  5310  3713  745.78539 1379 2246  736.67268  757.16334  2.78%  1921 3670s
  5320  3720  744.84252 1384 2283  736.67268  757.16334  2.78%  1922 3675s
  5330  3726  744.92318 1389 2277  736.67268  757.16334  2.78%  1923 3680s
  5339  3732  747.25262 1394 2276  736.67268  757.16334  2.78%  1924 3685s
  5348  3738  745.06745 1398 2286  736.67268  757.16334  2.78%  1925 3690s
  5357  3744  747.35634 1403 2286  736.67268  757.16334  2.78%  1926 3695s
  5366  3750  747.32542 1407 2270  736.67268  757.16334  2.78%  1928 3700s
  5376  3757  745.41340 1412 2291  736.67268  757.16334  2.78%  1929 3705s
  5384  3762  746.43836 1416 2192  736.67268  757.16334  2.78%  1930 3710s
  5394  3769  742.72263 1421 2268  736.67268  757.16334  2.78%  1931 3715s
  5406  3777  745.90643 1427 2291  736.67268  757.16334  2.78%  1931 3720s
  5416  3784  745.89997 1432 2254  736.67268  757.16334  2.78%  1931 3725s
  5428  3792  743.19081 1438 2262  736.67268  757.16334  2.78%  1932 3730s
Created node file directory 'node_files\s10_ts0/grbnodes1'
  5436  3797  743.15550 1442 2270  736.67268  757.16334  2.78%  1932 3735s
  5446  3804  746.72954 1447 2304  736.67268  757.16334  2.78%  1934 3740s
  5458  3812  745.87358 1453 2257  736.67268  757.16334  2.78%  1934 3745s
  5466  3817  743.10122 1457 2268  736.67268  757.16334  2.78%  1936 3750s
  5472  3821  743.13717 1460 2291  736.67268  757.16334  2.78%  1937 3760s
  5482  3828  746.34048 1465 2309  736.67268  757.16334  2.78%  1937 3765s
  5491  3834  747.26179 1470 2299  736.67268  757.16334  2.78%  1938 3770s
  5498  3838  744.58376 1473 2277  736.67268  757.16334  2.78%  1940 3775s
  5506  3844  743.84767 1477 2251  736.67268  757.16334  2.78%  1941 3780s
  5516  3850  746.51972 1482 2261  736.67268  757.16334  2.78%  1942 3785s
  5526  3857  743.31538 1487 2244  736.67268  757.16334  2.78%  1943 3790s
  5536  3864  744.24729 1492 2268  736.67268  757.16334  2.78%  1944 3795s
  5548  3872  744.44995 1498 2255  736.67268  757.16334  2.78%  1946 3800s
  5558  3878  744.08895 1503 2233  736.67268  757.16334  2.78%  1947 3805s
  5566  3884  743.33344 1507 2187  736.67268  757.16334  2.78%  1947 3810s
  5578  3892  744.02607 1513 2230  736.67268  757.16334  2.78%  1947 3815s
  5588  3898  746.57208 1518 2302  736.67268  757.16334  2.78%  1948 3820s
  5597  3904  747.18124 1523 2274  736.67268  757.16334  2.78%  1948 3825s
  5608  3912  746.31767 1528 2315  736.67268  757.16334  2.78%  1949 3830s
  5618  3918  743.45972 1533 2241  736.67268  757.16334  2.78%  1949 3835s
  5626  3924  746.17985 1537 2272  736.67268  757.16334  2.78%  1950 3840s
  5638  3932  744.61330 1543 2220  736.67268  757.16334  2.78%  1950 3845s
  5649  3939  747.17155 1549 2252  736.67268  757.16334  2.78%  1950 3858s
  5652  3941  744.98703 1550 2233  736.67268  757.16334  2.78%  1950 3860s
  5663  3948  746.99793 1556 2268  736.67268  757.16334  2.78%  1951 3865s
  5675  3956  746.96852 1562 2241  736.67268  757.16334  2.78%  1952 3870s
  5684  3962  743.03946 1566 2210  736.67268  757.16334  2.78%  1952 3875s
  5696  3970  743.15900 1572 2209  736.67268  757.16334  2.78%  1952 3880s
  5706  3977  743.15900 1577 2219  736.67268  757.16334  2.78%  1952 3885s
  5716  3984  745.70019 1582 2238  736.67268  757.16334  2.78%  1952 3890s
  5724  3989  742.96644 1586 2229  736.67268  757.16334  2.78%  1953 3895s
  5731  3994  746.95770 1590 2239  736.67268  757.16334  2.78%  1952 3900s
  5738  3998  744.55761 1593 2235  736.67268  757.16334  2.78%  1954 3905s
  5744  4002  743.26499 1596 2218  736.67268  757.16334  2.78%  1954 3910s
  5752  4008  742.99347 1600 2184  736.67268  757.16334  2.78%  1954 3915s
  5763  4015  746.94332 1606 2245  736.67268  757.16334  2.78%  1953 3920s
  5772  4021  742.44395 1610 2192  736.67268  757.16334  2.78%  1954 3925s
  5782  4028  746.36836 1615 2244  736.67268  757.16334  2.78%  1955 3930s
  5795  4036  746.86017 1622 2238  736.67268  757.16334  2.78%  1955 3935s
  5806  4044  744.42207 1627 2211  736.67268  757.16334  2.78%  1955 3940s
  5818  4052  744.27304 1633 2209  736.67268  757.16334  2.78%  1956 3945s
  5828  4058  743.49992 1638 2227  736.67268  757.16334  2.78%  1956 3950s
  5836  4064  742.41437 1642 2204  736.67268  757.16334  2.78%  1956 3960s
  5844  4069  742.28475 1646 2199  736.67268  757.16334  2.78%  1957 3965s
  5854  4076  743.61981 1651 2219  736.67268  757.16334  2.78%  1957 3970s
  5864  4082  743.00964 1656 2212  736.67268  757.16334  2.78%  1957 3975s
  5875  4090  746.79635 1662 2248  736.67268  757.16334  2.78%  1955 3980s
  5886  4097  741.99936 1667 2199  736.67268  757.16334  2.78%  1954 3985s
  5896  4104  746.11655 1672 2220  736.67268  757.16334  2.78%  1955 3990s
  5906  4110  742.22941 1677 2204  736.67268  757.16334  2.78%  1954 3995s
  5916  4117  746.14384 1682 2179  736.67268  757.16334  2.78%  1955 4000s
  5926  4124  745.21693 1687 2243  736.67268  757.16334  2.78%  1955 4005s
  5937  4131  746.78562 1693 2240  736.67268  757.16334  2.78%  1955 4010s
  5946  4137  746.04282 1697 2282  736.67268  757.16334  2.78%  1956 4015s
  5957  4144  746.78199 1703 2233  736.67268  757.16334  2.78%  1957 4020s
  5966  4150  745.41496 1707 2208  736.67268  757.16334  2.78%  1957 4025s
  5976  4157  741.86922 1712 2210  736.67268  757.16334  2.78%  1958 4030s
  5984  4160  745.57140 1716 2174  736.67268  757.16334  2.78%  1958 4035s
  5994  4167  746.09522 1721 2242  736.67268  757.16334  2.78%  1958 4040s
  6008  4176  741.67800 1728 2182  736.67268  757.16334  2.78%  1957 4045s
  6020  4184  745.24046 1734 2177  736.67268  757.16334  2.78%  1956 4050s
H 6023  4089                     740.8208463  757.16334  2.21%  1955 4084s
  6023  4091  746.68412 1736 2241  740.82085  757.16334  2.21%  1955 4091s
  6030  4096  745.96772 1739 2212  740.82085  757.16334  2.21%  1955 4095s
  6041  4103  746.67341 1745 2227  740.82085  757.16334  2.21%  1955 4100s
  6054  4112  745.49755 1751 2169  740.82085  757.16334  2.21%  1955 4105s
  6063  4118  746.66498 1756 2232  740.82085  757.16334  2.21%  1955 4110s
  6074  4125  745.82510 1761 2184  740.82085  757.16334  2.21%  1955 4115s
  6086  4131  742.02197 1767 2187  740.82085  757.16334  2.21%  1955 4120s
  6097  4139  746.47475 1773 2223  740.82085  757.16334  2.21%  1955 4125s
  6108  4146  745.11327 1778 2177  740.82085  757.16334  2.21%  1955 4130s
  6120  4154  743.77641 1784 2190  740.82085  757.16334  2.21%  1954 4135s
  6132  4162  744.52169 1790 2184  740.82085  757.16334  2.21%  1954 4140s
  6146  4171  744.91449 1797 2238  740.82085  757.16334  2.21%  1954 4145s
  6155  4177  746.39223 1802 2224  740.82085  757.16334  2.21%  1957 4150s
  6164  4183  745.50156 1806 2185  740.82085  757.16334  2.21%  1959 4155s
  6175  4183  746.39223 1812 2227  740.82085  757.16334  2.21%  1962 4160s
  6186  4186     cutoff 1817       740.82085  757.16334  2.21%  1964 4165s
  6196  4187  745.69934 1822 2192  740.82085  757.16334  2.21%  1966 4170s
  6208  4187  742.98804 1828 2210  740.82085  757.16334  2.21%  1969 4175s
  6219  4192  746.39223 1834 2219  740.82085  757.16334  2.21%  1970 4180s
  6230  4199  745.04368 1839 2201  740.82085  757.16334  2.21%  1969 4185s
  6243  4206  746.39223 1846 2243  740.82085  757.16334  2.21%  1969 4190s
  6254  4209  741.39147 1851 2195  740.82085  757.16334  2.21%  1972 4195s
  6264  4216  745.74464 1856 2191  740.82085  757.16334  2.21%  1974 4200s
  6275  4223  746.39223 1862 2242  740.82085  757.16334  2.21%  1975 4205s
  6288  4232  745.59732 1868 2197  740.82085  757.16334  2.21%  1977 4210s
  6300  4240  745.85403 1874 2216  740.82085  757.16334  2.21%  1977 4215s
  6314  4249  745.26747 1881 2192  740.82085  757.16334  2.21%  1976 4220s
  6328  4259  745.26747 1888 2194  740.82085  757.16334  2.21%  1975 4225s
  6342  4268  745.07883 1895 2174  740.82085  757.16334  2.21%  1973 4230s
  6354  4276  744.84237 1901 2221  740.82085  757.16334  2.21%  1974 4235s
  6368  4285  744.91647 1908 2202  740.82085  757.16334  2.21%  1973 4240s
  6382  4295  744.77718 1915 2186  740.82085  757.16334  2.21%  1972 4245s
  6394  4303  744.48095 1921 2217  740.82085  757.16334  2.21%  1972 4250s
  6406  4307     cutoff 1927       740.82085  757.16334  2.21%  1973 4255s
  6420  4308     cutoff 1934       740.82085  757.16334  2.21%  1975 4260s
  6432  4310  744.63111 1940 2210  740.82085  757.16334  2.21%  1976 4265s
  6446  4313  742.72793 1947 2182  740.82085  757.16334  2.21%  1978 4270s
  6458  4321  745.12694 1953 2212  740.82085  757.16334  2.21%  1977 4275s
  6472  4331  745.69080 1960 2254  740.82085  757.16334  2.21%  1976 4280s
  6484  4339  744.67968 1966 2199  740.82085  757.16334  2.21%  1977 4285s
  6498  4348  744.30059 1973 2226  740.82085  757.16334  2.21%  1977 4290s
  6510  4356  745.82230 1979 2226  740.82085  757.16334  2.21%  1978 4295s
  6522  4364  744.77718 1985 2201  740.82085  757.16334  2.21%  1977 4300s
  6536  4373  743.57744 1992 2203  740.82085  757.16334  2.21%  1976 4305s
  6550  4383  744.38578 1999 2194  740.82085  757.16334  2.21%  1974 4310s
  6563  4391  745.92679 2006 2224  740.82085  757.16334  2.21%  1972 4315s
  6577  4401  745.44604 2013 2233  740.82085  757.16334  2.21%  1971 4320s
  6590  4409  745.32649 2019 2219  740.82085  757.16334  2.21%  1970 4325s
  6601  4417  745.31501 2025 2225  740.82085  757.16334  2.21%  1969 4330s
  6613  4425  745.31308 2031 2222  740.82085  757.16334  2.21%  1968 4335s
  6621  4430  745.31308 2035 2214  740.82085  757.16334  2.21%  1971 4340s
  6633  4436  745.31308 2041 2219  740.82085  757.16334  2.21%  1972 4345s
  6645  4438  745.31308 2047 2218  740.82085  757.16334  2.21%  1974 4350s
  6656  4439     cutoff 2052       740.82085  757.16334  2.21%  1978 4355s
  6668  4441     cutoff 2058       740.82085  757.16334  2.21%  1980 4360s
  6682  4443     cutoff 2065       740.82085  757.16334  2.21%  1983 4365s
  6696  4442  741.28397 2072 2192  740.82085  757.16334  2.21%  1986 4370s
  6710  4443     cutoff 2079       740.82085  757.16334  2.21%  1989 4375s
  6722  4443     cutoff 2085       740.82085  757.16334  2.21%  1991 4380s
  6733  4447  745.31293 2091 2220  740.82085  757.16334  2.21%  1993 4385s
  6742  4453  744.34139 2095 2191  740.82085  757.16334  2.21%  1995 4390s
  6750  4458  743.76521 2099 2188  740.82085  757.16334  2.21%  1995 4395s
  6762  4458  743.77421 2105 2199  740.82085  757.16334  2.21%  1998 4400s
  6772  4465  740.98581 2110 2172  740.82085  757.16334  2.21%  1999 4405s
  6782  4471  743.45011 2115 2269  740.82085  757.16334  2.21%  2000 4410s
  6794  4473     cutoff 2121       740.82085  757.16334  2.21%  2003 4415s
  6803  4479  745.18206 2126 2288  740.82085  757.16334  2.21%  2004 4420s
  6812  4485  743.56355 2130 2197  740.82085  757.16334  2.21%  2004 4425s
  6823  4493  745.18093 2136 2240  740.82085  757.16334  2.21%  2006 4430s
  6832  4499  744.19069 2140 2282  740.82085  757.16334  2.21%  2006 4435s
  6842  4501  744.23323 2145 2265  740.82085  757.16334  2.21%  2008 4440s
  6852  4506  742.78808 2150 2245  740.82085  757.16334  2.21%  2009 4445s
  6862  4513  743.58515 2155 2189  740.82085  757.16334  2.21%  2010 4450s
  6870  4518  744.98722 2159 2232  740.82085  757.16334  2.21%  2011 4455s
  6880  4525  744.96823 2164 2233  740.82085  757.16334  2.21%  2011 4460s
  6889  4531  744.96823 2169 2228  740.82085  757.16334  2.21%  2012 4465s
  6896  4535  743.43390 2172 2206  740.82085  757.16334  2.21%  2014 4470s
  6905  4541  744.96823 2177 2231  740.82085  757.16334  2.21%  2014 4475s
  6916  4549  743.90790 2182 2214  740.82085  757.16334  2.21%  2015 4480s
  6925  4555  744.96823 2187 2233  740.82085  757.16334  2.21%  2016 4485s
H 6926  2912                     745.0718460  757.16334  1.62%  2016 4494s
  6926  2912 infeasible 2187       745.07185  757.16334  1.62%  2017 4521s
  6941  2892  755.98890   26 3922  745.07185  757.15947  1.62%  2014 4551s
  6942  2893  755.14562   27 3961  745.07185  757.15947  1.62%  2023 4589s
  6943  2894  755.74887   27 4183  745.07185  757.15947  1.62%  2024 4601s
  6944  2894  755.65157   28 3544  745.07185  757.15947  1.62%  2029 4605s
  6945  2895  754.47905   28 3396  745.07185  757.15947  1.62%  2030 4619s
  6946  2896  755.36940   29 3285  745.07185  757.15947  1.62%  2034 4624s
  6947  2896  752.78679   29 3341  745.07185  757.15947  1.62%  2036 4641s
  6951  2899  746.67268   31 2632  745.07185  757.15947  1.62%  2041 4646s
  6955  2902  754.57340   33 2944  745.07185  757.15947  1.62%  2044 4650s
  6963  2907  754.91711   37 2882  745.07185  757.15947  1.62%  2046 4655s
  6971  2912  754.26406   41 2731  745.07185  757.15947  1.62%  2051 4662s
  6973  2914  754.65631   42 2856  745.07185  757.15947  1.62%  2052 4674s
  6975  2915  755.07344   43 2676  745.07185  757.15947  1.62%  2053 4675s
  6979  2918  754.28887   45 2685  745.07185  757.15947  1.62%  2056 4686s
  6981  2919  751.67836   46 2568  745.07185  757.15947  1.62%  2060 4690s
  6986  2922  754.75633   49 2698  745.07185  757.15947  1.62%  2063 4695s
  6992  2926  754.38439   52 2454  745.07185  757.15947  1.62%  2070 4700s
  7000  2932  754.09268   56 2403  745.07185  757.15947  1.62%  2076 4705s
  7008  2937  753.92684   60 2194  745.07185  757.15947  1.62%  2080 4710s
  7017  2943  753.34353   64 2181  745.07185  757.15947  1.62%  2083 4715s
  7027  2950  752.83054   69 2300  745.07185  757.15947  1.62%  2085 4720s
  7038  2957  753.74690   75 2153  745.07185  757.15947  1.62%  2087 4725s
  7049  2964  751.23938   80 2390  745.07185  757.15947  1.62%  2090 4730s
  7057  2970  753.23688   84 2350  745.07185  757.15947  1.62%  2093 4735s
  7067  2976  752.88790   89 2152  745.07185  757.15947  1.62%  2095 4740s
  7076  2982  753.56881   94 2204  745.07185  757.15947  1.62%  2097 4745s
  7086  2989  753.55261   99 2207  745.07185  757.15947  1.62%  2100 4750s
  7097  2996  753.27868  104 2157  745.07185  757.15947  1.62%  2102 4755s
  7105  3002  751.67115  108 2342  745.07185  757.15947  1.62%  2106 4760s
  7115  3008  751.24366  113 2369  745.07185  757.15947  1.62%  2109 4765s
  7125  3015  753.31215  118 2169  745.07185  757.15947  1.62%  2111 4770s
  7135  3022  749.26558  123 2332  745.07185  757.15947  1.62%  2112 4775s
  7145  3028  749.71540  128 2302  745.07185  757.15947  1.62%  2114 4780s
  7155  3035  752.78821  133 2137  745.07185  757.15947  1.62%  2116 4785s
  7163  3040  751.32703  137 2262  745.07185  757.15947  1.62%  2118 4790s
  7175  3048  752.02356  143 2137  745.07185  757.15947  1.62%  2119 4795s
  7185  3055  752.59646  148 2296  745.07185  757.15947  1.62%  2120 4800s
  7194  3061  753.10333  153 2186  745.07185  757.15947  1.62%  2121 4805s
  7200  3065  753.07641  156 2168  745.07185  757.15947  1.62%  2124 4994s
  7202  3066  753.07641  157 2168  745.07185  757.15947  1.62%  2123 4995s
  7207  3070  753.00534  159 2167  745.07185  757.15947  1.62%  2125 5000s
  7217  3076  752.81211  164 2138  745.07185  757.15947  1.62%  2127 5005s
  7225  3082  747.36381  168 2280  745.07185  757.15947  1.62%  2129 5010s
  7233  3087  752.46410  172 2326  745.07185  757.15947  1.62%  2130 5015s
  7241  3092  749.36848  176 2133  745.07185  757.15947  1.62%  2133 5020s
  7252  3100  752.11890  182 2115  745.07185  757.15947  1.62%  2133 5025s
  7265  3108  752.17902  188 2118  745.07185  757.15947  1.62%  2134 5030s
  7276  3114  752.10791  194 2111  745.07185  757.15947  1.62%  2134 5035s
  7288  3122  752.00377  200 2120  745.07185  757.15947  1.62%  2134 5040s
  7299  3127  751.60201  205 2106  745.07185  757.15947  1.62%  2135 5045s
  7312  3132  751.40499  212 2098  745.07185  757.15947  1.62%  2135 5050s
  7325  3140  747.82120  218 2098  745.07185  757.15947  1.62%  2135 5056s
  7335  3147  750.56428  223 2093  745.07185  757.15947  1.62%  2136 5060s
  7347  3155  750.86890  229 2079  745.07185  757.15947  1.62%  2136 5065s
  7355  3158     cutoff  233       745.07185  757.15947  1.62%  2137 5070s
  7367  3160     cutoff  239       745.07185  757.15947  1.62%  2138 5075s
  7377  3161  750.63405  244 2096  745.07185  757.15947  1.62%  2139 5080s
  7386  3161  751.08111  249 2091  745.07185  757.15947  1.62%  2140 5085s
  7395  3165  747.73541  253 2056  745.07185  757.15947  1.62%  2141 5090s
  7404  3169  750.79820  258 2059  745.07185  757.15947  1.62%  2142 5095s
  7413  3165     cutoff  262       745.07185  757.15947  1.62%  2144 5100s
  7424  3164  750.73767  268 2058  745.07185  757.15947  1.62%  2144 5105s
  7434  3165  750.72432  273 2028  745.07185  757.15947  1.62%  2145 5110s
  7444  3172  750.72432  278 2023  745.07185  757.15947  1.62%  2146 5115s
  7451  3176  747.66795  281 2069  745.07185  757.15947  1.62%  2147 5120s
  7461  3181  750.46577  286 2015  745.07185  757.15947  1.62%  2147 5125s
  7472  3182  750.59360  292 2060  745.07185  757.15947  1.62%  2148 5130s
  7481  3188  746.61489  296 2049  745.07185  757.15947  1.62%  2149 5135s
  7490  3194  750.59360  301 2037  745.07185  757.15947  1.62%  2149 5140s
  7502  3202  750.57851  307 2037  745.07185  757.15947  1.62%  2150 5145s
  7511  3208  749.99821  311 2052  745.07185  757.15947  1.62%  2150 5150s
  7521  3215  746.25827  316 2022  745.07185  757.15947  1.62%  2150 5155s
  7533  3215  749.54254  322 2026  745.07185  757.15947  1.62%  2150 5160s
  7543  3212  745.07945  327 1989  745.07185  757.15947  1.62%  2150 5165s
  7554  3214  750.47321  333 2035  745.07185  757.15947  1.62%  2151 5170s
  7567  3215  750.41047  339 2073  745.07185  757.15947  1.62%  2151 5175s
  7577  3221  750.11428  344 2020  745.07185  757.15947  1.62%  2150 5180s
  7590  3230  750.36674  351 2046  745.07185  757.15947  1.62%  2150 5185s
  7604  3227  750.36674  358 2056  745.07185  757.15947  1.62%  2149 5190s
  7619  3221     cutoff  365       745.07185  757.15947  1.62%  2148 5195s
  7633  3217     cutoff  372       745.07185  757.15947  1.62%  2146 5200s
  7648  3221  750.33432  380 2015  745.07185  757.15947  1.62%  2145 5205s
  7659  3228  746.80951  385 1997  745.07185  757.15947  1.62%  2144 5210s
  7669  3235  746.88599  390 1999  745.07185  757.15947  1.62%  2145 5216s
  7681  3241  747.22448  396 1993  745.07185  757.15947  1.62%  2144 5220s
  7692  3246  750.29003  402 2023  745.07185  757.15947  1.62%  2145 5225s
  7705  3253  749.17494  408 1971  745.07185  757.15947  1.62%  2147 5230s
  7715  3259  749.96613  413 2006  745.07185  757.15947  1.62%  2149 5235s
  7727  3267  749.15605  419 1985  745.07185  757.15947  1.62%  2151 5240s
  7739  3273  749.90459  425 2017  745.07185  757.15947  1.62%  2151 5245s
  7751  3282  749.72736  431 1996  745.07185  757.15947  1.62%  2152 5250s
  7762  3293  750.09128  437 1984  745.07185  757.15947  1.62%  2152 5255s
  7773  3304  749.48365  442 1996  745.07185  757.15947  1.62%  2155 5260s
  7784  3315  750.09128  448 2003  745.07185  757.15947  1.62%  2158 5265s
  7793  3324  749.97348  452 2034  745.07185  757.15947  1.62%  2161 5270s
  7805  3336  750.00230  458 2005  745.07185  757.15947  1.62%  2163 5275s
  7816  3347  750.09074  464 2002  745.07185  757.15947  1.62%  2165 5280s
  7827  3358  750.07361  469 2009  745.07185  757.15947  1.62%  2167 5285s
  7837  3368  749.41887  474 1966  745.07185  757.15947  1.62%  2168 5290s
  7848  3379  750.02242  480 2014  745.07185  757.15947  1.62%  2170 5295s
  7857  3387  749.63795  484 2040  745.07185  757.15947  1.62%  2173 5300s
  7867  3397  749.63179  489 2034  745.07185  757.15947  1.62%  2175 5305s
  7873  3403  747.45249  492 1941  745.07185  757.15947  1.62%  2176 5407s
  7874  3404  749.90320  493 2035  745.07185  757.15947  1.62%  2176 5411s
  7879  3409  745.84251  495 1859  745.07185  757.15947  1.62%  2177 5415s
  7888  3418  749.90235  500 2028  745.07185  757.15947  1.62%  2178 5420s
  7899  3429  749.85584  505 2037  745.07185  757.15947  1.62%  2180 5425s
H 7900  3428                     745.0718469  757.15947  1.62%  2180 5447s
  7900  3430  749.90235  506 2016  745.07185  757.15947  1.62%  2180 5509s
  7901  3431  749.90235  506 2038  745.07185  757.15947  1.62%  2181 5510s
  7908  3438  749.88993  510 2034  745.07185  757.15947  1.62%  2182 5515s
  7919  3449  749.50798  515 2037  745.07185  757.15947  1.62%  2184 5520s
  7929  3459  749.88761  520 2006  745.07185  757.15947  1.62%  2186 5525s
  7937  3467  746.48795  524 1999  745.07185  757.15947  1.62%  2189 5530s
  7949  3477     cutoff  530       745.07185  757.15947  1.62%  2191 5536s
  7958  3486  749.83067  535 1991  745.07185  757.15947  1.62%  2192 5540s
  7967  3490  749.32447  539 1988  745.07185  757.15947  1.62%  2194 5545s
  7979  3500  745.84251  545 1863  745.07185  757.15947  1.62%  2195 5550s
  7989  3506     cutoff  550       745.07185  757.15947  1.62%  2196 5555s
  7998  3511  749.81334  555 2023  745.07185  757.15947  1.62%  2197 5560s
  8009  3518  748.99471  560 1958  745.07185  757.15947  1.62%  2198 5565s
  8019  3524  747.63406  565 1949  745.07185  757.15947  1.62%  2200 5570s
  8027  3532  747.40384  569 1986  745.07185  757.15947  1.62%  2202 5575s
  8037  3540  747.90372  574 1981  745.07185  757.15947  1.62%  2204 5580s
  8047  3550  746.28566  579 1959  745.07185  757.15947  1.62%  2205 5585s
  8059  3562  747.72865  585 1956  745.07185  757.15947  1.62%  2206 5590s
  8067  3568  745.84251  589 1816  745.07185  757.15947  1.62%  2208 5595s
  8077  3576  748.57971  594 2010  745.07185  757.15947  1.62%  2209 5600s
  8087  3586  746.79092  599 1968  745.07185  757.15947  1.62%  2210 5605s
  8097  3594     cutoff  604       745.07185  757.15947  1.62%  2211 5610s
  8107  3599  748.49962  609 1967  745.07185  757.15947  1.62%  2212 5615s
  8123  3612     cutoff  617       745.07185  757.15947  1.62%  2212 5620s
  8135  3622     cutoff  623       745.07185  757.15947  1.62%  2213 5625s
  8149  3632     cutoff  630       745.07185  757.15947  1.62%  2213 5630s
  8163  3642  748.26808  637 1985  745.07185  757.15947  1.62%  2214 5635s
  8175  3654  748.01596  643 1968  745.07185  757.15947  1.62%  2214 5640s
  8187  3658     cutoff  649       745.07185  757.15947  1.62%  2215 5645s
  8199  3662     cutoff  655       745.07185  757.15947  1.62%  2216 5650s
  8211  3666  747.90012  661 1952  745.07185  757.15947  1.62%  2217 5655s
  8224  3669  748.60937  668 1962  745.07185  757.15947  1.62%  2217 5660s
  8235  3678     cutoff  673       745.07185  757.15947  1.62%  2217 5665s
  8249  3686  747.81977  680 1943  745.07185  757.15947  1.62%  2218 5670s
  8262  3696  748.45182  687 1968  745.07185  757.15947  1.62%  2218 5675s
  8274  3706  748.44737  693 1988  745.07185  757.15947  1.62%  2218 5680s
  8286  3716  748.43232  699 1985  745.07185  757.15947  1.62%  2218 5685s
  8299  3727  748.17021  705 1913  745.07185  757.15947  1.62%  2219 5690s
  8311  3731  745.23097  711 1849  745.07185  757.15947  1.62%  2219 5695s
  8323  3733     cutoff  717       745.07185  757.15947  1.62%  2220 5700s
  8335  3734  745.23097  723 1816  745.07185  757.15947  1.62%  2220 5705s
  8343  3734     cutoff  727       745.07185  757.15947  1.62%  2220 5710s
  8354  3739  748.42314  733 1992  745.07185  757.15947  1.62%  2221 5715s
  8365  3743     cutoff  738       745.07185  757.15947  1.62%  2222 5720s
  8377  3751  748.19855  744 1962  745.07185  757.15947  1.62%  2223 5725s
  8389  3751     cutoff  750       745.07185  757.15947  1.62%  2223 5730s
  8403  3751     cutoff  757       745.07185  757.15947  1.62%  2223 5735s
  8414  3752  748.39325  763 1972  745.07185  757.15947  1.62%  2224 5740s
  8427  3757     cutoff  769       745.07185  757.15947  1.62%  2224 5745s
  8442  3764  748.34254  777 1984  745.07185  757.15947  1.62%  2223 5750s
  8456  3766  748.33215  784 2004  745.07185  757.15947  1.62%  2223 5755s
  8469  3769     cutoff  790       745.07185  757.15947  1.62%  2224 5760s
  8483  3771     cutoff  797       745.07185  757.15947  1.62%  2225 5765s
  8497  3773     cutoff  804       745.07185  757.15947  1.62%  2225 5770s
  8511  3777  747.63562  811 1959  745.07185  757.15947  1.62%  2225 5775s
  8527  3785  747.55704  819 1979  745.07185  757.15947  1.62%  2225 5780s
  8539  3789     cutoff  825       745.07185  757.15947  1.62%  2226 5785s
  8553  3795  747.05974  832 1961  745.07185  757.15947  1.62%  2226 5790s
  8567  3799     cutoff  839       745.07185  757.15947  1.62%  2227 5795s
  8579  3801     cutoff  845       745.07185  757.15947  1.62%  2227 5800s
  8591  3809  747.10564  851 1939  745.07185  757.15947  1.62%  2228 5805s
  8604  3814  748.28331  858 1967  745.07185  757.15947  1.62%  2227 5810s
  8617  3815     cutoff  864       745.07185  757.15947  1.62%  2229 5815s
  8629  3819     cutoff  870       745.07185  757.15947  1.62%  2229 5820s
  8644  3826  748.27078  878 1972  745.07185  757.15947  1.62%  2229 5825s
  8657  3835  745.39739  884 1913  745.07185  757.15947  1.62%  2229 5830s
  8671  3843  746.48622  891 1916  745.07185  757.15947  1.62%  2229 5835s
  8685  3849  746.43380  898 1938  745.07185  757.15947  1.62%  2230 5840s
  8699  3855  747.83581  905 1916  745.07185  757.15947  1.62%  2230 5845s
  8709  3865  747.12780  910 1933  745.07185  757.15947  1.62%  2230 5850s
  8722  3874  748.23031  917 1977  745.07185  757.15947  1.62%  2231 5855s
  8735  3883  746.51164  923 1922  745.07185  757.15947  1.62%  2231 5860s
  8748  3890  748.22055  930 1978  745.07185  757.15947  1.62%  2232 5865s
  8760  3902  748.20992  936 1981  745.07185  757.15947  1.62%  2232 5870s
  8773  3909  747.80860  942 1937  745.07185  757.15947  1.62%  2232 5875s
  8785  3911     cutoff  948       745.07185  757.15947  1.62%  2232 5880s
  8796  3914  748.20096  954 1958  745.07185  757.15947  1.62%  2232 5885s
  8808  3918  748.20087  960 1973  745.07185  757.15947  1.62%  2233 5890s
  8822  3926  748.19989  967 1999  745.07185  757.15947  1.62%  2233 5895s
  8837  3931     cutoff  974       745.07185  757.15947  1.62%  2234 5900s
  8851  3931     cutoff  981       745.07185  757.15947  1.62%  2234 5905s
  8863  3938     cutoff  987       745.07185  757.15947  1.62%  2235 5910s
  8878  3945     cutoff  995       745.07185  757.15947  1.62%  2235 5915s
  8890  3945     cutoff 1001       745.07185  757.15947  1.62%  2235 5920s
  8901  3950  748.14488 1007 1974  745.07185  757.15947  1.62%  2235 5938s
  8904  3953  747.84439 1008 1971  745.07185  757.15947  1.62%  2235 5940s
  8917  3959  748.13705 1015 1996  745.07185  757.15947  1.62%  2235 5945s
  8929  3969  748.13672 1021 1999  745.07185  757.15947  1.62%  2236 5950s
  8940  3980  747.06484 1026 1943  745.07185  757.15947  1.62%  2236 5955s
  8954  3994  746.10849 1033 1971  745.07185  757.15947  1.62%  2236 5960s
  8967  4007  747.98196 1040 1939  745.07185  757.15947  1.62%  2236 5965s
  8978  4018  747.49051 1045 1935  745.07185  757.15947  1.62%  2236 5970s
  8990  4030  747.10358 1051 1942  745.07185  757.15947  1.62%  2236 5975s
  9001  4041  747.98196 1057 1947  745.07185  757.15947  1.62%  2236 5980s
  9014  4054  747.31479 1063 1965  745.07185  757.15947  1.62%  2235 5985s
  9024  4064  746.52162 1068 1975  745.07185  757.15947  1.62%  2236 5990s
  9036  4074  746.84330 1074 1935  745.07185  757.15947  1.62%  2235 5995s
  9049  4087  747.96979 1081 1937  745.07185  757.15947  1.62%  2235 6000s
  9060  4092     cutoff 1086       745.07185  757.15947  1.62%  2234 6005s
  9072  4098  747.45729 1092 1929  745.07185  757.15947  1.62%  2234 6010s
  9084  4110  747.26356 1098 1927  745.07185  757.15947  1.62%  2234 6015s
  9098  4124  747.85954 1105 1918  745.07185  757.15947  1.62%  2233 6020s
  9110  4134  746.85061 1111 1941  745.07185  757.15947  1.62%  2233 6025s
  9121  4143  747.91519 1117 1956  745.07185  757.15947  1.62%  2232 6030s
  9134  4156  747.77304 1123 1942  745.07185  757.15947  1.62%  2232 6035s
  9147  4169  747.91395 1130 1922  745.07185  757.15947  1.62%  2232 6040s
  9158  4178  747.70991 1135 1923  745.07185  757.15947  1.62%  2232 6045s
  9172  4188  747.19667 1142 1862  745.07185  757.15947  1.62%  2231 6050s
  9186  4202  746.60664 1149 1969  745.07185  757.15947  1.62%  2231 6055s
  9198  4214  747.18910 1155 1886  745.07185  757.15947  1.62%  2230 6060s
  9211  4227  747.80134 1162 1962  745.07185  757.15947  1.62%  2230 6065s
  9222  4238  746.28434 1167 1917  745.07185  757.15947  1.62%  2230 6070s
  9235  4251  747.79277 1174 1926  745.07185  757.15947  1.62%  2229 6075s
  9247  4263  747.79277 1180 1943  745.07185  757.15947  1.62%  2229 6080s
  9260  4274  745.46605 1186 1930  745.07185  757.15947  1.62%  2228 6085s
  9274  4286  745.27092 1193 1907  745.07185  757.15947  1.62%  2228 6090s
  9285  4296  747.77854 1199 1943  745.07185  757.15947  1.62%  2227 6095s
  9296  4304     cutoff 1204       745.07185  757.15947  1.62%  2227 6100s
  9308  4310 infeasible 1210       745.07185  757.15947  1.62%  2227 6105s
  9320  4320  746.07799 1216 1908  745.07185  757.15947  1.62%  2227 6110s
  9335  4333  747.73632 1224 1931  745.07185  757.15947  1.62%  2225 6115s
  9348  4338 infeasible 1230       745.07185  757.15947  1.62%  2225 6120s
  9362  4348     cutoff 1237       745.07185  757.15947  1.62%  2224 6125s
  9373  4355  746.23094 1243 1921  745.07185  757.15947  1.62%  2224 6130s
  9386  4368  746.40010 1249 1897  745.07185  757.15947  1.62%  2224 6135s
  9398  4376  746.44596 1255 1919  745.07185  757.15947  1.62%  2223 6140s
  9410  4381  746.36937 1261 1860  745.07185  757.15947  1.62%  2223 6145s
  9422  4391  747.17165 1267 1878  745.07185  757.15947  1.62%  2223 6150s
  9432  4397     cutoff 1272       745.07185  757.15947  1.62%  2223 6155s
  9446  4407  745.35862 1279 1873  745.07185  757.15947  1.62%  2222 6160s
  9459  4416  747.66323 1286 1921  745.07185  757.15947  1.62%  2221 6165s
  9474  4423     cutoff 1293       745.07185  757.15947  1.62%  2220 6170s
  9488  4431     cutoff 1300       745.07185  757.15947  1.62%  2219 6175s
  9502  4438  745.18535 1307 1896  745.07185  757.15947  1.62%  2218 6180s
  9518  4444  745.13392 1315 1887  745.07185  757.15947  1.62%  2217 6185s
  9529  4453  747.46944 1321 1931  745.07185  757.15947  1.62%  2216 6190s
  9542  4460  745.69687 1327 1885  745.07185  757.15947  1.62%  2215 6195s
  9558  4466     cutoff 1335       745.07185  757.15947  1.62%  2214 6200s
  9570  4471  747.44754 1341 1924  745.07185  757.15947  1.62%  2214 6205s
  9584  4475     cutoff 1348       745.07185  757.15947  1.62%  2213 6210s
  9596  4478     cutoff 1354       745.07185  757.15947  1.62%  2212 6215s
  9609  4483  747.37281 1361 1922  745.07185  757.15947  1.62%  2212 6220s
  9622  4485  745.46863 1367 1881  745.07185  757.15947  1.62%  2211 6225s
  9634  4485     cutoff 1373       745.07185  757.15947  1.62%  2210 6230s
  9646  4491  746.73186 1379 1876  745.07185  757.15947  1.62%  2210 6235s
  9660  4496  746.77960 1386 1916  745.07185  757.15947  1.62%  2208 6240s
  9676  4496     cutoff 1394       745.07185  757.15947  1.62%  2206 6245s
  9691  4499  746.89703 1402 1901  745.07185  757.15947  1.62%  2204 6250s
  9708  4502  745.59537 1410 1883  745.07185  757.15947  1.62%  2201 6255s
  9728  4502     cutoff 1420       745.07185  757.15947  1.62%  2198 6260s
  9747  4501  757.06935   26 3999  745.07185  757.12636  1.62%  2195 6275s
  9748  4502  756.28581   27 3769  745.07185  757.12636  1.62%  2199 6308s
  9749  4503  755.83801   27 3730  745.07185  757.12636  1.62%  2199 6321s
  9750  4504  755.46678   28 3514  745.07185  757.12636  1.62%  2203 6325s
  9752  4506  753.03504   29 3012  745.07185  757.12636  1.62%  2206 6342s
  9753  4507  754.02432   29 3154  745.07185  757.12636  1.62%  2210 6347s
  9754  4508  752.96625   30 3240  745.07185  757.12636  1.62%  2215 6352s
  9757  4511  746.67268   31 2542  745.07185  757.12636  1.62%  2217 6355s
  9758  4512  752.60026   32 2956  745.07185  757.12636  1.62%  2222 6360s
  9762  4516  748.26396   34 2614  745.07185  757.12636  1.62%  2231 6367s
  9776  4530  746.67268   41 2217  745.07185  757.12636  1.62%  2230 6370s
  9793  4547  746.63096   49 2192  745.07185  757.12636  1.62%  2232 6375s
  9803  4557  746.67268   54 2086  745.07185  757.12636  1.62%  2233 6380s
  9813  4567  746.42029   59 2117  745.07185  757.12636  1.62%  2235 6385s
  9823  4577  746.67268   64 2052  745.07185  757.12636  1.62%  2236 6390s
  9833  4587  746.55401   69 2087  745.07185  757.12636  1.62%  2237 6395s
  9842  4596  746.67268   74 2032  745.07185  757.12636  1.62%  2238 6400s
  9849  4603  746.09474   77 2090  745.07185  757.12636  1.62%  2240 6405s
  9859  4612  745.93092   82 2121  745.07185  757.12636  1.62%  2242 6410s
  9868  4621  746.67268   87 2121  745.07185  757.12636  1.62%  2243 6415s
  9877  4630  745.37300   91 2096  745.07185  757.12636  1.62%  2245 6420s
  9885  4638  746.52167   95 2193  745.07185  757.12636  1.62%  2246 6425s
  9893  4646  746.34872   99 2155  745.07185  757.12636  1.62%  2247 6430s
  9905  4651     cutoff  105       745.07185  757.12636  1.62%  2247 6435s
  9915  4661  746.46559  110 2120  745.07185  757.12636  1.62%  2248 6440s
  9925  4671  746.54964  115 2168  745.07185  757.12636  1.62%  2250 6445s
  9935  4681  746.46603  120 2117  745.07185  757.12636  1.62%  2250 6450s
  9947  4693  746.15741  126 2163  745.07185  757.12636  1.62%  2250 6455s
  9958  4704  746.34814  132 2141  745.07185  757.12636  1.62%  2250 6460s
  9970  4713  746.11162  138 2145  745.07185  757.12636  1.62%  2250 6465s
  9983  4724  745.66431  144 2140  745.07185  757.12636  1.62%  2248 6470s
  9997  4731  745.16261  151 2119  745.07185  757.12636  1.62%  2247 6475s
 10011  4737     cutoff  158       745.07185  757.12636  1.62%  2246 6480s
 10028  4746  745.73519  167 2141  745.07185  757.12636  1.62%  2244 6485s
 10044  4749  745.68505  175 2117  745.07185  757.12636  1.62%  2242 6490s
 10060  4748  757.03960   25 4827  745.07185  757.12465  1.62%  2240 6506s
 10062  4750  755.30550   26 4218  745.07185  757.12465  1.62%  2243 6529s
 10063  4751  756.76042   27 3482  745.07185  757.12465  1.62%  2247 6534s
 10064  4752  755.79922   27 3885  745.07185  757.12465  1.62%  2248 6553s
 10065  4753  756.35238   28 3212  745.07185  757.12465  1.62%  2250 6556s
 10066  4754  755.35874   28 3632  745.07185  757.12465  1.62%  2251 6572s
 10067  4755  756.09377   29 2879  745.07185  757.12465  1.62%  2253 6575s
 10072  4760  746.67268   31 2643  745.07185  757.12465  1.62%  2256 6580s
 10076  4764  755.84184   33 2671  745.07185  757.12465  1.62%  2258 6585s
 10080  4768  755.12381   35 2712  745.07185  757.12465  1.62%  2261 6590s
 10087  4775  755.81259   39 2710  745.07185  757.12465  1.62%  2263 6595s
 10097  4785  755.74132   44 2555  745.07185  757.12465  1.62%  2264 6600s
 10107  4795  755.58341   49 2393  745.07185  757.12465  1.62%  2265 6605s
 10115  4803  755.38929   53 2411  745.07185  757.12465  1.62%  2268 6610s
 10124  4812  754.61056   57 2547  745.07185  757.12465  1.62%  2269 6615s
 10134  4822  754.20131   62 2669  745.07185  757.12465  1.62%  2272 6620s
 10141  4829  755.30635   66 2395  745.07185  757.12465  1.62%  2273 6625s
 10149  4837  755.28497   70 2384  745.07185  757.12465  1.62%  2275 6630s
 10157  4845  755.20968   74 2361  745.07185  757.12465  1.62%  2277 6635s
 10166  4854  754.65796   78 2338  745.07185  757.12465  1.62%  2280 6640s
 10173  4861  755.11625   82 2374  745.07185  757.12465  1.62%  2282 6645s
 10181  4869  755.10211   86 2366  745.07185  757.12465  1.62%  2284 6650s
 10187  4875  755.06139   89 2358  745.07185  757.12465  1.62%  2286 6655s
 10196  4884  754.70158   93 2247  745.07185  757.12465  1.62%  2288 6660s
 10204  4892  754.98107   97 2324  745.07185  757.12465  1.62%  2291 6665s
 10211  4899  754.95770  101 2303  745.07185  757.12465  1.62%  2293 6670s
 10219  4907  754.92897  105 2293  745.07185  757.12465  1.62%  2295 6675s
 10227  4915  754.90005  109 2496  745.07185  757.12465  1.62%  2297 6680s
 10236  4924  754.37940  113 2301  745.07185  757.12465  1.62%  2299 6685s
 10245  4933  754.83741  118 2294  745.07185  757.12465  1.62%  2300 6690s

Cutting planes:
  Gomory: 1
  Cover: 64
  Clique: 26
  StrongCG: 1
  Flow cover: 19
  GUB cover: 6
  Zero half: 440
  Relax-and-lift: 6

Explored 10249 nodes (24022842 simplex iterations) in 7204.78 seconds (19840.93 work units)
Thread count was 1 (of 32 available processors)

Solution count 10: 745.072 745.072 740.821 ... 726.673

Time limit reached
Warning: max constraint violation (1.3700e-06) exceeds tolerance
Best objective 7.450718493561e+02, best bound 7.571246545420e+02, gap 1.6177%

User-callback calls 407853, time in user-callback 41.04 sec
