
Gurobi 12.0.1 (win64) logging started Tue Dec 30 12:27:31 2025

Set parameter LogFile to value "data\dblrp\grb_log_ef_s10_ts0_f40_c20_r2.0_iss1_bt1_nsp5000_nse2000_sd7.log"
Set parameter NodefileStart to value 0.5
Set parameter NodefileDir to value "node_files\s10_ts0"
Set parameter MIPGap to value 0.01
Set parameter TimeLimit to value 7200
Set parameter Threads to value 1
Gurobi Optimizer version 12.0.1 build v12.0.1rc0 (win64 - Windows 11.0 (26100.2))

CPU model: Intel(R) Core(TM) i9-14900K, instruction set [SSE2|AVX|AVX2]
Thread count: 24 physical cores, 32 logical processors, using up to 1 threads

Non-default parameters:
TimeLimit  7200
MIPGap  0.01
NodefileStart  0.5
Threads  1

Optimize a model with 68063400 rows, 22716440 columns and 195330000 nonzeros
Model fingerprint: 0x4512eac5
Variable types: 0 continuous, 22716440 integer (22680040 binary)
Coefficient statistics:
  Matrix range     [1e+00, 7e+01]
  Objective range  [1e+00, 1e+01]
  Bounds range     [1e+00, 4e+01]
  RHS range        [1e+00, 4e+01]
Presolve removed 0 rows and 0 columns (presolve time = 6s)...
Presolve removed 1260000 rows and 15200 columns (presolve time = 12s)...
Presolve removed 33984264 rows and 15200 columns (presolve time = 15s)...
Presolve removed 67673757 rows and 15600 columns (presolve time = 21s)...
Presolve removed 67719594 rows and 22107313 columns (presolve time = 25s)...
Presolve removed 67733327 rows and 22118347 columns
Presolve time: 29.11s
Presolved: 330073 rows, 598093 columns, 3228514 nonzeros
Variable types: 0 continuous, 598093 integer (578689 binary)
Found heuristic solution: objective -400.0000000
Performing another presolve...
Presolve removed 287737 rows and 22339 columns (presolve time = 5s)...
Presolve removed 293260 rows and 22822 columns
Presolve time: 5.09s
Performing another presolve...
Presolve removed 20274 rows and 18476 columns
Presolve time: 3.82s

Root simplex log...

Iteration    Objective       Primal Inf.    Dual Inf.      Time
       0    2.4604945e+05   2.621496e+05   0.000000e+00     74s
   29337    4.1228913e+02   5.928601e+03   0.000000e+00     75s
   55705    4.0051418e+02   1.211060e+03   0.000000e+00     80s
   66130    3.9227397e+02   2.810672e+02   0.000000e+00     85s
   73434    3.9113483e+02   4.231049e+02   0.000000e+00     90s
   78913    3.9099193e+02   2.285817e+01   0.000000e+00     95s
   79668    3.9098944e+02   0.000000e+00   0.000000e+00     96s

Root relaxation: objective 3.909894e+02, 79668 iterations, 23.31 seconds (74.96 work units)
Total elapsed time = 96.18s (DegenMoves)
Total elapsed time = 100.12s (DegenMoves)

    Nodes    |    Current Node    |     Objective Bounds      |     Work
 Expl Unexpl |  Obj  Depth IntInf | Incumbent    BestBd   Gap | It/Node Time

     0     0  390.98944    0 3202 -400.00000  390.98944   198%     -  102s
     0     0  390.47874    0 3700 -400.00000  390.47874   198%     -  110s
     0     0  388.78632    0 3415 -400.00000  388.78632   197%     -  115s
     0     0  388.74487    0 3475 -400.00000  388.74487   197%     -  117s
     0     0  388.74179    0 3472 -400.00000  388.74179   197%     -  117s
H    0     0                     -70.0000000  388.74179   655%     -  118s
H    0     0                     -40.0000000  388.74179  1072%     -  119s
H    0     0                      14.1166300  388.74179  2654%     -  120s
H    0     0                      31.5897394  388.74179  1131%     -  122s
H    0     0                      47.6112768  388.74179   716%     -  123s
H    0     0                     157.6784359  388.74179   147%     -  125s
H    0     0                     168.7941256  388.74179   130%     -  126s
H    0     0                     179.6378663  388.74179   116%     -  127s
H    0     0                     179.7747949  388.74179   116%     -  128s
H    0     0                     187.8147320  388.74179   107%     -  129s
H    0     0                     194.9763455  388.74179  99.4%     -  130s
H    0     0                     196.5047460  388.74179  97.8%     -  131s
H    0     0                     197.1537457  388.74179  97.2%     -  132s
H    0     0                     197.6321762  388.74179  96.7%     -  134s
H    0     0                     215.6864792  388.74179  80.2%     -  137s
H    0     0                     254.6121519  388.74179  52.7%     -  140s
H    0     0                     263.6498497  388.74179  47.4%     -  141s
H    0     0                     303.0320004  388.74179  28.3%     -  143s
H    0     0                     317.3746260  388.74179  22.5%     -  144s
H    0     0                     326.7636468  388.74179  19.0%     -  146s
H    0     0                     335.7507665  388.74179  15.8%     -  148s
H    0     0                     367.3221612  388.74179  5.83%     -  154s
H    0     0                     369.2576669  388.74179  5.28%     -  159s
     0     0  388.49388    0 3704  369.25767  388.49388  5.21%     -  170s
     0     0  388.49388    0 3667  369.25767  388.49388  5.21%     -  171s
     0     0  388.48751    0 3650  369.25767  388.48751  5.21%     -  174s
     0     0  388.19723    0 4041  369.25767  388.19723  5.13%     -  181s
     0     0  388.18254    0 3759  369.25767  388.18254  5.13%     -  182s
     0     0  388.17910    0 3747  369.25767  388.17910  5.12%     -  184s
     0     0  388.10752    0 3876  369.25767  388.10752  5.10%     -  190s
     0     0  388.08743    0 3796  369.25767  388.08743  5.10%     -  192s
     0     0  388.08740    0 3800  369.25767  388.08740  5.10%     -  192s
     0     0  388.08739    0 3780  369.25767  388.08739  5.10%     -  192s
     0     0  388.08435    0 3841  369.25767  388.08435  5.10%     -  195s
     0     0  388.08435    0 3832  369.25767  388.08435  5.10%     -  195s
     0     0  388.06258    0 3820  369.25767  388.06258  5.09%     -  197s
     0     0  388.06229    0 3837  369.25767  388.06229  5.09%     -  198s
     0     0  388.06229    0 3849  369.25767  388.06229  5.09%     -  199s
     0     0  388.06180    0 3847  369.25767  388.06180  5.09%     -  202s
     0     0  388.06180    0 3502  369.25767  388.06180  5.09%     -  209s
     0     2  388.06180    0 3417  369.25767  388.06180  5.09%     -  232s
     1     3  387.85896    1 3878  369.25767  388.06180  5.09% 29742  237s
     2     4  387.82020    1 3352  369.25767  387.85772  5.04% 16280  240s
     3     5  386.98302    2 3498  369.25767  387.85772  5.04% 12783  246s
     4     6  387.27338    2 3490  369.25767  387.80741  5.02% 10638  250s
     6     8  386.89435    3 3531  369.25767  387.80741  5.02%  8119  255s
     8    10  386.58432    4 3228  369.25767  387.80741  5.02%  6939  261s
    10    12  386.13042    5 2905  369.25767  387.80741  5.02%  6854  272s
    11    13  385.04480    6 2342  369.25767  387.80741  5.02% 11438  277s
    13    15  384.96348    7 2359  369.25767  387.80741  5.02% 11371  280s
    19    21  383.19312   11 2802  369.25767  387.80741  5.02% 11497  287s
    22    24  384.45761   13 2078  369.25767  387.80741  5.02% 10226  292s
    25    27  382.50095   14 2524  369.25767  387.80741  5.02% 10911  296s
    27    29  379.25767   15 1128  369.25767  387.80741  5.02% 11829  335s
    32    34  383.73109   19 2337  369.25767  387.80741  5.02% 10257  340s
    60    62  383.05540   47 1791  369.25767  387.80741  5.02%  5550  345s
   103   105  383.05540   90 1817  369.25767  387.80741  5.02%  3259  350s
   153   155  383.05540  140 1802  369.25767  387.80741  5.02%  2207  355s
   187   189  383.05540  174 1791  369.25767  387.80741  5.02%  1821  360s
   220   222  383.05540  207 1813  369.25767  387.80741  5.02%  1561  365s
   274   276  383.05540  261 1807  369.25767  387.80741  5.02%  1258  370s
   296   298  383.05540  283 1797  369.25767  387.80741  5.02%  1180  375s
   339   341  383.05540  326 1781  369.25767  387.80741  5.02%  1039  380s
   368   370  383.05540  355 1800  369.25767  387.80741  5.02%   968  385s
   419   421  383.03546  405 1774  369.25767  387.80741  5.02%   855  390s
   472   474  383.02166  458 1791  369.25767  387.80741  5.02%   764  395s
   491   493  382.89873  477 2275  369.25767  387.80741  5.02%   752  400s
   494   496  382.57146  479 2328  369.25767  387.80741  5.02%   769  405s
   504   506  379.12889  487 1395  369.25767  387.80741  5.02%   785  412s
   534   536  381.64014  517 2019  369.25767  387.80741  5.02%   745  415s
   545   547  378.85069  526 1416  369.25767  387.80741  5.02%   762  421s
   553   555  378.11546  531 1535  369.25767  387.80741  5.02%   776  425s
   593   595  377.31628  567 1587  369.25767  387.80741  5.02%   739  430s
   654   656  376.94716  626 1559  369.25767  387.80741  5.02%   675  435s
   723   725  376.61048  692 1551  369.25767  387.80741  5.02%   618  440s
   788   790  374.81035  752 1500  369.25767  387.80741  5.02%   576  445s
   867   869  373.68524  827 1540  369.25767  387.80741  5.02%   527  450s
   949   951  373.38248  909 1525  369.25767  387.80741  5.02%   485  455s
  1039  1041  373.13189  997 1497  369.25767  387.80741  5.02%   445  460s
  1124  1126  372.57568 1079 1482  369.25767  387.80741  5.02%   413  465s
  1196  1198  372.30405 1151 1484  369.25767  387.80741  5.02%   391  470s
  1280  1282  371.86734 1235 1478  369.25767  387.80741  5.02%   367  475s
  1362  1364  371.79052 1316 1464  369.25767  387.80741  5.02%   347  480s
  1453  1454  369.64116 1407 1415  369.25767  387.80741  5.02%   326  485s
  1515  1497  387.28803    2 2963  369.25767  387.80685  5.02%   319  492s
  1517  1498  373.76605  810 8270  369.25767  387.80685  5.02%   318  534s
  1519  1499  383.05540   92 3181  369.25767  387.80685  5.02%   318  605s
  1520  1500  373.76605  812 3826  369.25767  387.80685  5.02%   317  615s
  1521  1501  383.05540  219 3751  369.25767  387.80685  5.02%   317  625s
  1522  1501  373.26286  990 4157  369.25767  387.71797  5.00%   317  631s
  1523  1502  383.03546  399 4178  369.25767  387.71569  5.00%   317  638s
  1524  1503  373.09557 1019 3871  369.25767  387.37726  4.91%   317  646s
  1525  1503  383.05540  250 3881  369.25767  387.35786  4.90%   316  654s
  1526  1504  373.08642 1010 3908  369.25767  387.34309  4.90%   316  658s
  1527  1505  373.41857  869 3961  369.25767  387.34285  4.90%   316  664s
  1528  1505  372.54696 1108 3947  369.25767  387.34054  4.90%   316  667s
  1529  1506  371.86734 1230 3959  369.25767  387.34054  4.90%   316  674s
  1531  1507  372.54696 1111 3961  369.25767  387.34054  4.90%   315  681s
  1532  1508  383.05540   77 3429  369.25767  387.34054  4.90%   315  694s
  1533  1509  373.41857  872 3429  369.25767  387.34054  4.90%   315  707s
  1534  1511  386.78941   11 3163  369.25767  387.34054  4.90%   468  723s
  1535  1512  387.03062   11 3534  369.25767  387.03062  4.81%   473  731s
  1536  1513  386.86096   12 3261  369.25767  387.03062  4.81%   474  736s
  1537  1513  385.84396   12 3815  369.25767  386.84594  4.76%   478  743s
  1538  1514  385.99750   13 3200  369.25767  386.84594  4.76%   486  753s
  1539  1515  385.91180   13 3361  369.25767  386.78899  4.75%   493  764s
  1540  1515  385.88447   14 2939  369.25767  386.78899  4.75%   494  768s
  1541  1516  379.25767   14 1433  369.25767  386.78899  4.75%   499  771s
  1543  1517  378.78148   15 2447  369.25767  386.78899  4.75%   503  777s
  1544  1518  385.51067   16 3368  369.25767  386.78899  4.75%   505  781s
  1546  1519  378.78148   17 1949  369.25767  386.78899  4.75%   514  787s
  1548  1521  385.20009   18 2613  369.25767  386.78899  4.75%   517  794s
  1549  1521  378.78148   18 1847  369.25767  386.78899  4.75%   525  800s
  1553  1524  379.25767   20 1358  369.25767  386.78899  4.75%   529  805s
  1555  1525  379.25767   21 1637  369.25767  386.78899  4.75%   533  810s
  1559  1528  379.25767   23 1553  369.25767  386.78899  4.75%   540  816s
  1560  1529  379.25767   24 1647  369.25767  386.78899  4.75%   542  868s
  1561  1529  384.31278   24 2607  369.25767  386.78899  4.75%   543  870s
  1565  1531  383.82875   26 2346  369.25767  386.78899  4.75%   549  875s
  1569  1534  379.25767   28 1617  369.25767  386.78899  4.75%   554  880s
  1575  1538  383.04426   31 2002  369.25767  386.78899  4.75%   558  885s
  1581  1542  379.25767   34 1664  369.25767  386.78899  4.75%   563  890s
  1587  1546  380.25792   37 1985  369.25767  386.78899  4.75%   573  896s
  1595  1551  378.05827   41 1699  369.25767  386.78899  4.75%   577  900s
  1607  1555  376.51633   47 1726  369.25767  386.78899  4.75%   583  905s
  1637  1573  375.66888   62 1747  369.25767  386.78899  4.75%   583  910s
  1715  1565  376.69691  102 1770  369.25767  386.78899  4.75%   562  915s
  1753  1590  372.34402  121 1671  369.25767  386.78899  4.75%   567  920s
  1795  1616  375.86443  142 1606  369.25767  386.78899  4.75%   566  925s
  1824  1636  378.58610  157 1651  369.25767  386.78899  4.75%   571  930s
  1855  1654  376.88581  172 1635  369.25767  386.78899  4.75%   577  935s
  1878  1670  378.58610  184 1691  369.25767  386.78899  4.75%   583  940s
  1899  1684  378.19601  194 1667  369.25767  386.78899  4.75%   593  945s
  1945  1710  375.07362  217 1583  369.25767  386.78899  4.75%   587  950s
  1975  1730  377.12338  232 1569  369.25767  386.78899  4.75%   581  998s
  1979  1733  378.06848  234 1609  369.25767  386.78899  4.75%   580 1000s
  2004  1750  378.16621  247 1616  369.25767  386.78899  4.75%   575 1005s
  2028  1766  377.89595  259 1615  369.25767  386.78899  4.75%   571 1010s
  2064  1790  377.83397  277 1621  369.25767  386.78899  4.75%   567 1015s
  2119  1826  375.21369  304 1544  369.25767  386.78899  4.75%   558 1020s
  2173  1860  374.74858  331 1520  369.25767  386.78899  4.75%   550 1025s
  2214  1888  376.38052  352 1617  369.25767  386.78899  4.75%   549 1030s
  2260  1918  375.78293  375 1546  369.25767  386.78899  4.75%   546 1035s
  2316  1954  375.48719  403 1550  369.25767  386.78899  4.75%   538 1040s
  2375  1993  372.65950  432 1514  369.25767  386.78899  4.75%   530 1045s
  2410  2016  375.35246  450 1551  369.25767  386.78899  4.75%   529 1050s
  2461  2042  373.51351  475 1461  369.25767  386.78899  4.75%   523 1055s
  2502  2059     cutoff  496       369.25767  386.78899  4.75%   524 1060s
  2538  2059  369.91040  515 1357  369.25767  386.78899  4.75%   527 1065s
  2585  2074  373.27491  539 1391  369.25767  386.78899  4.75%   527 1070s
  2635  2103  373.25300  564 1404  369.25767  386.78899  4.75%   523 1075s
  2685  2128     cutoff  589       369.25767  386.78899  4.75%   521 1080s
  2743  2164  370.54082  618 1372  369.25767  386.78899  4.75%   516 1085s
  2801  2196  371.59174  647 1385  369.25767  386.78899  4.75%   510 1090s
  2865  2226  371.70437  679 1348  369.25767  386.78899  4.75%   502 1095s
  2948  2221  371.55878  721 1367  369.25767  386.78899  4.75%   490 1100s
  3040  2208  371.28833  767 1369  369.25767  386.78899  4.75%   477 1105s
  3132  2194  370.87619  813 1351  369.25767  386.78899  4.75%   465 1110s
  3203  2176     cutoff  848       369.25767  386.78899  4.75%   462 1115s
  3261  2169     cutoff  877       369.25767  386.78899  4.75%   458 1120s
  3332  2153  370.14500  913 1277  369.25767  386.78899  4.75%   453 1125s
  3406  2129  370.06042  950 1284  369.25767  386.78899  4.75%   450 1130s
  3452  2115  370.06042  973 1276  369.25767  386.78899  4.75%   445 1135s
  3530  2089  369.73410 1012 1263  369.25767  386.78899  4.75%   440 1140s
  3585  2071  369.69789 1040 1284  369.25767  386.78899  4.75%   441 1146s
  3595  2065  386.70117   12 3234  369.25767  386.78352  4.75%   442 1154s
  3596  2066  386.63592   13 3358  369.25767  386.78352  4.75%   442 1158s
  3597  2067  385.81391   13 3404  369.25767  386.78352  4.75%   444 1165s
  3598  2067  385.71087   14 3423  369.25767  386.78352  4.75%   445 1171s
  3600  2069  386.14882   15 3297  369.25767  386.78352  4.75%   447 1178s
  3601  2069  385.47077   15 2484  369.25767  386.78352  4.75%   448 1182s
  3603  2071  379.25767   16 1753  369.25767  386.78352  4.75%   450 1185s
  3606  2073  383.30051   18 2398  369.25767  386.78352  4.75%   453 1192s
  3610  2075  383.20768   20 2409  369.25767  386.78352  4.75%   454 1196s
  3612  2077  383.13820   21 2443  369.25767  386.78352  4.75%   456 1201s
  3615  2079  379.25767   22 1399  369.25767  386.78352  4.75%   458 1205s
  3627  2087  381.34880   28 1836  369.25767  386.78352  4.75%   459 1210s
  3632  2090  381.83401   31 2353  369.25767  386.78352  4.75%   461 1215s
H 3637  1322                     374.6928650  386.78352  3.23%   463 1230s
H 3637  1250                     374.6928660  386.78352  3.23%   463 1234s
H 3637  1007                     376.1534707  386.78352  2.83%   463 1241s
  3637  1009  380.31504   33 2057  376.15347  386.78352  2.83%   463 1257s
  3641  1012  378.70870   35 1845  376.15347  386.78352  2.83%   465 1260s
  3651  1019  379.25767   40 1494  376.15347  386.78352  2.83%   466 1265s
  3709  1047  377.48215   69 1410  376.15347  386.78352  2.83%   461 1270s
  3755  1060     cutoff   92       376.15347  386.78352  2.83%   463 1275s
  3781  1075  377.28142  105 1383  376.15347  386.78352  2.83%   467 1280s
  3838  1084  378.20687  134 1298  376.15347  386.78352  2.83%   466 1285s
  3883  1074     cutoff  156       376.15347  386.78352  2.83%   469 1290s
H 3939   731                     377.7055688  386.78352  2.40%   464 1297s
H 3939   624                     377.9913280  386.78352  2.33%   464 1299s
H 3939   340                     379.2576669  386.78352  1.98%   464 1305s
  3944   333  386.03283   12 3488  379.25767  386.14880  1.82%   465 1311s
  3945   334  385.36531   13 3916  379.25767  386.14880  1.82%   466 1317s
  3946   334  385.51394   13 3522  379.25767  386.14880  1.82%   467 1320s
  3948   334     cutoff   14       379.25767  386.14880  1.82%   469 1326s
  3949   334  384.75454   15 2720  379.25767  386.14880  1.82%   471 1330s
  3952   332     cutoff   16       379.25767  386.14880  1.82%   474 1337s
  3953   333  383.92028   17 2856  379.25767  386.14880  1.82%   475 1340s
  3956   331     cutoff   18       379.25767  386.14880  1.82%   478 1345s
  3960   330     cutoff   20       379.25767  386.14880  1.82%   481 1350s
  3965   329  382.22794   23 2205  379.25767  386.14880  1.82%   484 1355s
  3971   327  381.38373   26 2445  379.25767  386.14880  1.82%   486 1360s
  3981   324  381.21617   31 1874  379.25767  386.14880  1.82%   491 1365s
  3997   316  385.54015   16 3068  379.25767  386.14579  1.82%   496 1375s
  3999   318  385.21546   17 2780  379.25767  386.14579  1.82%   497 1381s
  4004   317  384.64200   20 2388  379.25767  386.14579  1.82%   499 1385s
  4008   316  384.55961   22 2670  379.25767  386.14579  1.82%   500 1390s
  4014   314  384.49787   25 2335  379.25767  386.14579  1.82%   502 1395s
  4019   311     cutoff   27       379.25767  386.14579  1.82%   505 1400s
  4025   309     cutoff   30       379.25767  386.14579  1.82%   508 1405s
  4033   306     cutoff   34       379.25767  386.14579  1.82%   511 1410s
  4040   305  382.12645   38 2636  379.25767  386.14579  1.82%   514 1415s
  4051   304  381.34478   43 2299  379.25767  386.14579  1.82%   517 1420s
  4073   317  381.02343   54 2585  379.25767  386.14579  1.82%   516 1425s
  4100   335  381.48550   68 1998  379.25767  386.14579  1.82%   515 1430s
  4127   353  380.51369   81 2501  379.25767  386.14579  1.82%   515 1435s
  4151   369  380.63055   93 2378  379.25767  386.14579  1.82%   514 1440s
  4180   378  381.26882  108 2213  379.25767  386.14579  1.82%   514 1445s
  4209   392     cutoff  122       379.25767  386.14579  1.82%   514 1450s
  4226   386  384.95862   16 2541  379.25767  385.91157  1.75%   514 1455s
  4229   386  383.55502   18 2684  379.25767  385.91157  1.75%   516 1462s
  4234   383     cutoff   20       379.25767  385.91157  1.75%   517 1465s
  4240   381     cutoff   23       379.25767  385.91157  1.75%   521 1470s
  4245   379  385.85781   14 3206  379.25767  385.91130  1.75%   523 1478s
  4246   379  385.71330   15 2751  379.25767  385.91130  1.75%   524 1481s
  4247   380  384.58474   15 2940  379.25767  385.91130  1.75%   525 1485s
  4249   381  384.39744   16 2613  379.25767  385.91130  1.75%   527 1491s
  4250   382  383.79287   17 2846  379.25767  385.91130  1.75%   528 1498s
  4251   381     cutoff   17       379.25767  385.91130  1.75%   530 1500s
  4253   380     cutoff   18       379.25767  385.91130  1.75%   533 1507s
  4255   379     cutoff   19       379.25767  385.91130  1.75%   534 1511s
  4257   379     cutoff   20       379.25767  385.91130  1.75%   536 1516s
  4261   377     cutoff   22       379.25767  385.91130  1.75%   538 1521s
  4264   377  382.79146   24 2484  379.25767  385.91130  1.75%   539 1525s
  4270   375  382.20371   27 2143  379.25767  385.91130  1.75%   542 1530s
  4277   372     cutoff   30       379.25767  385.91130  1.75%   546 1535s
  4284   369  384.81274   14 3466  379.25767  385.84383  1.74%   548 1542s
  4285   369  384.61391   15 3219  379.25767  385.84383  1.74%   549 1545s
  4287   369  384.06383   16 2719  379.25767  385.84383  1.74%   550 1550s
  4289   368  383.70720   17 3014  379.25767  385.84383  1.74%   552 1556s
  4291   367  383.63173   18 3217  379.25767  385.84383  1.74%   554 1560s
  4293   367  383.46666   19 2848  379.25767  385.84383  1.74%   556 1565s
  4295   366  383.30221   20 2622  379.25767  385.84383  1.74%   558 1571s
  4298   364     cutoff   21       379.25767  385.84383  1.74%   562 1577s
  4299   365  382.74332   22 2431  379.25767  385.84383  1.74%   562 1580s
  4305   363  382.33542   25 2544  379.25767  385.84383  1.74%   565 1586s
  4311   361  381.77835   28 1968  379.25767  385.84383  1.74%   569 1591s
  4317   359  380.86613   31 2496  379.25767  385.84383  1.74%   572 1597s
  4324   355     cutoff   34       379.25767  385.84383  1.74%   575 1600s
  4336   350  385.64662   13 3334  379.25767  385.81391  1.73%   577 1612s
  4337   351  385.37660   14 3968  379.25767  385.81391  1.73%   578 1618s
  4338   350     cutoff   14       379.25767  385.81391  1.73%   579 1620s
  4339   350  385.06924   15 3340  379.25767  385.81391  1.73%   580 1627s
  4340   349     cutoff   15       379.25767  385.81391  1.73%   582 1631s
  4341   350  384.92948   16 3228  379.25767  385.81391  1.73%   583 1636s
  4343   349  384.87225   17 3290  379.25767  385.81391  1.73%   585 1643s
  4344   348     cutoff   17       379.25767  385.81391  1.73%   587 1648s
  4345   348  384.67134   18 3196  379.25767  385.81391  1.73%   588 1652s
  4346   347     cutoff   18       379.25767  385.81391  1.73%   589 1655s
  4348   346     cutoff   19       379.25767  385.81391  1.73%   591 1660s
  4351   346  384.22793   21 2947  379.25767  385.81391  1.73%   594 1668s
  4352   345     cutoff   21       379.25767  385.81391  1.73%   595 1670s
  4355   345  383.86833   23 2885  379.25767  385.81391  1.73%   598 1678s
  4357   344  383.82724   24 2646  379.25767  385.81391  1.73%   599 1680s
  4361   343  383.56050   26 2355  379.25767  385.81391  1.73%   602 1686s
  4364   341     cutoff   27       379.25767  385.81391  1.73%   605 1690s
  4367   341  381.49023   29 2102  379.25767  385.81391  1.73%   606 1695s
  4373   339  380.49392   32 2322  379.25767  385.81391  1.73%   609 1700s
  4381   334  385.45386   14 3869  379.25767  385.81025  1.73%   612 1710s
  4383   336  384.41776   16 3689  379.25767  385.81025  1.73%   613 1717s
  4384   336  383.82718   17 3349  379.25767  385.81025  1.73%   614 1722s
  4385   337  382.66441   18 3462  379.25767  385.81025  1.73%   616 1728s
  4386   338  383.42658   18 2797  379.25767  385.81025  1.73%   616 1730s
  4388   339  382.74090   20 2633  379.25767  385.81025  1.73%   617 1735s
  4391   339  379.87749   22 2352  379.25767  385.81025  1.73%   620 1742s
  4393   336     cutoff   20       379.25767  385.81025  1.73%   622 1746s
  4399   332  384.38680   14 2823  379.25767  385.78788  1.72%   625 1756s
  4400   333  384.04509   15 2911  379.25767  385.78788  1.72%   626 1761s
  4402   334  383.33248   17 3466  379.25767  385.78788  1.72%   629 1771s
  4404   336  382.44948   19 2789  379.25767  385.78788  1.72%   631 1776s
  4406   335  382.33551   20 2540  379.25767  385.78788  1.72%   633 1780s
  4411   334     cutoff   21       379.25767  385.78788  1.72%   637 1786s
  4418   329     cutoff   25       379.25767  385.78788  1.72%   640 1790s
  4420   328  385.38583   15 3838  379.25767  385.67459  1.69%   642 1800s
  4422   330  384.01159   17 4439  379.25767  385.67459  1.69%   643 1808s
  4423   330  382.78755   18 4272  379.25767  385.67459  1.69%   644 1812s
  4424   331  385.08809   16 3461  379.25767  385.67459  1.69%   644 1815s
  4426   332  384.20956   18 3659  379.25767  385.67459  1.69%   645 1821s
  4428   334  383.80986   20 3277  379.25767  385.67459  1.69%   646 1825s
  4432   336  383.75137   23 2290  379.25767  385.67459  1.69%   647 1830s
  4435   338  383.11578   26 3031  379.25767  385.67459  1.69%   648 1835s
  4440   342  382.42165   31 2315  379.25767  385.67459  1.69%   649 1840s
  4450   342     cutoff   36       379.25767  385.67459  1.69%   652 1845s
  4451   343  380.31361   39 2045  379.25767  385.67459  1.69%   652 1861s
  4461   338  384.38808   15 3636  379.25767  385.45242  1.63%   654 1868s
  4462   338  383.59450   16 3365  379.25767  385.45242  1.63%   655 1872s
  4464   340  382.86975   18 3641  379.25767  385.45242  1.63%   656 1876s
  4466   341  382.54543   19 2760  379.25767  385.45242  1.63%   657 1881s
  4470   342     cutoff   20       379.25767  385.45242  1.63%   659 1886s
  4473   338     cutoff   22       379.25767  385.45242  1.63%   663 1891s
  4475   337  384.64165   15 3554  379.25767  385.36491  1.61%   665 1897s
  4477   338  384.01103   17 2887  379.25767  385.36491  1.61%   666 1903s
  4478   339  383.39088   18 3128  379.25767  385.36491  1.61%   667 1907s
  4479   340  383.25200   19 3145  379.25767  385.36491  1.61%   668 1910s
  4481   341  381.28066   21 2525  379.25767  385.36491  1.61%   669 1915s
  4484   337     cutoff   19       379.25767  385.36491  1.61%   673 1921s
  4488   340  379.80166   25 2423  379.25767  385.36491  1.61%   675 1925s
  4500   336  384.07152   14 2873  379.25767  385.36308  1.61%   676 1931s
  4502   337  383.03575   16 2685  379.25767  385.36308  1.61%   678 1935s
  4506   340  379.76921   20 2255  379.25767  385.36308  1.61%   679 1940s
  4512   334  384.95130   14 4100  379.25767  385.29656  1.59%   681 1946s
  4513   334  383.69890   15 3366  379.25767  385.29656  1.59%   682 1953s
  4514   335  384.49845   15 3306  379.25767  385.29656  1.59%   683 1955s
  4515   336  384.12838   16 2933  379.25767  385.29656  1.59%   684 1960s
  4516   336  383.66739   17 3247  379.25767  385.29656  1.59%   685 1966s
  4517   337  383.07412   18 3520  379.25767  385.29656  1.59%   686 1970s
  4520   339  381.21677   21 2602  379.25767  385.29656  1.59%   687 1976s
  4523   335     cutoff   19       379.25767  385.29656  1.59%   691 1981s
  4526   337  380.65950   24 2626  379.25767  385.29656  1.59%   692 1985s
  4536   336  384.74736   17 2715  379.25767  385.29554  1.59%   693 1991s
  4538   337  384.38049   19 2559  379.25767  385.29554  1.59%   694 1995s
  4541   339  383.70060   22 2858  379.25767  385.29554  1.59%   695 2000s
  4549   342  383.05219   29 2432  379.25767  385.29554  1.59%   695 2005s
  4558   344  380.82104   36 2075  379.25767  385.29554  1.59%   697 2010s
  4575   352  379.42138   51 1505  379.25767  385.29554  1.59%   696 2015s
  4580   348  384.36520   17 3418  379.25767  385.20009  1.57%   696 2020s
  4581   349  384.19419   18 3954  379.25767  385.20009  1.57%   697 2025s
  4585   351  382.94871   22 3099  379.25767  385.20009  1.57%   698 2032s
  4587   353  382.43587   24 2835  379.25767  385.20009  1.57%   699 2035s
  4591   355  381.65113   28 2730  379.25767  385.20009  1.57%   700 2040s
  4601   362  379.75151   38 1885  379.25767  385.20009  1.57%   701 2045s
  4607   358  385.00835   20 3045  379.25767  385.18031  1.56%   703 2053s
  4608   359  384.60166   21 3006  379.25767  385.18031  1.56%   703 2055s
  4611   357     cutoff   22       379.25767  385.18031  1.56%   705 2060s
  4615   355     cutoff   24       379.25767  385.18031  1.56%   707 2065s
  4620   355  383.61719   27 2495  379.25767  385.18031  1.56%   709 2070s
  4626   353  381.91039   30 1908  379.25767  385.18031  1.56%   711 2075s
  4638   348  379.38030   36 2084  379.25767  385.18031  1.56%   714 2080s
  4642   344  384.42987   17 2650  379.25767  384.84570  1.47%   716 2085s
  4648   346  383.81753   22 2184  379.25767  384.84570  1.47%   718 2093s
  4650   348  383.63221   24 1924  379.25767  384.84570  1.47%   718 2095s
  4659   354  380.34463   33 2083  379.25767  384.84570  1.47%   720 2100s
  4665   350  384.46368   19 2975  379.25767  384.84563  1.47%   721 2105s
  4668   352  384.11146   22 2300  379.25767  384.84563  1.47%   721 2111s
  4672   354  384.01588   26 2504  379.25767  384.84563  1.47%   722 2116s
  4676   357  382.93474   30 2547  379.25767  384.84563  1.47%   723 2120s
  4681   358  382.00445   34 2660  379.25767  384.84563  1.47%   724 2125s
  4690   358     cutoff   39       379.25767  384.84563  1.47%   726 2130s
  4704   360  379.31623   51 1927  379.25767  384.84563  1.47%   726 2158s
  4706   359  383.24909   18 3348  379.25767  384.74687  1.45%   727 2162s
  4708   360  382.63312   20 2799  379.25767  384.74687  1.45%   727 2165s
  4712   363  381.78539   24 2559  379.25767  384.74687  1.45%   729 2170s
  4721   365  380.63273   30 2072  379.25767  384.74687  1.45%   731 2176s
  4732   362     cutoff   18       379.25767  384.70946  1.44%   733 2181s
  4734   364  383.09472   17 2772  379.25767  384.63060  1.42%   735 2187s
  4736   365  382.13960   19 2461  379.25767  384.63060  1.42%   736 2190s
  4746   362     cutoff   16       379.25767  384.61597  1.41%   739 2197s
  4747   362  383.63536   18 2922  379.25767  384.58167  1.40%   740 2200s
  4751   365  380.86380   22 2141  379.25767  384.58167  1.40%   742 2206s
  4761   364     cutoff   27       379.25767  384.58167  1.40%   743 2210s
  4764   364  383.31057   17 2819  379.25767  384.56084  1.40%   745 2216s
  4768   366  382.50450   21 2556  379.25767  384.56084  1.40%   746 2220s
  4773   370  382.04685   26 2196  379.25767  384.56084  1.40%   747 2225s
  4782   376  379.64664   35 2277  379.25767  384.56084  1.40%   749 2230s
  4788   372  384.04846   17 2608  379.25767  384.48444  1.38%   750 2236s
  4790   373  382.06184   19 3195  379.25767  384.48444  1.38%   751 2240s
  4800   373  379.75111   23 1971  379.25767  384.48444  1.38%   753 2245s
  4812   365     cutoff   22       379.25767  384.48444  1.38%   756 2250s
  4823   362     cutoff   23       379.25767  384.48444  1.38%   757 2255s
  4827   357     cutoff   16       379.25767  384.46243  1.37%   762 2261s
  4831   353  383.17397   17 2768  379.25767  384.39747  1.36%   764 2266s
  4833   355  381.28362   19 2790  379.25767  384.39747  1.36%   765 2270s
  4839   351     cutoff   20       379.25767  384.39747  1.36%   769 2275s
  4841   350  383.84955   16 3313  379.25767  384.37916  1.35%   770 2280s
  4843   349     cutoff   17       379.25767  384.37916  1.35%   772 2286s
  4845   349     cutoff   18       379.25767  384.37916  1.35%   774 2290s
  4848   349  382.41521   20 3198  379.25767  384.37916  1.35%   774 2296s
  4851   347     cutoff   21       379.25767  384.37916  1.35%   776 2300s
  4855   346     cutoff   23       379.25767  384.37916  1.35%   779 2305s
  4864   343  384.10931   18 2741  379.25767  384.29413  1.33%   780 2312s
  4865   344  383.92140   19 2956  379.25767  384.29413  1.33%   781 2315s
  4868   347  383.42718   22 2636  379.25767  384.29413  1.33%   782 2321s
  4870   349  382.99389   24 3034  379.25767  384.29413  1.33%   782 2325s
  4873   352  382.84819   27 3079  379.25767  384.29413  1.33%   783 2330s
  4879   354     cutoff   32       379.25767  384.29413  1.33%   784 2335s
  4887   362  380.76187   39 2516  379.25767  384.29413  1.33%   785 2340s
  4899   364  382.10875   19 3353  379.25767  384.18274  1.30%   788 2350s
  4901   364  381.47786   20 3271  379.25767  384.18274  1.30%   789 2356s
  4904   365     cutoff   23       379.25767  384.18274  1.30%   791 2360s
  4909   364  383.36780   19 3429  379.25767  384.16705  1.29%   793 2417s
  4911   366  383.04354   21 3109  379.25767  384.16705  1.29%   793 2422s
  4913   368  382.91912   23 3001  379.25767  384.16705  1.29%   794 2425s
  4919   374  381.99815   29 2502  379.25767  384.16705  1.29%   794 2430s
  4929   372     cutoff   34       379.25767  384.16705  1.29%   797 2435s
  4933   370  382.74561   20 3121  379.25767  384.11001  1.28%   799 2441s
  4935   372  382.02628   22 3084  379.25767  384.11001  1.28%   800 2445s
  4939   372     cutoff   25       379.25767  384.11001  1.28%   803 2450s
  4943   368     cutoff   19       379.25767  384.08557  1.27%   807 2456s
  4944   369  383.56040   21 3553  379.25767  384.07683  1.27%   808 2462s
  4945   370  383.13559   22 2876  379.25767  384.07683  1.27%   809 2465s
  4948   373  382.60737   25 3055  379.25767  384.07683  1.27%   809 2470s
  4953   378  382.11860   30 3077  379.25767  384.07683  1.27%   810 2475s
  4962   387  380.02906   39 1986  379.25767  384.07683  1.27%   811 2480s
  4971   382     cutoff   25       379.25767  384.05269  1.26%   814 2485s
  4975   384  382.03856   20 2135  379.25767  384.04280  1.26%   816 2490s
  4983   378     cutoff   16       379.25767  384.01651  1.25%   818 2495s
  4985   380  383.03614   21 2869  379.25767  384.01199  1.25%   819 2500s
  4988   383  382.51685   24 2804  379.25767  384.01199  1.25%   820 2505s
  4993   388  381.89358   29 2283  379.25767  384.01199  1.25%   821 2510s
  5002   388     cutoff   27       379.25767  384.01127  1.25%   823 2515s
  5003   389  383.62817   18 3663  379.25767  383.96928  1.24%   823 2520s
  5005   391  382.20975   20 3349  379.25767  383.96928  1.24%   824 2525s
  5014   396  379.81956   26 2610  379.25767  383.96928  1.24%   825 2530s
  5021   389     cutoff   18       379.25767  383.92106  1.23%   828 2535s
  5023   387     cutoff   17       379.25767  383.85108  1.21%   831 2540s
  5027   383     cutoff   23       379.25767  383.74496  1.18%   834 2546s
  5029   383  383.06521   22 3172  379.25767  383.73564  1.18%   836 2551s
  5033   387  382.32546   26 2767  379.25767  383.73564  1.18%   836 2556s
  5039   393  381.26406   32 1940  379.25767  383.73564  1.18%   838 2560s
  5047   389     cutoff   25       379.25767  383.72201  1.18%   840 2565s
  5049   389  382.94906   16 3407  379.25767  383.69666  1.17%   842 2571s
  5050   390  382.44714   17 3361  379.25767  383.69666  1.17%   843 2578s
  5051   389     cutoff   17       379.25767  383.69666  1.17%   844 2580s
  5054   390  382.14850   19 2840  379.25767  383.69666  1.17%   845 2586s
  5056   390  382.01853   20 2509  379.25767  383.69666  1.17%   847 2590s
  5058   390  379.63480   21 2979  379.25767  383.69666  1.17%   849 2595s
  5062   388  383.20391   16 3689  379.25767  383.69190  1.17%   851 2601s
  5064   390  382.25333   18 3567  379.25767  383.69190  1.17%   852 2606s
  5066   392  381.23791   20 3560  379.25767  383.69190  1.17%   853 2610s
  5068   394  381.26300   19 3629  379.25767  383.69190  1.17%   854 2615s
  5071   397  379.37758   22 2338  379.25767  383.69190  1.17%   855 2620s
  5077   391     cutoff   23       379.25767  383.68840  1.17%   857 2625s
  5081   389  382.82654   19 2675  379.25767  383.58667  1.14%   860 2633s
  5082   390  382.07291   20 2598  379.25767  383.58667  1.14%   861 2635s
  5089   387     cutoff   18       379.25767  383.57778  1.14%   864 2642s
  5090   388  382.58423   17 2685  379.25767  383.55282  1.13%   865 2646s
  5092   388  381.50624   18 2971  379.25767  383.55282  1.13%   867 2650s
  5101   385     cutoff   24       379.25767  383.48364  1.11%   868 2664s
  5102   384     cutoff   25       379.25767  383.41906  1.10%   869 2665s
  5110   376     cutoff   18       379.25767  383.30337  1.07%   872 2671s
  5114   372     cutoff   19       379.25767  383.23784  1.05%   874 2675s
  5116   372  382.56925   19 3683  379.25767  383.21181  1.04%   874 2680s
  5118   372  382.48866   20 3329  379.25767  383.21181  1.04%   876 2685s
  5123   377  382.13994   25 2720  379.25767  383.21181  1.04%   877 2690s
  5130   384  381.15025   32 1908  379.25767  383.21181  1.04%   878 2695s
  5143   389  381.35036   22 1826  379.25767  383.21020  1.04%   879 2700s
  5150   386  382.13462   17 2805  379.25767  383.14995  1.03%   880 2711s
  5153   387  381.47112   19 2363  379.25767  383.14995  1.03%   882 2715s
  5159   385  381.87128   18 2550  379.25767  383.13387  1.02%   885 2720s
  5164   386     cutoff   22       379.25767  383.13387  1.02%   886 2725s
  5173   377     cutoff   29       379.25767  383.06827  1.00%   889 2730s
  5175   379  382.61953   21 3099  379.25767  383.06516  1.00%   890 2736s
  5180   384  381.97587   26 2958  379.25767  383.06516  1.00%   890 2741s
  5188   392  380.29257   34 1620  379.25767  383.06516  1.00%   891 2745s

Cutting planes:
  Gomory: 1
  Cover: 264
  Clique: 41
  StrongCG: 3
  Flow cover: 23
  GUB cover: 16
  Zero half: 218

Explored 5195 nodes (4856438 simplex iterations) in 2750.46 seconds (7672.13 work units)
Thread count was 1 (of 32 available processors)

Solution count 10: 379.258 377.991 377.706 ... 326.764

Optimal solution found (tolerance 1.00e-02)
Best objective 3.792576669122e+02, best bound 3.830389876278e+02, gap 0.9970%

User-callback calls 183299, time in user-callback 36.09 sec
