
Gurobi 12.0.1 (win64) logging started Tue Dec 30 13:38:05 2025

Set parameter LogFile to value "data\dblrp\grb_log_ef_s10_ts0_f30_c30_r2.0_iss1_bt1_nsp5000_nse2000_sd7.log"
Set parameter NodefileStart to value 0.5
Set parameter NodefileDir to value "node_files\s10_ts0"
Set parameter MIPGap to value 0.01
Set parameter TimeLimit to value 7200
Set parameter Threads to value 1
Gurobi Optimizer version 12.0.1 build v12.0.1rc0 (win64 - Windows 11.0 (26100.2))

CPU model: Intel(R) Core(TM) i9-14900K, instruction set [SSE2|AVX|AVX2]
Thread count: 24 physical cores, 32 logical processors, using up to 1 threads

Non-default parameters:
TimeLimit  7200
MIPGap  0.01
NodefileStart  0.5
Threads  1

Optimize a model with 68063100 rows, 22712730 columns and 191542500 nonzeros
Model fingerprint: 0xd4f7bee5
Variable types: 0 continuous, 22712730 integer (22680030 binary)
Coefficient statistics:
  Matrix range     [1e+00, 7e+01]
  Objective range  [1e+00, 1e+01]
  Bounds range     [1e+00, 4e+01]
  RHS range        [1e+00, 4e+01]
Presolve removed 0 rows and 0 columns (presolve time = 7s)...
Presolve removed 1260000 rows and 11700 columns (presolve time = 12s)...
Presolve removed 29703579 rows and 11700 columns (presolve time = 15s)...
Presolve removed 67519410 rows and 12000 columns (presolve time = 21s)...
Presolve removed 67590515 rows and 22090778 columns (presolve time = 25s)...
Presolve removed 67632969 rows and 22126429 columns
Presolve time: 28.84s
Presolved: 430131 rows, 586301 columns, 3268738 nonzeros
Variable types: 0 continuous, 586301 integer (567793 binary)
Found heuristic solution: objective -300.0000000
Performing another presolve...
Presolve removed 246346 rows and 18843 columns (presolve time = 5s)...
Presolve removed 413012 rows and 28335 columns
Presolve time: 6.59s
Performing another presolve...
Presolve removed 1140 rows and 11671 columns
Presolve time: 3.21s

Root simplex log...

Iteration    Objective       Primal Inf.    Dual Inf.      Time
       0    2.5929119e+05   2.808198e+05   0.000000e+00     70s
   11012    1.0903780e+03   1.131625e+04   0.000000e+00     70s
   61888    5.8748428e+02   3.444369e+03   0.000000e+00     75s
   79773    5.8410974e+02   4.271770e+03   0.000000e+00     80s
   96289    5.6962183e+02   1.903623e+03   0.000000e+00     85s
  107037    5.6306482e+02   1.312180e+04   0.000000e+00     90s
  113057    5.6235811e+02   9.401143e+02   0.000000e+00     95s
  118087    5.6171315e+02   2.079796e+03   0.000000e+00    100s
  123883    5.6162192e+02   1.061865e+02   0.000000e+00    105s
  126742    5.6161966e+02   0.000000e+00   0.000000e+00    108s

Root relaxation: objective 5.616197e+02, 126742 iterations, 38.88 seconds (128.75 work units)
Total elapsed time = 107.80s (DegenMoves)
Total elapsed time = 111.19s (DegenMoves)
Total elapsed time = 117.15s (DegenMoves)

    Nodes    |    Current Node    |     Objective Bounds      |     Work
 Expl Unexpl |  Obj  Depth IntInf | Incumbent    BestBd   Gap | It/Node Time

     0     0  561.61966    0 4363 -300.00000  561.61966   287%     -  122s
     0     0  559.56191    0 4587 -300.00000  559.56191   287%     -  138s
     0     0  558.70062    0 4298 -300.00000  558.70062   286%     -  145s
     0     0  558.66022    0 4347 -300.00000  558.66022   286%     -  147s
     0     0  558.66022    0 4342 -300.00000  558.66022   286%     -  148s
     0     0  558.66022    0 4349 -300.00000  558.66022   286%     -  148s
H    0     0                      -0.0000000  558.66022      -     -  149s
H    0     0                     340.8450340  558.66022  63.9%     -  154s
H    0     0                     353.9711717  558.66022  57.8%     -  155s
H    0     0                     453.6162857  558.66022  23.2%     -  159s
H    0     0                     475.0491671  558.66022  17.6%     -  160s
H    0     0                     498.4279872  558.66022  12.1%     -  161s
H    0     0                     508.2743008  558.66022  9.91%     -  163s
H    0     0                     518.2310788  558.66022  7.80%     -  165s
H    0     0                     523.8100238  558.66022  6.65%     -  170s
H    0     0                     525.8558362  558.66022  6.24%     -  175s
     0     0  558.42915    0 4718  525.85584  558.42915  6.19%     -  184s
     0     0  558.41720    0 4696  525.85584  558.41720  6.19%     -  186s
     0     0  558.41720    0 4706  525.85584  558.41720  6.19%     -  186s
     0     0  558.40329    0 4697  525.85584  558.40329  6.19%     -  189s
     0     0  558.33210    0 5094  525.85584  558.33210  6.18%     -  196s
     0     0  558.32202    0 4790  525.85584  558.32202  6.17%     -  197s
     0     0  558.32202    0 4790  525.85584  558.32202  6.17%     -  197s
     0     0  558.26369    0 4821  525.85584  558.26369  6.16%     -  200s
     0     0  558.26369    0 4821  525.85584  558.26369  6.16%     -  200s
     0     0  558.23318    0 4916  525.85584  558.23318  6.16%     -  206s
     0     0  558.23318    0 4852  525.85584  558.23318  6.16%     -  206s
H    0     0                     527.5617930  558.23202  5.81%     -  213s
     0     0  558.22636    0 4652  527.56179  558.22636  5.81%     -  215s
     0     0  558.22636    0 4644  527.56179  558.22636  5.81%     -  215s
     0     0  558.22548    0 4635  527.56179  558.22548  5.81%     -  215s
     0     0  558.22526    0 4615  527.56179  558.22526  5.81%     -  216s
     0     0  558.22383    0 4651  527.56179  558.22383  5.81%     -  217s
     0     0  558.22383    0 4651  527.56179  558.22383  5.81%     -  218s
     0     0  558.22383    0 4651  527.56179  558.22383  5.81%     -  221s
     0     0  558.22383    0 3858  527.56179  558.22383  5.81%     -  234s
     0     2  558.22383    0 3858  527.56179  558.22383  5.81%     -  269s
     1     3  557.95414    1 4253  527.56179  558.22182  5.81% 30336  275s
     2     4  557.70072    1 4590  527.56179  557.95020  5.76% 19414  284s
     3     5  557.29216    2 4123  527.56179  557.95020  5.76% 14200  288s
     4     6  557.14508    2 3618  527.56179  557.65337  5.70% 12131  294s
     5     7  557.06716    3 4203  527.56179  557.65337  5.70% 10245  297s
     6     8  557.03589    3 3722  527.56179  557.65337  5.70%  9004  300s
     8    10  556.80148    4 3910  527.56179  557.65337  5.70%  7473  305s
     9    11  556.30458    5 3949  527.56179  557.65337  5.70%  7345  311s
    10    12  556.57421    5 3584  527.56179  557.65337  5.70%  7727  321s
    14    16  556.33250    8 3551  527.56179  557.65337  5.70%  7900  326s
    17    19  553.15245    9 3424  527.56179  557.65337  5.70% 13817  340s
    18    20  556.14186   10 2998  527.56179  557.65337  5.70% 13355  345s
    19    21  555.93377   10 3381  527.56179  557.65337  5.70% 13186  353s
    20    22  555.80326   11 2966  527.56179  557.65337  5.70% 14311  357s
    21    23  553.57638   11 2937  527.56179  557.65337  5.70% 17648  366s
    23    25  552.61810   12 3168  527.56179  557.65337  5.70% 16541  374s
    24    26  555.42874   13 3072  527.56179  557.65337  5.70% 15950  377s
    26    28  554.80023   14 2735  527.56179  557.65337  5.70% 16606  383s
    27    29  555.32806   15 3014  527.56179  557.65337  5.70% 16041  387s
    29    31  555.29633   16 3293  527.56179  557.65337  5.70% 15041  390s
    32    34  553.00846   17 2763  527.56179  557.65337  5.70% 14060  398s
    34    36  554.89441   19 2657  527.56179  557.65337  5.70% 13292  400s
    37    39  551.30867   21 2472  527.56179  557.65337  5.70% 12427  405s
    40    42  553.98627   23 2481  527.56179  557.65337  5.70% 12501  411s
    41    43  551.22313   23 2285  527.56179  557.65337  5.70% 12361  415s
    43    45  552.72109   24 2652  527.56179  557.65337  5.70% 12305  421s
    52    54  553.41581   33 1842  527.56179  557.65337  5.70% 10770  426s
    62    64  553.39401   43 1848  527.56179  557.65337  5.70%  9158  430s
    78    80  553.38501   59 1837  527.56179  557.65337  5.70%  7342  494s
    79    81  553.38501   60 1838  527.56179  557.65337  5.70%  7249  495s
    92    94  551.80824   72 2247  527.56179  557.65337  5.70%  6507  501s
    98   100  552.99330   77 2279  527.56179  557.65337  5.70%  6481  505s
   108   110  552.75755   86 1786  527.56179  557.65337  5.70%  6219  512s
   129   131  552.75412  107 1771  527.56179  557.65337  5.70%  5251  515s
   150   152  552.74600  128 1739  527.56179  557.65337  5.70%  4538  520s
   162   164  552.73360  139 1766  527.56179  557.65337  5.70%  4254  525s
   173   175  552.03331  150 1769  527.56179  557.65337  5.70%  4421  530s
   176   178  548.11346  152 1974  527.56179  557.65337  5.70%  4845  535s
   189   191  546.30537  162 1853  527.56179  557.65337  5.70%  4681  611s
   214   216  546.14181  187 1693  527.56179  557.65337  5.70%  4184  615s
   251   253  546.14181  224 1675  527.56179  557.65337  5.70%  3658  620s
   273   275  545.97013  246 1708  527.56179  557.65337  5.70%  3460  625s
   291   293  545.67631  263 1710  527.56179  557.65337  5.70%  3347  630s
   309   311  545.13288  280 1721  527.56179  557.65337  5.70%  3250  635s
   328   330  544.32163  298 1702  527.56179  557.65337  5.70%  3141  640s
   351   353  544.23358  320 1714  527.56179  557.65337  5.70%  3014  645s
   367   369  543.51137  333 1709  527.56179  557.65337  5.70%  2952  650s
   382   384  542.91022  346 1693  527.56179  557.65337  5.70%  2892  655s
   397   399  542.69499  360 1652  527.56179  557.65337  5.70%  2828  694s
   398   400  542.69499  361 1653  527.56179  557.65337  5.70%  2822  695s
   418   420  542.65858  380 1626  527.56179  557.65337  5.70%  2741  700s
   443   445  542.51442  404 1651  527.56179  557.65337  5.70%  2642  705s
   465   467  542.27098  425 1626  527.56179  557.65337  5.70%  2565  710s
   480   482  541.73706  437 1626  527.56179  557.65337  5.70%  2543  715s
   497   499  539.92006  450 1625  527.56179  557.65337  5.70%  2513  720s
   517   519  541.26719  470 1587  527.56179  557.65337  5.70%  2457  725s
   535   537  540.84913  487 1577  527.56179  557.65337  5.70%  2427  730s
   557   559  540.74957  508 1497  527.56179  557.65337  5.70%  2373  735s
   572   574  540.60364  520 1475  527.56179  557.65337  5.70%  2351  740s
   590   592  540.53191  537 1452  527.56179  557.65337  5.70%  2319  745s
   607   609  540.40405  554 1471  527.56179  557.65337  5.70%  2287  750s
   622   624  540.34438  569 1437  527.56179  557.65337  5.70%  2265  755s
   637   639  540.30831  582 1490  527.56179  557.65337  5.70%  2247  760s
   656   658  539.96787  600 1510  527.56179  557.65337  5.70%  2220  765s
   673   675  539.68143  615 1505  527.56179  557.65337  5.70%  2198  770s
   695   697  539.58650  636 1519  527.56179  557.65337  5.70%  2156  775s
   716   718  539.48079  657 1505  527.56179  557.65337  5.70%  2122  780s
   737   739  539.43870  678 1502  527.56179  557.65337  5.70%  2090  785s
   754   756  539.15894  695 1527  527.56179  557.65337  5.70%  2073  790s
   778   780  538.86186  719 1508  527.56179  557.65337  5.70%  2038  795s
   802   804  538.75971  742 1529  527.56179  557.65337  5.70%  2008  800s
   826   828  538.64295  765 1524  527.56179  557.65337  5.70%  1977  805s
   856   858  538.57510  795 1527  527.56179  557.65337  5.70%  1930  810s
   880   882  538.42769  819 1538  527.56179  557.65337  5.70%  1902  815s
   908   910  538.09618  846 1520  527.56179  557.65337  5.70%  1870  820s
   931   933  537.99546  867 1539  527.56179  557.65337  5.70%  1850  825s
   969   971  537.97694  905 1505  527.56179  557.65337  5.70%  1801  830s
   989   991  537.73219  921 1506  527.56179  557.65337  5.70%  1793  835s
  1008  1010  537.63108  938 1492  527.56179  557.65337  5.70%  1785  840s
  1037  1039  537.55347  967 1525  527.56179  557.65337  5.70%  1758  845s
  1070  1072  537.55006 1000 1495  527.56179  557.65337  5.70%  1725  850s
  1091  1093  537.07776 1018 1527  527.56179  557.65337  5.70%  1719  855s
  1107  1109  534.34864 1031 1512  527.56179  557.65337  5.70%  1721  860s
  1123  1125  534.35430 1044 1513  527.56179  557.65337  5.70%  1721  865s
  1143  1145  530.42401 1061 1481  527.56179  557.65337  5.70%  1714  870s
  1162  1164  535.19585 1079 1492  527.56179  557.65337  5.70%  1707  875s
  1181  1183  534.82764 1096 1502  527.56179  557.65337  5.70%  1700  880s
  1197  1199  534.69167 1109 1493  527.56179  557.65337  5.70%  1700  885s
  1215  1217  534.48595 1125 1496  527.56179  557.65337  5.70%  1695  890s
  1239  1241  534.44262 1149 1488  527.56179  557.65337  5.70%  1680  895s
  1262  1264  534.36233 1170 1496  527.56179  557.65337  5.70%  1670  900s
  1295  1297  534.32549 1203 1484  527.56179  557.65337  5.70%  1647  905s
  1325  1327  534.22551 1233 1480  527.56179  557.65337  5.70%  1624  910s
  1359  1361  534.14566 1267 1466  527.56179  557.65337  5.70%  1599  915s
  1392  1394  534.12135 1300 1480  527.56179  557.65337  5.70%  1577  920s
  1424  1426  534.11163 1332 1476  527.56179  557.65337  5.70%  1559  925s
  1458  1460  534.08771 1366 1486  527.56179  557.65337  5.70%  1538  930s
  1496  1498  534.07660 1403 1484  527.56179  557.65337  5.70%  1512  935s
  1537  1539  533.97554 1444 1456  527.56179  557.65337  5.70%  1480  940s
  1593  1595  533.97554 1500 1477  527.56179  557.65337  5.70%  1432  945s
  1646  1648  533.97554 1553 1461  527.56179  557.65337  5.70%  1391  950s
  1689  1691  533.97554 1596 1475  527.56179  557.65337  5.70%  1364  955s
  1740  1742  533.97554 1647 1467  527.56179  557.65337  5.70%  1331  960s
  1775  1777  533.85206 1681 1390  527.56179  557.65337  5.70%  1315  965s
  1789  1791  533.46341 1692 1413  527.56179  557.65337  5.70%  1319  970s
  1820  1822  533.46723 1723 1450  527.56179  557.65337  5.70%  1305  975s
  1842  1844  533.45015 1745 1485  527.56179  557.65337  5.70%  1300  980s
  1871  1873  533.01138 1774 1433  527.56179  557.65337  5.70%  1287  985s
  1902  1904  533.01138 1805 1425  527.56179  557.65337  5.70%  1277  990s
  1925  1927  532.91027 1828 1397  527.56179  557.65337  5.70%  1276  995s
  1946  1948  532.83056 1848 1410  527.56179  557.65337  5.70%  1277 1000s
  1964  1966  532.53130 1865 1375  527.56179  557.65337  5.70%  1278 1005s
  1985  1987  532.42200 1886 1351  527.56179  557.65337  5.70%  1276 1010s
  2004  2006  532.25030 1903 1371  527.56179  557.65337  5.70%  1275 1015s
  2028  2030  532.21654 1927 1372  527.56179  557.65337  5.70%  1274 1020s
  2052  2054  532.19859 1951 1316  527.56179  557.65337  5.70%  1271 1025s
  2071  2073  532.16522 1970 1366  527.56179  557.65337  5.70%  1271 1030s
  2093  2095  531.97290 1989 1331  527.56179  557.65337  5.70%  1271 1035s
  2114  2116  531.94688 2010 1333  527.56179  557.65337  5.70%  1272 1040s
  2137  2139  531.94369 2033 1352  527.56179  557.65337  5.70%  1271 1045s
  2161  2163  531.77820 2056 1329  527.56179  557.65337  5.70%  1269 1050s
  2184  2186  531.75747 2078 1323  527.56179  557.65337  5.70%  1268 1055s
  2211  2213  531.65172 2104 1351  527.56179  557.65337  5.70%  1263 1060s
  2239  2241  531.64682 2132 1307  527.56179  557.65337  5.70%  1257 1065s
  2261  2263  531.63417 2153 1283  527.56179  557.65337  5.70%  1255 1070s
  2281  2283  531.57697 2173 1295  527.56179  557.65337  5.70%  1255 1075s
  2299  2301  531.52370 2191 1298  527.56179  557.65337  5.70%  1257 1080s
  2314  2314  531.47438 2203 1247  527.56179  557.65337  5.70%  1261 1085s
  2336  2336  531.16590 2224 1299  527.56179  557.65337  5.70%  1262 1090s
  2360  2360  531.08313 2247 1268  527.56179  557.65337  5.70%  1258 1095s
  2391  2391  531.03583 2277 1244  527.56179  557.65337  5.70%  1250 1100s
  2421  2421  530.51532 2305 1266  527.56179  557.65337  5.70%  1245 1105s
  2437  2437  527.94063 2316 1271  527.56179  557.65337  5.70%  1250 1110s
  2450  2450  529.34817 2324 1230  527.56179  557.65337  5.70%  1253 1115s
  2462  2456  528.41881 2330 1261  527.56179  557.65337  5.70%  1260 1120s
  2476  2462     cutoff 2338       527.56179  557.65337  5.70%  1264 1125s
  2518  2486  556.99447    2 4222  527.56179  557.62542  5.70%  1248 1143s
  2520  2487  552.73360  139 7990  527.56179  557.62542  5.70%  1247 1215s
H 2521  2363                     531.1833514  557.62542  4.98%  1246 1288s
H 2521  2245                     534.4136885  557.62542  4.34%  1246 1294s
H 2521  2133                     535.4165423  557.62542  4.15%  1246 1296s
  2522  2133  535.41654 1126 3973  535.41654  557.62542  4.15%  1246 1303s
H 2522  2026                     535.7320210  557.62542  4.09%  1246 1323s
H 2522  1925                     537.5617930  557.62542  3.73%  1246 1327s
  2524  1927  537.56179 1279 4392  537.56179  557.62542  3.73%  1245 1333s
  2525  1927  545.99750  245 4440  537.56179  557.62542  3.73%  1244 1341s
  2526  1928  537.56179 2251 4986  537.56179  557.62542  3.73%  1244 1347s
  2528  1929  537.56179 1971 4878  537.56179  557.62542  3.73%  1243 1355s
  2529  1930  537.56179 1186 5054  537.56179  557.62542  3.73%  1242 1362s
  2531  1931  537.56179 1555 5074  537.56179  557.62542  3.73%  1241 1368s
  2532  1932  545.61221  269 5058  537.56179  557.62542  3.73%  1241 1370s
  2534  1933  537.58619  949 5055  537.56179  557.62542  3.73%  1240 1375s
  2536  1935  537.56179 2124 4154  537.56179  557.62542  3.73%  1239 1393s
  2537  1935  540.45624  542 4154  537.56179  557.62542  3.73%  1239 1424s
  2538  1938  557.32674   14 4525  537.56179  557.62542  3.73%  1376 1443s
  2539  1939  557.53247   14 4230  537.56179  557.53247  3.72%  1377 1450s
  2540  1939  556.40125   15 3378  537.56179  557.53247  3.72%  1380 1459s
  2541  1940  556.73079   15 4176  537.56179  557.53247  3.72%  1383 1467s
  2542  1941  556.51560   16 4441  537.56179  557.53247  3.72%  1385 1473s
  2543  1941  556.15342   16 4041  537.56179  557.53247  3.72%  1387 1479s
  2544  1942  556.27572   17 4155  537.56179  557.53247  3.72%  1389 1486s
  2545  1943  555.96305   17 3704  537.56179  557.53247  3.72%  1390 1491s
  2546  1943  556.06089   18 4022  537.56179  557.53247  3.72%  1390 1496s
  2547  1944  555.59633   18 3556  537.56179  557.53247  3.72%  1397 1512s
  2548  1945  555.99433   19 3924  537.56179  557.53247  3.72%  1397 1515s
  2549  1945  554.72784   19 3867  537.56179  557.53247  3.72%  1401 1526s
  2551  1947  552.96124   20 3880  537.56179  557.53247  3.72%  1403 1533s
  2552  1947  555.66894   21 3987  537.56179  557.53247  3.72%  1404 1537s
  2553  1948  554.92414   21 3678  537.56179  557.53247  3.72%  1407 1544s
  2554  1949  555.49352   22 3738  537.56179  557.53247  3.72%  1408 1548s
  2555  1949  555.33549   22 3481  537.56179  557.53247  3.72%  1409 1551s
  2556  1950  554.75221   23 3399  537.56179  557.53247  3.72%  1411 1556s
  2557  1951  553.95238   23 2700  537.56179  557.53247  3.72%  1413 1561s
  2561  1953  554.37403   25 3133  537.56179  557.53247  3.72%  1413 1566s
  2564  1955  554.60304   27 2852  537.56179  557.53247  3.72%  1413 1571s
  2566  1957  547.56179   28 2229  537.56179  557.53247  3.72%  1416 1575s
  2569  1959  547.56179   29 2046  537.56179  557.53247  3.72%  1424 1584s
  2570  1959  552.23856   30 2438  537.56179  557.53247  3.72%  1426 1587s
  2574  1962  551.08455   32 2938  537.56179  557.53247  3.72%  1426 1591s
  2577  1964  547.56179   33 2117  537.56179  557.53247  3.72%  1429 1595s
  2587  1971  547.56179   38 2131  537.56179  557.53247  3.72%  1428 1600s
  2591  1973  547.56179   40 2146  537.56179  557.53247  3.72%  1428 1666s
  2594  1975  549.33225   42 2295  537.56179  557.53247  3.72%  1430 1671s
  2597  1977  548.23641   43 2376  537.56179  557.53247  3.72%  1434 1676s
  2604  1982  547.86281   47 2508  537.56179  557.53247  3.72%  1433 1680s
  2615  1989  543.81065   52 2180  537.56179  557.53247  3.72%  1432 1730s
  2620  1993  545.25560   55 2648  537.56179  557.53247  3.72%  1432 1736s
  2627  1997  543.96230   58 2154  537.56179  557.53247  3.72%  1432 1740s
  2646  2010  544.75825   68 2140  537.56179  557.53247  3.72%  1425 1745s
  2672  2023  541.73712   81 2117  537.56179  557.53247  3.72%  1416 1751s
  2699  2041  540.70269   94 2079  537.56179  557.53247  3.72%  1405 1756s
  2726  2059  540.98447  108 2100  537.56179  557.53247  3.72%  1393 1761s
  2753  2061  538.86293  121 2099  537.56179  557.53247  3.72%  1381 1766s
  2776  2061  557.12422   15 3927  537.56179  557.52981  3.71%  1374 1776s
  2777  2061  556.46606   16 3669  537.56179  557.52981  3.71%  1376 1783s
  2778  2062  557.02599   16 4111  537.56179  557.52981  3.71%  1376 1788s
  2779  2063  556.78170   17 4092  537.56179  557.52981  3.71%  1377 1791s
  2780  2063  556.54629   17 3873  537.56179  557.52981  3.71%  1378 1796s
  2782  2065  554.88382   18 2927  537.56179  557.52981  3.71%  1380 1806s
  2784  2066  555.90200   19 2884  537.56179  557.52981  3.71%  1382 1813s
  2785  2067  555.51382   20 3109  537.56179  557.52981  3.71%  1383 1815s
  2788  2069  547.56179   21 2117  537.56179  557.52981  3.71%  1386 1821s
  2792  2071  547.56179   23 2219  537.56179  557.52981  3.71%  1387 1825s
  2798  2075  547.56179   26 2091  537.56179  557.52981  3.71%  1390 1833s
  2800  2077  547.56179   27 2047  537.56179  557.52981  3.71%  1393 1837s
  2806  2081  547.56179   30 2595  537.56179  557.52981  3.71%  1393 1840s
  2807  2081  553.66019   31 2875  537.56179  557.52981  3.71%  1394 1846s
  2810  2083  547.56179   32 2209  537.56179  557.52981  3.71%  1396 1850s
  2816  2087  547.56179   35 2214  537.56179  557.52981  3.71%  1399 1855s
  2821  2091  553.12504   38 2671  537.56179  557.52981  3.71%  1400 1860s
  2827  2095  552.84053   41 2455  537.56179  557.52981  3.71%  1403 1865s
  2834  2099  547.56179   44 2299  537.56179  557.52981  3.71%  1406 1929s
  2835  2100  552.27666   45 2383  537.56179  557.52981  3.71%  1405 1930s
  2842  2105  547.56179   48 2108  537.56179  557.52981  3.71%  1405 1935s
  2848  2109  546.98262   51 2027  537.56179  557.52981  3.71%  1409 1940s
  2856  2114  546.96710   55 2031  537.56179  557.52981  3.71%  1408 1945s
  2864  2119  546.67927   59 2044  537.56179  557.52981  3.71%  1408 1950s
  2872  2125  546.00730   63 2014  537.56179  557.52981  3.71%  1409 1955s
  2882  2131  546.22290   68 2019  537.56179  557.52981  3.71%  1409 1960s
  2893  2139  549.90711   74 2413  537.56179  557.52981  3.71%  1409 1965s
  2909  2149  549.36486   82 2160  537.56179  557.52981  3.71%  1408 1970s
  2929  2163  549.16355   92 2144  537.56179  557.52981  3.71%  1404 1975s
  2958  2182  548.70219  106 2141  537.56179  557.52981  3.71%  1394 2085s
  2959  2183  548.76587  107 2122  537.56179  557.52981  3.71%  1394 2150s
  2975  2193  547.30423  115 2097  537.56179  557.52981  3.71%  1387 2155s
  3021  2224  547.84825  138 2107  537.56179  557.52981  3.71%  1369 2160s
  3078  2262  546.68935  166 2089  537.56179  557.52981  3.71%  1347 2165s
  3084  2266  547.32013  169 2112  537.56179  557.52981  3.71%  1344 2240s
  3093  2272  547.53541  174 2128  537.56179  557.52981  3.71%  1341 2245s
  3107  2281  546.91383  181 2124  537.56179  557.52981  3.71%  1337 2250s
  3120  2290  545.43598  187 2091  537.56179  557.52981  3.71%  1332 2255s
  3132  2298  546.52315  193 2133  537.56179  557.52981  3.71%  1328 2260s
  3165  2320  546.63719  210 2152  537.56179  557.52981  3.71%  1317 2265s
  3184  2333  544.42956  219 2111  537.56179  557.52981  3.71%  1314 2270s
  3250  2377  545.99427  252 2132  537.56179  557.52981  3.71%  1289 2275s
  3299  2409  545.79556  277 2152  537.56179  557.52981  3.71%  1274 2280s
  3343  2439  545.78350  299 2143  537.56179  557.52981  3.71%  1260 2285s
  3409  2481  545.70310  332 2148  537.56179  557.52981  3.71%  1238 2290s
  3468  2520  545.30335  361 2110  537.56179  557.52981  3.71%  1220 2295s
  3517  2553  545.68886  386 2132  537.56179  557.52981  3.71%  1206 2300s
  3545  2571  545.68412  400 2157  537.56179  557.52981  3.71%  1198 2305s
  3597  2606  545.61102  426 2160  537.56179  557.52981  3.71%  1184 2310s
  3640  2635  544.84077  447 2114  537.56179  557.52981  3.71%  1172 2315s
  3688  2667  545.16682  471 2154  537.56179  557.52981  3.71%  1160 2320s
  3737  2699  545.14679  496 2122  537.56179  557.52981  3.71%  1148 2325s
  3788  2733  543.55147  521 2085  537.56179  557.52981  3.71%  1135 2330s
  3846  2770  542.55801  550 2118  537.56179  557.52981  3.71%  1120 2335s
  3909  2810  544.88021  582 2122  537.56179  557.52981  3.71%  1105 2340s
  3925  2821  544.80876  590 2088  537.56179  557.52981  3.71%  1101 2345s
  3947  2835  544.79802  601 2096  537.56179  557.52981  3.71%  1095 2350s
  3992  2865  543.32757  623 2060  537.56179  557.52981  3.71%  1086 2355s
  4036  2895  538.71392  645 2055  537.56179  557.52981  3.71%  1077 2360s
  4078  2920  540.89048  666 1885  537.56179  557.52981  3.71%  1070 2365s
  4140  2939     cutoff  697       537.56179  557.52981  3.71%  1057 2370s
  4165  2938  544.39343  710 1882  537.56179  557.52981  3.71%  1052 2375s
  4230  2943  542.71713  742 1848  537.56179  557.52981  3.71%  1038 2380s
  4302  2959     cutoff  778       537.56179  557.52981  3.71%  1022 2385s
  4364  2986  542.52390  809 1881  537.56179  557.52981  3.71%  1010 2390s
  4422  3017  539.67620  838 1820  537.56179  557.52981  3.71%   998 2395s
  4492  3033  539.12420  873 1851  537.56179  557.52981  3.71%   985 2400s
  4551  3044  543.61543  903 1901  537.56179  557.52981  3.71%   974 2405s
  4624  3058  542.08107  939 1837  537.56179  557.52981  3.71%   960 2410s
  4667  3067  542.76293  961 1867  537.56179  557.52981  3.71%   953 2415s
  4708  3085  538.81452  981 1855  537.56179  557.52981  3.71%   945 2420s
  4773  3118  541.29941 1014 1871  537.56179  557.52981  3.71%   933 2425s
  4828  3148  538.88076 1041 1763  537.56179  557.52981  3.71%   924 2430s
  4864  3164     cutoff 1059       537.56179  557.52981  3.71%   919 2435s
  4912  3186  538.59124 1083 1921  537.56179  557.52981  3.71%   912 2440s
  4944  3203  538.43386 1099 1821  537.56179  557.52981  3.71%   909 2445s
  4984  3230  538.98124 1119 1745  537.56179  557.52981  3.71%   903 2450s
  5030  3260  539.42261 1142 1711  537.56179  557.52981  3.71%   897 2455s
  5074  3290  538.93642 1164 1742  537.56179  557.52981  3.71%   891 2460s
  5101  3308  539.96780 1178 1765  537.56179  557.52981  3.71%   888 2472s
  5129  3326  539.94310 1192 1761  537.56179  557.52981  3.71%   884 2475s
  5182  3356  538.72875 1218 1740  537.56179  557.52981  3.71%   877 2480s
  5228  3386  538.37148 1241 1893  537.56179  557.52981  3.71%   871 2485s
  5271  3413  539.41592 1263 1790  537.56179  557.52981  3.71%   866 2490s
  5305  3434  539.30148 1280 1787  537.56179  557.52981  3.71%   862 2495s
Created node file directory 'node_files\s10_ts0/grbnodes2'
  5340  3441  537.97102 1297 1735  537.56179  557.52981  3.71%   857 2500s
  5378  3457  538.33066 1316 1741  537.56179  557.52981  3.71%   852 2505s
  5413  3479  538.98691 1334 1770  537.56179  557.52981  3.71%   848 2510s
  5464  3490  537.59088 1359 1886  537.56179  557.52981  3.71%   841 2515s
  5477  3484  556.68331   15 4339  537.56179  556.78170  3.58%   841 2527s
  5478  3485  556.62215   16 3411  537.56179  556.78170  3.58%   841 2531s
  5479  3486  555.93844   16 3464  537.56179  556.78170  3.58%   843 2539s
  5480  3486  555.98380   17 3765  537.56179  556.78170  3.58%   844 2548s
  5481  3487  555.51527   17 3084  537.56179  556.78170  3.58%   845 2554s
  5482  3488  555.30665   18 2876  537.56179  556.78170  3.58%   846 2556s
  5483  3488  547.56179   18 2213  537.56179  556.78170  3.58%   847 2560s
  5487  3491  547.56179   20 2207  537.56179  556.78170  3.58%   848 2566s
  5488  3492  554.06555   21 3168  537.56179  556.78170  3.58%   849 2570s
  5490  3493  553.92332   22 3212  537.56179  556.78170  3.58%   850 2575s
  5493  3495  547.56179   23 2349  537.56179  556.78170  3.58%   852 2581s
  5495  3496  547.56179   24 2325  537.56179  556.78170  3.58%   853 2585s
  5496  3497  551.55512   25 2639  537.56179  556.78170  3.58%   854 2590s
  5499  3499  547.56179   26 2161  537.56179  556.78170  3.58%   855 2595s
  5500  3500  550.59356   27 3097  537.56179  556.78170  3.58%   856 2600s
  5504  3502  550.08973   29 2835  537.56179  556.78170  3.58%   858 2607s
  5506  3504  549.72386   30 2517  537.56179  556.78170  3.58%   859 2611s
  5509  3506  547.35150   31 2153  537.56179  556.78170  3.58%   861 2615s
  5513  3508  546.81823   33 2056  537.56179  556.78170  3.58%   864 2620s
  5539  3526  546.42056   46 1938  537.56179  556.78170  3.58%   862 2625s
  5565  3543  546.72490   59 1958  537.56179  556.78170  3.58%   859 2630s
  5603  3568  546.05905   78 1930  537.56179  556.78170  3.58%   855 2635s
  5637  3591  546.14875   95 1940  537.56179  556.78170  3.58%   852 2640s
  5675  3616  546.44136  114 1968  537.56179  556.78170  3.58%   848 2645s
  5703  3635  546.35940  128 1937  537.56179  556.78170  3.58%   845 2650s
  5734  3656  545.98891  144 1911  537.56179  556.78170  3.58%   842 2655s
  5767  3678  543.61804  160 2013  537.56179  556.78170  3.58%   839 2660s
  5793  3695  543.69058  173 2026  537.56179  556.78170  3.58%   837 2665s
  5824  3716  545.88760  189 1909  537.56179  556.78170  3.58%   835 2670s
  5855  3736  543.82468  204 1873  537.56179  556.78170  3.58%   833 2675s
  5885  3756  545.84888  219 1776  537.56179  556.78170  3.58%   830 2680s
  5911  3774  539.10932  232 1850  537.56179  556.78170  3.58%   828 2685s
  5932  3786  545.80629  243 1783  537.56179  556.78170  3.58%   827 2690s
  5961  3805  541.36244  257 1888  537.56179  556.78170  3.58%   824 2695s
  5990  3822  545.69349  272 1775  537.56179  556.78170  3.58%   822 2700s
  6031  3836  543.10716  292 1874  537.56179  556.78170  3.58%   819 2705s
  6063  3857  543.58076  308 1874  537.56179  556.78170  3.58%   816 2710s
  6097  3880  539.96164  325 1737  537.56179  556.78170  3.58%   812 2715s
  6121  3896  543.36622  337 1867  537.56179  556.78170  3.58%   811 2720s
  6147  3912  543.55176  350 1742  537.56179  556.78170  3.58%   810 2725s
  6175  3931  542.52310  364 1872  537.56179  556.78170  3.58%   808 2730s
  6209  3953  542.81637  381 1865  537.56179  556.78170  3.58%   805 2735s
  6241  3975  541.37663  397 1749  537.56179  556.78170  3.58%   803 2740s
  6257  3985  541.52524  405 1716  537.56179  556.78170  3.58%   805 2745s
  6269  3993  541.52524  411 1717  537.56179  556.78170  3.58%   807 2750s
  6293  4009  544.20433  423 1777  537.56179  556.78170  3.58%   806 2755s
  6329  4033  543.07316  441 1877  537.56179  556.78170  3.58%   803 2760s
  6359  4053  542.57515  456 1690  537.56179  556.78170  3.58%   801 2765s
  6394  4077  543.76401  474 1693  537.56179  556.78170  3.58%   798 2770s
  6431  4100  542.08641  492 1683  537.56179  556.78170  3.58%   795 2775s
  6476  4130  543.11256  515 1695  537.56179  556.78170  3.58%   791 2780s
  6517  4156  542.27986  535 1652  537.56179  556.78170  3.58%   787 2785s
  6571  4190  538.62846  562 1616  537.56179  556.78170  3.58%   781 2790s
  6615  4217  539.96164  584 1594  537.56179  556.78170  3.58%   776 2795s
  6634  4230  539.96164  594 1631  537.56179  556.78170  3.58%   777 2800s
  6651  4241  538.35073  602 1607  537.56179  556.78170  3.58%   778 2805s
  6669  4253  539.96164  611 1649  537.56179  556.78170  3.58%   779 2810s
  6693  4269  538.12166  623 1589  537.56179  556.78170  3.58%   779 2815s
  6713  4282  539.30279  633 1647  537.56179  556.78170  3.58%   779 2820s
  6735  4297  539.96164  644 1620  537.56179  556.78170  3.58%   779 2825s
  6751  4308  539.91166  652 1615  537.56179  556.78170  3.58%   779 2830s
  6771  4321  538.15272  662 1633  537.56179  556.78170  3.58%   780 2835s
  6791  4334  539.28214  672 1634  537.56179  556.78170  3.58%   780 2840s
  6807  4345  539.22140  680 1622  537.56179  556.78170  3.58%   781 2845s
  6833  4362  539.33774  693 1608  537.56179  556.78170  3.58%   781 2850s
  6855  4377  539.23362  704 1608  537.56179  556.78170  3.58%   781 2855s
  6877  4392  539.20703  715 1612  537.56179  556.78170  3.58%   781 2860s
  6897  4405  539.17072  725 1626  537.56179  556.78170  3.58%   781 2865s
  6919  4420  539.44899  736 1599  537.56179  556.78170  3.58%   782 2870s
  6942  4435  539.96164  748 1588  537.56179  556.78170  3.58%   781 2875s
  6961  4448  539.40381  757 1586  537.56179  556.78170  3.58%   782 2880s
  6980  4460  539.96164  767 1595  537.56179  556.78170  3.58%   782 2885s
  7003  4476  539.57847  778 1589  537.56179  556.78170  3.58%   783 2890s
  7021  4488  539.23633  787 1569  537.56179  556.78170  3.58%   784 2895s
  7039  4500  539.31895  796 1557  537.56179  556.78170  3.58%   785 2900s
  7059  4513  539.63745  806 1595  537.56179  556.78170  3.58%   786 2905s
  7079  4526  538.48040  816 1557  537.56179  556.78170  3.58%   786 2910s
  7097  4538  539.48013  825 1554  537.56179  556.78170  3.58%   787 2915s
  7115  4550  539.39733  834 1599  537.56179  556.78170  3.58%   788 2920s
  7137  4565  538.30308  845 1586  537.56179  556.78170  3.58%   789 2925s
  7155  4577  539.22136  854 1593  537.56179  556.78170  3.58%   790 2930s
  7175  4590  539.96164  864 1566  537.56179  556.78170  3.58%   790 2935s
  7201  4608  538.25335  877 1559  537.56179  556.78170  3.58%   790 2940s
  7212  4615  539.96164  883 1611  537.56179  556.78170  3.58%   790 2945s
  7227  4625  538.56562  890 1565  537.56179  556.78170  3.58%   791 2950s
  7247  4635  537.63257  900 1597  537.56179  556.78170  3.58%   792 2955s
  7267  4649  539.15508  910 1558  537.56179  556.78170  3.58%   792 2960s
  7291  4665  538.91679  922 1614  537.56179  556.78170  3.58%   792 2965s
  7315  4681  538.62296  934 1589  537.56179  556.78170  3.58%   792 2970s
  7333  4689  537.67199  943 1560  537.56179  556.78170  3.58%   793 2975s
  7349  4699  537.67199  951 1565  537.56179  556.78170  3.58%   794 2980s
  7369  4710  539.05999  961 1591  537.56179  556.78170  3.58%   795 2985s
  7391  4724  537.67199  972 1570  537.56179  556.78170  3.58%   795 2990s
  7411  4738  539.52491  982 1579  537.56179  556.78170  3.58%   796 2995s
  7431  4751  538.84110  992 1616  537.56179  556.78170  3.58%   797 3000s
  7452  4765  539.96164 1003 1612  537.56179  556.78170  3.58%   797 3005s
  7471  4778  539.00293 1012 1606  537.56179  556.78170  3.58%   797 3010s
  7491  4791  539.36604 1022 1593  537.56179  556.78170  3.58%   798 3015s
  7513  4806  539.66300 1033 1606  537.56179  556.78170  3.58%   798 3020s
  7533  4819  538.03598 1043 1576  537.56179  556.78170  3.58%   799 3025s
  7552  4832  539.96164 1053 1581  537.56179  556.78170  3.58%   799 3030s
  7577  4848  539.24394 1065 1525  537.56179  556.78170  3.58%   799 3035s
  7598  4860  539.96164 1076 1556  537.56179  556.78170  3.58%   800 3040s
  7610  4868  539.96164 1082 1556  537.56179  556.78170  3.58%   800 3045s
  7625  4876  539.67866 1089 1516  537.56179  556.78170  3.58%   800 3050s
  7643  4884  539.82219 1098 1507  537.56179  556.78170  3.58%   800 3055s
  7681  4892  538.75384 1117 1522  537.56179  556.78170  3.58%   799 3060s
  7717  4898     cutoff 1135       537.56179  556.78170  3.58%   798 3065s
  7735  4906     cutoff 1144       537.56179  556.78170  3.58%   798 3071s
  7754  4904  539.96164 1154 1535  537.56179  556.78170  3.58%   799 3075s
  7777  4912  538.84823 1165 1504  537.56179  556.78170  3.58%   800 3080s
  7801  4920     cutoff 1177       537.56179  556.78170  3.58%   801 3085s
  7825  4930  538.69216 1189 1501  537.56179  556.78170  3.58%   801 3090s
  7847  4944  539.32278 1200 1490  537.56179  556.78170  3.58%   802 3095s
  7870  4954  539.96164 1212 1500  537.56179  556.78170  3.58%   802 3100s
  7891  4966     cutoff 1222       537.56179  556.78170  3.58%   803 3105s
  7920  4979  539.96164 1237 1529  537.56179  556.78170  3.58%   803 3110s
  7946  4986  539.96164 1250 1519  537.56179  556.78170  3.58%   803 3115s
  7973  5004  539.54486 1263 1500  537.56179  556.78170  3.58%   802 3120s
  8001  5023  539.29179 1277 1467  537.56179  556.78170  3.58%   802 3125s
  8023  5038  538.60518 1288 1543  537.56179  556.78170  3.58%   802 3130s
  8049  5055  539.58885 1301 1478  537.56179  556.78170  3.58%   801 3135s
  8078  5074  539.96164 1316 1483  537.56179  556.78170  3.58%   800 3140s
  8107  5094  538.83193 1330 1463  537.56179  556.78170  3.58%   800 3145s
  8133  5111  538.20474 1343 1465  537.56179  556.78170  3.58%   800 3150s
  8159  5128  539.48317 1356 1455  537.56179  556.78170  3.58%   799 3155s
  8189  5148  539.20270 1371 1441  537.56179  556.78170  3.58%   798 3160s
  8221  5170  538.15963 1387 1481  537.56179  556.78170  3.58%   797 3165s
  8257  5194  538.44000 1405 1459  537.56179  556.78170  3.58%   795 3170s
  8292  5217  539.91653 1423 1462  537.56179  556.78170  3.58%   794 3175s
  8321  5236  539.20153 1437 1468  537.56179  556.78170  3.58%   794 3180s
  8350  5258  539.91653 1452 1455  537.56179  556.78170  3.58%   793 3185s
  8381  5287  538.96787 1467 1425  537.56179  556.78170  3.58%   792 3190s
  8413  5316  538.55562 1483 1384  537.56179  556.78170  3.58%   791 3195s
  8450  5329  539.91653 1502 1451  537.56179  556.78170  3.58%   790 3200s
  8499  5335  538.35875 1526 1433  537.56179  556.78170  3.58%   789 3205s
  8539  5355  537.90706 1546 1367  537.56179  556.78170  3.58%   787 3210s
  8553  5358     cutoff 1553       537.56179  556.78170  3.58%   788 3215s
  8581  5376  538.50809 1567 1379  537.56179  556.78170  3.58%   787 3220s
  8613  5407  538.58464 1583 1374  537.56179  556.78170  3.58%   785 3225s
  8655  5449  538.26104 1604 1357  537.56179  556.78170  3.58%   783 3230s
  8720  5468  538.16548 1637 1407  537.56179  556.78170  3.58%   778 3235s
  8796  5493  538.04999 1675 1414  537.56179  556.78170  3.58%   773 3240s
  8852  5526  537.94370 1703 1382  537.56179  556.78170  3.58%   769 3245s
  8886  5538  537.88026 1720 1352  537.56179  556.78170  3.58%   766 3250s
  8902  5535  556.71485   18 4096  537.56179  556.77701  3.57%   765 3257s
  8903  5536  555.48908   19 3617  537.56179  556.77701  3.57%   766 3266s
  8905  5538  554.80446   20 3705  537.56179  556.77701  3.57%   767 3277s
  8906  5539  555.77954   20 2954  537.56179  556.77701  3.57%   767 3281s
  8908  5541  547.56179   21 2219  537.56179  556.77701  3.57%   768 3286s
  8911  5544  555.30127   23 2813  537.56179  556.77701  3.57%   769 3292s
  8913  5546  555.06794   24 2835  537.56179  556.77701  3.57%   769 3296s
  8916  5549  547.56179   25 2199  537.56179  556.77701  3.57%   770 3301s
  8918  5551  547.56179   26 2135  537.56179  556.77701  3.57%   771 3305s
  8921  5554  552.34053   28 2478  537.56179  556.77701  3.57%   773 3311s
  8923  5556  552.04030   29 2662  537.56179  556.77701  3.57%   773 3315s
  8926  5559  547.56179   30 1993  537.56179  556.77701  3.57%   774 3320s
  8930  5563  547.56179   32 2103  537.56179  556.77701  3.57%   775 3325s
  8933  5566  550.84112   34 1956  537.56179  556.77701  3.57%   776 3330s
  8936  5569  547.56179   35 1854  537.56179  556.77701  3.57%   777 3335s
  8944  5577  547.22379   39 1962  537.56179  556.77701  3.57%   778 3340s
  8954  5587  547.56179   44 1976  537.56179  556.77701  3.57%   778 3345s
  8964  5597  546.93354   49 1922  537.56179  556.77701  3.57%   777 3350s
  8974  5607  546.81295   54 1912  537.56179  556.77701  3.57%   776 3355s
  8985  5618  547.44154   60 1932  537.56179  556.77701  3.57%   776 3360s
  9024  5657  546.94595   79 1835  537.56179  556.77701  3.57%   773 3365s
  9058  5691  546.89395   96 1723  537.56179  556.77701  3.57%   771 3370s
  9086  5719  546.82979  110 1765  537.56179  556.77701  3.57%   770 3375s
  9116  5749  546.08481  125 1693  537.56179  556.77701  3.57%   769 3380s
  9149  5782  546.36773  142 1690  537.56179  556.77701  3.57%   767 3385s
  9186  5819  543.70621  160 1697  537.56179  556.77701  3.57%   765 3390s
  9220  5853  541.86274  177 1649  537.56179  556.77701  3.57%   763 3395s
  9256  5889  545.70612  195 1665  537.56179  556.77701  3.57%   761 3400s
  9292  5925  539.55647  213 1607  537.56179  556.77701  3.57%   760 3405s
  9320  5953  541.37550  227 1620  537.56179  556.77701  3.57%   759 3410s
  9354  5986  539.42396  244 1624  537.56179  556.77701  3.57%   758 3415s
  9392  6018  537.80405  263 1600  537.56179  556.77701  3.57%   756 3420s
  9425  6042  545.60724  280 1664  537.56179  556.77701  3.57%   755 3425s
  9470  6061     cutoff  302       537.56179  556.77701  3.57%   753 3430s
  9520  6079  540.05989  327 1652  537.56179  556.77701  3.57%   751 3435s
  9538  6091     cutoff  336       537.56179  556.77701  3.57%   752 3440s
  9566  6111  543.44488  350 1586  537.56179  556.77701  3.57%   752 3445s
  9590  6125  544.09683  362 1608  537.56179  556.77701  3.57%   753 3450s
  9616  6143  544.68802  375 1622  537.56179  556.77701  3.57%   753 3455s
  9642  6161  540.21433  388 1605  537.56179  556.77701  3.57%   754 3460s
  9666  6181  542.26640  400 1615  537.56179  556.77701  3.57%   755 3465s
  9680  6195  545.39535  407 1631  537.56179  556.77701  3.57%   755 3470s
  9708  6215  543.03358  421 1626  537.56179  556.77701  3.57%   755 3475s
  9736  6233  545.39535  435 1658  537.56179  556.77701  3.57%   756 3480s
  9765  6260  545.39535  450 1645  537.56179  556.77701  3.57%   755 3485s
  9792  6281  543.08769  463 1589  537.56179  556.77701  3.57%   754 3490s
  9828  6291     cutoff  481       537.56179  556.77701  3.57%   755 3495s
  9860  6311  544.49286  497 1590  537.56179  556.77701  3.57%   755 3500s
  9904  6355  544.03059  519 1572  537.56179  556.77701  3.57%   752 3505s
  9925  6376  545.07549  530 1630  537.56179  556.77701  3.57%   751 3510s
  9968  6419  543.88436  551 1566  537.56179  556.77701  3.57%   748 3515s
 10015  6466  544.68464  575 1549  537.56179  556.77701  3.57%   746 3520s
 10052  6501  544.21083  593 1527  537.56179  556.77701  3.57%   744 3525s
 10089  6530  544.60567  612 1574  537.56179  556.77701  3.57%   743 3530s
 10125  6562  544.59338  630 1629  537.56179  556.77701  3.57%   741 3535s
 10162  6599  544.17449  648 1570  537.56179  556.77701  3.57%   739 3540s
 10201  6638  544.34371  668 1587  537.56179  556.77701  3.57%   737 3545s
 10203  6639  543.76390  663 7990  537.56179  556.77701  3.57%   737 4198s
 10205  6640  544.25354  560 4009  537.56179  556.77701  3.57%   736 4296s
 10206  6641  545.25919  330 4919  537.56179  556.77701  3.57%   736 4313s
 10207  6642  546.37966   83 4981  537.56179  556.77701  3.57%   736 4328s
 10208  6642  546.15622  139 5461  537.56179  556.77701  3.57%   736 4339s
 10209  6643  544.76399  575 4967  537.56179  556.77701  3.57%   736 4390s
 10210  6644  545.12016  352 5054  537.56179  556.77701  3.57%   736 4398s
 10211  6644  546.08481  126 4989  537.56179  556.77701  3.57%   736 4442s
 10212  6645  545.42250  238 5041  537.56179  556.77701  3.57%   736 4447s
 10213  6646  544.06961  581 5041  537.56179  556.77701  3.57%   736 4490s
 10215  6647  546.34717  199 5061  537.56179  556.77701  3.57%   736 4535s
 10217  6648  543.54893  351 5049  537.56179  556.77701  3.57%   736 4580s
 10219  6650  545.65267  231 5050  537.56179  556.77701  3.57%   735 4626s
 10220  6650  544.47004  321 5040  537.56179  556.77701  3.57%   735 4690s
 10221  6651  546.90549  150 5043  537.56179  556.77701  3.57%   735 4733s
 10222  6652  544.13249  538 5041  537.56179  556.77701  3.57%   735 4736s
 10223  6652  546.22004  214 5039  537.56179  556.77701  3.57%   735 4779s
 10224  6653  543.60912  447 4147  537.56179  556.77701  3.57%   735 4841s
 10225  6654  546.38138  124 4147  537.56179  556.77701  3.57%   735 4996s
 10226  6656  556.77701   23 4334  537.56179  556.77701  3.57%   774 5013s
 10227  6657  556.60066   23 3713  537.56179  556.77701  3.57%   775 5023s
 10228  6658  556.68523   24 4479  537.56179  556.77701  3.57%   775 5029s
 10229  6658  556.35798   24 4226  537.56179  556.68517  3.56%   776 5037s
 10230  6659  556.63233   25 3991  537.56179  556.68517  3.56%   776 5042s
 10231  6660  556.55696   25 4270  537.56179  556.63199  3.55%   777 5049s
 10232  6660  556.24766   26 4099  537.56179  556.63138  3.55%   784 5060s
 10233  6661  555.79417   26 3590  537.56179  556.59990  3.54%   786 5085s
 10234  6662  555.14556   27 3718  537.56179  556.59990  3.54%   788 5114s
 10235  6662  556.17663   27 3591  537.56179  556.59990  3.54%   788 5119s
 10236  6663  555.83199   28 3607  537.56179  556.59990  3.54%   789 5126s
 10237  6664  554.61574   28 2988  537.56179  556.59990  3.54%   790 5135s
 10238  6664  555.57004   29 3327  537.56179  556.59990  3.54%   790 5142s
 10239  6665  554.49349   29 3077  537.56179  556.59990  3.54%   795 5149s
 10240  6666  555.39245   30 3161  537.56179  556.59990  3.54%   795 5152s
 10241  6666  553.96341   30 4000  537.56179  556.59990  3.54%   797 5165s
 10243  6668  547.56179   31 2017  537.56179  556.59990  3.54%   799 5173s
 10244  6668  555.20556   32 2684  537.56179  556.59990  3.54%   801 5176s
 10248  6671  554.83675   34 2590  537.56179  556.59990  3.54%   804 5182s
 10249  6672  547.56179   34 1920  537.56179  556.59990  3.54%   805 5185s
 10251  6673  547.56179   35 2058  537.56179  556.59990  3.54%   809 5191s
 10252  6674  553.84354   36 2565  537.56179  556.59990  3.54%   809 5197s
 10253  6674  547.56179   36 1867  537.56179  556.59990  3.54%   810 5200s
 10256  6676  553.45953   38 2095  537.56179  556.59990  3.54%   814 5206s
 10258  6678  552.01440   39 2033  537.56179  556.59990  3.54%   815 5211s
 10262  6680  550.86892   41 2018  537.56179  556.59990  3.54%   818 5215s
 10266  6683  550.75572   43 1774  537.56179  556.59990  3.54%   822 5220s
 10271  6686  547.53868   45 1919  537.56179  556.59990  3.54%   830 5226s
 10279  6692  547.50331   49 1486  537.56179  556.59990  3.54%   831 5268s
 10281  6693  547.46716   50 1503  537.56179  556.59990  3.54%   831 5270s
 10289  6698  547.44168   54 1475  537.56179  556.59990  3.54%   832 5275s
 10297  6704  547.50174   58 1470  537.56179  556.59990  3.54%   834 5280s
 10305  6709  544.89082   62 1449  537.56179  556.59990  3.54%   835 5285s
 10306  6710  547.48624   63 1485  537.56179  556.59990  3.54%   835 5311s
 10311  6713  544.81779   65 1482  537.56179  556.59990  3.54%   837 5315s
 10320  6719  547.48624   70 1479  537.56179  556.59990  3.54%   839 5320s
 10329  6725  546.87249   74 1410  537.56179  556.59990  3.54%   841 5326s
 10333  6728  547.22645   76 1396  537.56179  556.59990  3.54%   841 5335s
 10343  6734  545.51598   81 1363  537.56179  556.59990  3.54%   842 5340s
 10355  6742  547.14702   87 1396  537.56179  556.59990  3.54%   843 5345s
 10360  6746  547.40736   90 1380  537.56179  556.59990  3.54%   843 5356s
 10368  6751  547.16761   94 1371  537.56179  556.59990  3.54%   844 5360s
 10376  6756  547.16761   98 1366  537.56179  556.59990  3.54%   846 5365s
 10387  6764  547.16478  103 1363  537.56179  556.59990  3.54%   847 5401s
 10394  6768  546.80937  107 1362  537.56179  556.59990  3.54%   848 5405s
 10403  6774  542.20298  111 1477  537.56179  556.59990  3.54%   849 5410s
 10409  6778  542.14726  114 1484  537.56179  556.59990  3.54%   851 5415s
 10417  6784  545.52281  118 1392  537.56179  556.59990  3.54%   853 5420s
 10425  6789  544.85431  122 1382  537.56179  556.59990  3.54%   855 5425s
 10433  6794  545.84860  126 1380  537.56179  556.59990  3.54%   858 5431s
 10439  6798  545.87453  129 1394  537.56179  556.59990  3.54%   860 5435s
 10447  6804  545.79733  133 1361  537.56179  556.59990  3.54%   862 5440s
 10455  6809  543.54661  137 1466  537.56179  556.59990  3.54%   865 5446s
 10461  6813  544.80618  140 1414  537.56179  556.59990  3.54%   867 5450s
 10469  6818  545.43614  144 1369  537.56179  556.59990  3.54%   869 5455s
 10479  6825  545.11929  149 1366  537.56179  556.59990  3.54%   870 5460s
 10488  6831  545.87338  154 1364  537.56179  556.59990  3.54%   871 5465s
 10497  6837  543.80552  158 1344  537.56179  556.59990  3.54%   873 5470s
 10505  6842  544.97744  162 1368  537.56179  556.59990  3.54%   874 5475s
 10515  6849  545.55707  167 1360  537.56179  556.59990  3.54%   875 5480s
 10523  6854  545.38527  171 1344  537.56179  556.59990  3.54%   877 5485s
 10531  6860  545.50592  175 1409  537.56179  556.59990  3.54%   880 5490s
 10537  6864  543.43061  178 1565  537.56179  556.59990  3.54%   881 5495s
 10545  6869  544.30633  182 1382  537.56179  556.59990  3.54%   884 5500s
 10553  6874  543.00178  186 1528  537.56179  556.59990  3.54%   886 5505s
 10560  6879  545.60821  190 1351  537.56179  556.59990  3.54%   889 5510s
 10568  6884  545.60821  194 1342  537.56179  556.59990  3.54%   891 5515s
 10579  6892  543.91767  199 1516  537.56179  556.59990  3.54%   893 5521s
 10585  6896  543.00178  202 1473  537.56179  556.59990  3.54%   896 5526s
 10591  6900  542.04811  205 1637  537.56179  556.59990  3.54%   897 5530s
 10599  6905  542.53283  209 1530  537.56179  556.59990  3.54%   900 5535s
 10605  6909  542.44130  212 1574  537.56179  556.59990  3.54%   903 5540s
 10615  6916  545.31312  217 1393  537.56179  556.59990  3.54%   905 5545s
 10621  6920  543.37071  220 1370  537.56179  556.59990  3.54%   908 5550s
 10627  6924  543.00178  223 1542  537.56179  556.59990  3.54%   910 5555s
 10635  6929  545.59581  227 1354  537.56179  556.59990  3.54%   912 5560s
 10643  6934  544.95250  231 1397  537.56179  556.59990  3.54%   915 5565s
 10651  6940  544.70746  235 1430  537.56179  556.59990  3.54%   917 5570s
 10659  6945  545.31891  239 1344  537.56179  556.59990  3.54%   920 5575s
 10667  6950  543.83919  243 1385  537.56179  556.59990  3.54%   921 5580s
 10675  6956  544.39658  247 1320  537.56179  556.59990  3.54%   922 5585s
 10683  6961  544.73692  251 1400  537.56179  556.59990  3.54%   924 5590s
 10693  6968  544.82286  256 1364  537.56179  556.59990  3.54%   926 5595s
 10701  6973  542.04554  260 1508  537.56179  556.59990  3.54%   927 5600s
 10710  6979  545.04833  265 1347  537.56179  556.59990  3.54%   928 5605s
 10719  6985  543.73182  269 1321  537.56179  556.59990  3.54%   929 5610s
 10729  6992  544.22738  274 1518  537.56179  556.59990  3.54%   931 5615s
 10741  6996  544.68502  280 1519  537.56179  556.59990  3.54%   932 5621s
 10749  7001  542.83479  284 1481  537.56179  556.59990  3.54%   934 5625s
 10755  7005  544.76929  287 1473  537.56179  556.59990  3.54%   936 5630s
 10763  7010  543.43674  291 1505  537.56179  556.59990  3.54%   938 5635s
 10771  7016  542.38116  295 1513  537.56179  556.59990  3.54%   940 5640s
 10779  7021  543.78789  299 1511  537.56179  556.59990  3.54%   942 5645s
 10787  7026  542.84259  303 1561  537.56179  556.59990  3.54%   945 5651s
 10794  7031  544.96998  307 1333  537.56179  556.59990  3.54%   947 5655s
 10802  7036  544.96998  311 1321  537.56179  556.59990  3.54%   949 5660s
 10809  7041  543.23909  314 1483  537.56179  556.59990  3.54%   951 5665s
 10819  7048  544.88988  319 1529  537.56179  556.59990  3.54%   954 5670s
 10827  7053  543.26555  323 1471  537.56179  556.59990  3.54%   956 5675s
 10834  7058  544.96998  327 1315  537.56179  556.59990  3.54%   958 5680s
 10841  7062  544.49331  330 1512  537.56179  556.59990  3.54%   960 5685s
 10851  7069  544.36424  335 1530  537.56179  556.59990  3.54%   963 5690s
 10858  7074  544.96998  339 1313  537.56179  556.59990  3.54%   964 5697s
 10861  7076  544.16383  340 1543  537.56179  556.59990  3.54%   966 5700s
 10869  7081  544.20677  344 1503  537.56179  556.59990  3.54%   968 5705s
 10879  7088  543.97304  349 1482  537.56179  556.59990  3.54%   970 5711s
 10887  7093  541.47885  353 1439  537.56179  556.59990  3.54%   971 5715s
 10897  7100  544.30808  358 1471  537.56179  556.59990  3.54%   973 5720s
 10905  7105  540.87867  362 1401  537.56179  556.59990  3.54%   974 5725s
 10907  7106  544.78694  363 1276  537.56179  556.59990  3.54%   975 5730s
 10917  7113  540.35246  368 1358  537.56179  556.59990  3.54%   976 5735s
 10925  7118  540.25131  372 1401  537.56179  556.59990  3.54%   977 5740s
 10933  7124  542.91138  376 1250  537.56179  556.59990  3.54%   979 5746s
 10941  7129  543.41442  380 1255  537.56179  556.59990  3.54%   980 5750s
 10949  7134  544.57802  384 1222  537.56179  556.59990  3.54%   981 5755s
 10959  7141  542.80149  389 1245  537.56179  556.59990  3.54%   982 5760s
 10966  7146  544.07462  393 1279  537.56179  556.59990  3.54%   983 5766s
 10975  7152  543.35120  397 1276  537.56179  556.59990  3.54%   984 5770s
 10985  7158  538.75870  402 1301  537.56179  556.59990  3.54%   986 5775s
 10993  7164  542.35655  406 1242  537.56179  556.59990  3.54%   987 5780s
 11003  7170  542.35254  411 1228  537.56179  556.59990  3.54%   988 5785s
 11013  7177  542.74880  416 1266  537.56179  556.59990  3.54%   990 5790s
 11023  7184  542.26987  421 1274  537.56179  556.59990  3.54%   991 5795s
 11032  7190  543.98520  426 1278  537.56179  556.59990  3.54%   992 5802s
 11039  7194  543.37950  429 1267  537.56179  556.59990  3.54%   992 5806s
 11048  7200  543.96995  434 1261  537.56179  556.59990  3.54%   993 5810s
 11061  7209  542.76671  440 1243  537.56179  556.59990  3.54%   994 5815s
 11073  7217  543.56505  446 1246  537.56179  556.59990  3.54%   995 5820s
 11087  7226  542.74764  453 1277  537.56179  556.59990  3.54%   996 5825s
 11097  7233  543.33496  458 1224  537.56179  556.59990  3.54%   997 5830s
 11109  7241  542.37154  464 1273  537.56179  556.59990  3.54%   997 5835s
 11111  7242  543.03798  465 1263  537.56179  556.59990  3.54%   997 5845s
 11123  7250  541.33394  471 1345  537.56179  556.59990  3.54%   998 5850s
 11132  7256  543.87190  476 1248  537.56179  556.59990  3.54%   999 5855s
 11140  7262  543.87190  480 1240  537.56179  556.59990  3.54%  1000 5860s
 11149  7268  542.37443  484 1185  537.56179  556.59990  3.54%  1001 5865s
 11157  7273  542.28151  488 1249  537.56179  556.59990  3.54%  1002 5870s
 11166  7279  543.84847  493 1246  537.56179  556.59990  3.54%  1003 5875s
 11176  7286  543.82858  498 1237  537.56179  556.59990  3.54%  1004 5880s
 11190  7295  543.81898  505 1240  537.56179  556.59990  3.54%  1005 5885s
 11201  7302  543.32704  510 1216  537.56179  556.59990  3.54%  1005 5890s
 11207  7306  542.26220  513 1232  537.56179  556.59990  3.54%  1006 5895s
 11217  7313  542.57523  518 1231  537.56179  556.59990  3.54%  1007 5900s
 11228  7320  543.73400  524 1211  537.56179  556.59990  3.54%  1008 5905s
 11237  7326  542.87576  528 1214  537.56179  556.59990  3.54%  1009 5910s
 11249  7334  543.51943  534 1227  537.56179  556.59990  3.54%  1010 5915s
 11258  7340  543.70939  539 1191  537.56179  556.59990  3.54%  1010 5920s
 11265  7345  543.15691  542 1243  537.56179  556.59990  3.54%  1012 5925s
 11272  7350  543.70939  546 1190  537.56179  556.59990  3.54%  1012 5930s
 11281  7356  541.31883  550 1235  537.56179  556.59990  3.54%  1014 5935s
 11291  7362  541.91841  555 1213  537.56179  556.59990  3.54%  1014 5940s
 11297  7366  542.98676  558 1205  537.56179  556.59990  3.54%  1015 5952s
 11303  7370  543.08450  561 1212  537.56179  556.59990  3.54%  1015 5955s
 11313  7377  541.54434  566 1232  537.56179  556.59990  3.54%  1016 5960s
 11323  7384  539.50628  571 1315  537.56179  556.59990  3.54%  1016 5965s
 11334  7391  543.30914  577 1233  537.56179  556.59990  3.54%  1017 5970s
 11345  7398  543.12429  582 1246  537.56179  556.59990  3.54%  1018 5975s
 11357  7406  542.53457  588 1229  537.56179  556.59990  3.54%  1019 5980s
 11369  7414  542.72806  594 1197  537.56179  556.59990  3.54%  1019 5985s
 11381  7422  541.83823  600 1202  537.56179  556.59990  3.54%  1020 5990s
 11393  7430  542.20967  606 1220  537.56179  556.59990  3.54%  1020 5995s
 11405  7438  541.83823  612 1209  537.56179  556.59990  3.54%  1021 6000s
 11415  7445  542.53427  617 1214  537.56179  556.59990  3.54%  1022 6005s
 11426  7452  542.90461  623 1230  537.56179  556.59990  3.54%  1022 6010s
 11436  7457  542.87906  628 1231  537.56179  556.59990  3.54%  1023 6015s
 11450  7464  542.86584  635 1224  537.56179  556.59990  3.54%  1023 6020s
 11460  7471  542.81523  640 1222  537.56179  556.59990  3.54%  1023 6025s
 11470  7478  541.54150  645 1186  537.56179  556.59990  3.54%  1024 6030s
 11481  7485  540.73063  650 1231  537.56179  556.59990  3.54%  1024 6035s
 11493  7493  540.34441  656 1214  537.56179  556.59990  3.54%  1024 6040s
 11505  7501  541.73297  662 1219  537.56179  556.59990  3.54%  1025 6045s
 11516  7508  542.62736  668 1207  537.56179  556.59990  3.54%  1025 6050s
 11525  7514  541.71286  672 1206  537.56179  556.59990  3.54%  1025 6055s
 11538  7523  542.56126  679 1238  537.56179  556.59990  3.54%  1026 6060s
 11551  7530  540.89929  685 1208  537.56179  556.59990  3.54%  1026 6065s
 11553  7531  542.37941  686 1161  537.56179  556.59990  3.54%  1026 6078s
 11554  7532  542.48014  687 1221  537.56179  556.59990  3.54%  1026 6081s
 11561  7536  541.13160  690 1325  537.56179  556.59990  3.54%  1026 6085s
 11570  7542  542.43288  695 1231  537.56179  556.59990  3.54%  1026 6090s
 11581  7550  542.21362  700 1209  537.56179  556.59990  3.54%  1026 6095s
 11591  7556  542.39118  705 1234  537.56179  556.59990  3.54%  1027 6100s
 11601  7563  542.21693  710 1202  537.56179  556.59990  3.54%  1027 6105s
 11613  7571  542.10870  716 1230  537.56179  556.59990  3.54%  1028 6110s
 11625  7579  538.00781  722 1192  537.56179  556.59990  3.54%  1028 6115s
 11639  7584  538.79046  729 1444  537.56179  556.59990  3.54%  1028 6120s
 11653  7594  538.78381  736 1199  537.56179  556.59990  3.54%  1029 6125s
 11663  7600  539.67856  741 1411  537.56179  556.59990  3.54%  1030 6130s
 11675  7608  541.06829  747 1205  537.56179  556.59990  3.54%  1030 6135s
 11681  7612  540.57353  750 1161  537.56179  556.59990  3.54%  1030 6141s
 11688  7617  541.76452  754 1232  537.56179  556.59990  3.54%  1031 6145s
 11699  7624  538.98296  759 1450  537.56179  556.59990  3.54%  1032 6150s
 11707  7630  538.29027  763 1375  537.56179  556.59990  3.54%  1033 6155s
 11715  7635  537.89149  767 1198  537.56179  556.59990  3.54%  1034 6160s
 11726  7642  541.60133  773 1221  537.56179  556.59990  3.54%  1034 6165s
 11737  7650  540.16716  778 1390  537.56179  556.59990  3.54%  1035 6170s
 11749  7658  538.78208  784 1448  537.56179  556.59990  3.54%  1036 6175s
 11757  7663  539.59784  788 1426  537.56179  556.59990  3.54%  1037 6180s
 11766  7669  541.46658  793 1214  537.56179  556.59990  3.54%  1038 6185s
 11777  7676  539.55686  798 1337  537.56179  556.59990  3.54%  1038 6190s
 11791  7686  541.26571  805 1192  537.56179  556.59990  3.54%  1038 6195s
 11807  7686  539.67060  813 1161  537.56179  556.59990  3.54%  1038 6200s
 11821  7695  538.31461  820 1238  537.56179  556.59990  3.54%  1037 6205s
 11829  7700  539.89704  824 1394  537.56179  556.59990  3.54%  1039 6210s
 11837  7705  540.94973  828 1342  537.56179  556.59990  3.54%  1040 6215s
 11846  7710  541.31127  833 1215  537.56179  556.59990  3.54%  1042 6220s
 11855  7716  540.30250  837 1366  537.56179  556.59990  3.54%  1043 6225s
 11864  7720  541.29391  842 1211  537.56179  556.59990  3.54%  1044 6240s
 11865  7721  540.67345  842 1173  537.56179  556.59990  3.54%  1044 6318s
 11868  7723  541.26571  844 1191  537.56179  556.59990  3.54%  1045 6320s
 11883  7729  540.28463  851 1340  537.56179  556.59990  3.54%  1044 6325s
 11891  7733  539.59149  855 1273  537.56179  556.59990  3.54%  1046 6330s
 11899  7737  539.77236  859 1367  537.56179  556.59990  3.54%  1047 6335s
 11908  7741  540.67345  864 1178  537.56179  556.59990  3.54%  1049 6340s
 11917  7746  540.67345  868 1124  537.56179  556.59990  3.54%  1050 6345s
 11926  7750  540.60637  873 1199  537.56179  556.59990  3.54%  1051 6350s
 11939  7758  540.51807  879 1191  537.56179  556.59990  3.54%  1052 6355s
 11949  7765  540.49809  884 1192  537.56179  556.59990  3.54%  1053 6360s
 11958  7771  540.57603  889 1161  537.56179  556.59990  3.54%  1055 6365s
 11969  7778  540.47861  894 1173  537.56179  556.59990  3.54%  1056 6370s
 11981  7786  540.26429  900 1172  537.56179  556.59990  3.54%  1057 6375s
 11995  7796  538.62764  907 1181  537.56179  556.59990  3.54%  1057 6380s
 12011  7804  540.24344  915 1190  537.56179  556.59990  3.54%  1057 6385s
 12022  7812  540.51336  921 1184  537.56179  556.59990  3.54%  1059 6390s
 12026  7814  540.48702  923 1206  537.56179  556.59990  3.54%  1059 6396s
 12037  7822  540.28725  928 1176  537.56179  556.59990  3.54%  1059 6400s
 12053  7832  539.70399  936 1179  537.56179  556.59990  3.54%  1060 6405s
 12064  7840  540.42395  942 1200  537.56179  556.59990  3.54%  1060 6410s
 12078  7848  540.39571  949 1185  537.56179  556.59990  3.54%  1061 6415s
 12095  7859  540.19146  957 1163  537.56179  556.59990  3.54%  1061 6420s
 12107  7867  539.72082  963 1147  537.56179  556.59990  3.54%  1062 6425s
 12120  7876  540.37103  970 1159  537.56179  556.59990  3.54%  1062 6430s
 12135  7883  538.08506  977 1176  537.56179  556.59990  3.54%  1063 6435s
 12151  7889  538.02174  985 1181  537.56179  556.59990  3.54%  1063 6440s
 12163  7895  539.91739  991 1134  537.56179  556.59990  3.54%  1063 6445s
 12179  7904  539.74851  999 1173  537.56179  556.59990  3.54%  1064 6450s
 12198  7915  540.20545 1009 1177  537.56179  556.59990  3.54%  1063 6455s
 12205  7920  538.93015 1012 1119  537.56179  556.59990  3.54%  1064 6461s
 12214  7921  540.18635 1017 1164  537.56179  556.59990  3.54%  1064 6465s
 12228  7924  540.17202 1024 1138  537.56179  556.59990  3.54%  1064 6470s
 12241  7933  538.61332 1030 1124  537.56179  556.59990  3.54%  1064 6475s
 12255  7942  538.26090 1037 1121  537.56179  556.59990  3.54%  1064 6480s
 12269  7951  538.96575 1044 1122  537.56179  556.59990  3.54%  1064 6485s
 12285  7962  538.96575 1052 1140  537.56179  556.59990  3.54%  1064 6490s
 12301  7973  538.50652 1060 1125  537.56179  556.59990  3.54%  1063 6495s
 12314  7981  539.55975 1067 1175  537.56179  556.59990  3.54%  1063 6500s
 12330  7990  539.43460 1075 1167  537.56179  556.59990  3.54%  1063 6505s
 12345  7996  538.00087 1082 1155  537.56179  556.59990  3.54%  1063 6510s
 12353  8000  537.99714 1086 1121  537.56179  556.59990  3.54%  1062 6524s
 12354  8001  539.19200 1087 1153  537.56179  556.59990  3.54%  1062 6525s
 12365  8008  538.26090 1092 1089  537.56179  556.59990  3.54%  1062 6530s
 12379  8016     cutoff 1099       537.56179  556.59990  3.54%  1062 6535s
 12396  8025  538.97384 1108 1153  537.56179  556.59990  3.54%  1061 6540s
 12410  8032  538.65449 1115 1139  537.56179  556.59990  3.54%  1061 6545s
 12427  8038  537.94294 1123 1082  537.56179  556.59990  3.54%  1061 6550s
 12441  8044  538.16716 1130 1039  537.56179  556.59990  3.54%  1061 6555s
 12457  8045  538.15042 1139 1082  537.56179  556.59990  3.54%  1061 6560s
 12475  8041  538.13612 1149 1086  537.56179  556.59990  3.54%  1061 6565s
 12492  8036  537.56747 1157 1069  537.56179  556.59990  3.54%  1060 6570s
 12508  8035     cutoff 1165       537.56179  556.59990  3.54%  1060 6575s
 12524  8035  537.63855 1173 1040  537.56179  556.59990  3.54%  1060 6580s
 12539  8037  537.89057 1181 1047  537.56179  556.59990  3.54%  1060 6585s
 12568  8025  537.69671 1186 1066  537.56179  556.59990  3.54%  1058 6590s
 12587  8015  556.54401   24 3751  537.56179  556.59981  3.54%  1057 6618s
 12588  8016  555.74235   25 2680  537.56179  556.59981  3.54%  1061 6667s
 12589  8017  556.36604   25 3905  537.56179  556.59981  3.54%  1062 6687s
 12590  8017  555.55156   26 3735  537.56179  556.59981  3.54%  1062 6703s
 12591  8018  547.56179   26 1943  537.56179  556.59981  3.54%  1064 6706s
 12593  8019  547.56179   27 2136  537.56179  556.59981  3.54%  1066 6711s
 12595  8021  547.56179   28 1983  537.56179  556.59981  3.54%  1068 6716s
 12596  8021  555.24407   29 3362  537.56179  556.59981  3.54%  1072 6722s
 12598  8023  555.20564   30 3121  537.56179  556.59981  3.54%  1074 6727s
 12599  8023  547.56179   30 1582  537.56179  556.59981  3.54%  1077 6730s
 12601  8025  547.56179   31 1777  537.56179  556.59981  3.54%  1080 6736s
 12602  8025  554.88610   32 3006  537.56179  556.59981  3.54%  1083 6740s
 12604  8027  554.86107   33 2716  537.56179  556.59981  3.54%  1085 6745s
 12606  8028  554.03155   34 2981  537.56179  556.59981  3.54%  1094 6759s
 12607  8029  547.56179   34 1855  537.56179  556.59981  3.54%  1095 6761s
 12609  8030  547.56179   35 1783  537.56179  556.59981  3.54%  1098 6765s
 12611  8031  547.56179   36 1841  537.56179  556.59981  3.54%  1102 6771s
 12612  8032  552.21289   37 2525  537.56179  556.59981  3.54%  1105 6775s
 12614  8033  551.35049   38 2859  537.56179  556.59981  3.54%  1109 6780s
 12615  8034  547.56179   38 1738  537.56179  556.59981  3.54%  1109 6908s
 12616  8035  551.18486   39 2356  537.56179  556.59981  3.54%  1110 6910s
 12618  8036  551.18444   40 2513  537.56179  556.59981  3.54%  1114 6915s
 12620  8037  550.43531   41 2244  537.56179  556.59981  3.54%  1117 6920s
 12623  8039  547.56179   42 1651  537.56179  556.59981  3.54%  1121 6925s
 12624  8040  549.39260   43 2122  537.56179  556.59981  3.54%  1128 6930s
 12631  8045  547.46375   46 1542  537.56179  556.59981  3.54%  1129 6935s
 12639  8050  547.56179   50 1565  537.56179  556.59981  3.54%  1130 6940s
 12647  8055  547.27747   54 1474  537.56179  556.59981  3.54%  1130 6945s
 12654  8060  547.56179   58 1425  537.56179  556.59981  3.54%  1130 6950s
 12661  8065  546.68694   61 1424  537.56179  556.59981  3.54%  1131 6955s
 12668  8069  547.56179   65 1430  537.56179  556.59981  3.54%  1131 6960s
 12675  8074  546.80046   68 1454  537.56179  556.59981  3.54%  1132 6965s
 12683  8079  547.50550   72 1450  537.56179  556.59981  3.54%  1132 6970s
 12689  8083  546.66732   75 1470  537.56179  556.59981  3.54%  1133 6975s
 12695  8087  547.44470   78 1516  537.56179  556.59981  3.54%  1134 6980s
 12701  8091  546.65195   81 1419  537.56179  556.59981  3.54%  1134 6985s
 12709  8097  547.44806   85 1386  537.56179  556.59981  3.54%  1134 6990s
 12715  8101  546.08330   88 1404  537.56179  556.59981  3.54%  1135 6995s
 12722  8105  546.65195   92 1404  537.56179  556.59981  3.54%  1135 7000s
 12730  8111  547.26934   96 1427  537.56179  556.59981  3.54%  1135 7005s
 12736  8115  547.26799   99 1425  537.56179  556.59981  3.54%  1135 7010s
 12745  8121  546.98581  103 1351  537.56179  556.59981  3.54%  1136 7015s
 12752  8125  547.23812  107 1354  537.56179  556.59981  3.54%  1136 7020s
 12758  8129  547.23265  110 1346  537.56179  556.59981  3.54%  1136 7025s
 12766  8135  547.23265  114 1322  537.56179  556.59981  3.54%  1137 7030s
 12773  8139  546.36229  117 1303  537.56179  556.59981  3.54%  1138 7035s
 12778  8143  547.22239  120 1315  537.56179  556.59981  3.54%  1138 7040s
 12785  8147  546.73187  123 1306  537.56179  556.59981  3.54%  1138 7045s
 12788  8149  547.20264  125 1330  537.56179  556.59981  3.54%  1138 7160s
 12794  8153  547.11286  128 1339  537.56179  556.59981  3.54%  1139 7165s
 12801  8158  546.04376  131 1330  537.56179  556.59981  3.54%  1140 7170s
 12808  8163  546.44843  135 1301  537.56179  556.59981  3.54%  1140 7175s
 12816  8168  547.06823  139 1345  537.56179  556.59981  3.54%  1140 7180s
 12822  8172  547.05687  142 1336  537.56179  556.59981  3.54%  1140 7185s
 12829  8177  546.66240  145 1328  537.56179  556.59981  3.54%  1141 7190s
 12837  8182  546.83462  149 1290  537.56179  556.59981  3.54%  1141 7195s
 12844  8187  546.90335  153 1289  537.56179  556.59981  3.54%  1141 7200s

Cutting planes:
  Gomory: 4
  Cover: 97
  Clique: 27
  Flow cover: 331
  GUB cover: 3
  Zero half: 195
  Relax-and-lift: 6

Explored 12845 nodes (15006932 simplex iterations) in 7202.62 seconds (19011.47 work units)
Thread count was 1 (of 32 available processors)

Solution count 10: 537.562 535.732 535.417 ... 508.274

Time limit reached
Best objective 5.375617929664e+02, best bound 5.565998110289e+02, gap 3.5415%

User-callback calls 598485, time in user-callback 23.31 sec
