
Gurobi 12.0.1 (win64) logging started Sat Dec 27 22:03:24 2025

Set parameter LogFile to value "data\dblrp\grb_log_ef_s10_ts0_f20_c10_r2.0_iss1_bt1_nsp10000_nse5000_sd7.log"
Set parameter NodefileStart to value 0.5
Set parameter NodefileDir to value "node_files\s10_ts0"
Set parameter MIPGap to value 0.01
Set parameter TimeLimit to value 7200
Set parameter Threads to value 1
Gurobi Optimizer version 12.0.1 build v12.0.1rc0 (win64 - Windows 11.0 (26100.2))

CPU model: Intel(R) Core(TM) i9-14900K, instruction set [SSE2|AVX|AVX2]
Thread count: 24 physical cores, 32 logical processors, using up to 1 threads

Non-default parameters:
TimeLimit  7200
MIPGap  0.01
NodefileStart  0.5
Threads  1

Optimize a model with 17021700 rows, 5688220 columns and 48840000 nonzeros
Model fingerprint: 0xd6a9d9d3
Variable types: 0 continuous, 5688220 integer (5670020 binary)
Coefficient statistics:
  Matrix range     [1e+00, 8e+01]
  Objective range  [1e+00, 1e+01]
  Bounds range     [1e+00, 4e+01]
  RHS range        [1e+00, 8e+01]
Presolve removed 16985883 rows and 5619932 columns (presolve time = 5s)...
Presolve removed 16990396 rows and 5623116 columns
Presolve time: 5.28s
Presolved: 31304 rows, 65104 columns, 316506 nonzeros
Variable types: 0 continuous, 65104 integer (56351 binary)
Found heuristic solution: objective -200.0000000
Performing another presolve...
Presolve removed 25123 rows and 19218 columns
Presolve time: 0.80s

Root simplex log...

Iteration    Objective       Primal Inf.    Dual Inf.      Time
       0    1.4073241e+04   1.930738e+04   0.000000e+00     10s
   13169    1.7671331e+02   0.000000e+00   0.000000e+00     10s

Root relaxation: objective 1.767133e+02, 13169 iterations, 0.44 seconds (0.71 work units)
Total elapsed time = 10.31s (DegenMoves)

    Nodes    |    Current Node    |     Objective Bounds      |     Work
 Expl Unexpl |  Obj  Depth IntInf | Incumbent    BestBd   Gap | It/Node Time

     0     0  176.71331    0 1417 -200.00000  176.71331   188%     -   10s
     0     0  175.00922    0 1475 -200.00000  175.00922   188%     -   10s
     0     0  173.09104    0 1568 -200.00000  173.09104   187%     -   10s
     0     0  172.93313    0 1518 -200.00000  172.93313   186%     -   10s
     0     0  172.92961    0 1481 -200.00000  172.92961   186%     -   10s
H    0     0                      -0.0000000  172.92961      -     -   11s
H    0     0                      20.1036993  172.92961   760%     -   11s
H    0     0                      30.8429798  172.92961   461%     -   11s
H    0     0                      94.2073809  172.92961  83.6%     -   11s
H    0     0                      94.8235830  172.92961  82.4%     -   12s
H    0     0                     106.1882011  172.92961  62.9%     -   12s
H    0     0                     107.3200738  172.92961  61.1%     -   12s
H    0     0                     113.5936820  172.92961  52.2%     -   12s
H    0     0                     115.0204527  172.92961  50.3%     -   13s
H    0     0                     135.1172739  172.92961  28.0%     -   13s
H    0     0                     153.3917419  172.92961  12.7%     -   13s
H    0     0                     153.7268535  172.92961  12.5%     -   13s
H    0     0                     156.6694431  172.92961  10.4%     -   14s
     0     0  171.99770    0 1586  156.66944  171.99770  9.78%     -   14s
     0     0  171.94198    0 1586  156.66944  171.94198  9.75%     -   14s
H    0     0                     159.6538935  171.90755  7.68%     -   15s
H    0     0                     160.7036919  171.90755  6.97%     -   15s
     0     0  171.90755    0 1596  160.70369  171.90755  6.97%     -   15s
     0     0  170.93894    0 1551  160.70369  170.93894  6.37%     -   15s
     0     0  170.93894    0 1546  160.70369  170.93894  6.37%     -   15s
     0     0  170.90824    0 1566  160.70369  170.90824  6.35%     -   15s
     0     0  170.89609    0 1601  160.70369  170.89609  6.34%     -   15s
     0     0  170.89271    0 1627  160.70369  170.89271  6.34%     -   15s
     0     0  170.89271    0 1634  160.70369  170.89271  6.34%     -   15s
     0     0  170.66782    0 1654  160.70369  170.66782  6.20%     -   16s
     0     0  170.66782    0 1641  160.70369  170.66782  6.20%     -   16s
     0     0  170.65074    0 1658  160.70369  170.65074  6.19%     -   16s
     0     0  170.65007    0 1674  160.70369  170.65007  6.19%     -   16s
     0     0  170.64500    0 1671  160.70369  170.64500  6.19%     -   16s
     0     0  170.64500    0 1671  160.70369  170.64500  6.19%     -   16s
     0     0  170.46037    0 1706  160.70369  170.46037  6.07%     -   16s
     0     0  170.46037    0 1393  160.70369  170.46037  6.07%     -   17s
     0     0  170.46037    0 1517  160.70369  170.46037  6.07%     -   17s
     0     0  170.46037    0 1566  160.70369  170.46037  6.07%     -   17s
     0     0  170.46037    0 1597  160.70369  170.46037  6.07%     -   17s
     0     0  170.43310    0 1575  160.70369  170.43310  6.05%     -   17s
     0     0  170.43310    0 1589  160.70369  170.43310  6.05%     -   17s
     0     0  170.40752    0 1659  160.70369  170.40752  6.04%     -   18s
     0     0  170.40752    0 1644  160.70369  170.40752  6.04%     -   18s
     0     0  170.40200    0 1667  160.70369  170.40200  6.03%     -   18s
     0     0  170.40200    0 1677  160.70369  170.40200  6.03%     -   18s
     0     0  170.27981    0 1652  160.70369  170.27981  5.96%     -   18s
     0     0  170.27981    0 1664  160.70369  170.27981  5.96%     -   18s
     0     0  170.15718    0 1743  160.70369  170.15718  5.88%     -   18s
H    0     0                     160.7036929  170.15718  5.88%     -   19s
     0     0  170.14498    0 1775  160.70369  170.14498  5.87%     -   19s
     0     0  170.14498    0 1778  160.70369  170.14498  5.87%     -   19s
     0     0  170.14195    0 1763  160.70369  170.14195  5.87%     -   19s
     0     0  170.14142    0 1759  160.70369  170.14142  5.87%     -   19s
     0     0  170.12480    0 1830  160.70369  170.12480  5.86%     -   19s
     0     0  170.11893    0 1824  160.70369  170.11893  5.86%     -   19s
     0     0  170.11799    0 1842  160.70369  170.11799  5.86%     -   19s
     0     0  170.11799    0 1847  160.70369  170.11799  5.86%     -   19s
     0     0  170.09514    0 1832  160.70369  170.09514  5.84%     -   19s
     0     0  170.09491    0 1860  160.70369  170.09491  5.84%     -   19s
     0     0  170.08153    0 1917  160.70369  170.08153  5.84%     -   19s
     0     0  170.07453    0 1884  160.70369  170.07453  5.83%     -   19s
     0     0  170.07453    0 1900  160.70369  170.07453  5.83%     -   19s
     0     0  170.04420    0 1866  160.70369  170.04420  5.81%     -   20s
H    0     0                     162.1304626  170.04420  4.88%     -   20s
     0     0  170.04001    0 1857  162.13046  170.04001  4.88%     -   20s
     0     0  170.04000    0 1877  162.13046  170.04000  4.88%     -   20s
     0     0  170.03321    0 1886  162.13046  170.03321  4.87%     -   20s
     0     0  170.03123    0 1909  162.13046  170.03123  4.87%     -   20s
     0     0  170.03118    0 1899  162.13046  170.03118  4.87%     -   20s
     0     0  169.99958    0 1897  162.13046  169.99958  4.85%     -   20s
     0     0  169.99922    0 1910  162.13046  169.99922  4.85%     -   20s
     0     0  169.98766    0 1877  162.13046  169.98766  4.85%     -   21s
     0     0  169.98766    0 1870  162.13046  169.98766  4.85%     -   21s
     0     0  169.97255    0 1895  162.13046  169.97255  4.84%     -   21s
     0     0  169.96901    0 1912  162.13046  169.96901  4.83%     -   21s
     0     0  169.96901    0 1927  162.13046  169.96901  4.83%     -   21s
     0     0  169.96901    0 1916  162.13046  169.96901  4.83%     -   21s
     0     0  169.96901    0 1923  162.13046  169.96901  4.83%     -   21s
     0     0  169.96901    0 1937  162.13046  169.96901  4.83%     -   21s
     0     0  169.96586    0 1926  162.13046  169.96586  4.83%     -   21s
     0     0  169.96586    0 1926  162.13046  169.96586  4.83%     -   21s
     0     0  169.96586    0 1784  162.13046  169.96586  4.83%     -   22s
H    0     0                     163.5572333  169.96586  3.92%     -   22s
     0     2  169.96569    0 1784  163.55723  169.96569  3.92%     -   22s
H   48     8                     164.9840040  169.02412  2.45%   275   24s

Cutting planes:
  Gomory: 3
  Cover: 14
  Clique: 48
  MIR: 7
  Zero half: 328
  RLT: 12
  Relax-and-lift: 1

Explored 65 nodes (78899 simplex iterations) in 25.04 seconds (43.02 work units)
Thread count was 1 (of 32 available processors)

Solution count 10: 164.984 163.557 162.13 ... 135.117

Optimal solution found (tolerance 1.00e-02)
Best objective 1.649840040389e+02, best bound 1.665235716446e+02, gap 0.9332%

User-callback calls 4571, time in user-callback 4.09 sec
