
Gurobi 12.0.1 (win64) logging started Sun Dec 28 16:24:29 2025

Set parameter LogFile to value "data\dblrp\grb_log_nn_p_s5_ts0_f10_c10_r2.0_iss1_bt1_nsp5000_nse2000_sd7.log"
Gurobi Optimizer version 12.0.1 build v12.0.1rc0 (win64 - Windows 11.0 (26100.2))

CPU model: Intel(R) Core(TM) i9-14900K, instruction set [SSE2|AVX|AVX2]
Thread count: 24 physical cores, 32 logical processors, using up to 1 threads

Non-default parameters:
TimeLimit  360
MIPGap  0.01
Threads  1

Optimize a model with 3845 rows, 3855 columns and 21125 nonzeros
Model fingerprint: 0x83a346ef
Variable types: 2565 continuous, 1290 integer (1290 binary)
Coefficient statistics:
  Matrix range     [1e-05, 1e+05]
  Objective range  [2e-01, 1e+01]
  Bounds range     [1e+00, 1e+00]
  RHS range        [1e-03, 1e+05]
Presolve removed 3693 rows and 3694 columns
Presolve time: 0.00s
Presolved: 152 rows, 161 columns, 870 nonzeros
Variable types: 101 continuous, 60 integer (60 binary)
Found heuristic solution: objective 16.4582387

Explored 0 nodes (0 simplex iterations) in 0.01 seconds (0.02 work units)
Thread count was 1 (of 32 available processors)

Solution count 1: 16.4582 

Optimal solution found (tolerance 1.00e-02)
Best objective 1.645823870984e+01, best bound 1.645823870984e+01, gap 0.0000%

User-callback calls 470, time in user-callback 0.00 sec
