
Gurobi 12.0.1 (win64) logging started Mon Dec 29 16:05:06 2025

Set parameter LogFile to value "data\dblrp\grb_log_ef_s10_ts0_f10_c40_r2.0_iss1_bt1_nsp5000_nse2000_sd7.log"
Set parameter NodefileStart to value 0.5
Set parameter NodefileDir to value "node_files\s10_ts0"
Set parameter MIPGap to value 0.01
Set parameter TimeLimit to value 7200
Set parameter Threads to value 1
Gurobi Optimizer version 12.0.1 build v12.0.1rc0 (win64 - Windows 11.0 (26100.2))

CPU model: Intel(R) Core(TM) i9-14900K, instruction set [SSE2|AVX|AVX2]
Thread count: 24 physical cores, 32 logical processors, using up to 1 threads

Non-default parameters:
TimeLimit  7200
MIPGap  0.01
NodefileStart  0.5
Threads  1

Optimize a model with 47268800 rows, 15771710 columns and 128282500 nonzeros
Model fingerprint: 0x4cfe5158
Variable types: 0 continuous, 15771710 integer (15750010 binary)
Coefficient statistics:
  Matrix range     [1e+00, 7e+01]
  Objective range  [1e+00, 1e+01]
  Bounds range     [1e+00, 4e+01]
  RHS range        [1e+00, 4e+01]
Presolve removed 875000 rows and 0 columns (presolve time = 5s)...
Presolve removed 46733521 rows and 4600 columns (presolve time = 12s)...
Presolve removed 46749170 rows and 15216519 columns (presolve time = 15s)...
Presolve removed 46876755 rows and 15358075 columns
Presolve time: 19.91s
Presolved: 392045 rows, 413635 columns, 2380992 nonzeros
Variable types: 0 continuous, 413635 integer (399472 binary)
Found heuristic solution: objective -100.0000000
Performing another presolve...
Presolve removed 378021 rows and 23052 columns
Presolve time: 4.29s
Performing another presolve...
Presolve removed 409 rows and 2107 columns
Presolve time: 2.68s

Root simplex log...

Iteration    Objective       Primal Inf.    Dual Inf.      Time
       0    1.6186724e+05   1.731338e+05   0.000000e+00     47s
   54489    8.6668554e+02   8.740317e+03   0.000000e+00     50s
   75223    7.9726919e+02   5.205167e+03   0.000000e+00     55s
   98673    7.8750988e+02   6.503858e+03   0.000000e+00     60s
  112342    7.6432591e+02   2.760101e+03   0.000000e+00     65s
  122376    7.6374251e+02   2.810811e+03   0.000000e+00     70s
  134671    7.6334937e+02   3.604304e+03   0.000000e+00     75s
  146416    7.6202392e+02   6.755264e+01   0.000000e+00     80s
  149153    7.6199220e+02   0.000000e+00   0.000000e+00     82s

Root relaxation: objective 7.619922e+02, 149153 iterations, 35.93 seconds (94.77 work units)
Total elapsed time = 82.35s (DegenMoves)
Total elapsed time = 86.17s (DegenMoves)
Total elapsed time = 92.03s (DegenMoves)

    Nodes    |    Current Node    |     Objective Bounds      |     Work
 Expl Unexpl |  Obj  Depth IntInf | Incumbent    BestBd   Gap | It/Node Time

     0     0  761.99220    0 3825 -100.00000  761.99220   862%     -   96s
     0     0  760.73636    0 4189 -100.00000  760.73636   861%     -  105s
     0     0  758.36148    0 3776 -100.00000  758.36148   858%     -  110s
     0     0  758.32068    0 3787 -100.00000  758.32068   858%     -  113s
     0     0  758.32060    0 3797 -100.00000  758.32060   858%     -  113s
     0     0  758.32060    0 3813 -100.00000  758.32060   858%     -  113s
     0     0  758.32060    0 3808 -100.00000  758.32060   858%     -  113s
H    0     0                      -0.0000000  758.32060      -     -  114s
H    0     0                     162.4174913  758.32060   367%     -  115s
H    0     0                     240.7453527  758.32060   215%     -  116s
H    0     0                     242.0575893  758.32060   213%     -  117s
H    0     0                     248.6312225  758.32060   205%     -  120s
H    0     0                     250.9970502  758.32060   202%     -  120s
H    0     0                     302.8052509  758.32060   150%     -  121s
H    0     0                     512.6168531  758.32060  47.9%     -  122s
H    0     0                     533.8036240  758.32060  42.1%     -  123s
H    0     0                     577.8462461  758.32060  31.2%     -  124s
H    0     0                     607.9113337  758.32060  24.7%     -  125s
H    0     0                     643.7182665  758.32060  17.8%     -  127s
H    0     0                     645.3359719  758.32060  17.5%     -  127s
H    0     0                     664.3154311  758.32060  14.2%     -  129s
H    0     0                     666.0213878  758.32060  13.9%     -  129s
H    0     0                     683.3212214  758.32060  11.0%     -  131s
H    0     0                     687.4365374  758.32060  10.3%     -  132s
H    0     0                     720.6067245  758.32060  5.23%     -  135s
H    0     0                     721.8804768  758.32060  5.05%     -  136s
H    0     0                     723.5293291  758.32060  4.81%     -  138s
H    0     0                     724.1612628  758.32060  4.72%     -  142s
H    0     0                     725.1641165  758.32060  4.57%     -  145s
H    0     0                     726.4263378  758.32060  4.39%     -  155s
     0     0  758.04238    0 4095  726.42634  758.04238  4.35%     -  160s
     0     0  758.04182    0 4087  726.42634  758.04182  4.35%     -  161s
     0     0  758.04182    0 4091  726.42634  758.04182  4.35%     -  161s
     0     0  758.04182    0 4096  726.42634  758.04182  4.35%     -  162s
H    0     0                     726.4263385  758.02558  4.35%     -  170s
H    0     0                     726.4263393  758.02558  4.35%     -  172s
H    0     0                     729.1621387  758.02558  3.96%     -  179s
H    0     0                     729.8223600  758.02558  3.86%     -  185s
H    0     0                     729.8223603  758.02558  3.86%     -  190s
H    0     0                     729.8223616  758.02558  3.86%     -  195s
H    0     0                     729.8223624  758.02558  3.86%     -  201s
H    0     0                     729.8223654  758.02558  3.86%     -  204s
H    0     0                     729.8223687  758.02558  3.86%     -  207s
H    0     0                     730.0040308  758.02558  3.84%     -  213s
H    0     0                     731.1102882  758.02558  3.68%     -  215s
     0     0  758.02558    0 4167  731.11029  758.02558  3.68%     -  220s
     0     0  758.02558    0 4185  731.11029  758.02558  3.68%     -  221s
     0     0  757.81807    0 4322  731.11029  757.81807  3.65%     -  225s
     0     0  757.81678    0 4278  731.11029  757.81678  3.65%     -  225s
     0     0  757.81678    0 4296  731.11029  757.81678  3.65%     -  225s
     0     0  757.80358    0 4381  731.11029  757.80358  3.65%     -  228s
     0     0  757.80358    0 4349  731.11029  757.80358  3.65%     -  228s
     0     0  757.50716    0 4354  731.11029  757.50716  3.61%     -  234s
     0     0  757.50033    0 4294  731.11029  757.50033  3.61%     -  235s
     0     0  757.50033    0 4302  731.11029  757.50033  3.61%     -  235s
     0     0  757.48585    0 4387  731.11029  757.48585  3.61%     -  237s
     0     0  757.48585    0 4373  731.11029  757.48585  3.61%     -  237s
     0     0  757.48572    0 4375  731.11029  757.48572  3.61%     -  238s
     0     0  757.48572    0 4383  731.11029  757.48572  3.61%     -  238s
     0     0  757.48556    0 4372  731.11029  757.48556  3.61%     -  238s
     0     0  757.48556    0 4386  731.11029  757.48556  3.61%     -  238s
     0     0  757.48556    0 4393  731.11029  757.48556  3.61%     -  239s
     0     0  757.48556    0 4390  731.11029  757.48556  3.61%     -  239s
     0     0  757.48556    0 4398  731.11029  757.48556  3.61%     -  240s
     0     0  757.48556    0 4386  731.11029  757.48556  3.61%     -  240s
     0     0  757.48534    0 3676  731.11029  757.48534  3.61%     -  255s
     0     0  757.48534    0 3740  731.11029  757.48534  3.61%     -  255s
     0     0  757.48534    0 3781  731.11029  757.48534  3.61%     -  255s
     0     0  757.48534    0 3798  731.11029  757.48534  3.61%     -  255s
     0     0  757.48534    0 3799  731.11029  757.48534  3.61%     -  257s
     0     0  757.48534    0 3806  731.11029  757.48534  3.61%     -  258s
     0     0  757.48534    0 3439  731.11029  757.48534  3.61%     -  272s
     0     0  757.48534    0 3527  731.11029  757.48534  3.61%     -  273s
     0     0  757.48534    0 3557  731.11029  757.48534  3.61%     -  273s
     0     0  757.48534    0 3651  731.11029  757.48534  3.61%     -  276s
     0     0  757.48534    0 3437  731.11029  757.48534  3.61%     -  289s
     0     0  757.48534    0 3495  731.11029  757.48534  3.61%     -  290s
     0     0  757.48534    0 3508  731.11029  757.48534  3.61%     -  290s
     0     0  757.48534    0 3650  731.11029  757.48534  3.61%     -  292s
     0     0  757.48534    0 3328  731.11029  757.48534  3.61%     -  304s
     0     0  757.48534    0 3338  731.11029  757.48534  3.61%     -  304s
     0     0  757.48377    0 3636  731.11029  757.48377  3.61%     -  307s
     0     0  757.48377    0 3651  731.11029  757.48377  3.61%     -  307s
     0     0  757.48377    0 3652  731.11029  757.48377  3.61%     -  307s
     0     0  757.48377    0 3360  731.11029  757.48377  3.61%     -  320s
     0     0  757.48377    0 3315  731.11029  757.48377  3.61%     -  320s
     0     0  757.48377    0 3315  731.11029  757.48377  3.61%     -  324s
H    0     0                     733.3790479  757.48377  3.29%     -  340s
     0     2  757.48377    0 3315  733.37905  757.48377  3.29%     -  350s
     3     5  757.47178    2 3730  733.37905  757.48377  3.29% 14902  355s
     6     8  757.26491    3 3749  733.37905  757.44536  3.28%  9251  364s
     7     9  757.26476    4 3910  733.37905  757.44477  3.28%  8710  368s
     8    10  755.45525    4 3253  733.37905  757.43516  3.28%  8677  374s
     9    11  757.12262    5 3757  733.37905  757.43516  3.28%  8039  376s
    10    12  756.22116    5 3868  733.37905  757.43516  3.28%  8597  387s
    13    15  756.96392    7 3464  733.37905  757.43516  3.28%  8794  390s
    16    18  752.30952    9 3532  733.37905  757.43516  3.28%  9590  409s
    17    19  756.30156   10 3350  733.37905  757.43516  3.28%  9050  410s
H   26    26                     736.6726838  757.43516  2.82%  6067  414s
    27    29  756.13183   16 3323  736.67268  757.43516  2.82%  5895  417s
    38    40  755.99641   27 3114  736.67268  757.43516  2.82%  4318  420s
    54    56  755.77822   41 3126  736.67268  757.43516  2.82%  3101  425s
    78    80  755.55513   65 3095  736.67268  757.43516  2.82%  2173  464s
    81    83  755.51707   68 3111  736.67268  757.43516  2.82%  2096  467s
   108   110  755.42757   93 3110  736.67268  757.43516  2.82%  1601  471s
   135   137  755.35079  119 3085  736.67268  757.43516  2.82%  1299  476s
   162   164  755.28816  146 3072  736.67268  757.43516  2.82%  1089  480s
   201   203  755.14819  185 3067  736.67268  757.43516  2.82%   885  485s
   238   240  755.03030  221 3108  736.67268  757.43516  2.82%   757  490s
   270   272  754.95913  251 3083  736.67268  757.43516  2.82%   677  498s
   293   295  754.92806  273 3021  736.67268  757.43516  2.82%   626  500s
   352   354  754.81259  329 3026  736.67268  757.43516  2.82%   538  505s
   422   424  754.63984  397 3010  736.67268  757.43516  2.82%   457  510s
   445   447  754.13773  419 2967  736.67268  757.43516  2.82%   439  515s
   510   512  754.25698  481 2988  736.67268  757.43516  2.82%   389  520s
   580   582  754.05517  551 2989  736.67268  757.43516  2.82%   349  525s
   635   637  753.74319  602 3030  736.67268  757.43516  2.82%   327  530s
   703   705  751.34654  669 3205  736.67268  757.43516  2.82%   306  536s
   745   747  753.38568  711 3010  736.67268  757.43516  2.82%   292  540s
   812   814  753.29752  777 3007  736.67268  757.43516  2.82%   272  545s
   876   878  753.08536  840 3054  736.67268  757.43516  2.82%   256  550s
   892   894  753.04159  856 3035  736.67268  757.43516  2.82%   252  555s
   961   963  752.88466  925 3030  736.67268  757.43516  2.82%   237  560s
   979   981  752.71107  941 3027  736.67268  757.43516  2.82%   234  588s
   980   982  752.81955  942 3043  736.67268  757.43516  2.82%   234  591s
  1018  1020  750.38908  977 3287  736.67268  757.43516  2.82%   236  598s
  1026  1028  752.57611  984 2963  736.67268  757.43516  2.82%   235  600s
  1045  1047  752.50803 1002 2993  736.67268  757.43516  2.82%   234  607s
  1091  1093  752.40518 1048 3002  736.67268  757.43516  2.82%   225  610s
  1171  1173  752.30166 1128 2992  736.67268  757.43516  2.82%   212  615s
  1249  1251  752.18367 1205 2988  736.67268  757.43516  2.82%   202  620s
  1312  1314  752.04562 1267 3009  736.67268  757.43516  2.82%   195  625s
  1388  1390  751.86688 1339 2977  736.67268  757.43516  2.82%   188  630s
  1469  1471  751.68538 1418 2991  736.67268  757.43516  2.82%   181  635s
  1553  1555  751.55990 1501 2976  736.67268  757.43516  2.82%   174  640s
  1651  1653  751.41666 1599 3002  736.67268  757.43516  2.82%   165  645s
  1745  1747  751.30570 1692 2988  736.67268  757.43516  2.82%   159  650s
  1847  1849  751.07355 1794 2970  736.67268  757.43516  2.82%   151  655s
  1953  1955  750.98468 1900 2980  736.67268  757.43516  2.82%   144  660s
  2044  2046  750.47100 1989 2945  736.67268  757.43516  2.82%   139  670s
  2109  2111  749.40784 2052 2922  736.67268  757.43516  2.82%   138  675s
  2199  2201  748.46884 2140 2874  736.67268  757.43516  2.82%   134  680s
  2298  2300  747.50507 2236 2841  736.67268  757.43516  2.82%   131  685s
  2422  2424  746.95837 2357 2833  736.67268  757.43516  2.82%   126  690s
  2530  2532  746.82080 2463 2778  736.67268  757.43516  2.82%   123  695s
  2551  2552  754.49074  438 6797  736.67268  757.43516  2.82%   122  755s
  2553  2553  751.53616 1510 3213  736.67268  757.43516  2.82%   122  843s
  2554  2554  751.15316 1717 3918  736.67268  757.43516  2.82%   122  852s
  2555  2555  755.44597   85 3994  736.67268  757.34527  2.81%   122  858s
  2556  2555  753.61518  651 4121  736.67268  757.05417  2.77%   122  863s
  2557  2556  746.85577 2432 4258  736.67268  757.04248  2.77%   122  868s
  2558  2557  755.55513   67 4270  736.67268  756.94150  2.75%   122  875s
  2562  2559  747.55063 2219 4380  736.67268  756.91111  2.75%   122  882s
  2565  2561  751.00946 1844 4411  736.67268  756.90931  2.75%   122  888s
  2566  2562  754.30363  459 4389  736.67268  756.90872  2.75%   122  891s
  2567  2563  751.60448 1489 4389  736.67268  756.90872  2.75%   122  895s
  2572  2567  751.14204 1729 6797  736.67268  756.90865  2.75%   233  900s
  2574  2568  753.74818  600 3252  736.67268  756.90865  2.75%   233 1000s
  2575  2569  746.95837 2370 3953  736.67268  756.90865  2.75%   233 1012s
  2576  2570  754.10122  535 4123  736.67268  756.90865  2.75%   232 1021s
  2577  2570  754.31866  451 4513  736.67268  756.74995  2.73%   232 1028s
  2578  2571  754.87506  310 4320  736.67268  756.73314  2.72%   232 1030s
  2582  2574  746.84659 2430 4307  736.67268  756.67439  2.72%   232 1040s
  2586  2576  746.83158 2450 4418  736.67268  756.65515  2.71%   232 1047s
  2588  2578  751.82804 1357 4401  736.67268  756.65008  2.71%   231 1050s
  2590  2579  755.37368  106 4400  736.67268  756.65008  2.71%   231 1055s
  2594  2582  753.25796  792 4451  736.67268  756.64999  2.71%   231 1062s
  2596  2583  752.28070 1142 4441  736.67268  756.64999  2.71%   231 1067s
  2598  2584  751.05326 1809 4450  736.67268  756.64999  2.71%   230 1071s
  2599  2585  751.49774 1522 3412  736.67268  756.64999  2.71%   230 1092s
  2600  2586  751.67607 1429 3890  736.67268  756.64999  2.71%   230 1097s
  2601  2586  746.81770 2460 3510  736.67268  756.64900  2.71%   230 1119s
  2604  2590  753.52580  709 6797  736.67268  756.64900  2.71%   453 1120s
  2606  2591  751.42502 1572 3514  736.67268  756.64900  2.71%   453 1213s
  2607  2592  751.45622 1537 4090  736.67268  756.64900  2.71%   453 1224s
  2608  2593  746.85013 2357 4201  736.67268  756.64900  2.71%   453 1233s
  2609  2593  749.19025 2091 4461  736.67268  756.62855  2.71%   452 1239s
  2610  2594  753.54466  688 4485  736.67268  756.61072  2.71%   452 1241s
  2614  2597  750.97888 1904 4443  736.67268  756.60714  2.71%   452 1245s
  2615  2597  751.11874 1762 4571  736.67268  756.59294  2.70%   451 1251s
  2618  2599  753.11260  830 4556  736.67268  756.59234  2.70%   451 1257s
  2620  2601  753.03307  862 4841  736.67268  756.59059  2.70%   451 1260s
  2623  2603  747.31956 2319 4735  736.67268  756.58901  2.70%   450 1267s
  2624  2603  754.94377  267 4743  736.67268  756.58900  2.70%   450 1270s
  2627  2605  753.16293  812 3752  736.67268  756.58898  2.70%   449 1297s
  2628  2606  752.14162 1228 3752  736.67268  756.58898  2.70%   449 1317s
  2629  2609  756.58441   37 3884  736.67268  756.58819  2.70%   625 1332s
  2630  2609  755.24426   37 3568  736.67268  756.58387  2.70%   630 1342s
  2631  2610  756.40219   38 3965  736.67268  756.58333  2.70%   632 1348s
  2632  2611  755.13400   38 3431  736.67268  756.40145  2.68%   635 1354s
  2633  2611  754.81205   39 3764  736.67268  756.33150  2.67%   639 1361s
  2634  2612  756.03623   39 3476  736.67268  756.03623  2.63%   641 1365s
  2643  2618  755.95617   44 3437  736.67268  755.99813  2.62%   647 1370s
  2647  2621  755.84954   46 3170  736.67268  755.98153  2.62%   652 1376s
  2648  2621  751.01201   46 3068  736.67268  755.98153  2.62%   665 1392s
  2654  2625  754.16446   49 3299  736.67268  755.98153  2.62%   668 1395s
  2668  2635  754.35437   56 3301  736.67268  755.98153  2.62%   667 1400s
  2682  2644  755.42621   63 3084  736.67268  755.98153  2.62%   668 1408s
  2686  2647  754.70952   65 3250  736.67268  755.98153  2.62%   669 1410s
  2690  2649  753.01835   67 3193  736.67268  755.98153  2.62%   672 1416s
  2699  2655  755.25689   72 3175  736.67268  755.98153  2.62%   673 1420s
  2708  2661  755.18034   76 3114  736.67268  755.98153  2.62%   677 1425s
  2714  2665  753.90600   79 3266  736.67268  755.98153  2.62%   678 1431s
  2732  2677  755.08250   88 3145  736.67268  755.98153  2.62%   678 1435s
  2736  2680  752.49113   90 3221  736.67268  755.98153  2.62%   679 1440s
  2752  2691  752.42880   98 3275  736.67268  755.98153  2.62%   681 1446s
  2758  2695  753.76574  101 3225  736.67268  755.98153  2.62%   684 1450s
  2763  2698  755.35873  104 3228  736.67268  755.98153  2.62%   685 1455s
  2768  2701  753.72841  106 3196  736.67268  755.98153  2.62%   688 1460s
  2777  2707  755.24489  111 3180  736.67268  755.98153  2.62%   689 1465s
  2786  2713  753.43779  115 3262  736.67268  755.98153  2.62%   697 1476s
  2788  2715  753.47261  116 3225  736.67268  755.98153  2.62%   704 1483s
  2790  2716  753.46592  117 3332  736.67268  755.98153  2.62%   705 1488s
  2792  2717  753.37043  118 3206  736.67268  755.98153  2.62%   707 1491s
  2798  2721  754.18900  121 3178  736.67268  755.98153  2.62%   714 1502s
  2804  2725  754.95476  124 3063  736.67268  755.98153  2.62%   724 1505s
  2810  2729  753.75268  127 3157  736.67268  755.98153  2.62%   732 1514s
  2814  2732  754.12624  129 3321  736.67268  755.98153  2.62%   732 1515s
  2826  2740  753.55317  135 3385  736.67268  755.98153  2.62%   731 1520s
  2840  2749  752.86881  142 3283  736.67268  755.98153  2.62%   732 1525s
  2844  2752  752.96036  144 3316  736.67268  755.98153  2.62%   733 1530s
  2864  2765  753.29417  154 3294  736.67268  755.98153  2.62%   732 1535s
  2871  2770  754.79294  158 3100  736.67268  755.98153  2.62%   733 1540s
  2884  2779  752.57908  164 3292  736.67268  755.98153  2.62%   735 1545s
  2890  2783  746.67268  167 3124  736.67268  755.98153  2.62%   741 1553s
  2894  2785  752.04608  169 3280  736.67268  755.98153  2.62%   741 1555s
  2898  2788  752.27486  171 3328  736.67268  755.98153  2.62%   742 1561s
  2908  2795  751.99672  176 3305  736.67268  755.98153  2.62%   743 1565s
  2915  2799  754.70090  180 3154  736.67268  755.98153  2.62%   746 1570s
  2922  2804  751.99882  183 3203  736.67268  755.98153  2.62%   749 1575s
  2926  2807  752.01731  185 3292  736.67268  755.98153  2.62%   750 1580s
  2938  2815  751.42864  191 3329  736.67268  755.98153  2.62%   752 1586s
  2946  2820  751.47421  195 3284  736.67268  755.98153  2.62%   753 1590s
  2952  2824  751.48387  198 3274  736.67268  755.98153  2.62%   754 1596s
  2958  2828  751.48387  201 3278  736.67268  755.98153  2.62%   754 1626s
  2966  2833  751.35879  205 3281  736.67268  755.98153  2.62%   755 1630s
  2978  2841  751.47024  211 3311  736.67268  755.98153  2.62%   755 1635s
  2981  2843  754.64153  213 3177  736.67268  755.98153  2.62%   755 1640s
  2998  2855  750.69616  221 3296  736.67268  755.98153  2.62%   755 1645s
  3006  2860  754.28449  225 3155  736.67268  755.98153  2.62%   755 1651s
  3016  2867  750.79029  230 3273  736.67268  755.98153  2.62%   756 1655s
  3032  2877  749.99461  238 3311  736.67268  755.98153  2.62%   756 1660s
  3034  2879  749.32030  239 3238  736.67268  755.98153  2.62%   756 1666s
  3038  2881  749.30832  241 3279  736.67268  755.98153  2.62%   756 1670s
  3042  2884  749.36147  243 3313  736.67268  755.98153  2.62%   757 1676s
  3046  2887  749.33230  245 3302  736.67268  755.98153  2.62%   757 1680s
  3050  2889  751.81196  247 3214  736.67268  755.98153  2.62%   758 1685s
  3056  2893  751.94486  250 3233  736.67268  755.98153  2.62%   758 1691s
  3061  2897  754.14164  253 3105  736.67268  755.98153  2.62%   757 1695s
  3067  2901  754.14164  256 3129  736.67268  755.98153  2.62%   757 1700s
  3071  2903  754.14164  258 3105  736.67268  755.98153  2.62%   759 1705s
  3076  2907  748.01151  260 3196  736.67268  755.98153  2.62%   764 1714s
  3077  2907  754.14164  261 3104  736.67268  755.98153  2.62%   763 1715s
  3081  2910  754.14164  263 3106  736.67268  755.98153  2.62%   766 1720s
  3086  2913  747.89671  265 3190  736.67268  755.98153  2.62%   770 1726s
  3090  2916  747.94780  267 3212  736.67268  755.98153  2.62%   772 1730s
  3097  2921  754.14164  271 3106  736.67268  755.98153  2.62%   775 1735s
  3102  2924  747.53090  273 3149  736.67268  755.98153  2.62%   780 1740s
  3108  2928  746.50837  276 3178  736.67268  755.98153  2.62%   785 1745s
  3116  2933  748.10815  280 3208  736.67268  755.98153  2.62%   790 1750s
  3122  2937  747.96671  283 3217  736.67268  755.98153  2.62%   793 1755s
  3126  2940  746.95795  285 3255  736.67268  755.98153  2.62%   795 1764s
  3128  2941  746.83981  286 3228  736.67268  755.98153  2.62%   797 1766s
  3134  2945  751.89463  289 3162  736.67268  755.98153  2.62%   799 1770s
  3142  2951  744.03593  293 3178  736.67268  755.98153  2.62%   803 1776s
  3150  2956  744.03593  297 3238  736.67268  755.98153  2.62%   807 1781s
  3157  2961  754.14164  301 3104  736.67268  755.98153  2.62%   809 1785s
  3168  2968  753.04117  306 3050  736.67268  755.98153  2.62%   812 1790s
  3180  2976  751.90932  312 3181  736.67268  755.98153  2.62%   812 1795s
  3187  2981  754.14164  316 3087  736.67268  755.98153  2.62%   815 1800s
  3194  2985  747.46264  319 3190  736.67268  755.98153  2.62%   820 1805s
  3200  2989  748.73500  322 3209  736.67268  755.98153  2.62%   825 1811s
  3206  2993  748.29684  325 3205  736.67268  755.98153  2.62%   828 1816s
  3214  2999  743.82361  329 3211  736.67268  755.98153  2.62%   833 1822s
  3218  3001  743.82361  331 3198  736.67268  755.98153  2.62%   837 1826s
  3222  3004  743.82361  333 3202  736.67268  755.98153  2.62%   840 1830s
  3228  3008  752.89555  336 3053  736.67268  755.98153  2.62%   843 1839s
  3232  3011  751.10134  338 3205  736.67268  755.98153  2.62%   844 1840s
  3242  3017  752.49457  343 3143  736.67268  755.98153  2.62%   846 1845s
  3252  3024  752.59310  348 3177  736.67268  755.98153  2.62%   848 1850s
  3264  3032  752.52722  354 3151  736.67268  755.98153  2.62%   851 1855s
  3274  3039  752.90183  359 3194  736.67268  755.98153  2.62%   852 1860s
  3288  3048  752.93227  366 3195  736.67268  755.98153  2.62%   855 1865s
  3298  3055  753.02641  371 3035  736.67268  755.98153  2.62%   857 1870s
  3332  3077  753.47417  388 2997  736.67268  755.98153  2.62%   852 1875s
  3360  3096  752.88651  402 3171  736.67268  755.98153  2.62%   848 1880s
  3378  3108  751.75331  411 3216  736.67268  755.98153  2.62%   847 1885s
  3386  3113  751.63893  415 3192  736.67268  755.98153  2.62%   847 1891s
  3398  3121  752.40514  421 3205  736.67268  755.98153  2.62%   847 1895s
  3412  3131  751.68059  428 3193  736.67268  755.98153  2.62%   848 1900s
  3431  3143  753.88751  438 3017  736.67268  755.98153  2.62%   846 1905s
  3468  3168  751.85541  456 3230  736.67268  755.98153  2.62%   841 1910s
  3502  3191  753.62625  473 2999  736.67268  755.98153  2.62%   836 1915s
  3524  3205  747.93966  484 3145  736.67268  755.98153  2.62%   834 1920s
  3544  3219  750.62412  494 3178  736.67268  755.98153  2.62%   832 1925s
  3564  3232  750.49855  504 3234  736.67268  755.98153  2.62%   831 1930s
  3580  3243  750.25775  512 3231  736.67268  755.98153  2.62%   831 1935s
  3592  3251  751.69431  518 3205  736.67268  755.98153  2.62%   832 1940s
  3603  3258  753.51033  524 3030  736.67268  755.98153  2.62%   833 1947s
  3604  3259  747.86406  524 3117  736.67268  755.98153  2.62%   833 1952s
  3610  3263  750.87088  527 3159  736.67268  755.98153  2.62%   834 1955s
  3621  3270  753.50733  533 3060  736.67268  755.98153  2.62%   834 1960s
  3635  3279  753.50733  540 3057  736.67268  755.98153  2.62%   835 1965s
  3648  3288  749.70032  546 3188  736.67268  755.98153  2.62%   836 1970s
  3662  3297  751.66495  553 3138  736.67268  755.98153  2.62%   837 1975s
  3670  3303  751.89733  557 3156  736.67268  755.98153  2.62%   837 1980s
  3682  3311  749.52395  563 3173  736.67268  755.98153  2.62%   838 1985s
  3694  3319  749.23746  569 3185  736.67268  755.98153  2.62%   839 1990s
  3706  3327  749.21500  575 3195  736.67268  755.98153  2.62%   840 1995s
  3719  3335  753.45674  582 2993  736.67268  755.98153  2.62%   840 2000s
  3730  3343  749.11280  587 3167  736.67268  755.98153  2.62%   840 2051s
  3731  3343  753.43600  588 3003  736.67268  755.98153  2.62%   840 2056s
  3740  3349  751.28516  592 3177  736.67268  755.98153  2.62%   840 2060s
  3761  3363  753.40602  603 2970  736.67268  755.98153  2.62%   838 2065s
  3776  3373  753.24922  610 2947  736.67268  755.98153  2.62%   838 2070s
  3785  3379  753.35442  615 2932  736.67268  755.98153  2.62%   840 2075s
  3788  3381  753.22531  616 3002  736.67268  755.98153  2.62%   839 2080s
  3812  3397  750.49740  628 3072  736.67268  755.98153  2.62%   838 2086s
  3830  3409  752.62933  637 3075  736.67268  755.98153  2.62%   836 2090s
  3854  3425  739.02664  649 3242  736.67268  755.98153  2.62%   836 2097s
  3856  3427  739.02664  650 3232  736.67268  755.98153  2.62%   839 2101s
  3864  3432  748.77171  654 3145  736.67268  755.98153  2.62%   841 2106s
  3868  3435  753.04396  656 3115  736.67268  755.98153  2.62%   843 2110s
  3874  3439  745.07185  659 3021  736.67268  755.98153  2.62%   845 2115s
  3886  3447  752.26574  665 2958  736.67268  755.98153  2.62%   846 2120s
  3918  3468  748.71446  681 2895  736.67268  755.98153  2.62%   842 2125s
  3941  3483  753.15350  693 2967  736.67268  755.98153  2.62%   839 2168s
  3942  3484  751.74688  693 2948  736.67268  755.98153  2.62%   839 2175s
  3947  3487  753.12611  696 2957  736.67268  755.98153  2.62%   839 2180s
  3954  3492  752.29082  699 2948  736.67268  755.98153  2.62%   838 2185s
  3961  3497  753.03901  703 2973  736.67268  755.98153  2.62%   837 2190s
  3969  3502  752.67276  707 2936  736.67268  755.98153  2.62%   836 2195s
  3976  3507  748.72144  710 2940  736.67268  755.98153  2.62%   835 2200s
  3984  3512  751.38031  714 2845  736.67268  755.98153  2.62%   835 2205s
  3991  3517  752.64999  718 2939  736.67268  755.98153  2.62%   834 2210s
  4010  3529  748.23957  727 2909  736.67268  755.98153  2.62%   832 2215s
  4039  3549  752.60907  742 2924  736.67268  755.98153  2.62%   830 2220s
  4064  3565  747.45047  754 2895  736.67268  755.98153  2.62%   828 2225s
  4066  3567  750.63738  755 2896  736.67268  755.98153  2.62%   828 2230s
  4087  3581  752.58169  766 2912  736.67268  755.98153  2.62%   827 2235s
  4111  3597  752.57469  778 2923  736.67268  755.98153  2.62%   826 2240s
  4132  3611  746.64142  788 2871  736.67268  755.98153  2.62%   826 2245s
  4156  3627  746.62650  800 2864  736.67268  755.98153  2.62%   826 2250s
  4179  3642  752.55975  812 2917  736.67268  755.98153  2.62%   825 2255s
  4201  3657  752.55156  823 2897  736.67268  755.98153  2.62%   825 2260s
  4226  3673  745.85458  835 2889  736.67268  755.98153  2.62%   824 2265s
  4253  3691  752.27108  849 2913  736.67268  755.98153  2.62%   824 2270s
  4268  3701  751.55092  856 2817  736.67268  755.98153  2.62%   825 2275s
  4290  3716  751.22010  867 2805  736.67268  755.98153  2.62%   825 2280s
  4338  3746  751.19414  891 2819  736.67268  755.98153  2.62%   819 2285s
  4372  3769  751.47876  908 2859  736.67268  755.98153  2.62%   816 2290s
  4410  3792  741.14709  927 2808  736.67268  755.98153  2.62%   812 2295s
  4436  3809  744.77933  940 2815  736.67268  755.98153  2.62%   811 2300s
  4460  3825  742.14990  952 2784  736.67268  755.98153  2.62%   812 2305s
  4480  3839  744.33526  962 2801  736.67268  755.98153  2.62%   811 2313s
  4482  3840  749.87814  963 2852  736.67268  755.98153  2.62%   811 2315s
  4489  3845  751.26776  967 2846  736.67268  755.98153  2.62%   810 2320s
  4496  3849  749.69804  970 2855  736.67268  755.98153  2.62%   809 2325s
  4512  3860  750.79604  978 2802  736.67268  755.98153  2.62%   809 2330s
  4544  3881  746.73475  994 2809  736.67268  755.98153  2.62%   807 2335s
  4572  3900  746.46541 1008 2803  736.67268  755.98153  2.62%   806 2340s
  4608  3924  747.03608 1026 2800  736.67268  755.98153  2.62%   804 2345s
  4648  3951  746.28071 1046 2803  736.67268  755.98153  2.62%   801 2350s
  4690  3979  748.24724 1067 2787  736.67268  755.98153  2.62%   797 2355s
  4724  4001  748.61843 1084 2811  736.67268  755.98153  2.62%   795 2360s
  4766  4029  746.63266 1105 2780  736.67268  755.98153  2.62%   792 2365s
  4811  4059  750.10933 1128 2833  736.67268  755.98153  2.62%   788 2370s
  4855  4089  749.99635 1150 2827  736.67268  755.98153  2.62%   784 2375s
  4892  4113  746.94292 1168 2804  736.67268  755.98153  2.62%   782 2380s
  4934  4141  743.62935 1189 2746  736.67268  755.98153  2.62%   779 2385s
  4979  4171  749.19309 1212 2814  736.67268  755.98153  2.62%   775 2390s
  5027  4203  748.76509 1236 2772  736.67268  755.98153  2.62%   771 2395s
  5051  4219  748.24218 1248 2780  736.67268  755.98153  2.62%   768 2403s
  5061  4226  748.00904 1253 2763  736.67268  755.98153  2.62%   767 2405s
  5094  4248  745.91457 1269 2731  736.67268  755.98153  2.62%   765 2410s
  5134  4275  743.59385 1289 2688  736.67268  755.98153  2.62%   761 2415s
  5178  4304  745.92721 1311 2742  736.67268  755.98153  2.62%   758 2426s
  5210  4325  745.52798 1327 2728  736.67268  755.98153  2.62%   755 2430s
  5262  4360  742.95564 1353 2673  736.67268  755.98153  2.62%   750 2435s
  5314  4395  744.72529 1379 2717  736.67268  755.98153  2.62%   746 2440s
  5358  4424  744.82122 1401 2765  736.67268  755.98153  2.62%   742 2445s
  5411  4459  745.52039 1428 2768  736.67268  755.98153  2.62%   738 2450s
  5463  4494  745.21479 1454 2761  736.67268  755.98153  2.62%   734 2455s
  5515  4529  744.69206 1480 2730  736.67268  755.98153  2.62%   729 2460s
  5562  4560  744.30606 1503 2702  736.67268  755.98153  2.62%   726 2465s
  5608  4591  742.74755 1526 2694  736.67268  755.98153  2.62%   722 2470s
  5652  4620  743.53532 1548 2668  736.67268  755.98153  2.62%   719 2475s
  5699  4651  744.54171 1572 2719  736.67268  755.98153  2.62%   715 2480s
  5734  4675  743.38950 1589 2693  736.67268  755.98153  2.62%   713 2485s
  5776  4703  743.22361 1610 2691  736.67268  755.98153  2.62%   710 2490s
  5821  4733  744.34862 1633 2702  736.67268  755.98153  2.62%   706 2495s
  5860  4759  739.38227 1652 2620  736.67268  755.98153  2.62%   704 2500s
  5892  4780  743.39971 1668 2739  736.67268  755.98153  2.62%   703 2505s
  5924  4801  743.03405 1684 2673  736.67268  755.98153  2.62%   701 2510s
  5966  4829  742.79116 1705 2702  736.67268  755.98153  2.62%   699 2515s
  6014  4861  741.52126 1729 2654  736.67268  755.98153  2.62%   695 2520s
  6022  4867  742.25790 1733 2673  736.67268  755.98153  2.62%   695 2526s
  6046  4883  741.54879 1745 2673  736.67268  755.98153  2.62%   693 2530s
  6090  4912  741.81249 1767 2648  736.67268  755.98153  2.62%   690 2535s
  6135  4942  743.51271 1790 2670  736.67268  755.98153  2.62%   687 2540s
  6178  4971  742.38499 1811 2661  736.67268  755.98153  2.62%   684 2545s
  6228  5004  741.33558 1836 2676  736.67268  755.98153  2.62%   681 2550s
  6277  5037  742.73645 1861 2675  736.67268  755.98153  2.62%   678 2555s
  6326  5069  740.32312 1885 2655  736.67268  755.98153  2.62%   675 2560s
  6370  5099  740.42162 1907 2664  736.67268  755.98153  2.62%   672 2565s
  6419  5131  742.09625 1932 2672  736.67268  755.98153  2.62%   669 2570s
  6468  5164  738.13762 1956 2661  736.67268  755.98153  2.62%   666 2575s
  6516  5196  739.63435 1980 2656  736.67268  755.98153  2.62%   663 2580s
  6568  5231  740.22589 2006 2672  736.67268  755.98153  2.62%   660 2585s
  6613  5261  741.64256 2029 2663  736.67268  755.98153  2.62%   658 2590s
Created node file directory 'node_files\s10_ts0/grbnodes0'
  6655  5289  741.54648 2050 2668  736.67268  755.98153  2.62%   656 2595s
  6698  5317  737.37706 2071 2638  736.67268  755.98153  2.62%   654 2600s
  6742  5347  740.31102 2093 2665  736.67268  755.98153  2.62%   651 2605s
  6789  5378  741.22451 2117 2663  736.67268  755.98153  2.62%   649 2610s
  6828  5403  737.78917 2136 2613  736.67268  755.98153  2.62%   647 2615s
  6879  5429  741.12773 2162 2647  736.67268  755.98153  2.62%   644 2620s
  6939  5461  738.66371 2192 2615  736.67268  755.98153  2.62%   640 2625s
  7023  5482  737.63743 2234 2576  736.67268  755.98153  2.62%   633 2630s
  7097  5468  755.81583   44 3298  736.67268  755.97989  2.62%   628 2636s
  7098  5469  750.72867   44 3206  736.67268  755.97989  2.62%   630 2652s
  7100  5470  755.75516   45 3258  736.67268  755.97989  2.62%   630 2655s
  7105  5474  755.75251   48 3364  736.67268  755.97989  2.62%   630 2660s
  7121  5484  755.56206   56 3256  736.67268  755.97989  2.62%   630 2665s
  7148  5502  755.04786   69 3172  736.67268  755.97989  2.62%   629 2670s
  7172  5518  754.97581   81 3160  736.67268  755.97989  2.62%   629 2675s
  7178  5522  754.58027   84 3163  736.67268  755.97989  2.62%   629 2680s
  7184  5526  754.79563   87 3203  736.67268  755.97989  2.62%   629 2685s
  7196  5534  754.97126   93 3216  736.67268  755.97989  2.62%   630 2690s
  7224  5553  754.83883  107 3156  736.67268  755.97989  2.62%   629 2695s
  7254  5573  752.89063  122 3351  736.67268  755.97989  2.62%   628 2700s
  7262  5576  751.55659  126 3291  736.67268  755.97989  2.62%   628 2705s
  7272  5583  752.91988  131 3394  736.67268  755.97989  2.62%   629 2710s
  7284  5591  746.67268  137 3196  736.67268  755.97989  2.62%   630 2715s
  7299  5601  754.29485  145 3107  736.67268  755.97989  2.62%   630 2720s
  7302  5603  753.78534  146 3098  736.67268  755.97989  2.62%   630 2730s
  7307  5606  754.24544  149 3194  736.67268  755.97989  2.62%   629 2735s
  7313  5610  754.17938  152 3182  736.67268  755.97989  2.62%   629 2740s
  7346  5632  753.98734  168 3139  736.67268  755.97989  2.62%   628 2745s
  7372  5650  745.72234  181 3534  736.67268  755.97989  2.62%   627 2750s
  7394  5664  746.25993  192 3163  736.67268  755.97989  2.62%   627 2755s
  7418  5680  752.28735  204 3272  736.67268  755.97989  2.62%   627 2760s
  7460  5708  753.55021  225 3116  736.67268  755.97989  2.62%   625 2765s
  7465  5712  753.86529  228 3122  736.67268  755.97989  2.62%   625 2770s
  7470  5715  752.50358  230 3142  736.67268  755.97989  2.62%   625 2775s
  7490  5728  753.59546  240 3126  736.67268  755.97989  2.62%   624 2780s
  7524  5751  753.23804  257 3130  736.67268  755.97989  2.62%   622 2785s
  7561  5776  753.52333  276 3098  736.67268  755.97989  2.62%   621 2790s
  7578  5787  749.00846  284 3239  736.67268  755.97989  2.62%   621 2795s
  7586  5792  748.85451  288 3226  736.67268  755.97989  2.62%   621 2800s
  7606  5806  748.95181  298 3177  736.67268  755.97989  2.62%   621 2805s
  7624  5818  748.44051  307 3238  736.67268  755.97989  2.62%   621 2811s
  7632  5823  748.44829  311 3263  736.67268  755.97989  2.62%   622 2815s
  7640  5828  748.69244  315 3199  736.67268  755.97989  2.62%   622 2820s
  7646  5832  747.71546  318 3204  736.67268  755.97989  2.62%   623 2831s
  7655  5838  753.43968  323 3104  736.67268  755.97989  2.62%   624 2835s
  7666  5846  748.37627  328 3231  736.67268  755.97989  2.62%   624 2841s
  7672  5850  748.32528  331 3211  736.67268  755.97989  2.62%   626 2846s
  7678  5854  748.26484  334 3192  736.67268  755.97989  2.62%   626 2851s
  7684  5858  748.19713  337 3237  736.67268  755.97989  2.62%   627 2855s
  7693  5864  753.41402  342 3107  736.67268  755.97989  2.62%   628 2860s
  7712  5876  747.08044  351 3216  736.67268  755.97989  2.62%   628 2866s
  7716  5879  747.38531  353 3188  736.67268  755.97989  2.62%   628 2870s
  7722  5883  747.24297  356 3186  736.67268  755.97989  2.62%   629 2876s
  7726  5886  747.08044  358 3157  736.67268  755.97989  2.62%   630 2880s
  7734  5891  747.33613  362 3208  736.67268  755.97989  2.62%   631 2885s
  7740  5895  747.32858  365 3214  736.67268  755.97989  2.62%   632 2891s
  7750  5902  748.08410  370 3284  736.67268  755.97989  2.62%   632 2895s
  7779  5921  753.20051  385 3163  736.67268  755.97989  2.62%   632 2900s
  7800  5935  748.64717  395 3107  736.67268  755.97989  2.62%   633 2910s
  7804  5938  753.20051  397 3172  736.67268  755.97989  2.62%   633 2916s
  7808  5940  753.10173  399 3119  736.67268  755.97989  2.62%   633 2920s
  7812  5943  751.22004  401 3093  736.67268  755.97989  2.62%   633 2925s
  7820  5948  751.69815  405 3121  736.67268  755.97989  2.62%   633 2932s
  7823  5950  753.20051  407 3175  736.67268  755.97989  2.62%   633 2935s
  7830  5955  752.05708  410 3101  736.67268  755.97989  2.62%   633 2940s
  7837  5960  753.20051  414 3159  736.67268  755.97989  2.62%   633 2945s
  7866  5979  752.17443  428 3095  736.67268  755.97989  2.62%   633 2950s
  7896  5999  752.58274  443 3124  736.67268  755.97989  2.62%   633 2955s
  7929  6021  753.20051  460 3173  736.67268  755.97989  2.62%   633 2960s
  7968  6047  752.48327  479 3129  736.67268  755.97989  2.62%   632 2965s
  7985  6058  752.98947  488 3148  736.67268  755.97989  2.62%   631 2970s
  8044  6098  750.56014  517 3096  736.67268  755.97989  2.62%   628 2975s
  8098  6134  751.96254  544 3126  736.67268  755.97989  2.62%   625 2980s
  8156  6172  750.97316  573 3107  736.67268  755.97989  2.62%   622 2985s
  8210  6206  752.17111  600 3105  736.67268  755.97989  2.62%   619 2990s
  8272  6248  751.87281  631 3119  736.67268  755.97989  2.62%   615 2995s
  8326  6284  751.26425  658 3120  736.67268  755.97989  2.62%   613 3000s
  8362  6308  749.95341  676 3108  736.67268  755.97989  2.62%   612 3005s
  8420  6346  751.99176  705 3093  736.67268  755.97989  2.62%   609 3010s
  8473  6382  752.35114  732 3149  736.67268  755.97989  2.62%   606 3015s
  8532  6421  751.47217  761 3123  736.67268  755.97989  2.62%   603 3020s
  8550  6433  752.07773  770 3121  736.67268  755.97989  2.62%   602 3028s
  8560  6440  751.77738  775 3110  736.67268  755.97989  2.62%   602 3030s
  8616  6477  751.34443  803 3121  736.67268  755.97989  2.62%   599 3035s
  8669  6512  752.17126  830 3136  736.67268  755.97989  2.62%   596 3040s
  8730  6553  750.06500  860 3079  736.67268  755.97989  2.62%   593 3045s
  8788  6592  749.05716  889 3095  736.67268  755.97989  2.62%   590 3050s
  8854  6636  750.95921  922 3131  736.67268  755.97989  2.62%   587 3055s
  8905  6670  751.98765  948 3143  736.67268  755.97989  2.62%   584 3061s
  8911  6674  751.98765  951 3142  736.67268  755.97989  2.62%   584 3065s
  8972  6714  749.25831  981 3115  736.67268  755.97989  2.62%   581 3070s
  9002  6734  748.68396  996 3054  736.67268  755.97989  2.62%   579 3075s
  9053  6768  751.69105 1022 3100  736.67268  755.97989  2.62%   577 3080s
  9076  6784  746.80862 1033 3036  736.67268  755.97989  2.62%   576 3085s
  9120  6813  749.05661 1055 3046  736.67268  755.97989  2.62%   575 3090s
  9177  6851  751.54884 1084 3079  736.67268  755.97989  2.62%   572 3095s
  9237  6891  751.49879 1114 3086  736.67268  755.97989  2.62%   570 3100s
  9298  6932  749.68498 1144 3030  736.67268  755.97989  2.62%   567 3105s
  9340  6960  750.45043 1165 3023  736.67268  755.97989  2.62%   566 3110s
  9388  6992  750.58908 1189 2989  736.67268  755.97989  2.62%   564 3115s
  9444  7029  748.01822 1217 2926  736.67268  755.97989  2.62%   562 3120s
  9484  7056  745.41084 1237 2920  736.67268  755.97989  2.62%   561 3125s
  9527  7084  751.21992 1259 3005  736.67268  755.97989  2.62%   560 3130s
  9572  7112  750.66541 1281 2964  736.67268  755.97989  2.62%   559 3135s
  9617  7142  750.49112 1304 2980  736.67268  755.97989  2.62%   558 3140s
  9668  7174  748.04865 1329 2938  736.67268  755.97989  2.62%   556 3145s
  9706  7200  749.21460 1348 2941  736.67268  755.97989  2.62%   555 3150s
  9755  7232  749.38183 1373 2961  736.67268  755.97989  2.62%   553 3155s
  9804  7265  748.04665 1397 2896  736.67268  755.97989  2.62%   551 3160s
  9858  7299  744.04988 1424 2866  736.67268  755.97989  2.62%   549 3165s
  9924  7341  747.06951 1457 2869  736.67268  755.97989  2.62%   546 3170s
  9970  7372  746.20918 1480 2863  736.67268  755.97989  2.62%   545 3176s
  9974  7374  747.31192 1482 2769  736.67268  755.97989  2.62%   545 3184s
  9975  7375  747.41246 1483 2846  736.67268  755.97989  2.62%   545 3185s
 10004  7394  747.11264 1497 2793  736.67268  755.97989  2.62%   544 3190s
 10034  7414  745.90421 1512 2855  736.67268  755.97989  2.62%   544 3195s
 10068  7437  747.06480 1529 2800  736.67268  755.97989  2.62%   543 3200s
 10102  7460  745.59305 1546 2751  736.67268  755.97989  2.62%   543 3205s
 10132  7480  746.91657 1561 2777  736.67268  755.97989  2.62%   543 3210s
 10158  7497  747.13017 1574 2780  736.67268  755.97989  2.62%   542 3215s
 10190  7518  746.77553 1590 2856  736.67268  755.97989  2.62%   542 3220s
 10227  7543  747.17999 1609 2806  736.67268  755.97989  2.62%   542 3225s
 10260  7565  746.93505 1625 2803  736.67268  755.97989  2.62%   541 3230s
 10280  7578  750.65321  874 6797  736.67268  755.97989  2.62%   541 3771s
 10282  7579  750.97316  574 3323  736.67268  755.97989  2.62%   541 3866s
 10283  7580  751.20044  494 4038  736.67268  755.97989  2.62%   541 3877s
 10284  7581  753.14132  627 4332  736.67268  755.97989  2.62%   541 3886s
 10285  7581  751.33784  789 4451  736.67268  755.97989  2.62%   541 3890s
 10287  7583  751.53022  877 4567  736.67268  755.97989  2.62%   541 3895s
 10291  7585  753.11922  305 4628  736.67268  755.97989  2.62%   540 3901s
 10292  7586  751.03607 1096 4448  736.67268  755.97989  2.62%   540 3906s
 10294  7587  751.18539  892 4504  736.67268  755.97989  2.62%   540 3945s
 10295  7588  752.57890  340 4847  736.67268  755.97989  2.62%   540 3952s
 10296  7589  752.88683  192 4921  736.67268  755.97989  2.62%   540 3955s
 10299  7591  748.62058  302 4835  736.67268  755.97989  2.62%   540 3990s
 10303  7593  751.24907 1194 4908  736.67268  755.97989  2.62%   540 4028s
 10304  7594  748.15735 1175 4874  736.67268  755.97989  2.62%   540 4030s
 10305  7595  751.97567  455 4886  736.67268  755.97989  2.62%   540 4065s
 10307  7596  752.01982  539 4883  736.67268  755.97989  2.62%   540 4102s
 10308  7597  749.79703  903 4879  736.67268  755.97989  2.62%   540 4105s
 10309  7597  752.74399  673 4888  736.67268  755.97989  2.62%   540 4139s
 10310  7598  749.44855  435 4883  736.67268  755.97989  2.62%   539 4141s
 10311  7599  748.93390 1054 4895  736.67268  755.97989  2.62%   539 4180s
 10313  7600  751.58739  851 4838  736.67268  755.97989  2.62%   539 4221s
 10315  7601  750.61777  880 4878  736.67268  755.97989  2.62%   539 4261s
 10316  7602  750.90921  894 4897  736.67268  755.97989  2.62%   539 4265s
 10317  7603  754.72530   91 4890  736.67268  755.97989  2.62%   539 4303s
 10318  7603  752.27081  172 4874  736.67268  755.97989  2.62%   539 4328s
 10319  7604  755.58971   56 4881  736.67268  755.97989  2.62%   539 4368s
 10320  7605  753.11922  305 4898  736.67268  755.97989  2.62%   539 4371s
