
Gurobi 12.0.1 (win64) logging started Mon Dec 29 17:48:20 2025

Set parameter LogFile to value "data\dblrp\grb_log_ef_s10_ts0_f10_c50_r2.0_iss1_bt1_nsp5000_nse2000_sd7.log"
Set parameter NodefileStart to value 0.5
Set parameter NodefileDir to value "node_files\s10_ts0"
Set parameter MIPGap to value 0.01
Set parameter TimeLimit to value 7200
Set parameter Threads to value 1
Gurobi Optimizer version 12.0.1 build v12.0.1rc0 (win64 - Windows 11.0 (26100.2))

CPU model: Intel(R) Core(TM) i9-14900K, instruction set [SSE2|AVX|AVX2]
Thread count: 24 physical cores, 32 logical processors, using up to 1 threads

Non-default parameters:
TimeLimit  7200
MIPGap  0.01
NodefileStart  0.5
Threads  1

Optimize a model with 68062500 rows, 22705310 columns and 183967500 nonzeros
Model fingerprint: 0x4903ca66
Variable types: 0 continuous, 22705310 integer (22680010 binary)
Coefficient statistics:
  Matrix range     [1e+00, 7e+01]
  Objective range  [1e+00, 1e+01]
  Bounds range     [1e+00, 4e+01]
  RHS range        [1e+00, 4e+01]
Presolve removed 0 rows and 0 columns (presolve time = 11s)...
Presolve removed 1260000 rows and 0 columns (presolve time = 25s)...
Presolve removed 1260000 rows and 0 columns (presolve time = 30s)...
Presolve removed 1260000 rows and 4700 columns (presolve time = 37s)...
Presolve removed 24493242 rows and 4700 columns (presolve time = 43s)...
Presolve removed 67314622 rows and 4800 columns (presolve time = 48s)...
Presolve removed 67314622 rows and 4800 columns (presolve time = 51s)...
Presolve removed 67433534 rows and 22070832 columns (presolve time = 55s)...
Presolve removed 67528950 rows and 22150270 columns (presolve time = 61s)...
Presolve removed 67528950 rows and 22150270 columns
Presolve time: 60.95s
Presolved: 533550 rows, 555040 columns, 3213660 nonzeros
Variable types: 0 continuous, 555040 integer (538250 binary)
Found heuristic solution: objective -100.0000000
Performing another presolve...
Presolve removed 343272 rows and 18759 columns (presolve time = 5s)...
Presolve removed 482066 rows and 25738 columns
Presolve time: 6.25s
Performing another presolve...
Presolve removed 35108 rows and 3997 columns
Presolve time: 3.65s

Root simplex log...

Iteration    Objective       Primal Inf.    Dual Inf.      Time
       0    2.1981679e+05   2.280573e+05   0.000000e+00    108s
   38966    1.3162584e+03   1.159796e+04   0.000000e+00    110s
   88756    1.0364490e+03   8.258164e+03   0.000000e+00    115s
  100037    1.0286512e+03   7.057211e+03   0.000000e+00    120s
  110857    1.0277986e+03   1.151487e+04   0.000000e+00    125s
  127059    1.0204835e+03   8.318728e+03   0.000000e+00    130s
  139643    1.0195538e+03   1.643778e+04   0.000000e+00    135s
  149407    9.8376062e+02   3.347624e+03   0.000000e+00    140s
  155168    9.8370092e+02   1.590024e+03   0.000000e+00    145s
  161592    9.8297433e+02   1.437975e+03   0.000000e+00    150s
  166626    9.8294510e+02   1.333686e+03   0.000000e+00    155s
  172109    9.8241917e+02   2.304171e+03   0.000000e+00    160s
  178438    9.8223031e+02   5.903553e+02   0.000000e+00    165s
  183405    9.8150413e+02   3.815940e+02   0.000000e+00    170s
  188765    9.8150037e+02   5.187049e+02   0.000000e+00    175s
  193495    9.8132734e+02   3.715053e+01   0.000000e+00    180s
  194363    9.8132716e+02   0.000000e+00   0.000000e+00    181s

Root relaxation: objective 9.813272e+02, 194363 iterations, 74.05 seconds (200.48 work units)
Total elapsed time = 181.28s (DegenMoves)
Total elapsed time = 187.21s (DegenMoves)
Total elapsed time = 194.38s (DegenMoves)
Total elapsed time = 198.51s (DegenMoves)

    Nodes    |    Current Node    |     Objective Bounds      |     Work
 Expl Unexpl |  Obj  Depth IntInf | Incumbent    BestBd   Gap | It/Node Time

     0     0  981.32716    0 4460 -100.00000  981.32716  1081%     -  203s
     0     0  979.49433    0 4349 -100.00000  979.49433  1079%     -  214s
     0     0  976.97904    0 4213 -100.00000  976.97904  1077%     -  228s
     0     0  976.56046    0 4399 -100.00000  976.56046  1077%     -  232s
     0     0  976.55764    0 4401 -100.00000  976.55764  1077%     -  233s
     0     0  976.55764    0 4404 -100.00000  976.55764  1077%     -  233s
H    0     0                      -0.0000000  976.55764      -     -  234s
H    0     0                     208.1509237  976.55764   369%     -  235s
H    0     0                     358.9339877  976.55764   172%     -  237s
H    0     0                     364.5401273  976.55764   168%     -  242s
H    0     0                     368.8617228  976.55764   165%     -  243s
H    0     0                     460.7667313  976.55764   112%     -  244s
H    0     0                     778.4935899  976.55764  25.4%     -  246s
H    0     0                     780.7574405  976.55764  25.1%     -  247s
H    0     0                     782.7290909  976.55764  24.8%     -  249s
H    0     0                     783.1574360  976.55764  24.7%     -  250s
H    0     0                     826.4307177  976.55764  18.2%     -  252s
H    0     0                     842.8228512  976.55764  15.9%     -  256s
H    0     0                     846.3758546  976.55764  15.4%     -  257s
H    0     0                     878.6193798  976.55764  11.1%     -  266s
H    0     0                     885.3923154  976.55764  10.3%     -  270s
H    0     0                     891.8913885  976.55764  9.49%     -  272s
H    0     0                     940.3809915  976.55764  3.85%     -  277s
H    0     0                     940.3809920  976.55764  3.85%     -  278s
H    0     0                     941.0150115  976.55764  3.78%     -  282s
     0     0  976.09922    0 4792  941.01501  976.09922  3.73%     -  296s
     0     0  976.09854    0 4800  941.01501  976.09854  3.73%     -  297s
     0     0  976.09854    0 4812  941.01501  976.09854  3.73%     -  297s
H    0     0                     941.5837020  976.08298  3.66%     -  308s
H    0     0                     941.5837036  976.08298  3.66%     -  310s
H    0     0                     942.9461199  976.08298  3.51%     -  320s
H    0     0                     944.2083397  976.08298  3.38%     -  343s
H    0     0                     944.2083429  976.08298  3.38%     -  346s
H    0     0                     944.2083502  976.08298  3.38%     -  353s
     0     0  976.08298    0 4837  944.20835  976.08298  3.38%     -  381s
     0     0  976.08298    0 4866  944.20835  976.08298  3.38%     -  381s
     0     0  976.08298    0 4868  944.20835  976.08298  3.38%     -  381s
     0     0  975.85868    0 4964  944.20835  975.85868  3.35%     -  390s
     0     0  975.85489    0 4946  944.20835  975.85489  3.35%     -  391s
     0     0  975.85489    0 4929  944.20835  975.85489  3.35%     -  391s
     0     0  975.85349    0 4960  944.20835  975.85349  3.35%     -  393s
     0     0  975.85349    0 4967  944.20835  975.85349  3.35%     -  393s
     0     0  975.85349    0 4971  944.20835  975.85349  3.35%     -  393s
     0     0  975.85349    0 4970  944.20835  975.85349  3.35%     -  393s
     0     0  975.71453    0 5118  944.20835  975.71453  3.34%     -  401s
     0     0  975.71058    0 5045  944.20835  975.71058  3.34%     -  402s
     0     0  975.71040    0 5029  944.20835  975.71040  3.34%     -  402s
     0     0  975.71040    0 5026  944.20835  975.71040  3.34%     -  402s
     0     0  975.66377    0 5103  944.20835  975.66377  3.33%     -  405s
     0     0  975.66377    0 5087  944.20835  975.66377  3.33%     -  405s
     0     0  975.66279    0 5124  944.20835  975.66279  3.33%     -  406s
     0     0  975.66279    0 5141  944.20835  975.66279  3.33%     -  406s
     0     0  975.66013    0 5120  944.20835  975.66013  3.33%     -  407s
     0     0  975.65925    0 5123  944.20835  975.65925  3.33%     -  407s
     0     0  975.65925    0 3651  944.20835  975.65925  3.33%     -  439s
H    0     0                     944.2083508  975.65925  3.33%     -  451s
     0     2  975.65798    0 3651  944.20835  975.65798  3.33%     -  470s
     2     4  975.65798    1 4224  944.20835  975.65798  3.33% 35438  475s
     6     8  975.51298    3 4288  944.20835  975.65798  3.33% 12700  481s
     8    10  975.36534    4 4302  944.20835  975.65798  3.33% 10125  486s
H    9     9                     946.1529877  975.65798  3.12%  9000  496s
H    9     9                     946.8167592  975.65798  3.05%  9000  504s
H    9     9                     948.0789805  975.65798  2.91%  9000  511s
    10    12  973.60573    5 3584  948.07898  975.65798  2.91% 10212  525s
    13    15  974.13430    7 4059  948.07898  975.65798  2.91%  8455  533s
    14    16  974.63874    7 3797  948.07898  975.65798  2.91%  8498  540s
    22    24  974.24501   14 3902  948.07898  975.65798  2.91%  5634  545s
H   26    26                     950.9491833  975.65798  2.60%  4794  548s
H   26    26                     952.0554407  975.65798  2.48%  4794  549s
    28    30  974.04903   19 3900  952.05544  975.65798  2.48%  4544  550s
H   52    52                     952.7580930  975.65798  2.40%  2468  556s
H   52    52                     953.1712019  975.65798  2.36%  2468  557s
H   52    52                     954.6414425  975.65798  2.20%  2468  559s
    52    54  973.86435   42 3910  954.64144  975.65798  2.20%  2468  562s
    75    77  973.70332   65 3901  954.64144  975.65798  2.20%  1722  565s
   115   117  973.56578  105 3913  954.64144  975.65798  2.20%  1132  570s
   153   155  973.31273  138 3869  954.64144  975.65798  2.20%   868  575s
   208   210  973.03461  191 3888  954.64144  975.65798  2.20%   648  580s
   267   269  972.89277  249 3887  954.64144  975.65798  2.20%   511  585s
   324   326  972.76294  304 3871  954.64144  975.65798  2.20%   426  590s
   378   380  972.51820  356 3864  954.64144  975.65798  2.20%   371  595s
   437   439  972.26058  413 3874  954.64144  975.65798  2.20%   326  600s
   488   490  971.59553  459 3855  954.64144  975.65798  2.20%   298  605s
   536   538  971.28595  505 3875  954.64144  975.65798  2.20%   279  610s
   586   588  971.04632  552 3868  954.64144  975.65798  2.20%   264  615s
   654   656  970.92120  620 3851  954.64144  975.65798  2.20%   238  620s
   723   725  970.68437  688 3797  954.64144  975.65798  2.20%   217  625s
H  757   757                     956.9645298  975.65798  1.95%   208  639s
H  757   757                     956.9645301  975.65798  1.95%   208  645s
H  757   757                     956.9645303  975.65798  1.95%   208  663s
H  757   757                     957.1569700  975.65798  1.93%   208  673s
H  757   757                     958.1962250  975.65798  1.82%   208  675s
H  757   757                     960.1194346  975.65798  1.62%   208  690s
H  757   757                     960.1194376  975.65798  1.62%   208  692s
   757   759  970.59860  722 3815  960.11944  975.65798  1.62%   208  701s
   758   760  970.59860  723 3815  960.11944  975.65798  1.62%   208  761s
   791   793  970.52110  755 3830  960.11944  975.65798  1.62%   201  765s
   849   851  970.33937  811 3845  960.11944  975.65798  1.62%   190  770s
   896   898  970.06099  857 3794  960.11944  975.65798  1.62%   184  775s
   946   948  969.87165  906 3805  960.11944  975.65798  1.62%   178  780s
   991   993  969.62979  950 3773  960.11944  975.65798  1.62%   175  785s
  1045  1047  969.33124 1003 3757  960.11944  975.65798  1.62%   171  790s
  1093  1095  969.05353 1051 3745  960.11944  975.65798  1.62%   167  795s
  1146  1148  968.82857 1104 3757  960.11944  975.65798  1.62%   165  800s
  1200  1202  968.38895 1156 3764  960.11944  975.65798  1.62%   161  805s
  1255  1257  968.19983 1210 3743  960.11944  975.65798  1.62%   158  810s
  1308  1310  967.97240 1263 3702  960.11944  975.65798  1.62%   154  815s
  1364  1366  967.79972 1319 3741  960.11944  975.65798  1.62%   151  820s
  1417  1419  967.59054 1369 3759  960.11944  975.65798  1.62%   149  825s
  1469  1471  967.24315 1421 3750  960.11944  975.65798  1.62%   147  830s
  1526  1528  966.13874 1478 3695  960.11944  975.65798  1.62%   145  835s
  1574  1576  966.85662 1525 3742  960.11944  975.65798  1.62%   143  840s
  1631  1633  966.70305 1582 3747  960.11944  975.65798  1.62%   141  845s
  1680  1682  966.33536 1630 3746  960.11944  975.65798  1.62%   139  850s
  1728  1730  965.89540 1678 3719  960.11944  975.65798  1.62%   138  855s
  1775  1777  965.72124 1725 3760  960.11944  975.65798  1.62%   136  860s
  1834  1836  965.43327 1784 3788  960.11944  975.65798  1.62%   134  865s
  1893  1895  965.00702 1841 3774  960.11944  975.65798  1.62%   132  870s
  1958  1960  964.66375 1905 3784  960.11944  975.65798  1.62%   129  875s
  2013  2015  963.82134 1958 3717  960.11944  975.65798  1.62%   129  880s
  2073  2075  964.20165 2018 3787  960.11944  975.65798  1.62%   127  885s
  2127  2129  963.93225 2072 3713  960.11944  975.65798  1.62%   125  890s
  2187  2189  963.80037 2130 3712  960.11944  975.65798  1.62%   123  895s
  2246  2248  963.64013 2188 3746  960.11944  975.65798  1.62%   122  900s
  2290  2292  963.47443 2227 3728  960.11944  975.65798  1.62%   122  905s
  2348  2350  963.35102 2284 3708  960.11944  975.65798  1.62%   120  910s
  2411  2413  963.01832 2347 3597  960.11944  975.65798  1.62%   118  915s
  2464  2466  962.75931 2399 3600  960.11944  975.65798  1.62%   117  920s
  2522  2524  962.54646 2457 3593  960.11944  975.65798  1.62%   116  925s
  2551  2550  973.69983   66 8181  960.11944  975.65798  1.62%   116 1007s
  2553  2551  971.28595  507 3423  960.11944  975.65798  1.62%   116 1137s
  2554  2552  968.28648 1176 4099  960.11944  975.65798  1.62%   116 1208s
  2555  2553  962.99443 2347 4588  960.11944  975.57850  1.61%   116 1217s
  2556  2553  966.68647 1597 4502  960.11944  975.41267  1.59%   116 1224s
  2557  2554  970.59553  730 4660  960.11944  975.38352  1.59%   116 1231s
  2558  2555  963.04700 2327 4789  960.11944  975.28241  1.58%   116 1238s
  2559  2555  968.63772 1134 4866  960.11944  975.27172  1.58%   116 1243s
  2560  2556  966.48744 1604 4835  960.11944  975.26369  1.58%   116 1245s
  2562  2557  973.80332   47 4832  960.11944  975.26085  1.58%   116 1250s
  2564  2559  969.69585  463 4811  960.11944  975.26022  1.58%   116 1255s
  2566  2560  968.20039 1204 4825  960.11944  975.25901  1.58%   116 1260s
  2568  2561  972.80170  267 4842  960.11944  975.25806  1.58%   115 1268s
  2571  2565  965.62589 1736 8181  960.11944  975.25806  1.58%   277 1270s
  2573  2566  966.13351 1479 3540  960.11944  975.25806  1.58%   277 1384s
  2574  2567  970.76651  653 4237  960.11944  975.25806  1.58%   276 1447s
  2575  2568  962.70593 2421 4512  960.11944  975.25806  1.58%   276 1457s
  2576  2568  972.51856  348 4734  960.11944  975.22539  1.57%   276 1464s
  2577  2569  966.74734 1564 4786  960.11944  975.17631  1.57%   276 1470s
  2578  2570  972.76516  287 4881  960.11944  975.00419  1.55%   276 1477s
  2579  2570  964.54335 1931 5005  960.11944  974.98228  1.55%   276 1482s
  2581  2572  968.86766 1093 5006  960.11944  974.97891  1.55%   276 1487s
  2583  2573  970.92923  605 4979  960.11944  974.97094  1.55%   276 1491s
  2585  2574  969.58345  959 4981  960.11944  974.97094  1.55%   275 1495s
  2590  2579  968.17408 1228 8181  960.11944  974.97094  1.55%   437 1500s
  2592  2580  962.41883 2354 3467  960.11944  974.97094  1.55%   437 1614s
  2593  2581  962.72520 2410 4595  960.11944  974.97094  1.55%   436 1669s
  2594  2582  967.78722 1331 4608  960.11944  974.97094  1.55%   436 1675s
  2598  2584  970.38073  794 4710  960.11944  974.96700  1.55%   436 1682s
  2599  2585  964.29158 1991 4740  960.11944  974.85547  1.53%   435 1691s
  2601  2586  970.96830  595 4793  960.11944  974.84466  1.53%   435 1695s
  2603  2588  970.66742  688 4917  960.11944  974.81214  1.53%   435 1707s
  2604  2588  970.59860  722 4950  960.11944  974.80650  1.53%   435 1710s
  2607  2590  966.88785 1493 4963  960.11944  974.80448  1.53%   434 1716s
  2609  2592  966.88785 1495 4991  960.11944  974.80437  1.53%   434 1720s
  2612  2594  963.81904 2122 4976  960.11944  974.80360  1.53%   433 1727s
  2614  2595  968.24406 1196 4975  960.11944  974.80344  1.53%   433 1731s
  2617  2597  972.26058  414 4975  960.11944  974.79998  1.53%   432 1735s
  2620  2599  963.45825 2234 4973  960.11944  974.79912  1.53%   432 1740s
  2624  2602  962.68364 2424 4994  960.11944  974.79878  1.53%   431 1746s
  2626  2603  967.77339 1336 4981  960.11944  974.79865  1.53%   431 1750s
  2632  2608  972.83174  268 3393  960.11944  974.79863  1.53%   607 1891s
  2633  2609  968.82857 1105 4423  960.11944  974.79863  1.53%   607 1933s
  2634  2610  967.82719 1308 4492  960.11944  974.79863  1.53%   607 1939s
  2635  2610  972.89576  230 4688  960.11944  974.79863  1.53%   606 1942s
  2641  2614  970.68554  683 4790  960.11944  974.79753  1.53%   605 1948s
  2642  2615  970.57623  739 4875  960.11944  974.73186  1.52%   605 1957s
  2643  2616  966.39945 1613 4899  960.11944  974.72154  1.52%   605 1960s
  2645  2617  969.35827 1001 4980  960.11944  974.68315  1.52%   604 1974s
  2646  2618  974.01742   22 5056  960.11944  974.68132  1.52%   604 1977s
  2648  2619  971.33377  501 5043  960.11944  974.68085  1.52%   603 1981s
  2649  2620  973.24225  165 5026  960.11944  974.61780  1.51%   603 1987s
  2651  2621  973.69983   66 4987  960.11944  974.61557  1.51%   603 1992s
  2652  2622  969.16062 1027 4999  960.11944  974.61478  1.51%   602 2019s
  2654  2623  968.28648 1176 5017  960.11944  974.61478  1.51%   602 2022s
  2656  2624  966.68647 1597 5026  960.11944  974.61478  1.51%   602 2027s
  2658  2626  963.04700 2327 5038  960.11944  974.61478  1.51%   601 2030s
  2662  2630  973.80332   47 8181  960.11944  974.61210  1.51%   761 2036s
  2664  2631  969.69585  463 3486  960.11944  974.61210  1.51%   760 2153s
  2665  2632  972.82918  271 4111  960.11944  974.61210  1.51%   760 2215s
  2666  2633  968.20039 1204 4518  960.11944  974.61210  1.51%   760 2223s
  2667  2633  965.61065 1743 4776  960.11944  974.61210  1.51%   759 2227s
  2669  2635  967.52415 1384 4778  960.11944  974.61210  1.51%   759 2231s
  2671  2636  965.62589 1736 4853  960.11944  974.61210  1.51%   758 2236s
  2672  2637  969.00963 1067 4893  960.11944  974.59477  1.51%   758 2246s
  2674  2638  970.76651  653 4968  960.11944  974.58756  1.51%   757 2250s
  2677  2640  966.74734 1564 4641  960.11944  974.54703  1.50%   757 2263s
  2678  2641  972.76516  287 4679  960.11944  974.54500  1.50%   756 2265s
  2681  2643  968.86766 1093 4702  960.11944  974.54364  1.50%   755 2272s
  2683  2644  970.92923  605 4710  960.11944  974.53944  1.50%   755 2276s
  2685  2645  969.58345  959 4710  960.11944  974.53944  1.50%   754 2280s
  2688  2647  973.60382   87 4681  960.11944  974.53944  1.50%   753 2286s
  2690  2649  968.17408 1228 4684  960.11944  974.53941  1.50%   753 2290s
  2696  2654  963.04700 2323 3427  960.11944  974.53914  1.50%   910 2433s
  2697  2655  964.86608 1868 4385  960.11944  974.53914  1.50%   910 2482s
  2698  2656  970.38073  794 4374  960.11944  974.53914  1.50%   910 2488s
  2699  2656  964.29158 1991 4265  960.11944  974.53914  1.50%   909 2490s
  2704  2660  970.59860  722 4460  960.11944  974.53737  1.50%   908 2496s
  2705  2660  972.33807  397 4641  960.11944  974.50874  1.50%   907 2503s
  2706  2661  960.20306 2465 4873  960.11944  974.49736  1.50%   907 2505s
  2709  2663  966.88785 1495 4908  960.11944  974.49619  1.50%   906 2511s
  2710  2664  972.56413  326 4933  960.11944  974.48743  1.50%   906 2518s
  2711  2664  968.20039 1204 5015  960.11944  974.48545  1.50%   905 2520s
  2714  2666  968.24406 1196 4888  960.11944  974.48145  1.50%   904 2525s
  2717  2668  972.26058  414 4937  960.11944  974.47905  1.50%   903 2530s
  2721  2671  963.91704 2088 4910  960.11944  974.47483  1.50%   902 2535s
  2725  2674  970.02483  861 4912  960.11944  974.47248  1.49%   901 2541s
  2728  2676  970.99743  570 4893  960.11944  974.47095  1.49%   900 2545s
  2732  2678  972.83174  268 4882  960.11944  974.46970  1.49%   898 2552s
  2738  2683  963.65499 2185 3721  960.11944  974.46890  1.49%  1061 2691s
  2739  2684  969.95182  889 4302  960.11944  974.46890  1.49%  1060 2757s
  2740  2685  974.13177    8 4563  960.11944  974.46890  1.49%  1060 2762s
  2741  2685  970.68554  683 4666  960.11944  974.46890  1.49%  1060 2766s
  2745  2688  969.35827 1001 4695  960.11944  974.46860  1.49%  1058 2771s
  2746  2689  974.01742   22 5030  960.11944  974.45838  1.49%  1058 2778s
  2747  2689  970.70672  673 5066  960.11944  974.45519  1.49%  1057 2780s
  2749  2691  973.24225  165 5139  960.11944  974.44807  1.49%  1057 2790s
  2752  2693  969.16062 1027 5095  960.11944  974.44483  1.49%  1055 2796s
  2754  2694  968.28648 1176 5080  960.11944  974.44285  1.49%  1055 2800s
  2757  2696  970.59553  730 5088  960.11944  974.44269  1.49%  1054 2805s
  2760  2698  966.48744 1604 5075  960.11944  974.44248  1.49%  1052 2812s
  2762  2699  973.80332   47 5091  960.11944  974.43937  1.49%  1052 2816s
  2763  2700  968.68847 1124 5080  960.11944  974.43937  1.49%  1051 2820s
  2764  2701  969.69585  463 3957  960.11944  974.43937  1.49%  1051 2852s
  2765  2701  972.82918  271 4360  960.11944  974.43937  1.49%  1051 2859s
  2766  2702  968.20039 1204 3598  960.11944  974.43937  1.49%  1050 2886s
  2767  2703  965.61065 1743 3598  960.11944  974.43937  1.49%  1050 2899s
  2768  2703  972.80170  267 3598  960.11944  974.43937  1.49%  1049 2914s
  2769  2706  973.93062   86 4083  960.11944  974.43937  1.49%  1407 2948s
  2770  2707  974.03515   86 4325  960.11944  974.03515  1.45%  1409 2957s
  2771  2707  973.52484   87 4002  960.11944  974.03515  1.45%  1410 2963s
  2772  2708  973.09100   87 3996  960.11944  973.93062  1.44%  1412 2970s
  2774  2709  973.05087   88 4184  960.11944  973.93062  1.44%  1418 2989s
  2775  2710  973.47132   89 4085  960.11944  973.93062  1.44%  1418 2990s
  2777  2711  973.39005   90 4302  960.11944  973.93062  1.44%  1417 2995s
  2778  2712  972.98662   90 4346  960.11944  973.93062  1.44%  1419 3003s
  2780  2713  972.71670   91 4467  960.11944  973.93062  1.44%  1420 3011s
  2781  2714  972.61561   92 3910  960.11944  973.93062  1.44%  1422 3017s
  2782  2715  971.27236   92 4192  960.11944  973.93062  1.44%  1427 3031s
  2786  2717  972.47931   94 3919  960.11944  973.93062  1.44%  1426 3035s
  2790  2720  972.25411   96 3895  960.11944  973.93062  1.44%  1424 3040s
  2795  2723  972.36289   99 3951  960.11944  973.93062  1.44%  1422 3045s
  2798  2725  972.33687  100 3940  960.11944  973.93062  1.44%  1421 3050s
  2801  2727  972.33687  102 3940  960.11944  973.93062  1.44%  1420 3055s
  2804  2729  971.92781  103 3905  960.11944  973.93062  1.44%  1419 3060s
  2806  2731  971.34999  104 3950  960.11944  973.93062  1.44%  1420 3065s
  2808  2732  970.97538  105 3938  960.11944  973.93062  1.44%  1421 3070s
  2812  2735  970.89517  107 3914  960.11944  973.93062  1.44%  1421 3078s
  2814  2736  969.64762  108 3934  960.11944  973.93062  1.44%  1422 3084s
  2816  2737  969.41005  109 3855  960.11944  973.93062  1.44%  1423 3087s
  2820  2740  972.09645  111 3936  960.11944  973.93062  1.44%  1423 3090s
  2824  2743  967.00176  113 4144  960.11944  973.93062  1.44%  1425 3097s
  2825  2743  972.27170  114 3976  960.11944  973.93062  1.44%  1426 3100s
  2830  2747  971.07736  116 4186  960.11944  973.93062  1.44%  1426 3111s
  2834  2749  972.01195  118 3798  960.11944  973.93062  1.44%  1428 3119s
  2835  2750  971.81856  119 3902  960.11944  973.93062  1.44%  1429 3121s
  2836  2751  971.27142  119 3950  960.11944  973.93062  1.44%  1432 3128s
  2838  2752  969.38450  120 3773  960.11944  973.93062  1.44%  1436 3135s
  2841  2754  971.13122  122 3781  960.11944  973.93062  1.44%  1436 3140s
  2846  2757  970.62487  124 3831  960.11944  973.93062  1.44%  1436 3145s
  2848  2757     cutoff  125       960.11944  973.93062  1.44%  1445 3161s
H 2849  2619                     961.5896718  973.93062  1.28%  1444 3183s
  2850  2622  964.64122  126 3654  961.58967  973.93062  1.28%  1452 3185s
  2852  2621     cutoff  127       961.58967  973.93062  1.28%  1463 3197s
  2856  2624  964.64122  129 3506  961.58967  973.93062  1.28%  1462 3200s
  2864  2629  963.93850  133 3520  961.58967  973.93062  1.28%  1461 3205s
  2870  2633  963.34779  136 3490  961.58967  973.93062  1.28%  1463 3210s
H 2875  2506                     961.5896723  973.93062  1.28%  1464 3256s
  2875  2508  964.64122  139 3489  961.58967  973.93062  1.28%  1464 3275s
  2878  2508     cutoff  140       961.58967  973.93062  1.28%  1466 3280s
  2882  2510  962.80728  142 3499  961.58967  973.93062  1.28%  1467 3285s
  2888  2512     cutoff  145       961.58967  973.93062  1.28%  1469 3290s
  2896  2510     cutoff  149       961.58967  973.93062  1.28%  1472 3295s
  2904  2507     cutoff  153       961.58967  973.93062  1.28%  1475 3300s
  2911  2506  964.64122  157 3500  961.58967  973.93062  1.28%  1478 3305s
  2916  2503     cutoff  159       961.58967  973.93062  1.28%  1481 3310s
  2924  2502  961.61766  163 3490  961.58967  973.93062  1.28%  1485 3316s
  2932  2500     cutoff  167       961.58967  973.93062  1.28%  1489 3322s
  2936  2498     cutoff  169       961.58967  973.93062  1.28%  1493 3326s
  2942  2496     cutoff  172       961.58967  973.93062  1.28%  1496 3331s
  2946  2497  962.92977  174 3464  961.58967  973.93062  1.28%  1498 3335s
  2952  2497     cutoff  177       961.58967  973.93062  1.28%  1503 3341s
H 2958  2370                     961.8085594  973.93062  1.26%  1503 3367s
  2958  2370 infeasible  180       961.80856  973.93062  1.26%  1506 3397s
  2960  2369     cutoff  181       961.80856  973.93062  1.26%  1508 3400s
  2964  2368     cutoff  183       961.80856  973.93062  1.26%  1512 3406s
  2968  2367     cutoff  185       961.80856  973.93062  1.26%  1516 3410s
  2974  2365     cutoff  188       961.80856  973.93062  1.26%  1519 3415s
  2978  2363     cutoff  190       961.80856  973.93062  1.26%  1522 3420s
  2980  2363     cutoff  191       961.80856  973.93062  1.26%  1524 3425s
  2986  2361     cutoff  194       961.80856  973.93062  1.26%  1528 3430s
  2993  2359  964.64122  198 3506  961.80856  973.93062  1.26%  1531 3435s
  3000  2356     cutoff  201       961.80856  973.93062  1.26%  1534 3440s
  3007  2355  964.64122  205 3507  961.80856  973.93062  1.26%  1536 3445s
  3012  2352     cutoff  207       961.80856  973.93062  1.26%  1542 3450s
  3016  2351     cutoff  209       961.80856  973.93062  1.26%  1546 3455s
  3020  2349     cutoff  211       961.80856  973.93062  1.26%  1552 3461s
  3024  2348     cutoff  213       961.80856  973.93062  1.26%  1558 3466s
  3028  2347     cutoff  215       961.80856  973.93062  1.26%  1562 3471s
  3032  2345     cutoff  217       961.80856  973.93062  1.26%  1566 3476s
  3033  2346  964.64122  218 3507  961.80856  973.93062  1.26%  1566 3480s
  3036  2344     cutoff  219       961.80856  973.93062  1.26%  1571 3486s
  3040  2343     cutoff  221       961.80856  973.93062  1.26%  1576 3491s
  3044  2341     cutoff  223       961.80856  973.93062  1.26%  1582 3496s
  3048  2342  962.10244  225 3468  961.80856  973.93062  1.26%  1585 3501s
  3052  2343     cutoff  227       961.80856  973.93062  1.26%  1589 3507s
  3056  2345  962.29504  229 3468  961.80856  973.93062  1.26%  1592 3511s
  3060  2348  962.27805  231 3481  961.80856  973.93062  1.26%  1595 3516s
  3064  2349  962.82787  233 3463  961.80856  973.93062  1.26%  1597 3520s
  3068  2349  963.11294  235 3424  961.80856  973.93062  1.26%  1601 3525s
  3076  2353  962.55796  239 3487  961.80856  973.93062  1.26%  1602 3530s
  3082  2351     cutoff  242       961.80856  973.93062  1.26%  1605 3535s
  3088  2351     cutoff  245       961.80856  973.93062  1.26%  1608 3541s
  3094  2349     cutoff  248       961.80856  973.93062  1.26%  1610 3545s
  3100  2347     cutoff  251       961.80856  973.93062  1.26%  1614 3551s
  3106  2351  963.32767  254 3499  961.80856  973.93062  1.26%  1615 3556s
  3111  2354  964.64122  257 3478  961.80856  973.93062  1.26%  1616 3560s
  3116  2357  964.09622  259 3451  961.80856  973.93062  1.26%  1619 3565s
  3122  2359     cutoff  262       961.80856  973.93062  1.26%  1621 3571s
H 3125  2241                     961.8085682  973.93062  1.26%  1623 3593s
H 3125  2112                     962.8114132  973.93062  1.15%  1623 3628s
  3125  2114  964.64122  264 3479  962.81141  973.93062  1.15%  1623 3658s
  3126  2113     cutoff  264       962.81141  973.93062  1.15%  1625 3660s
  3130  2112     cutoff  266       962.81141  973.93062  1.15%  1627 3666s
  3134  2110     cutoff  268       962.81141  973.93062  1.15%  1629 3670s
  3138  2109     cutoff  270       962.81141  973.93062  1.15%  1632 3675s
  3144  2107     cutoff  273       962.81141  973.93062  1.15%  1637 3681s
  3148  2106     cutoff  275       962.81141  973.93062  1.15%  1639 3686s
  3154  2104     cutoff  278       962.81141  973.93062  1.15%  1642 3691s
  3158  2102     cutoff  280       962.81141  973.93062  1.15%  1644 3695s
  3164  2100     cutoff  283       962.81141  973.93062  1.15%  1647 3701s
  3171  2099  964.64122  287 3485  962.81141  973.93062  1.15%  1648 3705s
  3176  2096     cutoff  289       962.81141  973.93062  1.15%  1651 3710s
  3184  2094     cutoff  293       962.81141  973.93062  1.15%  1654 3716s
  3190  2092     cutoff  296       962.81141  973.93062  1.15%  1657 3721s
  3196  2090     cutoff  299       962.81141  973.93062  1.15%  1659 3725s
  3202  2088     cutoff  302       962.81141  973.93062  1.15%  1661 3731s
  3208  2086     cutoff  305       962.81141  973.93062  1.15%  1664 3736s
  3214  2084     cutoff  308       962.81141  973.93062  1.15%  1667 3741s
  3218  2082     cutoff  310       962.81141  973.93062  1.15%  1669 3745s
  3226  2080     cutoff  314       962.81141  973.93062  1.15%  1673 3751s
  3230  2078     cutoff  316       962.81141  973.93062  1.15%  1675 3755s
  3236  2076     cutoff  319       962.81141  973.93062  1.15%  1678 3761s
  3240  2075     cutoff  321       962.81141  973.93062  1.15%  1680 3765s
  3246  2073     cutoff  324       962.81141  973.93062  1.15%  1684 3771s
  3251  2074  964.64122  327 3493  962.81141  973.93062  1.15%  1685 3775s
  3254  2072     cutoff  328       962.81141  973.93062  1.15%  1689 3780s
  3264  2077     cutoff  333       962.81141  973.93062  1.15%  1689 3785s
  3270  2075     cutoff  336       962.81141  973.93062  1.15%  1693 3791s
  3278  2072     cutoff  340       962.81141  973.93062  1.15%  1695 3796s
  3284  2070     cutoff  343       962.81141  973.93062  1.15%  1697 3800s
  3290  2068     cutoff  346       962.81141  973.93062  1.15%  1701 3806s
  3294  2067     cutoff  348       962.81141  973.93062  1.15%  1703 3810s
  3300  2065     cutoff  351       962.81141  973.93062  1.15%  1707 3816s
  3305  2064  964.64122  354 3490  962.81141  973.93062  1.15%  1708 3820s
  3310  2062     cutoff  356       962.81141  973.93062  1.15%  1714 3826s
  3314  2060     cutoff  358       962.81141  973.93062  1.15%  1717 3830s
  3318  2059     cutoff  360       962.81141  973.93062  1.15%  1719 3835s
  3324  2059     cutoff  363       962.81141  973.93062  1.15%  1723 3841s
  3328  2058     cutoff  365       962.81141  973.93062  1.15%  1726 3846s
  3332  2056     cutoff  367       962.81141  973.93062  1.15%  1729 3850s
  3336  2055     cutoff  369       962.81141  973.93062  1.15%  1731 3855s
  3340  2054     cutoff  371       962.81141  973.93062  1.15%  1734 3860s
  3346  2052     cutoff  374       962.81141  973.93062  1.15%  1739 3866s
  3350  2050     cutoff  376       962.81141  973.93062  1.15%  1742 3870s
  3354  2049     cutoff  378       962.81141  973.93062  1.15%  1746 3875s
  3359  2048  964.64122  381 3460  962.81141  973.93062  1.15%  1747 3880s
  3364  2046     cutoff  383       962.81141  973.93062  1.15%  1752 3886s
  3368  2044     cutoff  385       962.81141  973.93062  1.15%  1755 3890s
  3374  2042     cutoff  388       962.81141  973.93062  1.15%  1758 3896s
  3379  2042  964.64122  391 3463  962.81141  973.93062  1.15%  1760 3900s
  3382  2040     cutoff  392       962.81141  973.93062  1.15%  1763 3905s
  3388  2038     cutoff  395       962.81141  973.93062  1.15%  1768 3911s
  3392  2036     cutoff  397       962.81141  973.93062  1.15%  1770 3915s
  3398  2034     cutoff  400       962.81141  973.93062  1.15%  1772 3920s
  3404  2032     cutoff  403       962.81141  973.93062  1.15%  1775 3925s
  3408  2031     cutoff  405       962.81141  973.93062  1.15%  1778 3931s
  3412  2030     cutoff  407       962.81141  973.93062  1.15%  1781 3935s
  3418  2028     cutoff  410       962.81141  973.93062  1.15%  1785 3940s
  3422  2026     cutoff  412       962.81141  973.93062  1.15%  1788 3945s
  3428  2024     cutoff  415       962.81141  973.93062  1.15%  1790 3950s
  3434  2022     cutoff  418       962.81141  973.93062  1.15%  1792 3955s
  3441  2021  964.64122  422 3503  962.81141  973.93062  1.15%  1794 3960s
  3448  2018     cutoff  425       962.81141  973.93062  1.15%  1797 3965s
  3454  2016     cutoff  428       962.81141  973.93062  1.15%  1799 3970s
  3461  2014  964.64122  432 3501  962.81141  973.93062  1.15%  1801 3975s
  3468  2011     cutoff  435       962.81141  973.93062  1.15%  1804 3981s
  3474  2009     cutoff  438       962.81141  973.93062  1.15%  1806 3985s
H 3481  1901                     962.8114140  973.93062  1.15%  1808 4046s
  3483  1902  964.64122  443 3501  962.81141  973.93062  1.15%  1808 4050s
  3488  1899     cutoff  445       962.81141  973.93062  1.15%  1810 4055s
  3495  1898  964.64122  449 3502  962.81141  973.93062  1.15%  1812 4060s
  3502  1895     cutoff  452       962.81141  973.93062  1.15%  1815 4065s
  3508  1893     cutoff  455       962.81141  973.93062  1.15%  1817 4070s
  3514  1891     cutoff  458       962.81141  973.93062  1.15%  1819 4075s
  3520  1889     cutoff  461       962.81141  973.93062  1.15%  1821 4080s
  3526  1889  964.64122  464 3441  962.81141  973.93062  1.15%  1823 4085s
  3538  1897  964.03277  470 3369  962.81141  973.93062  1.15%  1820 4090s
  3550  1901  963.44929  476 3432  962.81141  973.93062  1.15%  1818 4095s
  3554  1899     cutoff  478       962.81141  973.93062  1.15%  1818 4100s
  3559  1903  964.64122  481 3420  962.81141  973.93062  1.15%  1818 4105s
  3563  1905  964.64122  483 3411  962.81141  973.93062  1.15%  1817 4110s
  3567  1906  964.64122  485 3442  962.81141  973.93062  1.15%  1818 4115s
  3572  1909  964.64122  487 3353  962.81141  973.93062  1.15%  1817 4120s
  3577  1913  964.64122  490 3389  962.81141  973.93062  1.15%  1816 4125s
  3586  1919  963.93452  494 3350  962.81141  973.93062  1.15%  1814 4131s
  3595  1925  964.64122  499 3389  962.81141  973.93062  1.15%  1812 4135s
  3608  1931     cutoff  505       962.81141  973.93062  1.15%  1810 4140s
  3614  1930     cutoff  508       962.81141  973.93062  1.15%  1811 4145s
  3620  1928     cutoff  511       962.81141  973.93062  1.15%  1813 4150s
  3626  1926     cutoff  514       962.81141  973.93062  1.15%  1816 4155s
  3632  1924     cutoff  517       962.81141  973.93062  1.15%  1818 4160s
  3638  1922     cutoff  520       962.81141  973.93062  1.15%  1820 4165s
  3644  1920     cutoff  523       962.81141  973.93062  1.15%  1823 4170s
  3652  1918     cutoff  527       962.81141  973.93062  1.15%  1825 4176s
  3656  1916     cutoff  529       962.81141  973.93062  1.15%  1827 4180s
  3662  1914     cutoff  532       962.81141  973.93062  1.15%  1829 4185s
  3674  1922  964.64122  538 3369  962.81141  973.93062  1.15%  1827 4190s
  3684  1921     cutoff  543       962.81141  973.93062  1.15%  1827 4195s
  3690  1919     cutoff  546       962.81141  973.93062  1.15%  1830 4200s
  3696  1917     cutoff  549       962.81141  973.93062  1.15%  1831 4205s
  3702  1915     cutoff  552       962.81141  973.93062  1.15%  1833 4210s
  3710  1912     cutoff  556       962.81141  973.93062  1.15%  1836 4216s
  3716  1910     cutoff  559       962.81141  973.93062  1.15%  1837 4220s
  3722  1908     cutoff  562       962.81141  973.93062  1.15%  1839 4226s
  3728  1906     cutoff  565       962.81141  973.93062  1.15%  1841 4230s
  3734  1904     cutoff  568       962.81141  973.93062  1.15%  1842 4235s
  3740  1902     cutoff  571       962.81141  973.93062  1.15%  1843 4240s
  3748  1900     cutoff  575       962.81141  973.93062  1.15%  1846 4246s
  3752  1898     cutoff  577       962.81141  973.93062  1.15%  1847 4250s
  3760  1896     cutoff  581       962.81141  973.93062  1.15%  1849 4256s
  3766  1894     cutoff  584       962.81141  973.93062  1.15%  1850 4260s
  3772  1892     cutoff  587       962.81141  973.93062  1.15%  1852 4265s
  3778  1890     cutoff  590       962.81141  973.93062  1.15%  1853 4271s
  3784  1890  962.88449  593 3339  962.81141  973.93062  1.15%  1854 4275s
  3790  1892  964.21413  596 3345  962.81141  973.93062  1.15%  1855 4280s
  3796  1892     cutoff  599       962.81141  973.93062  1.15%  1857 4285s
  3803  1892  964.64122  603 3376  962.81141  973.93062  1.15%  1857 4290s
  3808  1890     cutoff  605       962.81141  973.93062  1.15%  1859 4295s
  3816  1889  963.12291  609 3330  962.81141  973.93062  1.15%  1860 4300s
  3823  1888  964.64122  613 3363  962.81141  973.93062  1.15%  1862 4305s
  3830  1888     cutoff  616       962.81141  973.93062  1.15%  1863 4310s
  3836  1890  963.76157  619 3311  962.81141  973.93062  1.15%  1865 4315s
  3842  1890     cutoff  622       962.81141  973.93062  1.15%  1867 4321s
  3848  1888     cutoff  625       962.81141  973.93062  1.15%  1869 4326s
  3858  1889  964.64122  630 3357  962.81141  973.93062  1.15%  1867 4330s
  3866  1892  963.83841  634 3319  962.81141  973.93062  1.15%  1868 4335s
  3874  1896     cutoff  638       962.81141  973.93062  1.15%  1868 4340s
  3880  1898  963.12251  641 3331  962.81141  973.93062  1.15%  1869 4345s
  3888  1901  963.21235  645 3287  962.81141  973.93062  1.15%  1870 4350s
  3895  1904  964.64122  649 3362  962.81141  973.93062  1.15%  1870 4355s
  3906  1901     cutoff  654       962.81141  973.93062  1.15%  1871 4361s
  3911  1902  964.64122  657 3370  962.81141  973.93062  1.15%  1871 4365s
  3918  1901     cutoff  660       962.81141  973.93062  1.15%  1872 4370s
  3926  1901  962.85214  664 3323  962.81141  973.93062  1.15%  1873 4375s
  3932  1905  963.56995  667 3303  962.81141  973.93062  1.15%  1875 4381s
  3938  1907  964.64122  670 3361  962.81141  973.93062  1.15%  1876 4385s
  3941  1907  964.64122  672 3365  962.81141  973.93062  1.15%  1875 4436s
  3945  1906  964.64122  674 3365  962.81141  973.93062  1.15%  1875 4440s
  3950  1903     cutoff  676       962.81141  973.93062  1.15%  1877 4445s
  3956  1905  964.17131  679 3314  962.81141  973.93062  1.15%  1878 4450s
  3962  1909  964.64122  682 3307  962.81141  973.93062  1.15%  1879 4455s
  3970  1911     cutoff  686       962.81141  973.93062  1.15%  1879 4461s
  3976  1915  964.44139  689 3299  962.81141  973.93062  1.15%  1880 4466s
  3984  1916     cutoff  693       962.81141  973.93062  1.15%  1881 4471s
  3988  1915     cutoff  695       962.81141  973.93062  1.15%  1882 4475s
  3994  1915     cutoff  698       962.81141  973.93062  1.15%  1884 4480s
  4000  1915  962.87743  701 3324  962.81141  973.93062  1.15%  1885 4485s
  4006  1915  962.83247  704 3302  962.81141  973.93062  1.15%  1886 4490s
  4014  1920  962.84703  708 3337  962.81141  973.93062  1.15%  1888 4496s
  4018  1921     cutoff  710       962.81141  973.93062  1.15%  1889 4500s
  4026  1922  963.50112  714 3327  962.81141  973.93062  1.15%  1890 4506s
  4032  1926  963.67340  717 3307  962.81141  973.93062  1.15%  1891 4511s
  4038  1930  963.12462  720 3329  962.81141  973.93062  1.15%  1892 4516s
  4044  1934  963.23766  723 3275  962.81141  973.93062  1.15%  1894 4521s
  4050  1938  963.36126  726 3302  962.81141  973.93062  1.15%  1895 4526s
  4056  1942  963.91948  729 3302  962.81141  973.93062  1.15%  1896 4531s
  4064  1945  963.02077  733 3317  962.81141  973.93062  1.15%  1897 4536s
  4070  1945     cutoff  736       962.81141  973.93062  1.15%  1897 4540s
  4076  1949  963.40478  739 3274  962.81141  973.93062  1.15%  1898 4545s
  4082  1953  963.60884  742 3320  962.81141  973.93062  1.15%  1898 4550s
  4088  1957  963.57792  745 3325  962.81141  973.93062  1.15%  1899 4555s
  4096  1963  963.55261  749 3362  962.81141  973.93062  1.15%  1900 4561s
  4102  1967  963.13078  752 3304  962.81141  973.93062  1.15%  1901 4565s
  4108  1965     cutoff  755       962.81141  973.93062  1.15%  1903 4571s
  4114  1969  964.53055  758 3318  962.81141  973.93062  1.15%  1903 4576s
  4120  1973  963.79367  761 3305  962.81141  973.93062  1.15%  1904 4580s
  4126  1977  964.36743  764 3330  962.81141  973.93062  1.15%  1905 4585s
  4132  1981  963.21961  767 3269  962.81141  973.93062  1.15%  1906 4590s
  4138  1983  963.27067  770 3287  962.81141  973.93062  1.15%  1906 4595s
  4144  1987  964.20209  773 3301  962.81141  973.93062  1.15%  1907 4600s
  4151  1991  964.64122  777 3358  962.81141  973.93062  1.15%  1907 4605s
  4158  1988     cutoff  780       962.81141  973.93062  1.15%  1908 4610s
  4166  1993  963.11097  784 3347  962.81141  973.93062  1.15%  1908 4616s
  4172  1995  964.64122  787 3352  962.81141  973.93062  1.15%  1909 4620s
  4178  1999  963.74196  790 3303  962.81141  973.93062  1.15%  1909 4625s
  4186  1999     cutoff  794       962.81141  973.93062  1.15%  1910 4630s
  4192  2003  963.45586  797 3341  962.81141  973.93062  1.15%  1911 4635s
  4199  2007  964.64122  801 3361  962.81141  973.93062  1.15%  1911 4640s
  4206  2012  963.06848  804 3315  962.81141  973.93062  1.15%  1912 4645s
  4213  2013  964.64122  808 3370  962.81141  973.93062  1.15%  1912 4650s
  4220  2015  964.64122  811 3280  962.81141  973.93062  1.15%  1913 4655s
  4226  2019  963.55593  814 3312  962.81141  973.93062  1.15%  1914 4660s
  4234  2025  964.00619  818 3302  962.81141  973.93062  1.15%  1915 4666s
  4240  2029  963.54577  821 3328  962.81141  973.93062  1.15%  1916 4671s
  4246  2033  963.80653  824 3305  962.81141  973.93062  1.15%  1917 4676s
  4250  2035  963.31078  826 3329  962.81141  973.93062  1.15%  1918 4680s
  4258  2041  963.51765  830 3315  962.81141  973.93062  1.15%  1919 4686s
  4264  2044  964.64122  833 3324  962.81141  973.93062  1.15%  1919 4690s
  4281  2053  964.64122  842 3308  962.81141  973.93062  1.15%  1914 4695s
  4294  2062  963.62732  848 3278  962.81141  973.93062  1.15%  1913 4700s
  4304  2068  964.64122  853 3303  962.81141  973.93062  1.15%  1911 4706s
  4308  2071  964.64122  855 3315  962.81141  973.93062  1.15%  1910 4711s
  4314  2071     cutoff  858       962.81141  973.93062  1.15%  1909 4715s
  4322  2068     cutoff  862       962.81141  973.93062  1.15%  1908 4720s
  4330  2072  962.93557  866 3251  962.81141  973.93062  1.15%  1907 4725s
  4342  2068     cutoff  872       962.81141  973.93062  1.15%  1906 4730s
  4356  2065  962.94152  879 3264  962.81141  973.93062  1.15%  1906 4735s
  4367  2062  964.64122  885 3284  962.81141  973.93062  1.15%  1905 4774s
  4368  2061     cutoff  885       962.81141  973.93062  1.15%  1905 4775s
  4380  2059     cutoff  891       962.81141  973.93062  1.15%  1905 4780s
  4394  2054     cutoff  898       962.81141  973.93062  1.15%  1905 4785s
  4407  2051  964.64122  905 3286  962.81141  973.93062  1.15%  1904 4790s
  4421  2046  964.64122  912 3289  962.81141  973.93062  1.15%  1904 4795s
  4434  2045  963.42486  918 3281  962.81141  973.93062  1.15%  1904 4800s
  4449  2047  964.64122  926 3292  962.81141  973.93062  1.15%  1902 4805s
  4464  2045     cutoff  933       962.81141  973.93062  1.15%  1901 4810s
  4478  2045     cutoff  940       962.81141  973.93062  1.15%  1901 4815s
  4481  2045  964.64122  942 3291  962.81141  973.93062  1.15%  1900 4832s
  4485  2044  964.64122  944 3292  962.81141  973.93062  1.15%  1900 4835s
  4500  2043  962.91396  951 3280  962.81141  973.93062  1.15%  1899 4840s
  4516  2044     cutoff  959       962.81141  973.93062  1.15%  1898 4845s
  4528  2044     cutoff  965       962.81141  973.93062  1.15%  1897 4850s
  4544  2042     cutoff  973       962.81141  973.93062  1.15%  1896 4855s
  4559  2044  964.64122  981 3300  962.81141  973.93062  1.15%  1894 4860s
  4574  2046     cutoff  988       962.81141  973.93062  1.15%  1893 4865s
  4588  2048  963.16833  995 3278  962.81141  973.93062  1.15%  1892 4870s
  4600  2050     cutoff 1001       962.81141  973.93062  1.15%  1892 4875s
  4616  2052     cutoff 1009       962.81141  973.93062  1.15%  1890 4880s
  4630  2050     cutoff 1016       962.81141  973.93062  1.15%  1890 4885s
  4644  2045     cutoff 1023       962.81141  973.93062  1.15%  1890 4890s
  4658  2044     cutoff 1030       962.81141  973.93062  1.15%  1889 4895s
  4670  2048  963.64556 1036 3239  962.81141  973.93062  1.15%  1888 4900s
  4684  2044     cutoff 1043       962.81141  973.93062  1.15%  1888 4905s
  4698  2039     cutoff 1050       962.81141  973.93062  1.15%  1887 4910s
  4711  2042  964.64122 1057 3310  962.81141  973.93062  1.15%  1885 4915s
  4726  2044     cutoff 1064       962.81141  973.93062  1.15%  1884 4920s
  4738  2040     cutoff 1070       962.81141  973.93062  1.15%  1883 4925s
  4752  2037  963.16220 1077 3281  962.81141  973.93062  1.15%  1882 4930s
  4768  2042     cutoff 1085       962.81141  973.93062  1.15%  1880 4935s
  4780  2038     cutoff 1091       962.81141  973.93062  1.15%  1881 4940s
  4795  2036  964.64122 1099 3323  962.81141  973.93062  1.15%  1880 4945s
  4808  2034  963.28693 1105 3268  962.81141  973.93062  1.15%  1880 4950s
  4822  2032     cutoff 1112       962.81141  973.93062  1.15%  1880 4955s
  4838  2036  964.30780 1120 3304  962.81141  973.93062  1.15%  1877 4960s
  4856  2038     cutoff 1129       962.81141  973.93062  1.15%  1875 4965s
  4869  2035  964.64122 1136 3326  962.81141  973.93062  1.15%  1876 4970s
  4888  2038     cutoff 1145       962.81141  973.93062  1.15%  1873 4975s
  4906  2046     cutoff 1154       962.81141  973.93062  1.15%  1870 4980s
  4920  2047  963.98258 1161 3306  962.81141  973.93062  1.15%  1868 4985s
  4938  2043     cutoff 1170       962.81141  973.93062  1.15%  1867 4990s
  4950  2039     cutoff 1176       962.81141  973.93062  1.15%  1868 4995s
  4962  2035     cutoff 1182       962.81141  973.93062  1.15%  1868 5000s
  4974  2031     cutoff 1188       962.81141  973.93062  1.15%  1869 5005s
  4985  2028  964.64122 1194 3334  962.81141  973.93062  1.15%  1869 5011s
  4991  2026  964.64122 1197 3334  962.81141  973.93062  1.15%  1869 5015s
  5008  2034     cutoff 1205       962.81141  973.93062  1.15%  1867 5020s
  5025  2038  964.64122 1214 3334  962.81141  973.93062  1.15%  1865 5025s
  5038  2036     cutoff 1220       962.81141  973.93062  1.15%  1865 5030s
  5048  2042  963.56211 1225 3292  962.81141  973.93062  1.15%  1864 5035s
  5062  2047  963.10247 1232 3290  962.81141  973.93062  1.15%  1862 5040s
  5077  2047  964.64122 1240 3345  962.81141  973.93062  1.15%  1861 5045s
  5092  2043     cutoff 1247       962.81141  973.93062  1.15%  1861 5050s
  5106  2040  964.28034 1254 3268  962.81141  973.93062  1.15%  1860 5055s
  5114  2039     cutoff 1258       962.81141  973.93062  1.15%  1861 5060s
  5126  2046  964.33258 1264 3300  962.81141  973.93062  1.15%  1859 5065s
  5134  2044     cutoff 1268       962.81141  973.93062  1.15%  1861 5071s
  5140  2042     cutoff 1271       962.81141  973.93062  1.15%  1863 5076s
  5144  2040     cutoff 1273       962.81141  973.93062  1.15%  1864 5080s
  5150  2038     cutoff 1276       962.81141  973.93062  1.15%  1866 5085s
  5158  2036     cutoff 1280       962.81141  973.93062  1.15%  1867 5090s
  5165  2034  964.64122 1284 3341  962.81141  973.93062  1.15%  1869 5095s
  5172  2031     cutoff 1287       962.81141  973.93062  1.15%  1871 5100s
  5178  2029     cutoff 1290       962.81141  973.93062  1.15%  1874 5105s
  5182  2028     cutoff 1292       962.81141  973.93062  1.15%  1876 5110s
  5188  2026     cutoff 1295       962.81141  973.93062  1.15%  1878 5116s
  5194  2024     cutoff 1298       962.81141  973.93062  1.15%  1879 5120s
  5200  2022     cutoff 1301       962.81141  973.93062  1.15%  1882 5126s
  5204  2020     cutoff 1303       962.81141  973.93062  1.15%  1884 5130s
  5214  2023 infeasible 1308       962.81141  973.93062  1.15%  1883 5135s
  5230  2023  963.00774 1316 3280  962.81141  973.93062  1.15%  1882 5140s
  5244  2019 infeasible 1323       962.81141  973.93062  1.15%  1881 5145s
  5260  2018     cutoff 1331       962.81141  973.93062  1.15%  1880 5150s
  5284  2034  963.97963 1343 3283  962.81141  973.93062  1.15%  1874 5155s
  5302  2044     cutoff 1352       962.81141  973.93062  1.15%  1870 5160s
  5318  2040     cutoff 1360       962.81141  973.93062  1.15%  1868 5173s
  5324  2038     cutoff 1363       962.81141  973.93062  1.15%  1868 5175s
  5344  2040  964.46179 1373 3232  962.81141  973.93062  1.15%  1865 5180s
  5366  2038     cutoff 1384       962.81141  973.93062  1.15%  1862 5185s
  5388  2043  964.35260 1395 3211  962.81141  973.93062  1.15%  1858 5190s
  5410  2044     cutoff 1406       962.81141  973.93062  1.15%  1855 5195s
  5417  2044  964.45301 1410 3253  962.81141  973.93062  1.15%  1854 5246s
  5428  2046  963.13196 1415 3190  962.81141  973.93062  1.15%  1852 5250s
  5448  2045  963.95394 1425 3175  962.81141  973.93062  1.15%  1850 5255s
  5468  2042     cutoff 1435       962.81141  973.93062  1.15%  1848 5260s
  5486  2038  964.45301 1444 3177  962.81141  973.93062  1.15%  1846 5265s
  5504  2034     cutoff 1453       962.81141  973.93062  1.15%  1845 5270s
  5524  2028     cutoff 1463       962.81141  973.93062  1.15%  1843 5275s
  5543  2022  964.45301 1473 3254  962.81141  973.93062  1.15%  1841 5280s
  5564  2016     cutoff 1483       962.81141  973.93062  1.15%  1839 5285s
  5582  2010     cutoff 1492       962.81141  973.93062  1.15%  1838 5290s
  5600  2006  963.09056 1501 3177  962.81141  973.93062  1.15%  1837 5295s
  5618  2000     cutoff 1510       962.81141  973.93062  1.15%  1836 5300s
  5638  2000     cutoff 1520       962.81141  973.93062  1.15%  1833 5305s
  5657  1994  964.45301 1530 3258  962.81141  973.93062  1.15%  1831 5310s
  5678  1988     cutoff 1540       962.81141  973.93062  1.15%  1829 5315s
  5697  1983  964.45301 1550 3247  962.81141  973.93062  1.15%  1827 5320s
  5718  1981  963.88690 1560 3186  962.81141  973.93062  1.15%  1825 5325s
  5740  1974     cutoff 1571       962.81141  973.93062  1.15%  1822 5330s
  5760  1971     cutoff 1581       962.81141  973.93062  1.15%  1820 5335s
  5778  1967     cutoff 1590       962.81141  973.93062  1.15%  1818 5340s
  5796  1961     cutoff 1599       962.81141  973.93062  1.15%  1817 5345s
  5814  1955     cutoff 1608       962.81141  973.93062  1.15%  1815 5350s
  5832  1949     cutoff 1617       962.81141  973.93062  1.15%  1814 5355s
  5850  1944     cutoff 1626       962.81141  973.93062  1.15%  1812 5360s
  5870  1937     cutoff 1636       962.81141  973.93062  1.15%  1810 5365s
  5892  1934  962.83692 1647 3204  962.81141  973.93062  1.15%  1808 5370s
  5909  1933  964.45301 1656 3223  962.81141  973.93062  1.15%  1806 5375s
  5932  1930     cutoff 1667       962.81141  973.93062  1.15%  1803 5380s
  5954  1930  962.83974 1678 3160  962.81141  973.93062  1.15%  1800 5385s
  5974  1924     cutoff 1688       962.81141  973.93062  1.15%  1799 5390s
  5992  1918     cutoff 1697       962.81141  973.93062  1.15%  1798 5395s
  6012  1912     cutoff 1707       962.81141  973.93062  1.15%  1796 5400s
  6028  1907     cutoff 1715       962.81141  973.93062  1.15%  1795 5405s
  6049  1901  964.40587 1726 3227  962.81141  973.93062  1.15%  1793 5410s
  6068  1893     cutoff 1735       962.81141  973.93062  1.15%  1792 5415s
  6087  1890  964.40587 1745 3199  962.81141  973.93062  1.15%  1791 5420s
  6108  1882     cutoff 1755       962.81141  973.93062  1.15%  1789 5425s
  6127  1881  964.40587 1765 3222  962.81141  973.93062  1.15%  1787 5430s
  6148  1877     cutoff 1775       962.81141  973.93062  1.15%  1785 5435s
  6169  1873  964.40570 1786 3197  962.81141  973.93062  1.15%  1783 5440s
  6193  1867  964.40510 1798 3209  962.81141  973.93062  1.15%  1780 5445s
  6216  1870  963.52613 1809 3112  962.81141  973.93062  1.15%  1776 5450s
  6236  1871     cutoff 1819       962.81141  973.93062  1.15%  1775 5455s
  6248  1869     cutoff 1825       962.81141  973.93062  1.15%  1774 5460s
  6260  1868  963.18605 1831 3147  962.81141  973.93062  1.15%  1773 5465s
  6294  1887  963.49086 1848 3141  962.81141  973.93062  1.15%  1766 5470s
  6308  1888     cutoff 1855       962.81141  973.93062  1.15%  1765 5475s
  6330  1888     cutoff 1866       962.81141  973.93062  1.15%  1762 5480s
  6344  1889  964.12362 1873 3113  962.81141  973.93062  1.15%  1762 5485s
  6370  1893     cutoff 1886       962.81141  973.93062  1.15%  1758 5490s
  6387  1890  964.32963 1895 3157  962.81141  973.93062  1.15%  1756 5495s
  6405  1888  964.32963 1904 3158  962.81141  973.93062  1.15%  1754 5500s
  6420  1890     cutoff 1911       962.81141  973.93062  1.15%  1754 5505s
  6432  1888     cutoff 1917       962.81141  973.93062  1.15%  1754 5510s
  6446  1885     cutoff 1924       962.81141  973.93062  1.15%  1753 5515s
  6457  1887  964.32963 1930 3080  962.81141  973.93062  1.15%  1752 5520s
  6466  1887     cutoff 1934       962.81141  973.93062  1.15%  1751 5525s
  6496  1884     cutoff 1949       962.81141  973.93062  1.15%  1747 5530s
  6551  1879  964.11851 1977 3094  962.81141  973.93062  1.15%  1733 5535s
  6582  1880     cutoff 1992       962.81141  973.93062  1.15%  1728 5540s
  6589  1879  964.08838 1996 3084  962.81141  973.93062  1.15%  1727 5614s
  6590  1877     cutoff 1996       962.81141  973.93062  1.15%  1727 5615s
  6607  1879  964.08838 2005 3082  962.81141  973.93062  1.15%  1724 5620s
  6631  1885  964.08838 2017 3090  962.81141  973.93062  1.15%  1721 5625s
  6654  1876     cutoff 2028       962.81141  973.93062  1.15%  1720 5630s
  6674  1869     cutoff 2038       962.81141  973.93062  1.15%  1718 5635s
  6700  1869     cutoff 2051       962.81141  973.93062  1.15%  1714 5640s
  6761  1852  963.91766 2082 3120  962.81141  973.93062  1.15%  1700 5645s
  6803  1838  963.91766 2103 3111  962.81141  973.93062  1.15%  1693 5650s
  6842  1834  963.30020 2122 3015  962.81141  973.93062  1.15%  1686 5655s
  6897  1827  963.53761 2150 3086  962.81141  973.93062  1.15%  1674 5660s
  6919  1818  973.77746   87 4514  962.81141  973.93062  1.15%  1669 5666s
  6920  1818  973.76275   88 4482  962.81141  973.93062  1.15%  1669 5671s
  6921  1819  964.51587   88 4006  962.81141  973.93062  1.15%  1673 5693s
  6922  1820  973.74325   89 4505  962.81141  973.93062  1.15%  1673 5696s
  6923  1820  973.58674   89 4413  962.81141  973.93062  1.15%  1673 5701s
  6925  1822  972.22245   90 4337  962.81141  973.93062  1.15%  1674 5707s
  6926  1822  973.72617   91 4596  962.81141  973.93062  1.15%  1674 5710s
  6927  1823  967.17631   91 3495  962.81141  973.93062  1.15%  1679 5730s
  6929  1824  964.43878   92 3847  962.81141  973.93062  1.15%  1681 5741s
  6932  1826  973.71217   94 4452  962.81141  973.93062  1.15%  1681 5746s
  6939  1831  973.46968   97 4448  962.81141  973.93062  1.15%  1679 5750s
  6958  1844  973.52567  107 4329  962.81141  973.93062  1.15%  1676 5755s
  6967  1850  964.64122  111 4206  962.81141  973.93062  1.15%  1676 5761s
  6979  1858  973.34383  117 4418  962.81141  973.93062  1.15%  1674 5768s
  6983  1860  973.17035  119 4414  962.81141  973.93062  1.15%  1674 5770s
  7002  1873  973.40592  129 4421  962.81141  973.93062  1.15%  1670 5775s
  7020  1885  973.32569  138 4405  962.81141  973.93062  1.15%  1667 5780s
  7035  1895  972.64110  145 4346  962.81141  973.93062  1.15%  1664 5785s
  7059  1911  972.85766  157 4358  962.81141  973.93062  1.15%  1660 5790s
  7074  1921  972.95134  165 4141  962.81141  973.93062  1.15%  1658 5795s
  7100  1938  972.83900  178 4187  962.81141  973.93062  1.15%  1653 5800s
  7124  1954  972.73772  190 4173  962.81141  973.93062  1.15%  1649 5805s
  7153  1974  972.11915  204 4061  962.81141  973.93062  1.15%  1643 5810s
  7183  1994  970.89372  219 4189  962.81141  973.93062  1.15%  1638 5815s
  7199  2004  971.08923  227 4127  962.81141  973.93062  1.15%  1635 5820s
  7202  2006  972.07700  229 4149  962.81141  973.93062  1.15%  1634 5825s
  7207  2010  971.05619  231 4168  962.81141  973.93062  1.15%  1633 5830s
  7213  2014  971.49438  234 4128  962.81141  973.93062  1.15%  1632 5835s
  7216  2016  971.98794  236 4155  962.81141  973.93062  1.15%  1632 5911s
  7221  2019  970.92128  238 4161  962.81141  973.93062  1.15%  1631 5916s
  7235  2028  970.01491  245 4120  962.81141  973.93062  1.15%  1629 5920s
  7258  2044  971.74262  257 4123  962.81141  973.93062  1.15%  1625 5925s
  7280  2058  971.62310  268 4114  962.81141  973.93062  1.15%  1622 5930s
  7299  2071  969.33714  277 4107  962.81141  973.93062  1.15%  1619 5935s
  7313  2080  968.93332  284 4106  962.81141  973.93062  1.15%  1617 5940s
  7331  2092  968.96842  293 4107  962.81141  973.93062  1.15%  1615 5945s
  7349  2104  968.97423  302 4112  962.81141  973.93062  1.15%  1612 5950s
  7365  2115  968.15127  310 4066  962.81141  973.93062  1.15%  1610 5955s
  7379  2124  966.65446  317 4045  962.81141  973.93062  1.15%  1609 5960s
  7393  2134  968.31889  324 4089  962.81141  973.93062  1.15%  1608 5965s
  7409  2144  968.58535  332 4089  962.81141  973.93062  1.15%  1606 5970s
  7429  2158  968.88361  342 4093  962.81141  973.93062  1.15%  1603 5975s
  7447  2170  966.18634  351 4042  962.81141  973.93062  1.15%  1601 5980s
  7461  2179  965.83626  358 4070  962.81141  973.93062  1.15%  1600 5985s
  7475  2188  968.30923  365 4059  962.81141  973.93062  1.15%  1599 5990s
  7491  2199  964.83407  373 4042  962.81141  973.93062  1.15%  1597 5995s
  7502  2206  971.23065  379 4121  962.81141  973.93062  1.15%  1597 6001s
  7507  2210  970.88156  381 4054  962.81141  973.93062  1.15%  1597 6005s
  7515  2215  970.87343  385 4088  962.81141  973.93062  1.15%  1598 6011s
  7525  2222  969.92376  390 4077  962.81141  973.93062  1.15%  1597 6015s
  7535  2228  969.17317  395 4078  962.81141  973.93062  1.15%  1597 6020s
  7541  2230  963.56892  398 4008  962.81141  973.93062  1.15%  1598 6025s
  7547  2230     cutoff  401       962.81141  973.93062  1.15%  1599 6030s
  7556  2236  971.23065  406 4133  962.81141  973.93062  1.15%  1599 6035s
  7565  2242  965.40631  410 4054  962.81141  973.93062  1.15%  1600 6041s
  7569  2245  965.36580  412 4048  962.81141  973.93062  1.15%  1601 6045s
  7575  2249  966.31711  415 4054  962.81141  973.93062  1.15%  1602 6051s
  7579  2252  967.37630  417 4031  962.81141  973.93062  1.15%  1603 6055s
  7585  2256  967.37722  420 4034  962.81141  973.93062  1.15%  1605 6061s
  7589  2258  963.91788  422 4071  962.81141  973.93062  1.15%  1606 6065s
  7595  2262  964.04108  425 4015  962.81141  973.93062  1.15%  1607 6071s
  7603  2268  970.46750  429 4047  962.81141  973.93062  1.15%  1607 6075s
  7609  2272  963.28030  432 4077  962.81141  973.93062  1.15%  1608 6080s
  7615  2276  964.51379  435 4072  962.81141  973.93062  1.15%  1609 6085s
  7621  2280  963.90313  438 4055  962.81141  973.93062  1.15%  1611 6091s
  7629  2285  969.72840  442 4083  962.81141  973.93062  1.15%  1611 6096s
  7635  2285     cutoff  445       962.81141  973.93062  1.15%  1612 6101s
  7643  2290  970.41640  449 4040  962.81141  973.93062  1.15%  1612 6105s
  7650  2295  971.20152  453 4163  962.81141  973.93062  1.15%  1612 6110s
  7659  2301  968.98733  457 4066  962.81141  973.93062  1.15%  1612 6115s
  7667  2306  969.85010  461 4045  962.81141  973.93062  1.15%  1612 6121s
  7673  2310  964.02149  464 4051  962.81141  973.93062  1.15%  1613 6125s
  7679  2314  966.12764  467 4051  962.81141  973.93062  1.15%  1614 6130s
  7685  2316     cutoff  470       962.81141  973.93062  1.15%  1616 6135s
  7689  2315     cutoff  472       962.81141  973.93062  1.15%  1617 6140s
  7695  2314  962.99456  475 4071  962.81141  973.93062  1.15%  1619 6145s
  7701  2314  963.06724  478 4026  962.81141  973.93062  1.15%  1620 6150s
  7707  2317  963.43981  481 4035  962.81141  973.93062  1.15%  1622 6155s
  7713  2321  964.68319  484 4025  962.81141  973.93062  1.15%  1624 6161s
  7717  2324  965.16403  486 4025  962.81141  973.93062  1.15%  1625 6165s
  7723  2328  964.40867  489 4056  962.81141  973.93062  1.15%  1626 6171s
  7729  2332  963.29322  492 4026  962.81141  973.93062  1.15%  1627 6176s
  7735  2336  964.48835  495 4046  962.81141  973.93062  1.15%  1628 6181s
  7741  2340  965.79102  498 4000  962.81141  973.93062  1.15%  1629 6186s
  7745  2342  964.48636  500 4024  962.81141  973.93062  1.15%  1630 6190s
  7750  2342  971.20152  503 4141  962.81141  973.93062  1.15%  1631 6195s
  7755  2339     cutoff  505       962.81141  973.93062  1.15%  1633 6200s
  7760  2338  971.20152  508 4140  962.81141  973.93062  1.15%  1634 6205s
  7765  2336     cutoff  510       962.81141  973.93062  1.15%  1636 6210s
  7771  2334     cutoff  513       962.81141  973.93062  1.15%  1638 6216s
  7775  2332     cutoff  515       962.81141  973.93062  1.15%  1639 6221s
  7779  2331     cutoff  517       962.81141  973.93062  1.15%  1640 6225s
  7784  2330  971.20152  520 4158  962.81141  973.93062  1.15%  1641 6230s
  7789  2332  969.10922  522 4074  962.81141  973.93062  1.15%  1643 6236s
  7795  2336  963.77690  525 4064  962.81141  973.93062  1.15%  1644 6241s
  7799  2338  963.90222  527 4005  962.81141  973.93062  1.15%  1645 6245s
  7804  2342  971.20152  530 4136  962.81141  973.93062  1.15%  1646 6250s
  7810  2346  971.20152  533 4136  962.81141  973.93062  1.15%  1647 6255s
  7821  2353  968.38853  538 4105  962.81141  973.93062  1.15%  1648 6261s
  7827  2357  967.37086  541 4034  962.81141  973.93062  1.15%  1649 6266s
  7833  2361  966.35065  544 4005  962.81141  973.93062  1.15%  1650 6270s
  7839  2365  967.03651  547 4023  962.81141  973.93062  1.15%  1651 6275s
  7845  2369  967.00749  550 4046  962.81141  973.93062  1.15%  1652 6281s
  7851  2372  966.43050  553 4025  962.81141  973.93062  1.15%  1653 6285s
  7857  2376  963.77426  556 4050  962.81141  973.93062  1.15%  1655 6291s
  7861  2379  963.79030  558 4024  962.81141  973.93062  1.15%  1656 6295s
  7867  2383  966.23983  561 4012  962.81141  973.93062  1.15%  1657 6300s
H 7873  2285                     962.8114146  973.93062  1.15%  1657 6362s
H 7873   954                     964.6412167  973.93062  0.96%  1657 6370s

Cutting planes:
  Gomory: 21
  Cover: 25
  Clique: 57
  MIR: 3
  Flow cover: 53
  GUB cover: 28
  Zero half: 414

Explored 7874 nodes (13638320 simplex iterations) in 6374.02 seconds (16557.49 work units)
Thread count was 1 (of 32 available processors)

Solution count 10: 964.641 962.811 962.811 ... 958.196

Optimal solution found (tolerance 1.00e-02)
Best objective 9.646412167393e+02, best bound 9.739306227413e+02, gap 0.9630%

User-callback calls 506102, time in user-callback 54.48 sec
