
Gurobi 12.0.1 (win64) logging started Tue Dec 30 17:45:43 2025

Set parameter LogFile to value "data\dblrp\grb_log_ef_s10_ts0_f50_c10_r2.0_iss1_bt1_nsp5000_nse2000_sd7.log"
Set parameter NodefileStart to value 0.5
Set parameter NodefileDir to value "node_files\s10_ts0"
Set parameter MIPGap to value 0.01
Set parameter TimeLimit to value 7200
Set parameter Threads to value 1
Gurobi Optimizer version 12.0.1 build v12.0.1rc0 (win64 - Windows 11.0 (26100.2))

CPU model: Intel(R) Core(TM) i9-14900K, instruction set [SSE2|AVX|AVX2]
Thread count: 24 physical cores, 32 logical processors, using up to 1 threads

Non-default parameters:
TimeLimit  7200
MIPGap  0.01
NodefileStart  0.5
Threads  1

Optimize a model with 68063700 rows, 22720150 columns and 199117500 nonzeros
Model fingerprint: 0x7fd04f3e
Variable types: 0 continuous, 22720150 integer (22680050 binary)
Coefficient statistics:
  Matrix range     [1e+00, 7e+01]
  Objective range  [1e+00, 1e+01]
  Bounds range     [1e+00, 4e+01]
  RHS range        [1e+00, 5e+01]
Presolve removed 0 rows and 0 columns (presolve time = 6s)...
Presolve removed 1260000 rows and 18700 columns (presolve time = 12s)...
Presolve removed 39393553 rows and 18700 columns (presolve time = 15s)...
Presolve removed 67849709 rows and 19200 columns (presolve time = 20s)...
Presolve removed 67872672 rows and 22124813 columns (presolve time = 25s)...
Presolve removed 67876293 rows and 22124813 columns
Presolve time: 27.37s
Presolved: 187407 rows, 595337 columns, 3075018 nonzeros
Variable types: 0 continuous, 595337 integer (575383 binary)
Found heuristic solution: objective -500.0000000
Performing another presolve...
Presolve removed 169236 rows and 23921 columns
Presolve time: 4.52s
Performing another presolve...
Presolve removed 1046 rows and 14067 columns
Presolve time: 3.44s

Root simplex log...

Iteration    Objective       Primal Inf.    Dual Inf.      Time
       0    1.4273972e+05   1.605325e+05   0.000000e+00     69s
   21078    1.9498291e+02   5.890318e+02   0.000000e+00     70s
   35241    1.8474908e+02   1.751146e+02   0.000000e+00     75s
   36941    1.8465067e+02   0.000000e+00   0.000000e+00     77s

Root relaxation: objective 1.846507e+02, 36941 iterations, 8.33 seconds (27.51 work units)
Total elapsed time = 76.72s (DegenMoves)

    Nodes    |    Current Node    |     Objective Bounds      |     Work
 Expl Unexpl |  Obj  Depth IntInf | Incumbent    BestBd   Gap | It/Node Time

     0     0  184.65067    0 2036 -500.00000  184.65067   137%     -   80s
     0     0  184.46088    0 2441 -500.00000  184.46088   137%     -   84s
     0     0  184.35234    0 2415 -500.00000  184.35234   137%     -   85s
     0     0  184.33188    0 2433 -500.00000  184.33188   137%     -   86s
     0     0  184.33160    0 2430 -500.00000  184.33160   137%     -   86s
     0     0  184.33160    0 2429 -500.00000  184.33160   137%     -   86s
H    0     0                     -60.0000000  184.33160   407%     -   87s
H    0     0                      -0.0000000  184.33160      -     -   88s
H    0     0                       9.2244801  184.33160  1898%     -   90s
H    0     0                      17.3672273  184.33160   961%     -   91s
H    0     0                     114.3775898  184.33160  61.2%     -   92s
H    0     0                     139.9150277  184.33160  31.7%     -   94s
H    0     0                     142.7774397  184.33160  29.1%     -   95s
H    0     0                     150.3008706  184.33160  22.6%     -  100s
H    0     0                     152.7774397  184.33160  20.7%     -  101s
H    0     0                     155.4856036  184.33160  18.6%     -  105s
H    0     0                     156.5354021  184.33160  17.8%     -  106s
H    0     0                     159.4566531  184.33160  15.6%     -  109s
H    0     0                     162.2758401  184.33160  13.6%     -  110s
H    0     0                     163.4077128  184.33160  12.8%     -  111s
H    0     0                     164.0617156  184.33160  12.4%     -  113s
H    0     0                     165.1935883  184.33160  11.6%     -  114s
H    0     0                     170.8490694  184.33160  7.89%     -  116s
H    0     0                     171.1225249  184.33160  7.72%     -  124s
H    0     0                     171.3755622  184.33160  7.56%     -  126s
     0     0  184.16919    0 2302  171.37556  184.16919  7.47%     -  133s
     0     0  184.13461    0 2252  171.37556  184.13461  7.45%     -  133s
     0     0  184.13283    0 2239  171.37556  184.13283  7.44%     -  134s
     0     0  184.13283    0 2237  171.37556  184.13283  7.44%     -  134s
H    0     0                     173.8521313  184.12315  5.91%     -  137s
H    0     0                     174.9840040  184.12315  5.22%     -  139s
     0     0  184.12315    0 2270  174.98400  184.12315  5.22%     -  139s
     0     0  184.11585    0 2384  174.98400  184.11585  5.22%     -  143s
     0     0  184.11247    0 2340  174.98400  184.11247  5.22%     -  143s
     0     0  184.11247    0 2332  174.98400  184.11247  5.22%     -  144s
     0     0  184.10551    0 2344  174.98400  184.10551  5.21%     -  145s
     0     0  184.10551    0 2343  174.98400  184.10551  5.21%     -  145s
     0     0  184.10551    0 2341  174.98400  184.10551  5.21%     -  145s
     0     0  184.06781    0 2455  174.98400  184.06781  5.19%     -  149s
     0     0  184.06781    0 2449  174.98400  184.06781  5.19%     -  149s
     0     0  184.06781    0 2445  174.98400  184.06781  5.19%     -  149s
     0     0  184.06484    0 2096  174.98400  184.06484  5.19%     -  152s
     0     0  184.06484    0 2097  174.98400  184.06484  5.19%     -  152s
     0     0  184.06409    0 2415  174.98400  184.06409  5.19%     -  153s
     0     0  184.06409    0 2428  174.98400  184.06409  5.19%     -  154s
     0     0  184.06409    0 2438  174.98400  184.06409  5.19%     -  155s
     0     0  184.05220    0 2453  174.98400  184.05220  5.18%     -  157s
     0     0  184.05220    0 2149  174.98400  184.05220  5.18%     -  161s
     0     2  183.77997    0 2090  174.98400  183.77997  5.03%     -  177s
     2     4  182.75651    1 1270  174.98400  183.77547  5.02% 15548  182s
     4     6  183.44532    2 2186  174.98400  183.44532  4.84%  9095  186s
     7     9  182.49354    4 1635  174.98400  183.39764  4.81%  6042  190s
    11    13  181.15335    7 1900  174.98400  183.39764  4.81%  4751  196s
    14    16  180.51537    8 1867  174.98400  183.39764  4.81%  4201  201s
    20    22  181.78300   13 1775  174.98400  183.39764  4.81%  3277  205s
    78    80  181.62914   70 1547  174.98400  183.39764  4.81%   872  210s
   141   143  181.59805  133 1398  174.98400  183.39764  4.81%   491  215s
   166   162  180.25686  155 1956  174.98400  183.39764  4.81%   471  220s
   207   197  175.57611  193 1209  174.98400  183.39764  4.81%   432  225s
   215   193  182.53066    4 1972  174.98400  182.91040  4.53%   446  230s
   221   199  182.10900   10 1298  174.98400  182.91040  4.53%   471  235s
   235   213  179.56271   23 1163  174.98400  182.91040  4.53%   487  240s
   269   247  181.65588   57 1249  174.98400  182.91040  4.53%   435  245s
   306   284  181.64716   94 1252  174.98400  182.91040  4.53%   383  250s
   360   336  180.85532  145 1414  174.98400  182.91040  4.53%   339  255s
   425   397  179.84305  207  917  174.98400  182.91040  4.53%   298  260s
   491   463  179.11794  272 1160  174.98400  182.91040  4.53%   268  265s
   532   499  180.21265   83 8563  174.98400  182.91040  4.53%   255  287s
   534   500  181.62745   82 1935  174.98400  182.91040  4.53%   254  306s
   535   501  181.14459  129 2341  174.98400  182.91040  4.53%   254  312s
   538   503  181.39555  127 2378  174.98400  182.91040  4.53%   252  317s
   539   504  178.53000  308 2478  174.98400  182.91040  4.53%   252  320s
   541   505  179.26712   89 2469  174.98400  182.91040  4.53%   251  326s
   542   506  179.73988   62 2500  174.98400  182.91040  4.53%   250  330s
   544   507  181.88048   19 2468  174.98400  182.91040  4.53%   250  335s
   548   510  180.58267  123 2527  174.98400  182.91040  4.53%   248  340s
   550   511  179.73988   62 2529  174.98400  182.91040  4.53%   247  348s
   552   512  179.11794  271 2552  174.98400  182.91040  4.53%   246  350s
   555   514  181.65360   25 2528  174.98400  182.91040  4.53%   245  359s
   556   515  180.10718  175 2559  174.98400  182.91040  4.53%   244  360s
   562   519  179.91676  202 2320  174.98400  182.91040  4.53%   242  368s
   563   520  179.26301  176 2320  174.98400  182.91035  4.53%   241  400s
   564   522  182.91035   16 2092  174.98400  182.91035  4.53%   495  408s
   565   523  182.82626   16 2111  174.98400  182.91035  4.53%   501  412s
   566   524  182.91035   17 2351  174.98400  182.91035  4.53%   504  415s
   568   525  182.91035   18 2217  174.98400  182.91035  4.53%   516  420s
   570   526  182.91035   19 1870  174.98400  182.91035  4.53%   531  427s
   572   528  182.42879   20 2129  174.98400  182.91035  4.53%   539  431s
   575   530  181.30518   21 1888  174.98400  182.82544  4.48%   550  436s
   578   532  181.83287   23 1501  174.98400  182.82544  4.48%   556  440s
   587   529  180.70064   28 1737  174.98400  182.82544  4.48%   575  445s
   603   523  177.79660   36 1623  174.98400  182.82544  4.48%   582  450s
   627   515  182.51838   17 2088  174.98400  182.81116  4.47%   585  459s
   628   516  182.32179   18 1758  174.98400  182.81116  4.47%   589  461s
   632   515  182.01310   20 2150  174.98400  182.81116  4.47%   596  465s
   640   512  181.73955   24 2171  174.98400  182.81116  4.47%   607  470s
   648   509  181.30949   28 1267  174.98400  182.81116  4.47%   616  475s
   668   503  180.58171   38  943  174.98400  182.81116  4.47%   625  480s
   674   501  180.30369   41 1193  174.98400  182.81116  4.47%   623  489s
   675   499     cutoff   41       174.98400  182.81116  4.47%   623  490s
   711   493     cutoff   59       174.98400  182.81116  4.47%   628  495s
   744   493  177.41820   76 1164  174.98400  182.81116  4.47%   625  525s
   813   469     cutoff  110       174.98400  182.81116  4.47%   597  530s
   880   451  182.28771   18 1433  174.98400  182.70959  4.42%   562  536s
   885   450  181.21478   21 1862  174.98400  182.70959  4.42%   570  540s
   893   448  180.79899   25 1854  174.98400  182.70959  4.42%   579  546s
   909   442  176.06248   33 1141  174.98400  182.70959  4.42%   591  550s
   924   435  181.92085   21 2353  174.98400  182.44634  4.26%   592  555s
   933   431     cutoff   25       174.98400  182.44634  4.26%   600  560s
   952   424  182.16467   19 2092  174.98400  182.40104  4.24%   610  569s
   953   425  181.99498   20 2070  174.98400  182.40104  4.24%   612  570s
   957   423  181.79704   22 1800  174.98400  182.40104  4.24%   621  575s
   965   421  180.01703   26 1959  174.98400  182.40104  4.24%   630  580s
   976   416     cutoff   31       174.98400  182.40104  4.24%   650  585s
   995   409  182.26398   21 2101  174.98400  182.38121  4.23%   668  593s
   997   408     cutoff   22       174.98400  182.38121  4.23%   671  595s
  1006   406  181.11707   27 1604  174.98400  182.38121  4.23%   679  600s
  1018   402  180.34694   33 1238  174.98400  182.38121  4.23%   691  605s
  1036   396  179.37641   42 1245  174.98400  182.38121  4.23%   705  610s
  1078   382  175.92692   63 1042  174.98400  182.38121  4.23%   714  615s
  1089   373  181.08762   23 2175  174.98400  181.66370  3.82%   717  620s
  1095   377  179.67992   29 1513  174.98400  181.66370  3.82%   722  625s
  1116   381  181.14561   23 2172  174.98400  181.30207  3.61%   721  630s
  1126   388  177.12305   32 1687  174.98400  181.30207  3.61%   727  635s
  1140   383  180.19511   24 2491  174.98400  181.20999  3.56%   733  641s
  1143   385  179.69865   27 1868  174.98400  181.20999  3.56%   735  663s
  1149   383  175.48896   30 1656  174.98400  181.20999  3.56%   735  665s
  1157   381  178.55371   27 1677  174.98400  181.04210  3.46%   742  670s
  1173   371  179.89791   26 1974  174.98400  180.32272  3.05%   744  675s
  1195   379  179.53625   26 1887  174.98400  180.30686  3.04%   742  680s
  1211   372  179.60626   29 1787  174.98400  180.11342  2.93%   744  685s
  1229   368  178.46496   29 1761  174.98400  179.88068  2.80%   747  690s
  1251   352  179.30577   46 1221  174.98400  179.34498  2.49%   756  695s
  1281   351  178.87802   48 1194  174.98400  178.87802  2.23%   757  700s
  1316   366  176.69102   61 1164  174.98400  178.84239  2.20%   749  705s
  1351   337  176.94822   65 1224  174.98400  177.98783  1.72%   757  710s
  1397   329  177.73058   68 1194  174.98400  177.82028  1.62%   749  715s
  1450   274  176.76964   69 1200  174.98400  176.86863  1.08%   755  720s

Cutting planes:
  Cover: 163
  Clique: 18
  MIR: 2
  Flow cover: 5
  GUB cover: 11
  Zero half: 249
  RLT: 3

Explored 1470 nodes (1240573 simplex iterations) in 724.50 seconds (1887.09 work units)
Thread count was 1 (of 32 available processors)

Solution count 10: 174.984 173.852 171.376 ... 159.457

Optimal solution found (tolerance 1.00e-02)
Best objective 1.749840040389e+02, best bound 1.767219482147e+02, gap 0.9932%

User-callback calls 37497, time in user-callback 27.39 sec
